Buildfile: /home/arobirosa/no_backup/deploymentScriptsManager/build.xml

all:
     [echo] 
     [echo]  
     [echo] hybris Platform Environment
     [echo] ---------------------------
     [echo] hybris Platform directory: /home/arobirosa/no_backup/deploymentScriptsManager/hybris/bin/platform
     [echo] Ant version: Apache Ant(TM) version 1.8.2 compiled on April 21 2011
     [echo] Java platform: Java(TM) SE Runtime Environment, 1.7.0_72-b14
     [echo] Java compiler: org.eclipse.jdt.core.JDTCompilerAdapter
     [echo] Build target: 1.6
     [echo] OS family: unix
     [echo] Platform version: 4.8.14
     [echo] ---------------------------
     [echo] Extension file used: /home/arobirosa/no_backup/deploymentScriptsManager/hybris/config/localextensions.xml
     [echo] Platform home: /home/arobirosa/no_backup/deploymentScriptsManager/hybris/bin/platform
     [echo] Log folder: /home/arobirosa/no_backup/deploymentScriptsManager/hybris/log
     [echo] Data folder: /home/arobirosa/no_backup/deploymentScriptsManager/hybris/data
     [echo] Config folder: /home/arobirosa/no_backup/deploymentScriptsManager/hybris/config
     [echo] Bin folder: /home/arobirosa/no_backup/deploymentScriptsManager/hybris/bin
     [echo] Temp folder: /home/arobirosa/no_backup/deploymentScriptsManager/hybris/temp/hybris
     [echo]  
Trying to override old definition of task updatesystem

build:
     [java] Basic configuration for Log4J active.
     [java] Starting code generation ...
     [java]    No changes found, skipping code generation
     [java] Code generation done in 3341 ms.
     [echo] preparing...
     [copy] Copying 1 file to /home/arobirosa/no_backup/deploymentScriptsManager/hybris/log
     [copy] Copying 1 file to /home/arobirosa/no_backup/deploymentScriptsManager/hybris/log
     [echo] building extension 'core'...
     [echo] building extension 'mediaweb'...
     [echo] building extension 'maintenanceweb'...
     [echo] building extension 'hmc'...
     [echo] configuring hmc..
     [copy] Copying 1 file to /home/arobirosa/no_backup/deploymentScriptsManager/hybris/bin/platform/ext/hmc/web/webroot/WEB-INF/classes/de/hybris/platform/hmc
     [echo] building extension 'servicelayer'...
     [echo] building extension 'task'...
     [echo] building extension 'paymentstandard'...
     [echo] building extension 'deliveryzone'...
     [echo] building extension 'commons'...
     [echo] building extension 'cronjob'...
     [echo] building extension 'lucenesearch'...
     [echo] building extension 'impex'...
     [echo] building extension 'validation'...
     [echo] building extension 'variants'...
     [echo] building extension 'europe1'...
     [echo] building extension 'category'...
     [echo] building extension 'catalog'...
     [echo] building extension 'virtualjdbc'...
     [echo] building extension 'platformservices'...
     [echo] building extension 'workflow'...
     [echo] building extension 'processengine'...
     [echo] building extension 'platformwebservices'...
     [echo] building extension 'ldap'...
     [echo] building extension 'hac'...
     [echo] building extension 'comments'...
     [echo] building extension 'cockpit'...
     [echo] Start copying base cockpit files for extension mcc...
     [echo] Start merging and copying base cockpit css files for extension mcc...
     [echo] Start copying base cockpit files for extension admincockpit...
     [echo] Start merging and copying base cockpit css files for extension admincockpit...
     [echo] building extension 'mcc'...
     [echo] building extension 'advancedsavedquery'...
     [echo] building extension 'admincockpit'...
     [echo] building extension 'arecoDeploymentScriptsManager'...
     [copy] Copying 1 file to /home/arobirosa/no_backup/deploymentScriptsManager/hybris/bin/custom/arecoDeploymentScriptsManager
   [yjavac] Compiling 1 source file to /home/arobirosa/no_backup/deploymentScriptsManager/hybris/bin/custom/arecoDeploymentScriptsManager/classes
     [echo] building extension 'arecoDeploymentScriptsExamples'...
     [copy] Copying 1 file to /home/arobirosa/no_backup/deploymentScriptsManager/hybris/bin/custom/arecoDeploymentScriptsExamples
[stopwatch] [build: 12.071 sec]

server:
     [echo] 
     [echo] Configuring server at /home/arobirosa/no_backup/deploymentScriptsManager/hybris/bin/platform/tomcat-6
     [echo] Using config set at /home/arobirosa/no_backup/deploymentScriptsManager/hybris/config/tomcat
     [echo] 			
     [copy] Copying 8 files to /home/arobirosa/no_backup/deploymentScriptsManager/hybris/bin/platform/tomcat-6
     [copy] Copying 6 files to /home/arobirosa/no_backup/deploymentScriptsManager/hybris/bin/platform/tomcat-6
     [copy] Copying 1 file to /home/arobirosa/no_backup/deploymentScriptsManager/hybris/bin/platform/tomcat-6/lib
     [echo] 
     [echo] Embedded server does not seem to be running (no PID found). No restart necessary.
     [echo] 						

all:
     [echo] Build finished on 26-January-2015 20:27:17.
     [echo] 		

yunit:
     [echo] 
     [echo]  
     [echo] hybris Platform Environment
     [echo] ---------------------------
     [echo] hybris Platform directory: /home/arobirosa/no_backup/deploymentScriptsManager/hybris/bin/platform
     [echo] Ant version: Apache Ant(TM) version 1.8.2 compiled on April 21 2011
     [echo] Java platform: Java(TM) SE Runtime Environment, 1.7.0_72-b14
     [echo] Java compiler: org.eclipse.jdt.core.JDTCompilerAdapter
     [echo] Build target: 1.6
     [echo] OS family: unix
     [echo] Platform version: 4.8.14
     [echo] ---------------------------
     [echo] Extension file used: /home/arobirosa/no_backup/deploymentScriptsManager/hybris/config/localextensions.xml
     [echo] Platform home: /home/arobirosa/no_backup/deploymentScriptsManager/hybris/bin/platform
     [echo] Log folder: /home/arobirosa/no_backup/deploymentScriptsManager/hybris/log
     [echo] Data folder: /home/arobirosa/no_backup/deploymentScriptsManager/hybris/data
     [echo] Config folder: /home/arobirosa/no_backup/deploymentScriptsManager/hybris/config
     [echo] Bin folder: /home/arobirosa/no_backup/deploymentScriptsManager/hybris/bin
     [echo] Temp folder: /home/arobirosa/no_backup/deploymentScriptsManager/hybris/temp/hybris
     [echo]  
Trying to override old definition of task updatesystem

yunit:
     [echo] preparing...
     [copy] Copying 1 file to /home/arobirosa/no_backup/deploymentScriptsManager/hybris/log
     [copy] Copying 1 file to /home/arobirosa/no_backup/deploymentScriptsManager/hybris/log
   [delete] Deleting directory /home/arobirosa/no_backup/deploymentScriptsManager/hybris/temp/hybris/junit
    [mkdir] Created dir: /home/arobirosa/no_backup/deploymentScriptsManager/hybris/temp/hybris/junit
 [yunitint] [0;32mINFO  [main] [DefaultBroadcastService] Started message broadcast service:
 [yunitint] clustering (enabled:false)
 [yunitint] sending synchronously - no queue
 [yunitint] methods [<loopback>::de.hybris.platform.cluster.LoopBackBroadcastMethod@5755f5]
 [yunitint] [m[0;32mINFO  [main] [hybrisserver] 
 [yunitint] [m[0;32mINFO  [main] [hybrisserver] *****************************************************************
 [yunitint] [m[0;32mINFO  [main] [hybrisserver] 
 [yunitint] [m[0;32mINFO  [main] [hybrisserver] Starting up hybris server
 [yunitint] [m[0;32mINFO  [main] [hybrisserver] 
 [yunitint] [m[0;32mINFO  [main] [hybrisserver] Configuration:
 [yunitint] [m[0;32mINFO  [main] [hybrisserver] 
 [yunitint] [m[0;32mINFO  [main] [hybrisserver] Cluster:     disabled
 [yunitint] [m[0;32mINFO  [main] [hybrisserver] Tenant:      master
 [yunitint] [m[0;32mINFO  [main] [hybrisserver] OS:          Linux 3.2.0-30-generic-pae, i386
 [yunitint] [m[0;32mINFO  [main] [hybrisserver] Database:    Pool: hybris - hsqldb, table prefix: 
 [yunitint] [m[0;32mINFO  [main] [hybrisserver]              SA - jdbc:hsqldb:file:/home/arobirosa/no_backup/deploymentScriptsManager/hybris/data/hsqldb/mydb;shutdown=true;hsqldb.cache_rows=100000;hsqldb.cache_size=20000;hsqldb.write_delay_millis=1000;hsqldb.inc_backup=true;hsqldb.defrag_limit=2;hsqldb.nio_data_file=false
 [yunitint] [m[0;32mINFO  [main] [hybrisserver] Platform:    4.8.14
 [yunitint] [m[0;32mINFO  [main] [hybrisserver] Java:        Oracle Corporation
 [yunitint] [m[0;32mINFO  [main] [hybrisserver]              Java(TM) SE Runtime Environment, 1.7.0_72-b14
 [yunitint] [m[0;32mINFO  [main] [hybrisserver]              /usr/lib/jvm/java-7-oracle/jre
 [yunitint] [m[0;32mINFO  [main] [hybrisserver] VM Locale:   language=en,country=US,region=null
 [yunitint] [m[0;32mINFO  [main] [hybrisserver] Cache:       RegionCache is not yet initialized. [de.hybris.platform.cache.impl.RegionCacheAdapter]
 [yunitint] [m[0;32mINFO  [main] [hybrisserver] Server type: tomcat
 [yunitint] [m[0;32mINFO  [main] [hybrisserver] 
 [yunitint] [m[0;32mINFO  [main] [hybrisserver] *****************************************************************
 [yunitint] [m[0;32mINFO  [main] [hybrisserver] 
 [yunitint] [m[0;32mINFO  [main] [Registry] Initializing global Spring ApplicationContext
 [yunitint] [m[0;32mINFO  [main] [Registry] Loading Spring config for 'core' from (/core-spring.xml)
 [yunitint] [m[0;32mINFO  [main] [Registry] Loading Spring config for 'core' from (/core-profiling-spring.xml)
 [yunitint] [m[0;32mINFO  [main] [Registry] Loading Spring config for 'core' from (/core-jmx-spring.xml)
 [yunitint] [m[0;32mINFO  [main] [Registry] Loading Spring config for 'core' from (/core-cache.xml)
 [yunitint] [m[0;32mINFO  [main] [Registry] Loading Spring config for 'servicelayer' from (/servicelayer-spring.xml)
 [yunitint] [m[0;32mINFO  [main] [Registry] Loading Spring config for 'servicelayer' from (/event-spring.xml)
 [yunitint] [m[0;32mINFO  [main] [Registry] Loading Spring config for 'servicelayer' from (/user-spring.xml)
 [yunitint] [m[0;32mINFO  [main] [Registry] Loading Spring config for 'servicelayer' from (/security-spring.xml)
 [yunitint] [m[0;32mINFO  [main] [Registry] Loading Spring config for 'servicelayer' from (/media-spring.xml)
 [yunitint] [m[0;32mINFO  [main] [Registry] Loading Spring config for 'servicelayer' from (/i18n-spring.xml)
 [yunitint] [m[0;32mINFO  [main] [Registry] Loading Spring config for 'servicelayer' from (/interceptor-spring.xml)
 [yunitint] [m[0;32mINFO  [main] [Registry] Loading Spring config for 'task' from (/task-spring.xml)
 [yunitint] [m[0;32mINFO  [main] [Registry] Loading Spring config for 'commons' from (/commons-spring.xml)
 [yunitint] [m[0;32mINFO  [main] [Registry] Loading Spring config for 'cronjob' from (/cronjob-spring.xml)
 [yunitint] [m[0;32mINFO  [main] [Registry] Loading Spring config for 'impex' from (/impex-spring.xml)
 [yunitint] [m[0;32mINFO  [main] [Registry] Loading Spring config for 'validation' from (/validation-spring.xml)
 [yunitint] [m[0;32mINFO  [main] [Registry] Loading Spring config for 'platformservices' from (/catalog-spring.xml)
 [yunitint] [m[0;32mINFO  [main] [Registry] Loading Spring config for 'platformservices' from (/order-spring.xml)
 [yunitint] [m[0;32mINFO  [main] [Registry] Loading Spring config for 'platformservices' from (/product-spring.xml)
 [yunitint] [m[0;32mINFO  [main] [Registry] Loading Spring config for 'platformservices' from (/category-spring.xml)
 [yunitint] [m[0;32mINFO  [main] [Registry] Loading Spring config for 'platformservices' from (/classification-spring.xml)
 [yunitint] [m[0;32mINFO  [main] [Registry] Loading Spring config for 'platformservices' from (/jobs-spring.xml)
 [yunitint] [m[0;32mINFO  [main] [Registry] Loading Spring config for 'platformservices' from (/filter-spring.xml)
 [yunitint] [m[0;32mINFO  [main] [Registry] Loading Spring config for 'workflow' from (/workflow-spring.xml)
 [yunitint] [m[0;32mINFO  [main] [Registry] Loading Spring config for 'processengine' from (/processengine-spring.xml)
 [yunitint] [m[0;32mINFO  [main] [Registry] Loading Spring config for 'ldap' from (/ldap-spring.xml)
 [yunitint] [m[0;32mINFO  [main] [Registry] Loading Spring config for 'comments' from (/comments-spring.xml)
 [yunitint] [m[0;32mINFO  [main] [Registry] Loading Spring config for 'cockpit' from (/cockpit-spring.xml)
 [yunitint] [m[0;32mINFO  [main] [Registry] Loading Spring config for 'mcc' from (/mcc-spring.xml)
 [yunitint] [m[0;32mINFO  [main] [Registry] Loading Spring config for 'admincockpit' from (/admincockpit-spring.xml)
 [yunitint] [m[0;32mINFO  [main] [Registry] Loading Spring config for 'arecoDeploymentScriptsManager' from (/arecoDeploymentScriptsManager-spring.xml)
 [yunitint] [m[0;32mINFO  [main] [Registry] Loading Spring config for 'arecoDeploymentScriptsExamples' from (/arecoDeploymentScriptsExamples-spring.xml)
 [yunitint] [m[0;32mINFO  [main] [DefaultCacheController] Regioncache initialized with region count 3
 [yunitint] [m[0;32mINFO  [main] [DefaultCacheController] Cache region: Name: typesystemCacheRegion, size: 0, types: [81, 82, 83, 84, 87], exclusive computation: false, statistics: true, class: class de.hybris.platform.regioncache.region.impl.UnlimitedCacheRegion
 [yunitint] [m[0;32mINFO  [main] [DefaultCacheController] Cache region: Name: entityCacheRegion, size: 100000, types: [__ALL_TYPES__, __NO_QUERY__], exclusive computation: false, statistics: true, class: class de.hybris.platform.regioncache.region.impl.DefaultCacheRegion
 [yunitint] [m[0;32mINFO  [main] [DefaultCacheController] Cache region: Name: queryCacheRegion, size: 20000, types: [__QUERY_CACHE__], exclusive computation: false, statistics: true, class: class de.hybris.platform.regioncache.region.impl.DefaultCacheRegion
 [yunitint] [m[0;32mINFO  [main] [DefaultCacheController] Registered Listener on cache controller. Currently registered 1
 [yunitint] [m[0;36mDEBUG [main] [ArecoDeploymentScriptsManagerManager] constructor of ArecoDeploymentScriptsManagerManager called.
 [yunitint] [m[0;36mDEBUG [main] [ArecoDeploymentScriptsManagerManager] init() of ArecoDeploymentScriptsManagerManager called. master
 [yunitint] [m[0;36mDEBUG [main] [ArecoDeploymentScriptsExamplesManager] constructor of ArecoDeploymentScriptsExamplesManager called.
 [yunitint] [m[0;36mDEBUG [main] [ArecoDeploymentScriptsExamplesManager] init() of ArecoDeploymentScriptsExamplesManager called. master
 [yunitint] [m[0;32mINFO  [main] [DefaultBroadcastService] updating cluster island ID -1->15482461765750368
 [yunitint] [m[0;32mINFO  [AfterSaveEventPublisher-master] [JMXBeanLoader] Registered 5 JMX beans for tenant <<master>>
 [yunitint] [m[0;32mINFO  [main] [TimerTaskUtils] Starting CronJob timer ...
 [yunitint] [m[0;32mINFO  [main] [TimerTaskUtils] CronJob timer started (interval 30 sec)
 [yunitint] [m[0;32mINFO  [AfterSaveEventPublisher-master] [TimerTaskUtils] Starting CronJob timer ...
 [yunitint] [m[0;32mINFO  [AfterSaveEventPublisher-master] [TimerTaskUtils] CronJob timer already started!
 [yunitint] [m[0;32mINFO  [main] [DefaultTaskService] Task engine starting up (min:10 max:10 idle:20s interval:10s)
 [yunitint] [m[0;32mINFO  [Task-master-poll] [DefaultTaskService] Polling thread started.
 [yunitint] [mRunning org.areco.ecommerce.deploymentscripts.ant.EssentialDataCreatorAndDeploymentScriptStarterTest
 [yunitint] [0;32mINFO  [main] [LogRunListener] Starting test class org.areco.ecommerce.deploymentscripts.ant.EssentialDataCreatorAndDeploymentScriptStarterTest
 [yunitint] [mjunit.framework.TestListener: startTest(testRunScripts)
 [yunitint] [0;32mINFO  [main] [LogRunListener] Starting test method testRunScripts(org.areco.ecommerce.deploymentscripts.ant.EssentialDataCreatorAndDeploymentScriptStarterTest)
 [yunitint] [m[0;36mDEBUG [main] [ItemCreationListener] Disabling item registration in junit thread for testRunScripts(org.areco.ecommerce.deploymentscripts.ant.EssentialDataCreatorAndDeploymentScriptStarterTest) since transaction is enabled
 [yunitint] [m[0;32mINFO  [AfterSaveEventPublisher-master] [VjdbcServerWrapper] VJDBC server established successfully 
 [yunitint] [m[0;32mINFO  [Task-master-poll] [DefaultModelConverterRegistry] loading model converters: 
 [yunitint] [m[0;32mINFO  [Task-master-poll] [DefaultModelConverterRegistry] 	pre-fetch mode:default
 [yunitint] [m[0;32mINFO  [main] [EssentialDataCreatorAndDeploymentScriptsStarter] Creating the essential data in junit tenant.
 [yunitint] [m[0;32mINFO  [main] [DeploymentScriptStarter] Running all INIT deployment scripts.
 [yunitint] [m[0;32mINFO  [main] [DeploymentScriptStarter] Running all deployment scripts. RunInitScripts? true
 [yunitint] [m[0;36mDEBUG [main] [DeploymentScriptStarter] The error flag was cleared
 [yunitint] [m[0;36mDEBUG [main] [DeploymentScriptStarter] Running the deployment scripts of the extension: core
 [yunitint] [m[0;36mDEBUG [main] [FlexibleSearchScriptExecutionResultDao] Loading the results.
 [yunitint] [m[0;36mDEBUG [main] [ImpexInitialConfigurationImporter] The initial configuration was already imported.
 [yunitint] [m[0;36mDEBUG [main] [ArecoDeploymentScriptService] Looking for pending update scripts in the extension core
 [yunitint] [m[0;36mDEBUG [main] [FlexibleSearchScriptExecutionDao] Getting the executed scripts of the extension core
 [yunitint] [m[0;36mDEBUG [main] [ArecoDeploymentScriptService] There aren't any pending INIT deployment scripts in the extension core
 [yunitint] [m[0;36mDEBUG [main] [DeploymentScriptStarter] Running the deployment scripts of the extension: hmc
 [yunitint] [m[0;36mDEBUG [main] [ArecoDeploymentScriptService] Looking for pending update scripts in the extension hmc
 [yunitint] [m[0;36mDEBUG [main] [FlexibleSearchScriptExecutionDao] Getting the executed scripts of the extension hmc
 [yunitint] [m[0;36mDEBUG [main] [ArecoDeploymentScriptService] There aren't any pending INIT deployment scripts in the extension hmc
 [yunitint] [m[0;36mDEBUG [main] [DeploymentScriptStarter] Running the deployment scripts of the extension: servicelayer
 [yunitint] [m[0;36mDEBUG [main] [ArecoDeploymentScriptService] Looking for pending update scripts in the extension servicelayer
 [yunitint] [m[0;36mDEBUG [main] [FlexibleSearchScriptExecutionDao] Getting the executed scripts of the extension servicelayer
 [yunitint] [m[0;36mDEBUG [main] [ArecoDeploymentScriptService] There aren't any pending INIT deployment scripts in the extension servicelayer
 [yunitint] [m[0;36mDEBUG [main] [DeploymentScriptStarter] Running the deployment scripts of the extension: task
 [yunitint] [m[0;36mDEBUG [main] [ArecoDeploymentScriptService] Looking for pending update scripts in the extension task
 [yunitint] [m[0;36mDEBUG [main] [FlexibleSearchScriptExecutionDao] Getting the executed scripts of the extension task
 [yunitint] [m[0;36mDEBUG [main] [ArecoDeploymentScriptService] There aren't any pending INIT deployment scripts in the extension task
 [yunitint] [m[0;36mDEBUG [main] [DeploymentScriptStarter] Running the deployment scripts of the extension: paymentstandard
 [yunitint] [m[0;36mDEBUG [main] [ArecoDeploymentScriptService] Looking for pending update scripts in the extension paymentstandard
 [yunitint] [m[0;36mDEBUG [main] [FlexibleSearchScriptExecutionDao] Getting the executed scripts of the extension paymentstandard
 [yunitint] [m[0;36mDEBUG [main] [ArecoDeploymentScriptService] There aren't any pending INIT deployment scripts in the extension paymentstandard
 [yunitint] [m[0;36mDEBUG [main] [DeploymentScriptStarter] Running the deployment scripts of the extension: deliveryzone
 [yunitint] [m[0;36mDEBUG [main] [ArecoDeploymentScriptService] Looking for pending update scripts in the extension deliveryzone
 [yunitint] [m[0;36mDEBUG [main] [FlexibleSearchScriptExecutionDao] Getting the executed scripts of the extension deliveryzone
 [yunitint] [m[0;36mDEBUG [main] [ArecoDeploymentScriptService] There aren't any pending INIT deployment scripts in the extension deliveryzone
 [yunitint] [m[0;36mDEBUG [main] [DeploymentScriptStarter] Running the deployment scripts of the extension: commons
 [yunitint] [m[0;36mDEBUG [main] [ArecoDeploymentScriptService] Looking for pending update scripts in the extension commons
 [yunitint] [m[0;36mDEBUG [main] [FlexibleSearchScriptExecutionDao] Getting the executed scripts of the extension commons
 [yunitint] [m[0;36mDEBUG [main] [ArecoDeploymentScriptService] There aren't any pending INIT deployment scripts in the extension commons
 [yunitint] [m[0;36mDEBUG [main] [DeploymentScriptStarter] Running the deployment scripts of the extension: cronjob
 [yunitint] [m[0;36mDEBUG [main] [ArecoDeploymentScriptService] Looking for pending update scripts in the extension cronjob
 [yunitint] [m[0;36mDEBUG [main] [FlexibleSearchScriptExecutionDao] Getting the executed scripts of the extension cronjob
 [yunitint] [m[0;36mDEBUG [main] [ArecoDeploymentScriptService] There aren't any pending INIT deployment scripts in the extension cronjob
 [yunitint] [m[0;36mDEBUG [main] [DeploymentScriptStarter] Running the deployment scripts of the extension: lucenesearch
 [yunitint] [m[0;36mDEBUG [main] [ArecoDeploymentScriptService] Looking for pending update scripts in the extension lucenesearch
 [yunitint] [m[0;36mDEBUG [main] [FlexibleSearchScriptExecutionDao] Getting the executed scripts of the extension lucenesearch
 [yunitint] [m[0;36mDEBUG [main] [ArecoDeploymentScriptService] There aren't any pending INIT deployment scripts in the extension lucenesearch
 [yunitint] [m[0;36mDEBUG [main] [DeploymentScriptStarter] Running the deployment scripts of the extension: impex
 [yunitint] [m[0;36mDEBUG [main] [ArecoDeploymentScriptService] Looking for pending update scripts in the extension impex
 [yunitint] [m[0;36mDEBUG [main] [FlexibleSearchScriptExecutionDao] Getting the executed scripts of the extension impex
 [yunitint] [m[0;36mDEBUG [main] [ArecoDeploymentScriptService] There aren't any pending INIT deployment scripts in the extension impex
 [yunitint] [m[0;36mDEBUG [main] [DeploymentScriptStarter] Running the deployment scripts of the extension: validation
 [yunitint] [m[0;36mDEBUG [main] [ArecoDeploymentScriptService] Looking for pending update scripts in the extension validation
 [yunitint] [m[0;36mDEBUG [main] [FlexibleSearchScriptExecutionDao] Getting the executed scripts of the extension validation
 [yunitint] [m[0;36mDEBUG [main] [ArecoDeploymentScriptService] There aren't any pending INIT deployment scripts in the extension validation
 [yunitint] [m[0;36mDEBUG [main] [DeploymentScriptStarter] Running the deployment scripts of the extension: variants
 [yunitint] [m[0;36mDEBUG [main] [ArecoDeploymentScriptService] Looking for pending update scripts in the extension variants
 [yunitint] [m[0;36mDEBUG [main] [FlexibleSearchScriptExecutionDao] Getting the executed scripts of the extension variants
 [yunitint] [m[0;36mDEBUG [main] [ArecoDeploymentScriptService] There aren't any pending INIT deployment scripts in the extension variants
 [yunitint] [m[0;36mDEBUG [main] [DeploymentScriptStarter] Running the deployment scripts of the extension: europe1
 [yunitint] [m[0;36mDEBUG [main] [ArecoDeploymentScriptService] Looking for pending update scripts in the extension europe1
 [yunitint] [m[0;36mDEBUG [main] [FlexibleSearchScriptExecutionDao] Getting the executed scripts of the extension europe1
 [yunitint] [m[0;36mDEBUG [main] [ArecoDeploymentScriptService] There aren't any pending INIT deployment scripts in the extension europe1
 [yunitint] [m[0;36mDEBUG [main] [DeploymentScriptStarter] Running the deployment scripts of the extension: category
 [yunitint] [m[0;36mDEBUG [main] [ArecoDeploymentScriptService] Looking for pending update scripts in the extension category
 [yunitint] [m[0;36mDEBUG [main] [FlexibleSearchScriptExecutionDao] Getting the executed scripts of the extension category
 [yunitint] [m[0;36mDEBUG [main] [ArecoDeploymentScriptService] There aren't any pending INIT deployment scripts in the extension category
 [yunitint] [m[0;36mDEBUG [main] [DeploymentScriptStarter] Running the deployment scripts of the extension: catalog
 [yunitint] [m[0;36mDEBUG [main] [ArecoDeploymentScriptService] Looking for pending update scripts in the extension catalog
 [yunitint] [m[0;36mDEBUG [main] [FlexibleSearchScriptExecutionDao] Getting the executed scripts of the extension catalog
 [yunitint] [m[0;36mDEBUG [main] [ArecoDeploymentScriptService] There aren't any pending INIT deployment scripts in the extension catalog
 [yunitint] [m[0;36mDEBUG [main] [DeploymentScriptStarter] Running the deployment scripts of the extension: virtualjdbc
 [yunitint] [m[0;36mDEBUG [main] [ArecoDeploymentScriptService] Looking for pending update scripts in the extension virtualjdbc
 [yunitint] [m[0;36mDEBUG [main] [FlexibleSearchScriptExecutionDao] Getting the executed scripts of the extension virtualjdbc
 [yunitint] [m[0;36mDEBUG [main] [ArecoDeploymentScriptService] There aren't any pending INIT deployment scripts in the extension virtualjdbc
 [yunitint] [m[0;36mDEBUG [main] [DeploymentScriptStarter] Running the deployment scripts of the extension: platformservices
 [yunitint] [m[0;36mDEBUG [main] [ArecoDeploymentScriptService] Looking for pending update scripts in the extension platformservices
 [yunitint] [m[0;36mDEBUG [main] [FlexibleSearchScriptExecutionDao] Getting the executed scripts of the extension platformservices
 [yunitint] [m[0;36mDEBUG [main] [ArecoDeploymentScriptService] There aren't any pending INIT deployment scripts in the extension platformservices
 [yunitint] [m[0;36mDEBUG [main] [DeploymentScriptStarter] Running the deployment scripts of the extension: workflow
 [yunitint] [m[0;36mDEBUG [main] [ArecoDeploymentScriptService] Looking for pending update scripts in the extension workflow
 [yunitint] [m[0;36mDEBUG [main] [FlexibleSearchScriptExecutionDao] Getting the executed scripts of the extension workflow
 [yunitint] [m[0;36mDEBUG [main] [ArecoDeploymentScriptService] There aren't any pending INIT deployment scripts in the extension workflow
 [yunitint] [m[0;36mDEBUG [main] [DeploymentScriptStarter] Running the deployment scripts of the extension: processengine
 [yunitint] [m[0;36mDEBUG [main] [ArecoDeploymentScriptService] Looking for pending update scripts in the extension processengine
 [yunitint] [m[0;36mDEBUG [main] [FlexibleSearchScriptExecutionDao] Getting the executed scripts of the extension processengine
 [yunitint] [m[0;36mDEBUG [main] [ArecoDeploymentScriptService] There aren't any pending INIT deployment scripts in the extension processengine
 [yunitint] [m[0;36mDEBUG [main] [DeploymentScriptStarter] Running the deployment scripts of the extension: ldap
 [yunitint] [m[0;36mDEBUG [main] [ArecoDeploymentScriptService] Looking for pending update scripts in the extension ldap
 [yunitint] [m[0;36mDEBUG [main] [FlexibleSearchScriptExecutionDao] Getting the executed scripts of the extension ldap
 [yunitint] [m[0;36mDEBUG [main] [ArecoDeploymentScriptService] There aren't any pending INIT deployment scripts in the extension ldap
 [yunitint] [m[0;36mDEBUG [main] [DeploymentScriptStarter] Running the deployment scripts of the extension: comments
 [yunitint] [m[0;36mDEBUG [main] [ArecoDeploymentScriptService] Looking for pending update scripts in the extension comments
 [yunitint] [m[0;36mDEBUG [main] [FlexibleSearchScriptExecutionDao] Getting the executed scripts of the extension comments
 [yunitint] [m[0;36mDEBUG [main] [ArecoDeploymentScriptService] There aren't any pending INIT deployment scripts in the extension comments
 [yunitint] [m[0;36mDEBUG [main] [DeploymentScriptStarter] Running the deployment scripts of the extension: cockpit
 [yunitint] [m[0;36mDEBUG [main] [ArecoDeploymentScriptService] Looking for pending update scripts in the extension cockpit
 [yunitint] [m[0;36mDEBUG [main] [FlexibleSearchScriptExecutionDao] Getting the executed scripts of the extension cockpit
 [yunitint] [m[0;36mDEBUG [main] [ArecoDeploymentScriptService] There aren't any pending INIT deployment scripts in the extension cockpit
 [yunitint] [m[0;36mDEBUG [main] [DeploymentScriptStarter] Running the deployment scripts of the extension: mcc
 [yunitint] [m[0;36mDEBUG [main] [ArecoDeploymentScriptService] Looking for pending update scripts in the extension mcc
 [yunitint] [m[0;36mDEBUG [main] [FlexibleSearchScriptExecutionDao] Getting the executed scripts of the extension mcc
 [yunitint] [m[0;36mDEBUG [main] [ArecoDeploymentScriptService] There aren't any pending INIT deployment scripts in the extension mcc
 [yunitint] [m[0;36mDEBUG [main] [DeploymentScriptStarter] Running the deployment scripts of the extension: advancedsavedquery
 [yunitint] [m[0;36mDEBUG [main] [ArecoDeploymentScriptService] Looking for pending update scripts in the extension advancedsavedquery
 [yunitint] [m[0;36mDEBUG [main] [FlexibleSearchScriptExecutionDao] Getting the executed scripts of the extension advancedsavedquery
 [yunitint] [m[0;36mDEBUG [main] [ArecoDeploymentScriptService] There aren't any pending INIT deployment scripts in the extension advancedsavedquery
 [yunitint] [m[0;36mDEBUG [main] [DeploymentScriptStarter] Running the deployment scripts of the extension: admincockpit
 [yunitint] [m[0;36mDEBUG [main] [ArecoDeploymentScriptService] Looking for pending update scripts in the extension admincockpit
 [yunitint] [m[0;36mDEBUG [main] [FlexibleSearchScriptExecutionDao] Getting the executed scripts of the extension admincockpit
 [yunitint] [m[0;36mDEBUG [main] [ArecoDeploymentScriptService] There aren't any pending INIT deployment scripts in the extension admincockpit
 [yunitint] [m[0;36mDEBUG [main] [DeploymentScriptStarter] Running the deployment scripts of the extension: arecoDeploymentScriptsManager
 [yunitint] [m[0;36mDEBUG [main] [ArecoDeploymentScriptService] Looking for pending update scripts in the extension arecoDeploymentScriptsManager
 [yunitint] [m[0;36mDEBUG [main] [FlexibleSearchScriptExecutionDao] Getting the executed scripts of the extension arecoDeploymentScriptsManager
 [yunitint] [m[0;36mDEBUG [main] [ArecoDeploymentScriptService] There aren't any pending INIT deployment scripts in the extension arecoDeploymentScriptsManager
 [yunitint] [m[0;36mDEBUG [main] [DeploymentScriptStarter] Running the deployment scripts of the extension: arecoDeploymentScriptsExamples
 [yunitint] [m[0;36mDEBUG [main] [ArecoDeploymentScriptService] Looking for pending update scripts in the extension arecoDeploymentScriptsExamples
 [yunitint] [m[0;36mDEBUG [main] [FlexibleSearchScriptExecutionDao] Getting the executed scripts of the extension arecoDeploymentScriptsExamples
 [yunitint] [m[0;36mDEBUG [main] [ArecoDeploymentScriptService] There aren't any pending INIT deployment scripts in the extension arecoDeploymentScriptsExamples
 [yunitint] [m[0;36mDEBUG [main] [EssentialDataCreationDetector] The essential data creation was triggered.
 [yunitint] [m[0;36mDEBUG [main] [DeploymentScriptStarter] Running the deployment scripts of the extension: core
 [yunitint] [m[0;36mDEBUG [main] [ImpexInitialConfigurationImporter] The initial configuration was already imported.
 [yunitint] [m[0;36mDEBUG [main] [ArecoDeploymentScriptService] Looking for pending update scripts in the extension core
 [yunitint] [m[0;36mDEBUG [main] [FlexibleSearchScriptExecutionDao] Getting the executed scripts of the extension core
 [yunitint] [m[0;36mDEBUG [main] [ArecoDeploymentScriptService] There aren't any pending UPDATE deployment scripts in the extension core
 [yunitint] [m[0;36mDEBUG [main] [EssentialDataCreationDetector] The essential data creation was triggered.
 [yunitint] [m[0;36mDEBUG [main] [DeploymentScriptStarter] Running the deployment scripts of the extension: hmc
 [yunitint] [m[0;36mDEBUG [main] [ArecoDeploymentScriptService] Looking for pending update scripts in the extension hmc
 [yunitint] [m[0;36mDEBUG [main] [FlexibleSearchScriptExecutionDao] Getting the executed scripts of the extension hmc
 [yunitint] [m[0;36mDEBUG [main] [ArecoDeploymentScriptService] There aren't any pending UPDATE deployment scripts in the extension hmc
 [yunitint] [m[0;36mDEBUG [main] [EssentialDataCreationDetector] The essential data creation was triggered.
 [yunitint] [m[0;36mDEBUG [main] [DeploymentScriptStarter] Running the deployment scripts of the extension: servicelayer
 [yunitint] [m[0;36mDEBUG [main] [ArecoDeploymentScriptService] Looking for pending update scripts in the extension servicelayer
 [yunitint] [m[0;36mDEBUG [main] [FlexibleSearchScriptExecutionDao] Getting the executed scripts of the extension servicelayer
 [yunitint] [m[0;36mDEBUG [main] [ArecoDeploymentScriptService] There aren't any pending UPDATE deployment scripts in the extension servicelayer
 [yunitint] [m[0;36mDEBUG [main] [EssentialDataCreationDetector] The essential data creation was triggered.
 [yunitint] [m[0;36mDEBUG [main] [DeploymentScriptStarter] Running the deployment scripts of the extension: task
 [yunitint] [m[0;36mDEBUG [main] [ArecoDeploymentScriptService] Looking for pending update scripts in the extension task
 [yunitint] [m[0;36mDEBUG [main] [FlexibleSearchScriptExecutionDao] Getting the executed scripts of the extension task
 [yunitint] [m[0;36mDEBUG [main] [ArecoDeploymentScriptService] There aren't any pending UPDATE deployment scripts in the extension task
 [yunitint] [m[0;36mDEBUG [main] [EssentialDataCreationDetector] The essential data creation was triggered.
 [yunitint] [m[0;36mDEBUG [main] [DeploymentScriptStarter] Running the deployment scripts of the extension: paymentstandard
 [yunitint] [m[0;36mDEBUG [main] [ArecoDeploymentScriptService] Looking for pending update scripts in the extension paymentstandard
 [yunitint] [m[0;36mDEBUG [main] [FlexibleSearchScriptExecutionDao] Getting the executed scripts of the extension paymentstandard
 [yunitint] [m[0;36mDEBUG [main] [ArecoDeploymentScriptService] There aren't any pending UPDATE deployment scripts in the extension paymentstandard
 [yunitint] [m[0;36mDEBUG [main] [EssentialDataCreationDetector] The essential data creation was triggered.
 [yunitint] [m[0;36mDEBUG [main] [DeploymentScriptStarter] Running the deployment scripts of the extension: deliveryzone
 [yunitint] [m[0;36mDEBUG [main] [ArecoDeploymentScriptService] Looking for pending update scripts in the extension deliveryzone
 [yunitint] [m[0;36mDEBUG [main] [FlexibleSearchScriptExecutionDao] Getting the executed scripts of the extension deliveryzone
 [yunitint] [m[0;36mDEBUG [main] [ArecoDeploymentScriptService] There aren't any pending UPDATE deployment scripts in the extension deliveryzone
 [yunitint] [m[0;36mDEBUG [main] [EssentialDataCreationDetector] The essential data creation was triggered.
 [yunitint] [m[0;36mDEBUG [main] [DeploymentScriptStarter] Running the deployment scripts of the extension: commons
 [yunitint] [m[0;36mDEBUG [main] [ArecoDeploymentScriptService] Looking for pending update scripts in the extension commons
 [yunitint] [m[0;36mDEBUG [main] [FlexibleSearchScriptExecutionDao] Getting the executed scripts of the extension commons
 [yunitint] [m[0;36mDEBUG [main] [ArecoDeploymentScriptService] There aren't any pending UPDATE deployment scripts in the extension commons
 [yunitint] [m[0;32mINFO  [main] [CronJobManager] importing resource /cronjob/DefaultCronJobFinishNotificationTemplate.csv
 [yunitint] [m[0;32mINFO  [main] (000001JK-ImpEx-Import) [ImpExImportJob] Starting ImpEx cronjob "ImpEx-Import"
 [yunitint] [m[0;32mINFO  [main] (000001JK-ImpEx-Import) [Importer] Finished 1 pass in 0d 00h:00m:00s:855ms - processed: 5, no lines dumped (last pass 0)
 [yunitint] [m[0;32mINFO  [main] [SessionCtxValueJDBCCleaner] Clean up process has been already performed for a tenant <<master>>.
 [yunitint] [m[0;36mDEBUG [main] [EssentialDataCreationDetector] The essential data creation was triggered.
 [yunitint] [m[0;36mDEBUG [main] [DeploymentScriptStarter] Running the deployment scripts of the extension: cronjob
 [yunitint] [m[0;36mDEBUG [main] [ArecoDeploymentScriptService] Looking for pending update scripts in the extension cronjob
 [yunitint] [m[0;36mDEBUG [main] [FlexibleSearchScriptExecutionDao] Getting the executed scripts of the extension cronjob
 [yunitint] [m[0;36mDEBUG [main] [ArecoDeploymentScriptService] There aren't any pending UPDATE deployment scripts in the extension cronjob
 [yunitint] [m[0;32mINFO  [main] [LucenesearchManager] Skipping recreation of the HMC lucene index since update option was not given.
 [yunitint] [m[0;36mDEBUG [main] [EssentialDataCreationDetector] The essential data creation was triggered.
 [yunitint] [m[0;36mDEBUG [main] [DeploymentScriptStarter] Running the deployment scripts of the extension: lucenesearch
 [yunitint] [m[0;36mDEBUG [main] [ArecoDeploymentScriptService] Looking for pending update scripts in the extension lucenesearch
 [yunitint] [m[0;36mDEBUG [main] [FlexibleSearchScriptExecutionDao] Getting the executed scripts of the extension lucenesearch
 [yunitint] [m[0;36mDEBUG [main] [ArecoDeploymentScriptService] There aren't any pending UPDATE deployment scripts in the extension lucenesearch
 [yunitint] [m[0;32mINFO  [main] [ImpExSystemSetup] importing resource : /impex/essentialdata-ImpexSystemSetupTestDefault.impex
 [yunitint] [m[0;32mINFO  [main] (000001JL-ImpEx-Import) [ImpExImportJob] Starting ImpEx cronjob "ImpEx-Import"
 [yunitint] [m[0;32mINFO  [main] (000001JL-ImpEx-Import) [Importer] Finished 1 pass in 0d 00h:00m:00s:000ms - processed: 0, no lines dumped (last pass 0)
 [yunitint] [m[0;36mDEBUG [main] [EssentialDataCreationDetector] The essential data creation was triggered.
 [yunitint] [m[0;36mDEBUG [main] [DeploymentScriptStarter] Running the deployment scripts of the extension: impex
 [yunitint] [m[0;36mDEBUG [main] [ArecoDeploymentScriptService] Looking for pending update scripts in the extension impex
 [yunitint] [m[0;36mDEBUG [main] [FlexibleSearchScriptExecutionDao] Getting the executed scripts of the extension impex
 [yunitint] [m[0;36mDEBUG [main] [ArecoDeploymentScriptService] There aren't any pending UPDATE deployment scripts in the extension impex
 [yunitint] [m[0;36mDEBUG [main] [EssentialDataCreationDetector] The essential data creation was triggered.
 [yunitint] [m[0;36mDEBUG [main] [DeploymentScriptStarter] Running the deployment scripts of the extension: validation
 [yunitint] [m[0;36mDEBUG [main] [ArecoDeploymentScriptService] Looking for pending update scripts in the extension validation
 [yunitint] [m[0;36mDEBUG [main] [FlexibleSearchScriptExecutionDao] Getting the executed scripts of the extension validation
 [yunitint] [m[0;36mDEBUG [main] [ArecoDeploymentScriptService] There aren't any pending UPDATE deployment scripts in the extension validation
 [yunitint] [m[0;36mDEBUG [main] [EssentialDataCreationDetector] The essential data creation was triggered.
 [yunitint] [m[0;36mDEBUG [main] [DeploymentScriptStarter] Running the deployment scripts of the extension: variants
 [yunitint] [m[0;36mDEBUG [main] [ArecoDeploymentScriptService] Looking for pending update scripts in the extension variants
 [yunitint] [m[0;36mDEBUG [main] [FlexibleSearchScriptExecutionDao] Getting the executed scripts of the extension variants
 [yunitint] [m[0;36mDEBUG [main] [ArecoDeploymentScriptService] There aren't any pending UPDATE deployment scripts in the extension variants
 [yunitint] [m[0;36mDEBUG [main] [EssentialDataCreationDetector] The essential data creation was triggered.
 [yunitint] [m[0;36mDEBUG [main] [DeploymentScriptStarter] Running the deployment scripts of the extension: europe1
 [yunitint] [m[0;36mDEBUG [main] [ArecoDeploymentScriptService] Looking for pending update scripts in the extension europe1
 [yunitint] [m[0;36mDEBUG [main] [FlexibleSearchScriptExecutionDao] Getting the executed scripts of the extension europe1
 [yunitint] [m[0;36mDEBUG [main] [ArecoDeploymentScriptService] There aren't any pending UPDATE deployment scripts in the extension europe1
 [yunitint] [m[0;36mDEBUG [main] [EssentialDataCreationDetector] The essential data creation was triggered.
 [yunitint] [m[0;36mDEBUG [main] [DeploymentScriptStarter] Running the deployment scripts of the extension: category
 [yunitint] [m[0;36mDEBUG [main] [ArecoDeploymentScriptService] Looking for pending update scripts in the extension category
 [yunitint] [m[0;36mDEBUG [main] [FlexibleSearchScriptExecutionDao] Getting the executed scripts of the extension category
 [yunitint] [m[0;36mDEBUG [main] [ArecoDeploymentScriptService] There aren't any pending UPDATE deployment scripts in the extension category
 [yunitint] [m[0;32mINFO  [main] [CatalogManager] Importing resource /catalog/cataloguserrights.csv
 [yunitint] [m[0;32mINFO  [main] (000001JM-ImpEx-Import) [ImpExImportJob] Starting ImpEx cronjob "ImpEx-Import"
 [yunitint] [m[0;32mINFO  [main] (000001JM-ImpEx-Import) [Importer] Finished 1 pass in 0d 00h:00m:00s:045ms - processed: 0, no lines dumped (last pass 0)
 [yunitint] [m[0;36mDEBUG [main] [EssentialDataCreationDetector] The essential data creation was triggered.
 [yunitint] [m[0;36mDEBUG [main] [DeploymentScriptStarter] Running the deployment scripts of the extension: catalog
 [yunitint] [m[0;36mDEBUG [main] [ArecoDeploymentScriptService] Looking for pending update scripts in the extension catalog
 [yunitint] [m[0;36mDEBUG [main] [FlexibleSearchScriptExecutionDao] Getting the executed scripts of the extension catalog
 [yunitint] [m[0;36mDEBUG [main] [ArecoDeploymentScriptService] There aren't any pending UPDATE deployment scripts in the extension catalog
 [yunitint] [m[0;32mINFO  [main] [VjdbcManager] importing resource /vjdbcReportStructure.csv
 [yunitint] [m[0;32mINFO  [main] (000001JN-ImpEx-Import) [ImpExImportJob] Starting ImpEx cronjob "ImpEx-Import"
 [yunitint] [m[0;32mINFO  [main] (000001JN-ImpEx-Import) [Importer] Finished 1 pass in 0d 00h:00m:00s:098ms - processed: 2, no lines dumped (last pass 0)
 [yunitint] [m[0;36mDEBUG [main] [EssentialDataCreationDetector] The essential data creation was triggered.
 [yunitint] [m[0;36mDEBUG [main] [DeploymentScriptStarter] Running the deployment scripts of the extension: virtualjdbc
 [yunitint] [m[0;36mDEBUG [main] [ArecoDeploymentScriptService] Looking for pending update scripts in the extension virtualjdbc
 [yunitint] [m[0;36mDEBUG [main] [FlexibleSearchScriptExecutionDao] Getting the executed scripts of the extension virtualjdbc
 [yunitint] [m[0;36mDEBUG [main] [ArecoDeploymentScriptService] There aren't any pending UPDATE deployment scripts in the extension virtualjdbc
 [yunitint] [m[0;36mDEBUG [main] [EssentialDataCreationDetector] The essential data creation was triggered.
 [yunitint] [m[0;36mDEBUG [main] [DeploymentScriptStarter] Running the deployment scripts of the extension: platformservices
 [yunitint] [m[0;36mDEBUG [main] [ArecoDeploymentScriptService] Looking for pending update scripts in the extension platformservices
 [yunitint] [m[0;36mDEBUG [main] [FlexibleSearchScriptExecutionDao] Getting the executed scripts of the extension platformservices
 [yunitint] [m[0;36mDEBUG [main] [ArecoDeploymentScriptService] There aren't any pending UPDATE deployment scripts in the extension platformservices
 [yunitint] [m[0;32mINFO  [main] [WorkflowSystemSetup] Importing resource /workflow/adhoc_workflow_template.impex
 [yunitint] [m[0;36mDEBUG [main] [EssentialDataCreationDetector] The essential data creation was triggered.
 [yunitint] [m[0;36mDEBUG [main] [DeploymentScriptStarter] Running the deployment scripts of the extension: workflow
 [yunitint] [m[0;36mDEBUG [main] [ArecoDeploymentScriptService] Looking for pending update scripts in the extension workflow
 [yunitint] [m[0;36mDEBUG [main] [FlexibleSearchScriptExecutionDao] Getting the executed scripts of the extension workflow
 [yunitint] [m[0;36mDEBUG [main] [ArecoDeploymentScriptService] There aren't any pending UPDATE deployment scripts in the extension workflow
 [yunitint] [m[0;36mDEBUG [main] [EssentialDataCreationDetector] The essential data creation was triggered.
 [yunitint] [m[0;36mDEBUG [main] [DeploymentScriptStarter] Running the deployment scripts of the extension: processengine
 [yunitint] [m[0;36mDEBUG [main] [ArecoDeploymentScriptService] Looking for pending update scripts in the extension processengine
 [yunitint] [m[0;36mDEBUG [main] [FlexibleSearchScriptExecutionDao] Getting the executed scripts of the extension processengine
 [yunitint] [m[0;36mDEBUG [main] [ArecoDeploymentScriptService] There aren't any pending UPDATE deployment scripts in the extension processengine
 [yunitint] [m[0;36mDEBUG [main] [EssentialDataCreationDetector] The essential data creation was triggered.
 [yunitint] [m[0;36mDEBUG [main] [DeploymentScriptStarter] Running the deployment scripts of the extension: ldap
 [yunitint] [m[0;36mDEBUG [main] [ArecoDeploymentScriptService] Looking for pending update scripts in the extension ldap
 [yunitint] [m[0;36mDEBUG [main] [FlexibleSearchScriptExecutionDao] Getting the executed scripts of the extension ldap
 [yunitint] [m[0;36mDEBUG [main] [ArecoDeploymentScriptService] There aren't any pending UPDATE deployment scripts in the extension ldap
 [yunitint] [m[0;36mDEBUG [main] [EssentialDataCreationDetector] The essential data creation was triggered.
 [yunitint] [m[0;36mDEBUG [main] [DeploymentScriptStarter] Running the deployment scripts of the extension: comments
 [yunitint] [m[0;36mDEBUG [main] [ArecoDeploymentScriptService] Looking for pending update scripts in the extension comments
 [yunitint] [m[0;36mDEBUG [main] [FlexibleSearchScriptExecutionDao] Getting the executed scripts of the extension comments
 [yunitint] [m[0;36mDEBUG [main] [ArecoDeploymentScriptService] There aren't any pending UPDATE deployment scripts in the extension comments
 [yunitint] [m[0;32mINFO  [main] [CockpitManager] importing resource /cockpit/import/essential_data.csv
 [yunitint] [m[0;32mINFO  [main] (000001JO-ImpEx-Import) [ImpExImportJob] Starting ImpEx cronjob "ImpEx-Import"
 [yunitint] [m[0;32mINFO  [main] (000001JO-ImpEx-Import) [Importer] Finished 1 pass in 0d 00h:00m:00s:196ms - processed: 1, no lines dumped (last pass 0)
 [yunitint] [m[0;32mINFO  [main] [CockpitManager] importing resource /cockpit/import/comments.csv
 [yunitint] [m[0;32mINFO  [main] (000001JP-ImpEx-Import) [ImpExImportJob] Starting ImpEx cronjob "ImpEx-Import"
 [yunitint] [m[0;33mWARN  [main] (000001JP-ImpEx-Import) [CollectionValueTranslator] line 5 at main script: Localized collection will be modified for Component.readPermitted, however language was not provided explicitly (session language used instead)
 [yunitint] [m[0;33mWARN  [main] (000001JP-ImpEx-Import) [CollectionValueTranslator] line 5 at main script: Localized collection will be modified for Component.writePermitted, however language was not provided explicitly (session language used instead)
 [yunitint] [m[0;33mWARN  [main] (000001JP-ImpEx-Import) [CollectionValueTranslator] line 5 at main script: Localized collection will be modified for Component.createPermitted, however language was not provided explicitly (session language used instead)
 [yunitint] [m[0;33mWARN  [main] (000001JP-ImpEx-Import) [CollectionValueTranslator] line 5 at main script: Localized collection will be modified for Component.removePermitted, however language was not provided explicitly (session language used instead)
 [yunitint] [m[0;32mINFO  [main] (000001JP-ImpEx-Import) [Importer] Finished 1 pass in 0d 00h:00m:00s:078ms - processed: 5, no lines dumped (last pass 0)
 [yunitint] [m[0;32mINFO  [main] [CockpitManager] importing resource /cockpit/import/report_ui_components.csv
 [yunitint] [m[0;32mINFO  [main] (000001JQ-ImpEx-Import) [ImpExImportJob] Starting ImpEx cronjob "ImpEx-Import"
 [yunitint] [m[0;32mINFO  [main] (000001JQ-ImpEx-Import) [Importer] Finished 1 pass in 0d 00h:00m:00s:617ms - processed: 39, no lines dumped (last pass 0)
 [yunitint] [m[0;32mINFO  [main] [CockpitSystemSetup] Import of jasper reports for editor area: Started...
 [yunitint] [m[0;32mINFO  [main] [CockpitSystemSetup] Import of jasper reports for editor area: Finished.
 [yunitint] [m[0;36mDEBUG [main] [EssentialDataCreationDetector] The essential data creation was triggered.
 [yunitint] [m[0;36mDEBUG [main] [DeploymentScriptStarter] Running the deployment scripts of the extension: cockpit
 [yunitint] [m[0;36mDEBUG [main] [ArecoDeploymentScriptService] Looking for pending update scripts in the extension cockpit
 [yunitint] [m[0;36mDEBUG [main] [FlexibleSearchScriptExecutionDao] Getting the executed scripts of the extension cockpit
 [yunitint] [m[0;36mDEBUG [main] [ArecoDeploymentScriptService] There aren't any pending UPDATE deployment scripts in the extension cockpit
 [yunitint] [m[0;32mINFO  [main] [MccManager] importing resource /impex/mcc_links.impex
 [yunitint] [m[0;32mINFO  [main] (000001JR-ImpEx-Import) [ImpExImportJob] Starting ImpEx cronjob "ImpEx-Import"
 [yunitint] [m[0;32mINFO  [main] (000001JR-ImpEx-Import) [Importer] Finished 1 pass in 0d 00h:00m:01s:033ms - processed: 32, no lines dumped (last pass 0)
 [yunitint] [m[0;32mINFO  [main] [MccManager] importing resource /impex/mcc_links_en.impex
 [yunitint] [m[0;32mINFO  [main] (000001JS-ImpEx-Import) [ImpExImportJob] Starting ImpEx cronjob "ImpEx-Import"
 [yunitint] [m[0;32mINFO  [main] (000001JS-ImpEx-Import) [Importer] Finished 1 pass in 0d 00h:00m:00s:172ms - processed: 18, no lines dumped (last pass 0)
 [yunitint] [m[0;32mINFO  [main] [MccManager] importing resource /impex/mcc_links_de.impex
 [yunitint] [m[0;32mINFO  [main] (000001JT-ImpEx-Import) [ImpExImportJob] Starting ImpEx cronjob "ImpEx-Import"
 [yunitint] [m[0;32mINFO  [main] (000001JT-ImpEx-Import) [Importer] Finished 1 pass in 0d 00h:00m:00s:194ms - processed: 18, no lines dumped (last pass 0)
 [yunitint] [m[0;36mDEBUG [main] [EssentialDataCreationDetector] The essential data creation was triggered.
 [yunitint] [m[0;36mDEBUG [main] [DeploymentScriptStarter] Running the deployment scripts of the extension: mcc
 [yunitint] [m[0;36mDEBUG [main] [ArecoDeploymentScriptService] Looking for pending update scripts in the extension mcc
 [yunitint] [m[0;36mDEBUG [main] [FlexibleSearchScriptExecutionDao] Getting the executed scripts of the extension mcc
 [yunitint] [m[0;36mDEBUG [main] [ArecoDeploymentScriptService] There aren't any pending UPDATE deployment scripts in the extension mcc
 [yunitint] [m[0;36mDEBUG [main] [EssentialDataCreationDetector] The essential data creation was triggered.
 [yunitint] [m[0;36mDEBUG [main] [DeploymentScriptStarter] Running the deployment scripts of the extension: advancedsavedquery
 [yunitint] [m[0;36mDEBUG [main] [ArecoDeploymentScriptService] Looking for pending update scripts in the extension advancedsavedquery
 [yunitint] [m[0;36mDEBUG [main] [FlexibleSearchScriptExecutionDao] Getting the executed scripts of the extension advancedsavedquery
 [yunitint] [m[0;36mDEBUG [main] [ArecoDeploymentScriptService] There aren't any pending UPDATE deployment scripts in the extension advancedsavedquery
 [yunitint] [m[0;32mINFO  [main] [AdmincockpitManager] importing resource /impex/essentialdata_admincockpit_maintenance_jobs.impex
 [yunitint] [m[0;32mINFO  [main] (000001JU-ImpEx-Import) [ImpExImportJob] Starting ImpEx cronjob "ImpEx-Import"
 [yunitint] [m[0;33mWARN  [main] (000001JU-ImpEx-Import) [HeaderDescriptor] line 5 at main script: column job of type RemoveOrphanedFilesCronJob is not writable, but you want to update it. If you want to write this non writable attribute explicit, you have to use the forceWrite=true modifier. This warning is printed only once for header. Please check subsequent lines for similar problem.
 [yunitint] [m[0;32mINFO  [main] (000001JU-ImpEx-Import) [Importer] Finished 1 pass in 0d 00h:00m:00s:031ms - processed: 2, no lines dumped (last pass 0)
 [yunitint] [m[0;32mINFO  [main] [ImpExSystemSetup] importing resource : /impex/essentialdata_admincockpit_access_rights.impex
 [yunitint] [m[0;32mINFO  [main] (000001JV-ImpEx-Import) [ImpExImportJob] Starting ImpEx cronjob "ImpEx-Import"
 [yunitint] [m[0;32mINFO  [main] (000001JV-ImpEx-Import) [Importer] Finished 1 pass in 0d 00h:00m:00s:011ms - processed: 0, no lines dumped (last pass 0)
 [yunitint] [m[0;32mINFO  [main] [ImpExSystemSetup] importing resource : /impex/essentialdata_admincockpit_maintenance_jobs.impex
 [yunitint] [m[0;32mINFO  [main] (000001JW-ImpEx-Import) [ImpExImportJob] Starting ImpEx cronjob "ImpEx-Import"
 [yunitint] [m[0;33mWARN  [main] (000001JW-ImpEx-Import) [HeaderDescriptor] line 5 at main script: column job of type RemoveOrphanedFilesCronJob is not writable, but you want to update it. If you want to write this non writable attribute explicit, you have to use the forceWrite=true modifier. This warning is printed only once for header. Please check subsequent lines for similar problem.
 [yunitint] [m[0;32mINFO  [main] (000001JW-ImpEx-Import) [Importer] Finished 1 pass in 0d 00h:00m:00s:016ms - processed: 2, no lines dumped (last pass 0)
 [yunitint] [m[0;32mINFO  [main] [ImpExSystemSetup] importing resource : /impex/essentialdata_admincockpit_ui_access_rights.impex
 [yunitint] [m[0;32mINFO  [main] (000001JX-ImpEx-Import) [ImpExImportJob] Starting ImpEx cronjob "ImpEx-Import"
 [yunitint] [m[0;32mINFO  [main] (000001JX-ImpEx-Import) [Importer] Finished 1 pass in 0d 00h:00m:00s:047ms - processed: 1, no lines dumped (last pass 0)
 [yunitint] [m[0;36mDEBUG [main] [EssentialDataCreationDetector] The essential data creation was triggered.
 [yunitint] [m[0;36mDEBUG [main] [DeploymentScriptStarter] Running the deployment scripts of the extension: admincockpit
 [yunitint] [m[0;36mDEBUG [main] [ArecoDeploymentScriptService] Looking for pending update scripts in the extension admincockpit
 [yunitint] [m[0;36mDEBUG [main] [FlexibleSearchScriptExecutionDao] Getting the executed scripts of the extension admincockpit
 [yunitint] [m[0;36mDEBUG [main] [ArecoDeploymentScriptService] There aren't any pending UPDATE deployment scripts in the extension admincockpit
 [yunitint] [m[0;36mDEBUG [main] [EssentialDataCreationDetector] The essential data creation was triggered.
 [yunitint] [m[0;36mDEBUG [main] [DeploymentScriptStarter] Running the deployment scripts of the extension: arecoDeploymentScriptsManager
 [yunitint] [m[0;36mDEBUG [main] [ArecoDeploymentScriptService] Looking for pending update scripts in the extension arecoDeploymentScriptsManager
 [yunitint] [m[0;36mDEBUG [main] [FlexibleSearchScriptExecutionDao] Getting the executed scripts of the extension arecoDeploymentScriptsManager
 [yunitint] [m[0;36mDEBUG [main] [AbstractSingleFileScriptStepFactory] Trying to create a single file script step from the file /home/arobirosa/no_backup/deploymentScriptsManager/hybris/bin/custom/arecoDeploymentScriptsManager/resources/test/essential-data-creator/scripts/20141004_RELOAD_CMS_CONF/01_reload_cms_conf_from_admincockpit.beanshell
 [yunitint] [m[0;36mDEBUG [main] [AbstractSingleFileScriptStepFactory] Trying to create a single file script step from the file /home/arobirosa/no_backup/deploymentScriptsManager/hybris/bin/custom/arecoDeploymentScriptsManager/resources/test/essential-data-creator/scripts/20141004_RELOAD_CMS_CONF/01_reload_cms_conf_from_admincockpit.beanshell
 [yunitint] [m[0;36mDEBUG [main] [AbstractSingleFileScriptStepFactory] Trying to create a single file script step from the file /home/arobirosa/no_backup/deploymentScriptsManager/hybris/bin/custom/arecoDeploymentScriptsManager/resources/test/essential-data-creator/scripts/20141004_RELOAD_CMS_CONF/01_reload_cms_conf_from_admincockpit.beanshell
 [yunitint] [m[0;36mDEBUG [main] [AbstractSingleFileScriptStepFactory] Created step: BeanShellScriptStep [scriptFile=/home/arobirosa/no_backup/deploymentScriptsManager/hybris/bin/custom/arecoDeploymentScriptsManager/resources/test/essential-data-creator/scripts/20141004_RELOAD_CMS_CONF/01_reload_cms_conf_from_admincockpit.beanshell]
 [yunitint] [m[0;36mDEBUG [main] [PropertyFileDeploymentScriptConfigurationReader] Reading configuration from the directory /home/arobirosa/no_backup/deploymentScriptsManager/hybris/bin/custom/arecoDeploymentScriptsManager/resources/test/essential-data-creator/scripts/20141004_RELOAD_CMS_CONF
 [yunitint] [m[0;36mDEBUG [main] [ArecoDeploymentScriptService] Running update scripts of the extension arecoDeploymentScriptsManager
 [yunitint] [m[0;36mDEBUG [main] [DeploymentScript2ExecutionConverter] Creating an script execution model from the deployment script DeploymentScript [name=20141004_RELOAD_CMS_CONF, extensionName=arecoDeploymentScriptsManager, orderedSteps=[BeanShellScriptStep [scriptFile=/home/arobirosa/no_backup/deploymentScriptsManager/hybris/bin/custom/arecoDeploymentScriptsManager/resources/test/essential-data-creator/scripts/20141004_RELOAD_CMS_CONF/01_reload_cms_conf_from_admincockpit.beanshell]], phase=INITIALIZATION, configuration=org.areco.ecommerce.deploymentscripts.core.impl.PropertyFileDeploymentScriptConfiguration@b69758]
 [yunitint] [m[0;36mDEBUG [main] [DeploymentScript] Running arecoDeploymentScriptsManager:20141004_RELOAD_CMS_CONF - Start
 [yunitint] [m[0;36mDEBUG [main] [BeanShellScriptStep] Running the beanShell script 01_reload_cms_conf_from_admincockpit.beanshell
 [yunitint] [m[0;36mDEBUG [main] [DefaultBeanShellService] Running the code 'import de.hybris.platform.core.Registry;
 [yunitint] import java.io.PrintStream;
 [yunitint] import org.areco.ecommerce.deploymentscripts.beanshell.util.CockpitConfigurationReloader;
 [yunitint] final String extensionName = "admincockpit";
 [yunitint]  
 [yunitint] try {
 [yunitint]   CockpitConfigurationReloader reloader = (CockpitConfigurationReloader) Registry.getApplicationContext().getBean("cockpitConfigurationReloader");
 [yunitint]   reloader.reloadCockpitConfiguration(extensionName);
 [yunitint] } catch (Exception e) {
 [yunitint]   System.err.println("There was an error:");
 [yunitint]   e.printStackTrace(System.err);
 [yunitint]   return "Error, please see the console of the app server";
 [yunitint] }
 [yunitint] return "OK"; //We muss return 'ok'
 [yunitint] '.
 [yunitint] [m[0;36mDEBUG [main] [CockpitConfigurationReloader] Reloading the cockpit configuration of the extension 'admincockpit'.
 [yunitint] [m[0;32mINFO  [main] (000001JY-ImpEx-Import) [ImpExImportJob] Starting ImpEx cronjob "ImpEx-Import"
 [yunitint] [m[0;32mINFO  [main] (000001JY-ImpEx-Import) [Importer] Finished 1 pass in 0d 00h:00m:02s:230ms - processed: 114, no lines dumped (last pass 0)
 [yunitint] [m[0;36mDEBUG [main] [DeploymentScript] Running arecoDeploymentScriptsManager:20141004_RELOAD_CMS_CONF - Ended successfully
 [yunitint] [m[0;32mINFO  [main] [UpdatingSystemExtensionContext] Das Deployment Script 20141004_RELOAD_CMS_CONF wurde ausführt: Erfolgreich.
 [yunitint] [m[0;36mDEBUG [main] [ArecoDeploymentScriptService] Finished running update scripts of the extension arecoDeploymentScriptsManager
 [yunitint] [m[0;36mDEBUG [main] [EssentialDataCreationDetector] The essential data creation was triggered.
 [yunitint] [m[0;36mDEBUG [main] [DeploymentScriptStarter] Running the deployment scripts of the extension: arecoDeploymentScriptsExamples
 [yunitint] [m[0;36mDEBUG [main] [ArecoDeploymentScriptService] Looking for pending update scripts in the extension arecoDeploymentScriptsExamples
 [yunitint] [m[0;36mDEBUG [main] [FlexibleSearchScriptExecutionDao] Getting the executed scripts of the extension arecoDeploymentScriptsExamples
 [yunitint] [m[0;36mDEBUG [main] [ArecoDeploymentScriptService] There aren't any pending UPDATE deployment scripts in the extension arecoDeploymentScriptsExamples
 [yunitint] [m[0;32mINFO  [main] [EssentialDataCreatorAndDeploymentScriptsStarter] The essential data was successfully created in junit tenant.
 [yunitint] [m[0;36mDEBUG [main] [FlexibleSearchScriptExecutionDao] Checking if the last deployment script was successful
 [yunitint] [m[0;36mDEBUG [main] [FlexibleSearchScriptExecutionDao] Had the last script errors? false
 [yunitint] [m[0;36mDEBUG [main] [DeploymentScriptResultAsserter] Getting the execution of the script 20141004_RELOAD_CMS_CONF
 [yunitint] [m[0;32mINFO  [main] [LogRunListener] Finished test method testRunScripts(org.areco.ecommerce.deploymentscripts.ant.EssentialDataCreatorAndDeploymentScriptStarterTest) in 49 seconds
 [yunitint] [mjunit.framework.TestListener: endTest(testRunScripts)
 [yunitint] [0;32mINFO  [main] [LogRunListener] Finished (successful) test class org.areco.ecommerce.deploymentscripts.ant.EssentialDataCreatorAndDeploymentScriptStarterTest
 [yunitint] [m[0;32mINFO  [main] [LogRunListener]   Total run time: 0d 00h:00m:49s:957ms
 [yunitint] [m[0;32mINFO  [main] [LogRunListener]   Total tests count: 1
 [yunitint] [m[0;32mINFO  [main] [LogRunListener]   Failed tests count: 0
 [yunitint] [m[0;32mINFO  [main] [LogRunListener]   Ignored tests count: 0
 [yunitint] [m[0;32mINFO  [main] [ClassLoaderOverviewRunListener] Loaded class count: 8532 diff: 2075
 [yunitint] [m[0;32mINFO  [main] [ClassLoaderOverviewRunListener] Total loaded class count: 8532 diff: 2075
 [yunitint] [m[0;32mINFO  [main] [ClassLoaderOverviewRunListener] Unloaded class count: 0 diff: 0
 [yunitint] [mTests run: 1, Failures: 0, Errors: 0, Time elapsed: 50.075 sec
 [yunitint] Running org.areco.ecommerce.deploymentscripts.ant.DummyMockitoTest
 [yunitint] Tests run: 1, Failures: 0, Errors: 0, Time elapsed: 0.003 sec
 [yunitint] Running org.areco.ecommerce.deploymentscripts.ant.AntDeploymentScriptsStarterErrorHandlingTest
 [yunitint] [0;32mINFO  [main] [LogRunListener] Starting test class org.areco.ecommerce.deploymentscripts.ant.AntDeploymentScriptsStarterErrorHandlingTest
 [yunitint] [mjunit.framework.TestListener: startTest(testNoPendingScripts)
 [yunitint] [0;32mINFO  [main] [LogRunListener] Starting test method testNoPendingScripts(org.areco.ecommerce.deploymentscripts.ant.AntDeploymentScriptsStarterErrorHandlingTest)
 [yunitint] [m[0;36mDEBUG [main] [ItemCreationListener] Disabling item registration in junit thread for testNoPendingScripts(org.areco.ecommerce.deploymentscripts.ant.AntDeploymentScriptsStarterErrorHandlingTest) since transaction is enabled
 [yunitint] [m[0;32mINFO  [main] [AntDeploymentScriptsStarter] Running any pending UPDATE deployment scripts.
 [yunitint] [m[0;32mINFO  [main] [DeploymentScriptStarter] Running all pending update deployment scripts.
 [yunitint] [m[0;32mINFO  [main] [DeploymentScriptStarter] Running all deployment scripts. RunInitScripts? false
 [yunitint] [m[0;36mDEBUG [main] [DeploymentScriptStarter] The error flag was cleared
 [yunitint] [m[0;36mDEBUG [main] [DeploymentScriptStarter] Running the deployment scripts of the extension: core
 [yunitint] [m[0;36mDEBUG [main] [ImpexInitialConfigurationImporter] The initial configuration was already imported.
 [yunitint] [m[0;36mDEBUG [main] [ArecoDeploymentScriptService] Looking for pending update scripts in the extension core
 [yunitint] [m[0;36mDEBUG [main] [FlexibleSearchScriptExecutionDao] Getting the executed scripts of the extension core
 [yunitint] [m[0;36mDEBUG [main] [ArecoDeploymentScriptService] There aren't any pending UPDATE deployment scripts in the extension core
 [yunitint] [m[0;36mDEBUG [main] [DeploymentScriptStarter] Running the deployment scripts of the extension: hmc
 [yunitint] [m[0;36mDEBUG [main] [ArecoDeploymentScriptService] Looking for pending update scripts in the extension hmc
 [yunitint] [m[0;36mDEBUG [main] [FlexibleSearchScriptExecutionDao] Getting the executed scripts of the extension hmc
 [yunitint] [m[0;36mDEBUG [main] [ArecoDeploymentScriptService] There aren't any pending UPDATE deployment scripts in the extension hmc
 [yunitint] [m[0;36mDEBUG [main] [DeploymentScriptStarter] Running the deployment scripts of the extension: servicelayer
 [yunitint] [m[0;36mDEBUG [main] [ArecoDeploymentScriptService] Looking for pending update scripts in the extension servicelayer
 [yunitint] [m[0;36mDEBUG [main] [FlexibleSearchScriptExecutionDao] Getting the executed scripts of the extension servicelayer
 [yunitint] [m[0;36mDEBUG [main] [ArecoDeploymentScriptService] There aren't any pending UPDATE deployment scripts in the extension servicelayer
 [yunitint] [m[0;36mDEBUG [main] [DeploymentScriptStarter] Running the deployment scripts of the extension: task
 [yunitint] [m[0;36mDEBUG [main] [ArecoDeploymentScriptService] Looking for pending update scripts in the extension task
 [yunitint] [m[0;36mDEBUG [main] [FlexibleSearchScriptExecutionDao] Getting the executed scripts of the extension task
 [yunitint] [m[0;36mDEBUG [main] [ArecoDeploymentScriptService] There aren't any pending UPDATE deployment scripts in the extension task
 [yunitint] [m[0;36mDEBUG [main] [DeploymentScriptStarter] Running the deployment scripts of the extension: paymentstandard
 [yunitint] [m[0;36mDEBUG [main] [ArecoDeploymentScriptService] Looking for pending update scripts in the extension paymentstandard
 [yunitint] [m[0;36mDEBUG [main] [FlexibleSearchScriptExecutionDao] Getting the executed scripts of the extension paymentstandard
 [yunitint] [m[0;36mDEBUG [main] [ArecoDeploymentScriptService] There aren't any pending UPDATE deployment scripts in the extension paymentstandard
 [yunitint] [m[0;36mDEBUG [main] [DeploymentScriptStarter] Running the deployment scripts of the extension: deliveryzone
 [yunitint] [m[0;36mDEBUG [main] [ArecoDeploymentScriptService] Looking for pending update scripts in the extension deliveryzone
 [yunitint] [m[0;36mDEBUG [main] [FlexibleSearchScriptExecutionDao] Getting the executed scripts of the extension deliveryzone
 [yunitint] [m[0;36mDEBUG [main] [ArecoDeploymentScriptService] There aren't any pending UPDATE deployment scripts in the extension deliveryzone
 [yunitint] [m[0;36mDEBUG [main] [DeploymentScriptStarter] Running the deployment scripts of the extension: commons
 [yunitint] [m[0;36mDEBUG [main] [ArecoDeploymentScriptService] Looking for pending update scripts in the extension commons
 [yunitint] [m[0;36mDEBUG [main] [FlexibleSearchScriptExecutionDao] Getting the executed scripts of the extension commons
 [yunitint] [m[0;36mDEBUG [main] [ArecoDeploymentScriptService] There aren't any pending UPDATE deployment scripts in the extension commons
 [yunitint] [m[0;36mDEBUG [main] [DeploymentScriptStarter] Running the deployment scripts of the extension: cronjob
 [yunitint] [m[0;36mDEBUG [main] [ArecoDeploymentScriptService] Looking for pending update scripts in the extension cronjob
 [yunitint] [m[0;36mDEBUG [main] [FlexibleSearchScriptExecutionDao] Getting the executed scripts of the extension cronjob
 [yunitint] [m[0;36mDEBUG [main] [ArecoDeploymentScriptService] There aren't any pending UPDATE deployment scripts in the extension cronjob
 [yunitint] [m[0;36mDEBUG [main] [DeploymentScriptStarter] Running the deployment scripts of the extension: lucenesearch
 [yunitint] [m[0;36mDEBUG [main] [ArecoDeploymentScriptService] Looking for pending update scripts in the extension lucenesearch
 [yunitint] [m[0;36mDEBUG [main] [FlexibleSearchScriptExecutionDao] Getting the executed scripts of the extension lucenesearch
 [yunitint] [m[0;36mDEBUG [main] [ArecoDeploymentScriptService] There aren't any pending UPDATE deployment scripts in the extension lucenesearch
 [yunitint] [m[0;36mDEBUG [main] [DeploymentScriptStarter] Running the deployment scripts of the extension: impex
 [yunitint] [m[0;36mDEBUG [main] [ArecoDeploymentScriptService] Looking for pending update scripts in the extension impex
 [yunitint] [m[0;36mDEBUG [main] [FlexibleSearchScriptExecutionDao] Getting the executed scripts of the extension impex
 [yunitint] [m[0;36mDEBUG [main] [ArecoDeploymentScriptService] There aren't any pending UPDATE deployment scripts in the extension impex
 [yunitint] [m[0;36mDEBUG [main] [DeploymentScriptStarter] Running the deployment scripts of the extension: validation
 [yunitint] [m[0;36mDEBUG [main] [ArecoDeploymentScriptService] Looking for pending update scripts in the extension validation
 [yunitint] [m[0;36mDEBUG [main] [FlexibleSearchScriptExecutionDao] Getting the executed scripts of the extension validation
 [yunitint] [m[0;36mDEBUG [main] [ArecoDeploymentScriptService] There aren't any pending UPDATE deployment scripts in the extension validation
 [yunitint] [m[0;36mDEBUG [main] [DeploymentScriptStarter] Running the deployment scripts of the extension: variants
 [yunitint] [m[0;36mDEBUG [main] [ArecoDeploymentScriptService] Looking for pending update scripts in the extension variants
 [yunitint] [m[0;36mDEBUG [main] [FlexibleSearchScriptExecutionDao] Getting the executed scripts of the extension variants
 [yunitint] [m[0;36mDEBUG [main] [ArecoDeploymentScriptService] There aren't any pending UPDATE deployment scripts in the extension variants
 [yunitint] [m[0;36mDEBUG [main] [DeploymentScriptStarter] Running the deployment scripts of the extension: europe1
 [yunitint] [m[0;36mDEBUG [main] [ArecoDeploymentScriptService] Looking for pending update scripts in the extension europe1
 [yunitint] [m[0;36mDEBUG [main] [FlexibleSearchScriptExecutionDao] Getting the executed scripts of the extension europe1
 [yunitint] [m[0;36mDEBUG [main] [ArecoDeploymentScriptService] There aren't any pending UPDATE deployment scripts in the extension europe1
 [yunitint] [m[0;36mDEBUG [main] [DeploymentScriptStarter] Running the deployment scripts of the extension: category
 [yunitint] [m[0;36mDEBUG [main] [ArecoDeploymentScriptService] Looking for pending update scripts in the extension category
 [yunitint] [m[0;36mDEBUG [main] [FlexibleSearchScriptExecutionDao] Getting the executed scripts of the extension category
 [yunitint] [m[0;36mDEBUG [main] [ArecoDeploymentScriptService] There aren't any pending UPDATE deployment scripts in the extension category
 [yunitint] [m[0;36mDEBUG [main] [DeploymentScriptStarter] Running the deployment scripts of the extension: catalog
 [yunitint] [m[0;36mDEBUG [main] [ArecoDeploymentScriptService] Looking for pending update scripts in the extension catalog
 [yunitint] [m[0;36mDEBUG [main] [FlexibleSearchScriptExecutionDao] Getting the executed scripts of the extension catalog
 [yunitint] [m[0;36mDEBUG [main] [ArecoDeploymentScriptService] There aren't any pending UPDATE deployment scripts in the extension catalog
 [yunitint] [m[0;36mDEBUG [main] [DeploymentScriptStarter] Running the deployment scripts of the extension: virtualjdbc
 [yunitint] [m[0;36mDEBUG [main] [ArecoDeploymentScriptService] Looking for pending update scripts in the extension virtualjdbc
 [yunitint] [m[0;36mDEBUG [main] [FlexibleSearchScriptExecutionDao] Getting the executed scripts of the extension virtualjdbc
 [yunitint] [m[0;36mDEBUG [main] [ArecoDeploymentScriptService] There aren't any pending UPDATE deployment scripts in the extension virtualjdbc
 [yunitint] [m[0;36mDEBUG [main] [DeploymentScriptStarter] Running the deployment scripts of the extension: platformservices
 [yunitint] [m[0;36mDEBUG [main] [ArecoDeploymentScriptService] Looking for pending update scripts in the extension platformservices
 [yunitint] [m[0;36mDEBUG [main] [FlexibleSearchScriptExecutionDao] Getting the executed scripts of the extension platformservices
 [yunitint] [m[0;36mDEBUG [main] [ArecoDeploymentScriptService] There aren't any pending UPDATE deployment scripts in the extension platformservices
 [yunitint] [m[0;36mDEBUG [main] [DeploymentScriptStarter] Running the deployment scripts of the extension: workflow
 [yunitint] [m[0;36mDEBUG [main] [ArecoDeploymentScriptService] Looking for pending update scripts in the extension workflow
 [yunitint] [m[0;36mDEBUG [main] [FlexibleSearchScriptExecutionDao] Getting the executed scripts of the extension workflow
 [yunitint] [m[0;36mDEBUG [main] [ArecoDeploymentScriptService] There aren't any pending UPDATE deployment scripts in the extension workflow
 [yunitint] [m[0;36mDEBUG [main] [DeploymentScriptStarter] Running the deployment scripts of the extension: processengine
 [yunitint] [m[0;36mDEBUG [main] [ArecoDeploymentScriptService] Looking for pending update scripts in the extension processengine
 [yunitint] [m[0;36mDEBUG [main] [FlexibleSearchScriptExecutionDao] Getting the executed scripts of the extension processengine
 [yunitint] [m[0;36mDEBUG [main] [ArecoDeploymentScriptService] There aren't any pending UPDATE deployment scripts in the extension processengine
 [yunitint] [m[0;36mDEBUG [main] [DeploymentScriptStarter] Running the deployment scripts of the extension: ldap
 [yunitint] [m[0;36mDEBUG [main] [ArecoDeploymentScriptService] Looking for pending update scripts in the extension ldap
 [yunitint] [m[0;36mDEBUG [main] [FlexibleSearchScriptExecutionDao] Getting the executed scripts of the extension ldap
 [yunitint] [m[0;36mDEBUG [main] [ArecoDeploymentScriptService] There aren't any pending UPDATE deployment scripts in the extension ldap
 [yunitint] [m[0;36mDEBUG [main] [DeploymentScriptStarter] Running the deployment scripts of the extension: comments
 [yunitint] [m[0;36mDEBUG [main] [ArecoDeploymentScriptService] Looking for pending update scripts in the extension comments
 [yunitint] [m[0;36mDEBUG [main] [FlexibleSearchScriptExecutionDao] Getting the executed scripts of the extension comments
 [yunitint] [m[0;36mDEBUG [main] [ArecoDeploymentScriptService] There aren't any pending UPDATE deployment scripts in the extension comments
 [yunitint] [m[0;36mDEBUG [main] [DeploymentScriptStarter] Running the deployment scripts of the extension: cockpit
 [yunitint] [m[0;36mDEBUG [main] [ArecoDeploymentScriptService] Looking for pending update scripts in the extension cockpit
 [yunitint] [m[0;36mDEBUG [main] [FlexibleSearchScriptExecutionDao] Getting the executed scripts of the extension cockpit
 [yunitint] [m[0;36mDEBUG [main] [ArecoDeploymentScriptService] There aren't any pending UPDATE deployment scripts in the extension cockpit
 [yunitint] [m[0;36mDEBUG [main] [DeploymentScriptStarter] Running the deployment scripts of the extension: mcc
 [yunitint] [m[0;36mDEBUG [main] [ArecoDeploymentScriptService] Looking for pending update scripts in the extension mcc
 [yunitint] [m[0;36mDEBUG [main] [FlexibleSearchScriptExecutionDao] Getting the executed scripts of the extension mcc
 [yunitint] [m[0;36mDEBUG [main] [ArecoDeploymentScriptService] There aren't any pending UPDATE deployment scripts in the extension mcc
 [yunitint] [m[0;36mDEBUG [main] [DeploymentScriptStarter] Running the deployment scripts of the extension: advancedsavedquery
 [yunitint] [m[0;36mDEBUG [main] [ArecoDeploymentScriptService] Looking for pending update scripts in the extension advancedsavedquery
 [yunitint] [m[0;36mDEBUG [main] [FlexibleSearchScriptExecutionDao] Getting the executed scripts of the extension advancedsavedquery
 [yunitint] [m[0;36mDEBUG [main] [ArecoDeploymentScriptService] There aren't any pending UPDATE deployment scripts in the extension advancedsavedquery
 [yunitint] [m[0;36mDEBUG [main] [DeploymentScriptStarter] Running the deployment scripts of the extension: admincockpit
 [yunitint] [m[0;36mDEBUG [main] [ArecoDeploymentScriptService] Looking for pending update scripts in the extension admincockpit
 [yunitint] [m[0;36mDEBUG [main] [FlexibleSearchScriptExecutionDao] Getting the executed scripts of the extension admincockpit
 [yunitint] [m[0;36mDEBUG [main] [ArecoDeploymentScriptService] There aren't any pending UPDATE deployment scripts in the extension admincockpit
 [yunitint] [m[0;36mDEBUG [main] [DeploymentScriptStarter] Running the deployment scripts of the extension: arecoDeploymentScriptsManager
 [yunitint] [m[0;36mDEBUG [main] [ArecoDeploymentScriptService] Looking for pending update scripts in the extension arecoDeploymentScriptsManager
 [yunitint] [m[0;36mDEBUG [main] [FlexibleSearchScriptExecutionDao] Getting the executed scripts of the extension arecoDeploymentScriptsManager
 [yunitint] [m[0;36mDEBUG [main] [ArecoDeploymentScriptService] There aren't any pending UPDATE deployment scripts in the extension arecoDeploymentScriptsManager
 [yunitint] [m[0;36mDEBUG [main] [DeploymentScriptStarter] Running the deployment scripts of the extension: arecoDeploymentScriptsExamples
 [yunitint] [m[0;36mDEBUG [main] [ArecoDeploymentScriptService] Looking for pending update scripts in the extension arecoDeploymentScriptsExamples
 [yunitint] [m[0;36mDEBUG [main] [FlexibleSearchScriptExecutionDao] Getting the executed scripts of the extension arecoDeploymentScriptsExamples
 [yunitint] [m[0;36mDEBUG [main] [ArecoDeploymentScriptService] There aren't any pending UPDATE deployment scripts in the extension arecoDeploymentScriptsExamples
 [yunitint] [m[0;32mINFO  [main] [AntDeploymentScriptsStarter] All pending scripts were run successfully.
 [yunitint] [m[0;36mDEBUG [main] [FlexibleSearchScriptExecutionDao] Checking if the last deployment script was successful
 [yunitint] [m[0;36mDEBUG [main] [FlexibleSearchScriptExecutionDao] Had the last script errors? false
 [yunitint] [m[0;32mINFO  [main] [LogRunListener] Finished test method testNoPendingScripts(org.areco.ecommerce.deploymentscripts.ant.AntDeploymentScriptsStarterErrorHandlingTest) in 4 seconds
 [yunitint] [mjunit.framework.TestListener: endTest(testNoPendingScripts)
 [yunitint] [0;32mINFO  [main] [LogRunListener] Starting test method testScriptWithError(org.areco.ecommerce.deploymentscripts.ant.AntDeploymentScriptsStarterErrorHandlingTest)
 [yunitint] [m[0;36mDEBUG [main] [ItemCreationListener] Disabling item registration in junit thread for testScriptWithError(org.areco.ecommerce.deploymentscripts.ant.AntDeploymentScriptsStarterErrorHandlingTest) since transaction is enabled
 [yunitint] [m[0;32mINFO  [main] [AntDeploymentScriptsStarter] Running any pending UPDATE deployment scripts.
 [yunitint] [m[0;32mINFO  [main] [DeploymentScriptStarter] Running all pending update deployment scripts.
 [yunitint] [m[0;32mINFO  [main] [DeploymentScriptStarter] Running all deployment scripts. RunInitScripts? false
 [yunitint] [m[0;36mDEBUG [main] [DeploymentScriptStarter] The error flag was cleared
 [yunitint] [m[0;36mDEBUG [main] [DeploymentScriptStarter] Running the deployment scripts of the extension: core
 [yunitint] [m[0;36mDEBUG [main] [ImpexInitialConfigurationImporter] The initial configuration was already imported.
 [yunitint] [m[0;36mDEBUG [main] [ArecoDeploymentScriptService] Looking for pending update scripts in the extension core
 [yunitint] [m[0;36mDEBUG [main] [FlexibleSearchScriptExecutionDao] Getting the executed scripts of the extension core
 [yunitint] [m[0;36mDEBUG [main] [ArecoDeploymentScriptService] There aren't any pending UPDATE deployment scripts in the extension core
 [yunitint] [m[0;36mDEBUG [main] [DeploymentScriptStarter] Running the deployment scripts of the extension: hmc
 [yunitint] [m[0;36mDEBUG [main] [ArecoDeploymentScriptService] Looking for pending update scripts in the extension hmc
 [yunitint] [m[0;36mDEBUG [main] [FlexibleSearchScriptExecutionDao] Getting the executed scripts of the extension hmc
 [yunitint] [m[0;36mDEBUG [main] [ArecoDeploymentScriptService] There aren't any pending UPDATE deployment scripts in the extension hmc
 [yunitint] [m[0;36mDEBUG [main] [DeploymentScriptStarter] Running the deployment scripts of the extension: servicelayer
 [yunitint] [m[0;36mDEBUG [main] [ArecoDeploymentScriptService] Looking for pending update scripts in the extension servicelayer
 [yunitint] [m[0;36mDEBUG [main] [FlexibleSearchScriptExecutionDao] Getting the executed scripts of the extension servicelayer
 [yunitint] [m[0;36mDEBUG [main] [ArecoDeploymentScriptService] There aren't any pending UPDATE deployment scripts in the extension servicelayer
 [yunitint] [m[0;36mDEBUG [main] [DeploymentScriptStarter] Running the deployment scripts of the extension: task
 [yunitint] [m[0;36mDEBUG [main] [ArecoDeploymentScriptService] Looking for pending update scripts in the extension task
 [yunitint] [m[0;36mDEBUG [main] [FlexibleSearchScriptExecutionDao] Getting the executed scripts of the extension task
 [yunitint] [m[0;36mDEBUG [main] [ArecoDeploymentScriptService] There aren't any pending UPDATE deployment scripts in the extension task
 [yunitint] [m[0;36mDEBUG [main] [DeploymentScriptStarter] Running the deployment scripts of the extension: paymentstandard
 [yunitint] [m[0;36mDEBUG [main] [ArecoDeploymentScriptService] Looking for pending update scripts in the extension paymentstandard
 [yunitint] [m[0;36mDEBUG [main] [FlexibleSearchScriptExecutionDao] Getting the executed scripts of the extension paymentstandard
 [yunitint] [m[0;36mDEBUG [main] [ArecoDeploymentScriptService] There aren't any pending UPDATE deployment scripts in the extension paymentstandard
 [yunitint] [m[0;36mDEBUG [main] [DeploymentScriptStarter] Running the deployment scripts of the extension: deliveryzone
 [yunitint] [m[0;36mDEBUG [main] [ArecoDeploymentScriptService] Looking for pending update scripts in the extension deliveryzone
 [yunitint] [m[0;36mDEBUG [main] [FlexibleSearchScriptExecutionDao] Getting the executed scripts of the extension deliveryzone
 [yunitint] [m[0;36mDEBUG [main] [ArecoDeploymentScriptService] There aren't any pending UPDATE deployment scripts in the extension deliveryzone
 [yunitint] [m[0;36mDEBUG [main] [DeploymentScriptStarter] Running the deployment scripts of the extension: commons
 [yunitint] [m[0;36mDEBUG [main] [ArecoDeploymentScriptService] Looking for pending update scripts in the extension commons
 [yunitint] [m[0;36mDEBUG [main] [FlexibleSearchScriptExecutionDao] Getting the executed scripts of the extension commons
 [yunitint] [m[0;36mDEBUG [main] [ArecoDeploymentScriptService] There aren't any pending UPDATE deployment scripts in the extension commons
 [yunitint] [m[0;36mDEBUG [main] [DeploymentScriptStarter] Running the deployment scripts of the extension: cronjob
 [yunitint] [m[0;36mDEBUG [main] [ArecoDeploymentScriptService] Looking for pending update scripts in the extension cronjob
 [yunitint] [m[0;36mDEBUG [main] [FlexibleSearchScriptExecutionDao] Getting the executed scripts of the extension cronjob
 [yunitint] [m[0;36mDEBUG [main] [ArecoDeploymentScriptService] There aren't any pending UPDATE deployment scripts in the extension cronjob
 [yunitint] [m[0;36mDEBUG [main] [DeploymentScriptStarter] Running the deployment scripts of the extension: lucenesearch
 [yunitint] [m[0;36mDEBUG [main] [ArecoDeploymentScriptService] Looking for pending update scripts in the extension lucenesearch
 [yunitint] [m[0;36mDEBUG [main] [FlexibleSearchScriptExecutionDao] Getting the executed scripts of the extension lucenesearch
 [yunitint] [m[0;36mDEBUG [main] [ArecoDeploymentScriptService] There aren't any pending UPDATE deployment scripts in the extension lucenesearch
 [yunitint] [m[0;36mDEBUG [main] [DeploymentScriptStarter] Running the deployment scripts of the extension: impex
 [yunitint] [m[0;36mDEBUG [main] [ArecoDeploymentScriptService] Looking for pending update scripts in the extension impex
 [yunitint] [m[0;36mDEBUG [main] [FlexibleSearchScriptExecutionDao] Getting the executed scripts of the extension impex
 [yunitint] [m[0;36mDEBUG [main] [ArecoDeploymentScriptService] There aren't any pending UPDATE deployment scripts in the extension impex
 [yunitint] [m[0;36mDEBUG [main] [DeploymentScriptStarter] Running the deployment scripts of the extension: validation
 [yunitint] [m[0;36mDEBUG [main] [ArecoDeploymentScriptService] Looking for pending update scripts in the extension validation
 [yunitint] [m[0;36mDEBUG [main] [FlexibleSearchScriptExecutionDao] Getting the executed scripts of the extension validation
 [yunitint] [m[0;36mDEBUG [main] [ArecoDeploymentScriptService] There aren't any pending UPDATE deployment scripts in the extension validation
 [yunitint] [m[0;36mDEBUG [main] [DeploymentScriptStarter] Running the deployment scripts of the extension: variants
 [yunitint] [m[0;36mDEBUG [main] [ArecoDeploymentScriptService] Looking for pending update scripts in the extension variants
 [yunitint] [m[0;36mDEBUG [main] [FlexibleSearchScriptExecutionDao] Getting the executed scripts of the extension variants
 [yunitint] [m[0;36mDEBUG [main] [ArecoDeploymentScriptService] There aren't any pending UPDATE deployment scripts in the extension variants
 [yunitint] [m[0;36mDEBUG [main] [DeploymentScriptStarter] Running the deployment scripts of the extension: europe1
 [yunitint] [m[0;36mDEBUG [main] [ArecoDeploymentScriptService] Looking for pending update scripts in the extension europe1
 [yunitint] [m[0;36mDEBUG [main] [FlexibleSearchScriptExecutionDao] Getting the executed scripts of the extension europe1
 [yunitint] [m[0;36mDEBUG [main] [ArecoDeploymentScriptService] There aren't any pending UPDATE deployment scripts in the extension europe1
 [yunitint] [m[0;36mDEBUG [main] [DeploymentScriptStarter] Running the deployment scripts of the extension: category
 [yunitint] [m[0;36mDEBUG [main] [ArecoDeploymentScriptService] Looking for pending update scripts in the extension category
 [yunitint] [m[0;36mDEBUG [main] [FlexibleSearchScriptExecutionDao] Getting the executed scripts of the extension category
 [yunitint] [m[0;36mDEBUG [main] [ArecoDeploymentScriptService] There aren't any pending UPDATE deployment scripts in the extension category
 [yunitint] [m[0;36mDEBUG [main] [DeploymentScriptStarter] Running the deployment scripts of the extension: catalog
 [yunitint] [m[0;36mDEBUG [main] [ArecoDeploymentScriptService] Looking for pending update scripts in the extension catalog
 [yunitint] [m[0;36mDEBUG [main] [FlexibleSearchScriptExecutionDao] Getting the executed scripts of the extension catalog
 [yunitint] [m[0;36mDEBUG [main] [ArecoDeploymentScriptService] There aren't any pending UPDATE deployment scripts in the extension catalog
 [yunitint] [m[0;36mDEBUG [main] [DeploymentScriptStarter] Running the deployment scripts of the extension: virtualjdbc
 [yunitint] [m[0;36mDEBUG [main] [ArecoDeploymentScriptService] Looking for pending update scripts in the extension virtualjdbc
 [yunitint] [m[0;36mDEBUG [main] [FlexibleSearchScriptExecutionDao] Getting the executed scripts of the extension virtualjdbc
 [yunitint] [m[0;36mDEBUG [main] [ArecoDeploymentScriptService] There aren't any pending UPDATE deployment scripts in the extension virtualjdbc
 [yunitint] [m[0;36mDEBUG [main] [DeploymentScriptStarter] Running the deployment scripts of the extension: platformservices
 [yunitint] [m[0;36mDEBUG [main] [ArecoDeploymentScriptService] Looking for pending update scripts in the extension platformservices
 [yunitint] [m[0;36mDEBUG [main] [FlexibleSearchScriptExecutionDao] Getting the executed scripts of the extension platformservices
 [yunitint] [m[0;36mDEBUG [main] [ArecoDeploymentScriptService] There aren't any pending UPDATE deployment scripts in the extension platformservices
 [yunitint] [m[0;36mDEBUG [main] [DeploymentScriptStarter] Running the deployment scripts of the extension: workflow
 [yunitint] [m[0;36mDEBUG [main] [ArecoDeploymentScriptService] Looking for pending update scripts in the extension workflow
 [yunitint] [m[0;36mDEBUG [main] [FlexibleSearchScriptExecutionDao] Getting the executed scripts of the extension workflow
 [yunitint] [m[0;36mDEBUG [main] [ArecoDeploymentScriptService] There aren't any pending UPDATE deployment scripts in the extension workflow
 [yunitint] [m[0;36mDEBUG [main] [DeploymentScriptStarter] Running the deployment scripts of the extension: processengine
 [yunitint] [m[0;36mDEBUG [main] [ArecoDeploymentScriptService] Looking for pending update scripts in the extension processengine
 [yunitint] [m[0;36mDEBUG [main] [FlexibleSearchScriptExecutionDao] Getting the executed scripts of the extension processengine
 [yunitint] [m[0;36mDEBUG [main] [ArecoDeploymentScriptService] There aren't any pending UPDATE deployment scripts in the extension processengine
 [yunitint] [m[0;36mDEBUG [main] [DeploymentScriptStarter] Running the deployment scripts of the extension: ldap
 [yunitint] [m[0;36mDEBUG [main] [ArecoDeploymentScriptService] Looking for pending update scripts in the extension ldap
 [yunitint] [m[0;36mDEBUG [main] [FlexibleSearchScriptExecutionDao] Getting the executed scripts of the extension ldap
 [yunitint] [m[0;36mDEBUG [main] [ArecoDeploymentScriptService] There aren't any pending UPDATE deployment scripts in the extension ldap
 [yunitint] [m[0;36mDEBUG [main] [DeploymentScriptStarter] Running the deployment scripts of the extension: comments
 [yunitint] [m[0;36mDEBUG [main] [ArecoDeploymentScriptService] Looking for pending update scripts in the extension comments
 [yunitint] [m[0;36mDEBUG [main] [FlexibleSearchScriptExecutionDao] Getting the executed scripts of the extension comments
 [yunitint] [m[0;36mDEBUG [main] [ArecoDeploymentScriptService] There aren't any pending UPDATE deployment scripts in the extension comments
 [yunitint] [m[0;36mDEBUG [main] [DeploymentScriptStarter] Running the deployment scripts of the extension: cockpit
 [yunitint] [m[0;36mDEBUG [main] [ArecoDeploymentScriptService] Looking for pending update scripts in the extension cockpit
 [yunitint] [m[0;36mDEBUG [main] [FlexibleSearchScriptExecutionDao] Getting the executed scripts of the extension cockpit
 [yunitint] [m[0;36mDEBUG [main] [ArecoDeploymentScriptService] There aren't any pending UPDATE deployment scripts in the extension cockpit
 [yunitint] [m[0;36mDEBUG [main] [DeploymentScriptStarter] Running the deployment scripts of the extension: mcc
 [yunitint] [m[0;36mDEBUG [main] [ArecoDeploymentScriptService] Looking for pending update scripts in the extension mcc
 [yunitint] [m[0;36mDEBUG [main] [FlexibleSearchScriptExecutionDao] Getting the executed scripts of the extension mcc
 [yunitint] [m[0;36mDEBUG [main] [ArecoDeploymentScriptService] There aren't any pending UPDATE deployment scripts in the extension mcc
 [yunitint] [m[0;36mDEBUG [main] [DeploymentScriptStarter] Running the deployment scripts of the extension: advancedsavedquery
 [yunitint] [m[0;36mDEBUG [main] [ArecoDeploymentScriptService] Looking for pending update scripts in the extension advancedsavedquery
 [yunitint] [m[0;36mDEBUG [main] [FlexibleSearchScriptExecutionDao] Getting the executed scripts of the extension advancedsavedquery
 [yunitint] [m[0;36mDEBUG [main] [ArecoDeploymentScriptService] There aren't any pending UPDATE deployment scripts in the extension advancedsavedquery
 [yunitint] [m[0;36mDEBUG [main] [DeploymentScriptStarter] Running the deployment scripts of the extension: admincockpit
 [yunitint] [m[0;36mDEBUG [main] [ArecoDeploymentScriptService] Looking for pending update scripts in the extension admincockpit
 [yunitint] [m[0;36mDEBUG [main] [FlexibleSearchScriptExecutionDao] Getting the executed scripts of the extension admincockpit
 [yunitint] [m[0;36mDEBUG [main] [ArecoDeploymentScriptService] There aren't any pending UPDATE deployment scripts in the extension admincockpit
 [yunitint] [m[0;36mDEBUG [main] [DeploymentScriptStarter] Running the deployment scripts of the extension: arecoDeploymentScriptsManager
 [yunitint] [m[0;36mDEBUG [main] [ArecoDeploymentScriptService] Looking for pending update scripts in the extension arecoDeploymentScriptsManager
 [yunitint] [m[0;36mDEBUG [main] [FlexibleSearchScriptExecutionDao] Getting the executed scripts of the extension arecoDeploymentScriptsManager
 [yunitint] [m[0;36mDEBUG [main] [AbstractSingleFileScriptStepFactory] Trying to create a single file script step from the file /home/arobirosa/no_backup/deploymentScriptsManager/hybris/bin/custom/arecoDeploymentScriptsManager/resources/test/ant-scripts-starter-error-handling/script-with-error/20141002_PENDING_SCRIPT_CORRECT/01_insert_dummy_tax_with_german_locale.impex
 [yunitint] [m[0;36mDEBUG [main] [AbstractSingleFileScriptStepFactory] Created step: ImpexImportStep [scriptFile=/home/arobirosa/no_backup/deploymentScriptsManager/hybris/bin/custom/arecoDeploymentScriptsManager/resources/test/ant-scripts-starter-error-handling/script-with-error/20141002_PENDING_SCRIPT_CORRECT/01_insert_dummy_tax_with_german_locale.impex]
 [yunitint] [m[0;36mDEBUG [main] [PropertyFileDeploymentScriptConfigurationReader] Reading configuration from the directory /home/arobirosa/no_backup/deploymentScriptsManager/hybris/bin/custom/arecoDeploymentScriptsManager/resources/test/ant-scripts-starter-error-handling/script-with-error/20141002_PENDING_SCRIPT_CORRECT
 [yunitint] [m[0;36mDEBUG [main] [AbstractSingleFileScriptStepFactory] Trying to create a single file script step from the file /home/arobirosa/no_backup/deploymentScriptsManager/hybris/bin/custom/arecoDeploymentScriptsManager/resources/test/ant-scripts-starter-error-handling/script-with-error/20141003_PENDING_SCRIPT/01_insert_dummy_tax_with_german_locale.impex
 [yunitint] [m[0;36mDEBUG [main] [AbstractSingleFileScriptStepFactory] Created step: ImpexImportStep [scriptFile=/home/arobirosa/no_backup/deploymentScriptsManager/hybris/bin/custom/arecoDeploymentScriptsManager/resources/test/ant-scripts-starter-error-handling/script-with-error/20141003_PENDING_SCRIPT/01_insert_dummy_tax_with_german_locale.impex]
 [yunitint] [m[0;36mDEBUG [main] [PropertyFileDeploymentScriptConfigurationReader] Reading configuration from the directory /home/arobirosa/no_backup/deploymentScriptsManager/hybris/bin/custom/arecoDeploymentScriptsManager/resources/test/ant-scripts-starter-error-handling/script-with-error/20141003_PENDING_SCRIPT
 [yunitint] [m[0;36mDEBUG [main] [ArecoDeploymentScriptService] Running update scripts of the extension arecoDeploymentScriptsManager
 [yunitint] [m[0;36mDEBUG [main] [DeploymentScript2ExecutionConverter] Creating an script execution model from the deployment script DeploymentScript [name=20141002_PENDING_SCRIPT_CORRECT, extensionName=arecoDeploymentScriptsManager, orderedSteps=[ImpexImportStep [scriptFile=/home/arobirosa/no_backup/deploymentScriptsManager/hybris/bin/custom/arecoDeploymentScriptsManager/resources/test/ant-scripts-starter-error-handling/script-with-error/20141002_PENDING_SCRIPT_CORRECT/01_insert_dummy_tax_with_german_locale.impex]], phase=UPDATE, configuration=org.areco.ecommerce.deploymentscripts.core.impl.PropertyFileDeploymentScriptConfiguration@b6603a]
 [yunitint] [m[0;36mDEBUG [main] [DeploymentScript] Running arecoDeploymentScriptsManager:20141002_PENDING_SCRIPT_CORRECT - Start
 [yunitint] [m[0;36mDEBUG [main] [ImpexImportStep] Running the step 01_insert_dummy_tax_with_german_locale.impex
 [yunitint] [m[0;36mDEBUG [main] [LocalizedImpexImportService] Code of the impex locale: 'en_US'.
 [yunitint] [m[0;32mINFO  [main] [Importer] Finished 1 pass in 0d 00h:00m:00s:048ms - processed: 1, no lines dumped (last pass 0)
 [yunitint] [m[0;36mDEBUG [main] [DeploymentScript] Running arecoDeploymentScriptsManager:20141002_PENDING_SCRIPT_CORRECT - Ended successfully
 [yunitint] [m[0;32mINFO  [main] [UpdatingSystemExtensionContext] The deployment script 20141002_PENDING_SCRIPT_CORRECT was executed: Success.
 [yunitint] [m[0;36mDEBUG [main] [DeploymentScript2ExecutionConverter] Creating an script execution model from the deployment script DeploymentScript [name=20141003_PENDING_SCRIPT, extensionName=arecoDeploymentScriptsManager, orderedSteps=[ImpexImportStep [scriptFile=/home/arobirosa/no_backup/deploymentScriptsManager/hybris/bin/custom/arecoDeploymentScriptsManager/resources/test/ant-scripts-starter-error-handling/script-with-error/20141003_PENDING_SCRIPT/01_insert_dummy_tax_with_german_locale.impex]], phase=UPDATE, configuration=org.areco.ecommerce.deploymentscripts.core.impl.PropertyFileDeploymentScriptConfiguration@11b23ed]
 [yunitint] [m[0;36mDEBUG [main] [DeploymentScript] Running arecoDeploymentScriptsManager:20141003_PENDING_SCRIPT - Start
 [yunitint] [m[0;36mDEBUG [main] [ImpexImportStep] Running the step 01_insert_dummy_tax_with_german_locale.impex
 [yunitint] [m[0;36mDEBUG [main] [LocalizedImpexImportService] Code of the impex locale: 'en_US'.
 [yunitint] [m[0;31mERROR [main] [Importer] line 1 at main script: Exception 'no current header for value line: IN_WRONG_SERT Tax;code[unique=true];value;' in handling exception: no current header for value line: IN_WRONG_SERT Tax;code[unique=true];value;
 [yunitint] [m[0;33mWARN  [main] [Importer] Import aborted after 0d 00h:00m:00s:003ms
 [yunitint] [m[0;31mERROR [main] [ArecoDeploymentScriptsRunner] There was an error running arecoDeploymentScriptsManager:20141003_PENDING_SCRIPT:There was an error importing the step 01_insert_dummy_tax_with_german_locale.impex
 [yunitint] org.areco.ecommerce.deploymentscripts.core.DeploymentScriptExecutionException: There was an error importing the step 01_insert_dummy_tax_with_german_locale.impex
 [yunitint] 	at org.areco.ecommerce.deploymentscripts.impex.ImpexImportStep.run(ImpexImportStep.java:53)
 [yunitint] 	at org.areco.ecommerce.deploymentscripts.core.DeploymentScript.run(DeploymentScript.java:76)
 [yunitint] 	at org.areco.ecommerce.deploymentscripts.core.impl.ArecoDeploymentScriptsRunner.run(ArecoDeploymentScriptsRunner.java:70)
 [yunitint] 	at org.areco.ecommerce.deploymentscripts.core.impl.ArecoDeploymentScriptService.runDeploymentScripts(ArecoDeploymentScriptService.java:82)
 [yunitint] 	at org.areco.ecommerce.deploymentscripts.core.DeploymentScriptStarter.runDeploymentScriptsAndHandleErrors(DeploymentScriptStarter.java:139)
 [yunitint] 	at org.areco.ecommerce.deploymentscripts.core.DeploymentScriptStarter.runDeploymentScripts(DeploymentScriptStarter.java:117)
 [yunitint] 	at org.areco.ecommerce.deploymentscripts.core.DeploymentScriptStarter.runAllPendingScripts(DeploymentScriptStarter.java:171)
 [yunitint] 	at org.areco.ecommerce.deploymentscripts.core.DeploymentScriptStarter.runAllPendingScripts(DeploymentScriptStarter.java:160)
 [yunitint] 	at org.areco.ecommerce.deploymentscripts.ant.AntDeploymentScriptsStarter.runPendingScripts(AntDeploymentScriptsStarter.java:51)
 [yunitint] 	at org.areco.ecommerce.deploymentscripts.ant.AntDeploymentScriptsStarterErrorHandlingTest.assertReturnValue(AntDeploymentScriptsStarterErrorHandlingTest.java:67)
 [yunitint] 	at org.areco.ecommerce.deploymentscripts.ant.AntDeploymentScriptsStarterErrorHandlingTest.testScriptWithError(AntDeploymentScriptsStarterErrorHandlingTest.java:54)
 [yunitint] 	at sun.reflect.NativeMethodAccessorImpl.invoke0(Native Method)
 [yunitint] 	at sun.reflect.NativeMethodAccessorImpl.invoke(NativeMethodAccessorImpl.java:57)
 [yunitint] 	at sun.reflect.DelegatingMethodAccessorImpl.invoke(DelegatingMethodAccessorImpl.java:43)
 [yunitint] 	at java.lang.reflect.Method.invoke(Method.java:606)
 [yunitint] 	at org.junit.runners.model.FrameworkMethod$1.runReflectiveCall(FrameworkMethod.java:44)
 [yunitint] 	at org.junit.internal.runners.model.ReflectiveCallable.run(ReflectiveCallable.java:15)
 [yunitint] 	at org.junit.runners.model.FrameworkMethod.invokeExplosively(FrameworkMethod.java:41)
 [yunitint] 	at org.junit.internal.runners.statements.InvokeMethod.evaluate(InvokeMethod.java:20)
 [yunitint] 	at org.junit.internal.runners.statements.RunBefores.evaluate(RunBefores.java:28)
 [yunitint] 	at org.junit.internal.runners.statements.RunAfters.evaluate(RunAfters.java:31)
 [yunitint] 	at org.junit.runners.ParentRunner.runLeaf(ParentRunner.java:263)
 [yunitint] 	at org.junit.runners.BlockJUnit4ClassRunner.runChild(BlockJUnit4ClassRunner.java:69)
 [yunitint] 	at org.junit.runners.BlockJUnit4ClassRunner.runChild(BlockJUnit4ClassRunner.java:48)
 [yunitint] 	at org.junit.runners.ParentRunner$3.run(ParentRunner.java:231)
 [yunitint] 	at org.junit.runners.ParentRunner$1.schedule(ParentRunner.java:60)
 [yunitint] 	at org.junit.runners.ParentRunner.runChildren(ParentRunner.java:229)
 [yunitint] 	at org.junit.runners.ParentRunner.access$000(ParentRunner.java:50)
 [yunitint] 	at org.junit.runners.ParentRunner$2.evaluate(ParentRunner.java:222)
 [yunitint] 	at org.junit.runners.ParentRunner.run(ParentRunner.java:292)
 [yunitint] 	at de.hybris.platform.testframework.HybrisJUnit4ClassRunner.run(HybrisJUnit4ClassRunner.java:119)
 [yunitint] 	at junit.framework.JUnit4TestAdapter.run(JUnit4TestAdapter.java:39)
 [yunitint] 	at de.hybris.ant.taskdefs.yunit.JUnitTestRunner.run(JUnitTestRunner.java:547)
 [yunitint] 	at de.hybris.ant.taskdefs.yunit.JUnitTestRunner.launch(JUnitTestRunner.java:1204)
 [yunitint] 	at de.hybris.ant.taskdefs.yunit.JUnitTestRunner.main(JUnitTestRunner.java:994)
 [yunitint] Caused by: de.hybris.platform.impex.jalo.ImpExException: line 1 at main script: no current header for value line: IN_WRONG_SERT Tax;code[unique=true];value;[HY-0]
 [yunitint] 	at de.hybris.platform.impex.jalo.Importer.importNextInternal(Importer.java:763)
 [yunitint] 	at de.hybris.platform.impex.jalo.Importer.importAll(Importer.java:708)
 [yunitint] 	at org.areco.ecommerce.deploymentscripts.impex.impl.LocalizedImpexImportService.importImpexFile(LocalizedImpexImportService.java:94)
 [yunitint] 	at org.areco.ecommerce.deploymentscripts.impex.impl.LocalizedImpexImportService.importImpexFile(LocalizedImpexImportService.java:66)
 [yunitint] 	at org.areco.ecommerce.deploymentscripts.impex.ImpexImportStep.run(ImpexImportStep.java:51)
 [yunitint] 	... 34 more
 [yunitint] Caused by: de.hybris.platform.impex.jalo.header.HeaderValidationException: no current header for value line: IN_WRONG_SERT Tax;code[unique=true];value;[HY-0]
 [yunitint] 	at de.hybris.platform.impex.jalo.ImpExReader.readLine(ImpExReader.java:1967)
 [yunitint] 	at de.hybris.platform.impex.jalo.imp.ImpExImportReader.readLine(ImpExImportReader.java:473)
 [yunitint] 	at de.hybris.platform.impex.jalo.Importer.doImport(Importer.java:254)
 [yunitint] 	at de.hybris.platform.impex.jalo.Importer.importNextInternal(Importer.java:757)
 [yunitint] 	... 38 more
 [yunitint] [m[0;32mINFO  [main] [UpdatingSystemExtensionContext] The deployment script 20141003_PENDING_SCRIPT was executed: Error.
 [yunitint] [m[0;36mDEBUG [main] [ArecoDeploymentScriptService] Finished running update scripts of the extension arecoDeploymentScriptsManager
 [yunitint] [m[0;31mERROR [main] [AntDeploymentScriptsStarter] There was an error running the deployment scripts. Please check the console.
 [yunitint] [m[0;36mDEBUG [main] [FlexibleSearchScriptExecutionDao] Checking if the last deployment script was successful
 [yunitint] [m[0;36mDEBUG [main] [FlexibleSearchScriptExecutionDao] Had the last script errors? true
 [yunitint] [m[0;36mDEBUG [main] [DeploymentScriptResultAsserter] Getting the execution of the script 20141003_PENDING_SCRIPT
 [yunitint] [m[0;32mINFO  [main] [LogRunListener] Finished test method testScriptWithError(org.areco.ecommerce.deploymentscripts.ant.AntDeploymentScriptsStarterErrorHandlingTest) in 3 seconds
 [yunitint] [mjunit.framework.TestListener: endTest(testScriptWithError)
 [yunitint] [0;32mINFO  [main] [LogRunListener] Starting test method testScriptWithoutError(org.areco.ecommerce.deploymentscripts.ant.AntDeploymentScriptsStarterErrorHandlingTest)
 [yunitint] [m[0;36mDEBUG [main] [ItemCreationListener] Disabling item registration in junit thread for testScriptWithoutError(org.areco.ecommerce.deploymentscripts.ant.AntDeploymentScriptsStarterErrorHandlingTest) since transaction is enabled
 [yunitint] [m[0;32mINFO  [main] [AntDeploymentScriptsStarter] Running any pending UPDATE deployment scripts.
 [yunitint] [m[0;32mINFO  [main] [DeploymentScriptStarter] Running all pending update deployment scripts.
 [yunitint] [m[0;32mINFO  [main] [DeploymentScriptStarter] Running all deployment scripts. RunInitScripts? false
 [yunitint] [m[0;36mDEBUG [main] [DeploymentScriptStarter] The error flag was cleared
 [yunitint] [m[0;36mDEBUG [main] [DeploymentScriptStarter] Running the deployment scripts of the extension: core
 [yunitint] [m[0;36mDEBUG [main] [ImpexInitialConfigurationImporter] The initial configuration was already imported.
 [yunitint] [m[0;36mDEBUG [main] [ArecoDeploymentScriptService] Looking for pending update scripts in the extension core
 [yunitint] [m[0;36mDEBUG [main] [FlexibleSearchScriptExecutionDao] Getting the executed scripts of the extension core
 [yunitint] [m[0;36mDEBUG [main] [ArecoDeploymentScriptService] There aren't any pending UPDATE deployment scripts in the extension core
 [yunitint] [m[0;36mDEBUG [main] [DeploymentScriptStarter] Running the deployment scripts of the extension: hmc
 [yunitint] [m[0;36mDEBUG [main] [ArecoDeploymentScriptService] Looking for pending update scripts in the extension hmc
 [yunitint] [m[0;36mDEBUG [main] [FlexibleSearchScriptExecutionDao] Getting the executed scripts of the extension hmc
 [yunitint] [m[0;36mDEBUG [main] [ArecoDeploymentScriptService] There aren't any pending UPDATE deployment scripts in the extension hmc
 [yunitint] [m[0;36mDEBUG [main] [DeploymentScriptStarter] Running the deployment scripts of the extension: servicelayer
 [yunitint] [m[0;36mDEBUG [main] [ArecoDeploymentScriptService] Looking for pending update scripts in the extension servicelayer
 [yunitint] [m[0;36mDEBUG [main] [FlexibleSearchScriptExecutionDao] Getting the executed scripts of the extension servicelayer
 [yunitint] [m[0;36mDEBUG [main] [ArecoDeploymentScriptService] There aren't any pending UPDATE deployment scripts in the extension servicelayer
 [yunitint] [m[0;36mDEBUG [main] [DeploymentScriptStarter] Running the deployment scripts of the extension: task
 [yunitint] [m[0;36mDEBUG [main] [ArecoDeploymentScriptService] Looking for pending update scripts in the extension task
 [yunitint] [m[0;36mDEBUG [main] [FlexibleSearchScriptExecutionDao] Getting the executed scripts of the extension task
 [yunitint] [m[0;36mDEBUG [main] [ArecoDeploymentScriptService] There aren't any pending UPDATE deployment scripts in the extension task
 [yunitint] [m[0;36mDEBUG [main] [DeploymentScriptStarter] Running the deployment scripts of the extension: paymentstandard
 [yunitint] [m[0;36mDEBUG [main] [ArecoDeploymentScriptService] Looking for pending update scripts in the extension paymentstandard
 [yunitint] [m[0;36mDEBUG [main] [FlexibleSearchScriptExecutionDao] Getting the executed scripts of the extension paymentstandard
 [yunitint] [m[0;36mDEBUG [main] [ArecoDeploymentScriptService] There aren't any pending UPDATE deployment scripts in the extension paymentstandard
 [yunitint] [m[0;36mDEBUG [main] [DeploymentScriptStarter] Running the deployment scripts of the extension: deliveryzone
 [yunitint] [m[0;36mDEBUG [main] [ArecoDeploymentScriptService] Looking for pending update scripts in the extension deliveryzone
 [yunitint] [m[0;36mDEBUG [main] [FlexibleSearchScriptExecutionDao] Getting the executed scripts of the extension deliveryzone
 [yunitint] [m[0;36mDEBUG [main] [ArecoDeploymentScriptService] There aren't any pending UPDATE deployment scripts in the extension deliveryzone
 [yunitint] [m[0;36mDEBUG [main] [DeploymentScriptStarter] Running the deployment scripts of the extension: commons
 [yunitint] [m[0;36mDEBUG [main] [ArecoDeploymentScriptService] Looking for pending update scripts in the extension commons
 [yunitint] [m[0;36mDEBUG [main] [FlexibleSearchScriptExecutionDao] Getting the executed scripts of the extension commons
 [yunitint] [m[0;36mDEBUG [main] [ArecoDeploymentScriptService] There aren't any pending UPDATE deployment scripts in the extension commons
 [yunitint] [m[0;36mDEBUG [main] [DeploymentScriptStarter] Running the deployment scripts of the extension: cronjob
 [yunitint] [m[0;36mDEBUG [main] [ArecoDeploymentScriptService] Looking for pending update scripts in the extension cronjob
 [yunitint] [m[0;36mDEBUG [main] [FlexibleSearchScriptExecutionDao] Getting the executed scripts of the extension cronjob
 [yunitint] [m[0;36mDEBUG [main] [ArecoDeploymentScriptService] There aren't any pending UPDATE deployment scripts in the extension cronjob
 [yunitint] [m[0;36mDEBUG [main] [DeploymentScriptStarter] Running the deployment scripts of the extension: lucenesearch
 [yunitint] [m[0;36mDEBUG [main] [ArecoDeploymentScriptService] Looking for pending update scripts in the extension lucenesearch
 [yunitint] [m[0;36mDEBUG [main] [FlexibleSearchScriptExecutionDao] Getting the executed scripts of the extension lucenesearch
 [yunitint] [m[0;36mDEBUG [main] [ArecoDeploymentScriptService] There aren't any pending UPDATE deployment scripts in the extension lucenesearch
 [yunitint] [m[0;36mDEBUG [main] [DeploymentScriptStarter] Running the deployment scripts of the extension: impex
 [yunitint] [m[0;36mDEBUG [main] [ArecoDeploymentScriptService] Looking for pending update scripts in the extension impex
 [yunitint] [m[0;36mDEBUG [main] [FlexibleSearchScriptExecutionDao] Getting the executed scripts of the extension impex
 [yunitint] [m[0;36mDEBUG [main] [ArecoDeploymentScriptService] There aren't any pending UPDATE deployment scripts in the extension impex
 [yunitint] [m[0;36mDEBUG [main] [DeploymentScriptStarter] Running the deployment scripts of the extension: validation
 [yunitint] [m[0;36mDEBUG [main] [ArecoDeploymentScriptService] Looking for pending update scripts in the extension validation
 [yunitint] [m[0;36mDEBUG [main] [FlexibleSearchScriptExecutionDao] Getting the executed scripts of the extension validation
 [yunitint] [m[0;36mDEBUG [main] [ArecoDeploymentScriptService] There aren't any pending UPDATE deployment scripts in the extension validation
 [yunitint] [m[0;36mDEBUG [main] [DeploymentScriptStarter] Running the deployment scripts of the extension: variants
 [yunitint] [m[0;36mDEBUG [main] [ArecoDeploymentScriptService] Looking for pending update scripts in the extension variants
 [yunitint] [m[0;36mDEBUG [main] [FlexibleSearchScriptExecutionDao] Getting the executed scripts of the extension variants
 [yunitint] [m[0;36mDEBUG [main] [ArecoDeploymentScriptService] There aren't any pending UPDATE deployment scripts in the extension variants
 [yunitint] [m[0;36mDEBUG [main] [DeploymentScriptStarter] Running the deployment scripts of the extension: europe1
 [yunitint] [m[0;36mDEBUG [main] [ArecoDeploymentScriptService] Looking for pending update scripts in the extension europe1
 [yunitint] [m[0;36mDEBUG [main] [FlexibleSearchScriptExecutionDao] Getting the executed scripts of the extension europe1
 [yunitint] [m[0;36mDEBUG [main] [ArecoDeploymentScriptService] There aren't any pending UPDATE deployment scripts in the extension europe1
 [yunitint] [m[0;36mDEBUG [main] [DeploymentScriptStarter] Running the deployment scripts of the extension: category
 [yunitint] [m[0;36mDEBUG [main] [ArecoDeploymentScriptService] Looking for pending update scripts in the extension category
 [yunitint] [m[0;36mDEBUG [main] [FlexibleSearchScriptExecutionDao] Getting the executed scripts of the extension category
 [yunitint] [m[0;36mDEBUG [main] [ArecoDeploymentScriptService] There aren't any pending UPDATE deployment scripts in the extension category
 [yunitint] [m[0;36mDEBUG [main] [DeploymentScriptStarter] Running the deployment scripts of the extension: catalog
 [yunitint] [m[0;36mDEBUG [main] [ArecoDeploymentScriptService] Looking for pending update scripts in the extension catalog
 [yunitint] [m[0;36mDEBUG [main] [FlexibleSearchScriptExecutionDao] Getting the executed scripts of the extension catalog
 [yunitint] [m[0;36mDEBUG [main] [ArecoDeploymentScriptService] There aren't any pending UPDATE deployment scripts in the extension catalog
 [yunitint] [m[0;36mDEBUG [main] [DeploymentScriptStarter] Running the deployment scripts of the extension: virtualjdbc
 [yunitint] [m[0;36mDEBUG [main] [ArecoDeploymentScriptService] Looking for pending update scripts in the extension virtualjdbc
 [yunitint] [m[0;36mDEBUG [main] [FlexibleSearchScriptExecutionDao] Getting the executed scripts of the extension virtualjdbc
 [yunitint] [m[0;36mDEBUG [main] [ArecoDeploymentScriptService] There aren't any pending UPDATE deployment scripts in the extension virtualjdbc
 [yunitint] [m[0;36mDEBUG [main] [DeploymentScriptStarter] Running the deployment scripts of the extension: platformservices
 [yunitint] [m[0;36mDEBUG [main] [ArecoDeploymentScriptService] Looking for pending update scripts in the extension platformservices
 [yunitint] [m[0;36mDEBUG [main] [FlexibleSearchScriptExecutionDao] Getting the executed scripts of the extension platformservices
 [yunitint] [m[0;36mDEBUG [main] [ArecoDeploymentScriptService] There aren't any pending UPDATE deployment scripts in the extension platformservices
 [yunitint] [m[0;36mDEBUG [main] [DeploymentScriptStarter] Running the deployment scripts of the extension: workflow
 [yunitint] [m[0;36mDEBUG [main] [ArecoDeploymentScriptService] Looking for pending update scripts in the extension workflow
 [yunitint] [m[0;36mDEBUG [main] [FlexibleSearchScriptExecutionDao] Getting the executed scripts of the extension workflow
 [yunitint] [m[0;36mDEBUG [main] [ArecoDeploymentScriptService] There aren't any pending UPDATE deployment scripts in the extension workflow
 [yunitint] [m[0;36mDEBUG [main] [DeploymentScriptStarter] Running the deployment scripts of the extension: processengine
 [yunitint] [m[0;36mDEBUG [main] [ArecoDeploymentScriptService] Looking for pending update scripts in the extension processengine
 [yunitint] [m[0;36mDEBUG [main] [FlexibleSearchScriptExecutionDao] Getting the executed scripts of the extension processengine
 [yunitint] [m[0;36mDEBUG [main] [ArecoDeploymentScriptService] There aren't any pending UPDATE deployment scripts in the extension processengine
 [yunitint] [m[0;36mDEBUG [main] [DeploymentScriptStarter] Running the deployment scripts of the extension: ldap
 [yunitint] [m[0;36mDEBUG [main] [ArecoDeploymentScriptService] Looking for pending update scripts in the extension ldap
 [yunitint] [m[0;36mDEBUG [main] [FlexibleSearchScriptExecutionDao] Getting the executed scripts of the extension ldap
 [yunitint] [m[0;36mDEBUG [main] [ArecoDeploymentScriptService] There aren't any pending UPDATE deployment scripts in the extension ldap
 [yunitint] [m[0;36mDEBUG [main] [DeploymentScriptStarter] Running the deployment scripts of the extension: comments
 [yunitint] [m[0;36mDEBUG [main] [ArecoDeploymentScriptService] Looking for pending update scripts in the extension comments
 [yunitint] [m[0;36mDEBUG [main] [FlexibleSearchScriptExecutionDao] Getting the executed scripts of the extension comments
 [yunitint] [m[0;36mDEBUG [main] [ArecoDeploymentScriptService] There aren't any pending UPDATE deployment scripts in the extension comments
 [yunitint] [m[0;36mDEBUG [main] [DeploymentScriptStarter] Running the deployment scripts of the extension: cockpit
 [yunitint] [m[0;36mDEBUG [main] [ArecoDeploymentScriptService] Looking for pending update scripts in the extension cockpit
 [yunitint] [m[0;36mDEBUG [main] [FlexibleSearchScriptExecutionDao] Getting the executed scripts of the extension cockpit
 [yunitint] [m[0;36mDEBUG [main] [ArecoDeploymentScriptService] There aren't any pending UPDATE deployment scripts in the extension cockpit
 [yunitint] [m[0;36mDEBUG [main] [DeploymentScriptStarter] Running the deployment scripts of the extension: mcc
 [yunitint] [m[0;36mDEBUG [main] [ArecoDeploymentScriptService] Looking for pending update scripts in the extension mcc
 [yunitint] [m[0;36mDEBUG [main] [FlexibleSearchScriptExecutionDao] Getting the executed scripts of the extension mcc
 [yunitint] [m[0;36mDEBUG [main] [ArecoDeploymentScriptService] There aren't any pending UPDATE deployment scripts in the extension mcc
 [yunitint] [m[0;36mDEBUG [main] [DeploymentScriptStarter] Running the deployment scripts of the extension: advancedsavedquery
 [yunitint] [m[0;36mDEBUG [main] [ArecoDeploymentScriptService] Looking for pending update scripts in the extension advancedsavedquery
 [yunitint] [m[0;36mDEBUG [main] [FlexibleSearchScriptExecutionDao] Getting the executed scripts of the extension advancedsavedquery
 [yunitint] [m[0;36mDEBUG [main] [ArecoDeploymentScriptService] There aren't any pending UPDATE deployment scripts in the extension advancedsavedquery
 [yunitint] [m[0;36mDEBUG [main] [DeploymentScriptStarter] Running the deployment scripts of the extension: admincockpit
 [yunitint] [m[0;36mDEBUG [main] [ArecoDeploymentScriptService] Looking for pending update scripts in the extension admincockpit
 [yunitint] [m[0;36mDEBUG [main] [FlexibleSearchScriptExecutionDao] Getting the executed scripts of the extension admincockpit
 [yunitint] [m[0;36mDEBUG [main] [ArecoDeploymentScriptService] There aren't any pending UPDATE deployment scripts in the extension admincockpit
 [yunitint] [m[0;36mDEBUG [main] [DeploymentScriptStarter] Running the deployment scripts of the extension: arecoDeploymentScriptsManager
 [yunitint] [m[0;36mDEBUG [main] [ArecoDeploymentScriptService] Looking for pending update scripts in the extension arecoDeploymentScriptsManager
 [yunitint] [m[0;36mDEBUG [main] [FlexibleSearchScriptExecutionDao] Getting the executed scripts of the extension arecoDeploymentScriptsManager
 [yunitint] [m[0;36mDEBUG [main] [AbstractSingleFileScriptStepFactory] Trying to create a single file script step from the file /home/arobirosa/no_backup/deploymentScriptsManager/hybris/bin/custom/arecoDeploymentScriptsManager/resources/test/ant-scripts-starter-error-handling/script-without-error/20141002_PENDING_SCRIPT_CORRECT/01_insert_dummy_tax_with_german_locale.impex
 [yunitint] [m[0;36mDEBUG [main] [AbstractSingleFileScriptStepFactory] Created step: ImpexImportStep [scriptFile=/home/arobirosa/no_backup/deploymentScriptsManager/hybris/bin/custom/arecoDeploymentScriptsManager/resources/test/ant-scripts-starter-error-handling/script-without-error/20141002_PENDING_SCRIPT_CORRECT/01_insert_dummy_tax_with_german_locale.impex]
 [yunitint] [m[0;36mDEBUG [main] [PropertyFileDeploymentScriptConfigurationReader] Reading configuration from the directory /home/arobirosa/no_backup/deploymentScriptsManager/hybris/bin/custom/arecoDeploymentScriptsManager/resources/test/ant-scripts-starter-error-handling/script-without-error/20141002_PENDING_SCRIPT_CORRECT
 [yunitint] [m[0;36mDEBUG [main] [AbstractSingleFileScriptStepFactory] Trying to create a single file script step from the file /home/arobirosa/no_backup/deploymentScriptsManager/hybris/bin/custom/arecoDeploymentScriptsManager/resources/test/ant-scripts-starter-error-handling/script-without-error/20141003_PENDING_SCRIPT/01_insert_dummy_tax_with_german_locale.impex
 [yunitint] [m[0;36mDEBUG [main] [AbstractSingleFileScriptStepFactory] Created step: ImpexImportStep [scriptFile=/home/arobirosa/no_backup/deploymentScriptsManager/hybris/bin/custom/arecoDeploymentScriptsManager/resources/test/ant-scripts-starter-error-handling/script-without-error/20141003_PENDING_SCRIPT/01_insert_dummy_tax_with_german_locale.impex]
 [yunitint] [m[0;36mDEBUG [main] [PropertyFileDeploymentScriptConfigurationReader] Reading configuration from the directory /home/arobirosa/no_backup/deploymentScriptsManager/hybris/bin/custom/arecoDeploymentScriptsManager/resources/test/ant-scripts-starter-error-handling/script-without-error/20141003_PENDING_SCRIPT
 [yunitint] [m[0;36mDEBUG [main] [ArecoDeploymentScriptService] Running update scripts of the extension arecoDeploymentScriptsManager
 [yunitint] [m[0;36mDEBUG [main] [DeploymentScript2ExecutionConverter] Creating an script execution model from the deployment script DeploymentScript [name=20141002_PENDING_SCRIPT_CORRECT, extensionName=arecoDeploymentScriptsManager, orderedSteps=[ImpexImportStep [scriptFile=/home/arobirosa/no_backup/deploymentScriptsManager/hybris/bin/custom/arecoDeploymentScriptsManager/resources/test/ant-scripts-starter-error-handling/script-without-error/20141002_PENDING_SCRIPT_CORRECT/01_insert_dummy_tax_with_german_locale.impex]], phase=UPDATE, configuration=org.areco.ecommerce.deploymentscripts.core.impl.PropertyFileDeploymentScriptConfiguration@1e1a6f7]
 [yunitint] [m[0;36mDEBUG [main] [DeploymentScript] Running arecoDeploymentScriptsManager:20141002_PENDING_SCRIPT_CORRECT - Start
 [yunitint] [m[0;36mDEBUG [main] [ImpexImportStep] Running the step 01_insert_dummy_tax_with_german_locale.impex
 [yunitint] [m[0;36mDEBUG [main] [LocalizedImpexImportService] Code of the impex locale: 'en_US'.
 [yunitint] [m[0;32mINFO  [main] [Importer] Finished 1 pass in 0d 00h:00m:00s:005ms - processed: 1, no lines dumped (last pass 0)
 [yunitint] [m[0;36mDEBUG [main] [DeploymentScript] Running arecoDeploymentScriptsManager:20141002_PENDING_SCRIPT_CORRECT - Ended successfully
 [yunitint] [m[0;32mINFO  [main] [UpdatingSystemExtensionContext] The deployment script 20141002_PENDING_SCRIPT_CORRECT was executed: Success.
 [yunitint] [m[0;36mDEBUG [main] [DeploymentScript2ExecutionConverter] Creating an script execution model from the deployment script DeploymentScript [name=20141003_PENDING_SCRIPT, extensionName=arecoDeploymentScriptsManager, orderedSteps=[ImpexImportStep [scriptFile=/home/arobirosa/no_backup/deploymentScriptsManager/hybris/bin/custom/arecoDeploymentScriptsManager/resources/test/ant-scripts-starter-error-handling/script-without-error/20141003_PENDING_SCRIPT/01_insert_dummy_tax_with_german_locale.impex]], phase=UPDATE, configuration=org.areco.ecommerce.deploymentscripts.core.impl.PropertyFileDeploymentScriptConfiguration@13b46a0]
 [yunitint] [m[0;36mDEBUG [main] [DeploymentScript] Running arecoDeploymentScriptsManager:20141003_PENDING_SCRIPT - Start
 [yunitint] [m[0;36mDEBUG [main] [ImpexImportStep] Running the step 01_insert_dummy_tax_with_german_locale.impex
 [yunitint] [m[0;36mDEBUG [main] [LocalizedImpexImportService] Code of the impex locale: 'en_US'.
 [yunitint] [m[0;32mINFO  [main] [Importer] Finished 1 pass in 0d 00h:00m:00s:005ms - processed: 1, no lines dumped (last pass 0)
 [yunitint] [m[0;36mDEBUG [main] [DeploymentScript] Running arecoDeploymentScriptsManager:20141003_PENDING_SCRIPT - Ended successfully
 [yunitint] [m[0;32mINFO  [main] [UpdatingSystemExtensionContext] The deployment script 20141003_PENDING_SCRIPT was executed: Success.
 [yunitint] [m[0;36mDEBUG [main] [ArecoDeploymentScriptService] Finished running update scripts of the extension arecoDeploymentScriptsManager
 [yunitint] [m[0;36mDEBUG [main] [DeploymentScriptStarter] Running the deployment scripts of the extension: arecoDeploymentScriptsExamples
 [yunitint] [m[0;36mDEBUG [main] [ArecoDeploymentScriptService] Looking for pending update scripts in the extension arecoDeploymentScriptsExamples
 [yunitint] [m[0;36mDEBUG [main] [FlexibleSearchScriptExecutionDao] Getting the executed scripts of the extension arecoDeploymentScriptsExamples
 [yunitint] [m[0;36mDEBUG [main] [ArecoDeploymentScriptService] There aren't any pending UPDATE deployment scripts in the extension arecoDeploymentScriptsExamples
 [yunitint] [m[0;32mINFO  [main] [AntDeploymentScriptsStarter] All pending scripts were run successfully.
 [yunitint] [m[0;36mDEBUG [main] [FlexibleSearchScriptExecutionDao] Checking if the last deployment script was successful
 [yunitint] [m[0;36mDEBUG [main] [FlexibleSearchScriptExecutionDao] Had the last script errors? false
 [yunitint] [m[0;36mDEBUG [main] [DeploymentScriptResultAsserter] Getting the execution of the script 20141003_PENDING_SCRIPT
 [yunitint] [m[0;32mINFO  [main] [LogRunListener] Finished test method testScriptWithoutError(org.areco.ecommerce.deploymentscripts.ant.AntDeploymentScriptsStarterErrorHandlingTest) in 3 seconds
 [yunitint] [mjunit.framework.TestListener: endTest(testScriptWithoutError)
 [yunitint] [0;32mINFO  [main] [LogRunListener] Finished (successful) test class org.areco.ecommerce.deploymentscripts.ant.AntDeploymentScriptsStarterErrorHandlingTest
 [yunitint] [m[0;32mINFO  [main] [LogRunListener]   Total run time: 0d 00h:00m:11s:224ms
 [yunitint] [m[0;32mINFO  [main] [LogRunListener]   Total tests count: 3
 [yunitint] [m[0;32mINFO  [main] [LogRunListener]   Failed tests count: 0
 [yunitint] [m[0;32mINFO  [main] [LogRunListener]   Ignored tests count: 0
 [yunitint] [m[0;32mINFO  [main] [ClassLoaderOverviewRunListener] Loaded class count: 8550 diff: 9
 [yunitint] [m[0;32mINFO  [main] [ClassLoaderOverviewRunListener] Total loaded class count: 8551 diff: 10
 [yunitint] [m[0;32mINFO  [main] [ClassLoaderOverviewRunListener] Unloaded class count: 1 diff: 1
 [yunitint] [mTests run: 3, Failures: 0, Errors: 0, Time elapsed: 11.228 sec
 [yunitint] Running org.areco.ecommerce.deploymentscripts.core.ScriptConfigurationTest
 [yunitint] [0;32mINFO  [main] [LogRunListener] Starting test class org.areco.ecommerce.deploymentscripts.core.ScriptConfigurationTest
 [yunitint] [mjunit.framework.TestListener: startTest(twoConfigurations)
 [yunitint] [0;32mINFO  [main] [LogRunListener] Starting test method twoConfigurations(org.areco.ecommerce.deploymentscripts.core.ScriptConfigurationTest)
 [yunitint] [m[0;36mDEBUG [main] [ItemCreationListener] Disabling item registration in junit thread for twoConfigurations(org.areco.ecommerce.deploymentscripts.core.ScriptConfigurationTest) since transaction is enabled
 [yunitint] [m[0;32mINFO  [main] [DeploymentScriptStarter] Running all pending update deployment scripts.
 [yunitint] [m[0;32mINFO  [main] [DeploymentScriptStarter] Running all deployment scripts. RunInitScripts? false
 [yunitint] [m[0;36mDEBUG [main] [DeploymentScriptStarter] The error flag was cleared
 [yunitint] [m[0;36mDEBUG [main] [DeploymentScriptStarter] Running the deployment scripts of the extension: core
 [yunitint] [m[0;36mDEBUG [main] [ImpexInitialConfigurationImporter] The initial configuration was already imported.
 [yunitint] [m[0;36mDEBUG [main] [ArecoDeploymentScriptService] Looking for pending update scripts in the extension core
 [yunitint] [m[0;36mDEBUG [main] [FlexibleSearchScriptExecutionDao] Getting the executed scripts of the extension core
 [yunitint] [m[0;36mDEBUG [main] [ArecoDeploymentScriptService] There aren't any pending UPDATE deployment scripts in the extension core
 [yunitint] [m[0;36mDEBUG [main] [DeploymentScriptStarter] Running the deployment scripts of the extension: hmc
 [yunitint] [m[0;36mDEBUG [main] [ArecoDeploymentScriptService] Looking for pending update scripts in the extension hmc
 [yunitint] [m[0;36mDEBUG [main] [FlexibleSearchScriptExecutionDao] Getting the executed scripts of the extension hmc
 [yunitint] [m[0;36mDEBUG [main] [ArecoDeploymentScriptService] There aren't any pending UPDATE deployment scripts in the extension hmc
 [yunitint] [m[0;36mDEBUG [main] [DeploymentScriptStarter] Running the deployment scripts of the extension: servicelayer
 [yunitint] [m[0;36mDEBUG [main] [ArecoDeploymentScriptService] Looking for pending update scripts in the extension servicelayer
 [yunitint] [m[0;36mDEBUG [main] [FlexibleSearchScriptExecutionDao] Getting the executed scripts of the extension servicelayer
 [yunitint] [m[0;36mDEBUG [main] [ArecoDeploymentScriptService] There aren't any pending UPDATE deployment scripts in the extension servicelayer
 [yunitint] [m[0;36mDEBUG [main] [DeploymentScriptStarter] Running the deployment scripts of the extension: task
 [yunitint] [m[0;36mDEBUG [main] [ArecoDeploymentScriptService] Looking for pending update scripts in the extension task
 [yunitint] [m[0;36mDEBUG [main] [FlexibleSearchScriptExecutionDao] Getting the executed scripts of the extension task
 [yunitint] [m[0;36mDEBUG [main] [ArecoDeploymentScriptService] There aren't any pending UPDATE deployment scripts in the extension task
 [yunitint] [m[0;36mDEBUG [main] [DeploymentScriptStarter] Running the deployment scripts of the extension: paymentstandard
 [yunitint] [m[0;36mDEBUG [main] [ArecoDeploymentScriptService] Looking for pending update scripts in the extension paymentstandard
 [yunitint] [m[0;36mDEBUG [main] [FlexibleSearchScriptExecutionDao] Getting the executed scripts of the extension paymentstandard
 [yunitint] [m[0;36mDEBUG [main] [ArecoDeploymentScriptService] There aren't any pending UPDATE deployment scripts in the extension paymentstandard
 [yunitint] [m[0;36mDEBUG [main] [DeploymentScriptStarter] Running the deployment scripts of the extension: deliveryzone
 [yunitint] [m[0;36mDEBUG [main] [ArecoDeploymentScriptService] Looking for pending update scripts in the extension deliveryzone
 [yunitint] [m[0;36mDEBUG [main] [FlexibleSearchScriptExecutionDao] Getting the executed scripts of the extension deliveryzone
 [yunitint] [m[0;36mDEBUG [main] [ArecoDeploymentScriptService] There aren't any pending UPDATE deployment scripts in the extension deliveryzone
 [yunitint] [m[0;36mDEBUG [main] [DeploymentScriptStarter] Running the deployment scripts of the extension: commons
 [yunitint] [m[0;36mDEBUG [main] [ArecoDeploymentScriptService] Looking for pending update scripts in the extension commons
 [yunitint] [m[0;36mDEBUG [main] [FlexibleSearchScriptExecutionDao] Getting the executed scripts of the extension commons
 [yunitint] [m[0;36mDEBUG [main] [ArecoDeploymentScriptService] There aren't any pending UPDATE deployment scripts in the extension commons
 [yunitint] [m[0;36mDEBUG [main] [DeploymentScriptStarter] Running the deployment scripts of the extension: cronjob
 [yunitint] [m[0;36mDEBUG [main] [ArecoDeploymentScriptService] Looking for pending update scripts in the extension cronjob
 [yunitint] [m[0;36mDEBUG [main] [FlexibleSearchScriptExecutionDao] Getting the executed scripts of the extension cronjob
 [yunitint] [m[0;36mDEBUG [main] [ArecoDeploymentScriptService] There aren't any pending UPDATE deployment scripts in the extension cronjob
 [yunitint] [m[0;36mDEBUG [main] [DeploymentScriptStarter] Running the deployment scripts of the extension: lucenesearch
 [yunitint] [m[0;36mDEBUG [main] [ArecoDeploymentScriptService] Looking for pending update scripts in the extension lucenesearch
 [yunitint] [m[0;36mDEBUG [main] [FlexibleSearchScriptExecutionDao] Getting the executed scripts of the extension lucenesearch
 [yunitint] [m[0;36mDEBUG [main] [ArecoDeploymentScriptService] There aren't any pending UPDATE deployment scripts in the extension lucenesearch
 [yunitint] [m[0;36mDEBUG [main] [DeploymentScriptStarter] Running the deployment scripts of the extension: impex
 [yunitint] [m[0;36mDEBUG [main] [ArecoDeploymentScriptService] Looking for pending update scripts in the extension impex
 [yunitint] [m[0;36mDEBUG [main] [FlexibleSearchScriptExecutionDao] Getting the executed scripts of the extension impex
 [yunitint] [m[0;36mDEBUG [main] [ArecoDeploymentScriptService] There aren't any pending UPDATE deployment scripts in the extension impex
 [yunitint] [m[0;36mDEBUG [main] [DeploymentScriptStarter] Running the deployment scripts of the extension: validation
 [yunitint] [m[0;36mDEBUG [main] [ArecoDeploymentScriptService] Looking for pending update scripts in the extension validation
 [yunitint] [m[0;36mDEBUG [main] [FlexibleSearchScriptExecutionDao] Getting the executed scripts of the extension validation
 [yunitint] [m[0;36mDEBUG [main] [ArecoDeploymentScriptService] There aren't any pending UPDATE deployment scripts in the extension validation
 [yunitint] [m[0;36mDEBUG [main] [DeploymentScriptStarter] Running the deployment scripts of the extension: variants
 [yunitint] [m[0;36mDEBUG [main] [ArecoDeploymentScriptService] Looking for pending update scripts in the extension variants
 [yunitint] [m[0;36mDEBUG [main] [FlexibleSearchScriptExecutionDao] Getting the executed scripts of the extension variants
 [yunitint] [m[0;36mDEBUG [main] [ArecoDeploymentScriptService] There aren't any pending UPDATE deployment scripts in the extension variants
 [yunitint] [m[0;36mDEBUG [main] [DeploymentScriptStarter] Running the deployment scripts of the extension: europe1
 [yunitint] [m[0;36mDEBUG [main] [ArecoDeploymentScriptService] Looking for pending update scripts in the extension europe1
 [yunitint] [m[0;36mDEBUG [main] [FlexibleSearchScriptExecutionDao] Getting the executed scripts of the extension europe1
 [yunitint] [m[0;36mDEBUG [main] [ArecoDeploymentScriptService] There aren't any pending UPDATE deployment scripts in the extension europe1
 [yunitint] [m[0;36mDEBUG [main] [DeploymentScriptStarter] Running the deployment scripts of the extension: category
 [yunitint] [m[0;36mDEBUG [main] [ArecoDeploymentScriptService] Looking for pending update scripts in the extension category
 [yunitint] [m[0;36mDEBUG [main] [FlexibleSearchScriptExecutionDao] Getting the executed scripts of the extension category
 [yunitint] [m[0;36mDEBUG [main] [ArecoDeploymentScriptService] There aren't any pending UPDATE deployment scripts in the extension category
 [yunitint] [m[0;36mDEBUG [main] [DeploymentScriptStarter] Running the deployment scripts of the extension: catalog
 [yunitint] [m[0;36mDEBUG [main] [ArecoDeploymentScriptService] Looking for pending update scripts in the extension catalog
 [yunitint] [m[0;36mDEBUG [main] [FlexibleSearchScriptExecutionDao] Getting the executed scripts of the extension catalog
 [yunitint] [m[0;36mDEBUG [main] [ArecoDeploymentScriptService] There aren't any pending UPDATE deployment scripts in the extension catalog
 [yunitint] [m[0;36mDEBUG [main] [DeploymentScriptStarter] Running the deployment scripts of the extension: virtualjdbc
 [yunitint] [m[0;36mDEBUG [main] [ArecoDeploymentScriptService] Looking for pending update scripts in the extension virtualjdbc
 [yunitint] [m[0;36mDEBUG [main] [FlexibleSearchScriptExecutionDao] Getting the executed scripts of the extension virtualjdbc
 [yunitint] [m[0;36mDEBUG [main] [ArecoDeploymentScriptService] There aren't any pending UPDATE deployment scripts in the extension virtualjdbc
 [yunitint] [m[0;36mDEBUG [main] [DeploymentScriptStarter] Running the deployment scripts of the extension: platformservices
 [yunitint] [m[0;36mDEBUG [main] [ArecoDeploymentScriptService] Looking for pending update scripts in the extension platformservices
 [yunitint] [m[0;36mDEBUG [main] [FlexibleSearchScriptExecutionDao] Getting the executed scripts of the extension platformservices
 [yunitint] [m[0;36mDEBUG [main] [ArecoDeploymentScriptService] There aren't any pending UPDATE deployment scripts in the extension platformservices
 [yunitint] [m[0;36mDEBUG [main] [DeploymentScriptStarter] Running the deployment scripts of the extension: workflow
 [yunitint] [m[0;36mDEBUG [main] [ArecoDeploymentScriptService] Looking for pending update scripts in the extension workflow
 [yunitint] [m[0;36mDEBUG [main] [FlexibleSearchScriptExecutionDao] Getting the executed scripts of the extension workflow
 [yunitint] [m[0;36mDEBUG [main] [ArecoDeploymentScriptService] There aren't any pending UPDATE deployment scripts in the extension workflow
 [yunitint] [m[0;36mDEBUG [main] [DeploymentScriptStarter] Running the deployment scripts of the extension: processengine
 [yunitint] [m[0;36mDEBUG [main] [ArecoDeploymentScriptService] Looking for pending update scripts in the extension processengine
 [yunitint] [m[0;36mDEBUG [main] [FlexibleSearchScriptExecutionDao] Getting the executed scripts of the extension processengine
 [yunitint] [m[0;36mDEBUG [main] [ArecoDeploymentScriptService] There aren't any pending UPDATE deployment scripts in the extension processengine
 [yunitint] [m[0;36mDEBUG [main] [DeploymentScriptStarter] Running the deployment scripts of the extension: ldap
 [yunitint] [m[0;36mDEBUG [main] [ArecoDeploymentScriptService] Looking for pending update scripts in the extension ldap
 [yunitint] [m[0;36mDEBUG [main] [FlexibleSearchScriptExecutionDao] Getting the executed scripts of the extension ldap
 [yunitint] [m[0;36mDEBUG [main] [ArecoDeploymentScriptService] There aren't any pending UPDATE deployment scripts in the extension ldap
 [yunitint] [m[0;36mDEBUG [main] [DeploymentScriptStarter] Running the deployment scripts of the extension: comments
 [yunitint] [m[0;36mDEBUG [main] [ArecoDeploymentScriptService] Looking for pending update scripts in the extension comments
 [yunitint] [m[0;36mDEBUG [main] [FlexibleSearchScriptExecutionDao] Getting the executed scripts of the extension comments
 [yunitint] [m[0;36mDEBUG [main] [ArecoDeploymentScriptService] There aren't any pending UPDATE deployment scripts in the extension comments
 [yunitint] [m[0;36mDEBUG [main] [DeploymentScriptStarter] Running the deployment scripts of the extension: cockpit
 [yunitint] [m[0;36mDEBUG [main] [ArecoDeploymentScriptService] Looking for pending update scripts in the extension cockpit
 [yunitint] [m[0;36mDEBUG [main] [FlexibleSearchScriptExecutionDao] Getting the executed scripts of the extension cockpit
 [yunitint] [m[0;36mDEBUG [main] [ArecoDeploymentScriptService] There aren't any pending UPDATE deployment scripts in the extension cockpit
 [yunitint] [m[0;36mDEBUG [main] [DeploymentScriptStarter] Running the deployment scripts of the extension: mcc
 [yunitint] [m[0;36mDEBUG [main] [ArecoDeploymentScriptService] Looking for pending update scripts in the extension mcc
 [yunitint] [m[0;36mDEBUG [main] [FlexibleSearchScriptExecutionDao] Getting the executed scripts of the extension mcc
 [yunitint] [m[0;36mDEBUG [main] [ArecoDeploymentScriptService] There aren't any pending UPDATE deployment scripts in the extension mcc
 [yunitint] [m[0;36mDEBUG [main] [DeploymentScriptStarter] Running the deployment scripts of the extension: advancedsavedquery
 [yunitint] [m[0;36mDEBUG [main] [ArecoDeploymentScriptService] Looking for pending update scripts in the extension advancedsavedquery
 [yunitint] [m[0;36mDEBUG [main] [FlexibleSearchScriptExecutionDao] Getting the executed scripts of the extension advancedsavedquery
 [yunitint] [m[0;36mDEBUG [main] [ArecoDeploymentScriptService] There aren't any pending UPDATE deployment scripts in the extension advancedsavedquery
 [yunitint] [m[0;36mDEBUG [main] [DeploymentScriptStarter] Running the deployment scripts of the extension: admincockpit
 [yunitint] [m[0;36mDEBUG [main] [ArecoDeploymentScriptService] Looking for pending update scripts in the extension admincockpit
 [yunitint] [m[0;36mDEBUG [main] [FlexibleSearchScriptExecutionDao] Getting the executed scripts of the extension admincockpit
 [yunitint] [m[0;36mDEBUG [main] [ArecoDeploymentScriptService] There aren't any pending UPDATE deployment scripts in the extension admincockpit
 [yunitint] [m[0;36mDEBUG [main] [DeploymentScriptStarter] Running the deployment scripts of the extension: arecoDeploymentScriptsManager
 [yunitint] [m[0;36mDEBUG [main] [ArecoDeploymentScriptService] Looking for pending update scripts in the extension arecoDeploymentScriptsManager
 [yunitint] [m[0;36mDEBUG [main] [FlexibleSearchScriptExecutionDao] Getting the executed scripts of the extension arecoDeploymentScriptsManager
 [yunitint] [m[0;36mDEBUG [main] [AbstractSingleFileScriptStepFactory] Trying to create a single file script step from the file /home/arobirosa/no_backup/deploymentScriptsManager/hybris/bin/custom/arecoDeploymentScriptsManager/resources/test/script-configuration-test/two-configurations/20140814_TICKET_ADD_DEV_CRONJOBS/01_new_cronjobs.impex
 [yunitint] [m[0;36mDEBUG [main] [AbstractSingleFileScriptStepFactory] Created step: ImpexImportStep [scriptFile=/home/arobirosa/no_backup/deploymentScriptsManager/hybris/bin/custom/arecoDeploymentScriptsManager/resources/test/script-configuration-test/two-configurations/20140814_TICKET_ADD_DEV_CRONJOBS/01_new_cronjobs.impex]
 [yunitint] [m[0;36mDEBUG [main] [AbstractSingleFileScriptStepFactory] Trying to create a single file script step from the file /home/arobirosa/no_backup/deploymentScriptsManager/hybris/bin/custom/arecoDeploymentScriptsManager/resources/test/script-configuration-test/two-configurations/20140814_TICKET_ADD_DEV_CRONJOBS/02_remove_sample_cronjobs.impex
 [yunitint] [m[0;36mDEBUG [main] [AbstractSingleFileScriptStepFactory] Created step: ImpexImportStep [scriptFile=/home/arobirosa/no_backup/deploymentScriptsManager/hybris/bin/custom/arecoDeploymentScriptsManager/resources/test/script-configuration-test/two-configurations/20140814_TICKET_ADD_DEV_CRONJOBS/02_remove_sample_cronjobs.impex]
 [yunitint] [m[0;36mDEBUG [main] [AbstractSingleFileScriptStepFactory] Trying to create a single file script step from the file /home/arobirosa/no_backup/deploymentScriptsManager/hybris/bin/custom/arecoDeploymentScriptsManager/resources/test/script-configuration-test/two-configurations/20140814_TICKET_ADD_DEV_CRONJOBS/description.txt
 [yunitint] [m[0;36mDEBUG [main] [AbstractSingleFileScriptStepFactory] Trying to create a single file script step from the file /home/arobirosa/no_backup/deploymentScriptsManager/hybris/bin/custom/arecoDeploymentScriptsManager/resources/test/script-configuration-test/two-configurations/20140814_TICKET_ADD_DEV_CRONJOBS/description.txt
 [yunitint] [m[0;36mDEBUG [main] [AbstractSingleFileScriptStepFactory] Trying to create a single file script step from the file /home/arobirosa/no_backup/deploymentScriptsManager/hybris/bin/custom/arecoDeploymentScriptsManager/resources/test/script-configuration-test/two-configurations/20140814_TICKET_ADD_DEV_CRONJOBS/description.txt
 [yunitint] [m[0;36mDEBUG [main] [AbstractSingleFileScriptStepFactory] Trying to create a single file script step from the file /home/arobirosa/no_backup/deploymentScriptsManager/hybris/bin/custom/arecoDeploymentScriptsManager/resources/test/script-configuration-test/two-configurations/20140814_TICKET_ADD_DEV_CRONJOBS/development.conf
 [yunitint] [m[0;36mDEBUG [main] [AbstractSingleFileScriptStepFactory] Trying to create a single file script step from the file /home/arobirosa/no_backup/deploymentScriptsManager/hybris/bin/custom/arecoDeploymentScriptsManager/resources/test/script-configuration-test/two-configurations/20140814_TICKET_ADD_DEV_CRONJOBS/development.conf
 [yunitint] [m[0;36mDEBUG [main] [AbstractSingleFileScriptStepFactory] Trying to create a single file script step from the file /home/arobirosa/no_backup/deploymentScriptsManager/hybris/bin/custom/arecoDeploymentScriptsManager/resources/test/script-configuration-test/two-configurations/20140814_TICKET_ADD_DEV_CRONJOBS/development.conf
 [yunitint] [m[0;36mDEBUG [main] [AbstractSingleFileScriptStepFactory] Trying to create a single file script step from the file /home/arobirosa/no_backup/deploymentScriptsManager/hybris/bin/custom/arecoDeploymentScriptsManager/resources/test/script-configuration-test/two-configurations/20140814_TICKET_ADD_DEV_CRONJOBS/unit-test.conf
 [yunitint] [m[0;36mDEBUG [main] [AbstractSingleFileScriptStepFactory] Trying to create a single file script step from the file /home/arobirosa/no_backup/deploymentScriptsManager/hybris/bin/custom/arecoDeploymentScriptsManager/resources/test/script-configuration-test/two-configurations/20140814_TICKET_ADD_DEV_CRONJOBS/unit-test.conf
 [yunitint] [m[0;36mDEBUG [main] [AbstractSingleFileScriptStepFactory] Trying to create a single file script step from the file /home/arobirosa/no_backup/deploymentScriptsManager/hybris/bin/custom/arecoDeploymentScriptsManager/resources/test/script-configuration-test/two-configurations/20140814_TICKET_ADD_DEV_CRONJOBS/unit-test.conf
 [yunitint] [m[0;36mDEBUG [main] [PropertyFileDeploymentScriptConfigurationReader] Reading configuration from the directory /home/arobirosa/no_backup/deploymentScriptsManager/hybris/bin/custom/arecoDeploymentScriptsManager/resources/test/script-configuration-test/two-configurations/20140814_TICKET_ADD_DEV_CRONJOBS
 [yunitint] [m[0;31mERROR [main] [DeploymentScriptStarter] There was an error running the deployment scripts: The folder /home/arobirosa/no_backup/deploymentScriptsManager/hybris/bin/custom/arecoDeploymentScriptsManager/resources/test/script-configuration-test/two-configurations/20140814_TICKET_ADD_DEV_CRONJOBS contains multiply configuration files. Please leave only one.
 [yunitint] org.areco.ecommerce.deploymentscripts.core.DeploymentScriptConfigurationException: The folder /home/arobirosa/no_backup/deploymentScriptsManager/hybris/bin/custom/arecoDeploymentScriptsManager/resources/test/script-configuration-test/two-configurations/20140814_TICKET_ADD_DEV_CRONJOBS contains multiply configuration files. Please leave only one.
 [yunitint] 	at org.areco.ecommerce.deploymentscripts.core.impl.PropertyFileDeploymentScriptConfigurationReader.findConfigurationFile(PropertyFileDeploymentScriptConfigurationReader.java:173)
 [yunitint] 	at org.areco.ecommerce.deploymentscripts.core.impl.PropertyFileDeploymentScriptConfigurationReader.loadConfiguration(PropertyFileDeploymentScriptConfigurationReader.java:84)
 [yunitint] 	at org.areco.ecommerce.deploymentscripts.core.impl.PropertyFileDeploymentScriptConfigurationReader.loadConfiguration(PropertyFileDeploymentScriptConfigurationReader.java:1)
 [yunitint] 	at org.areco.ecommerce.deploymentscripts.core.impl.PropertyFileDeploymentScriptConfigurationReader$$EnhancerByCGLIB$$490c9ede.loadConfiguration(<generated>)
 [yunitint] 	at org.areco.ecommerce.deploymentscripts.core.impl.ArecoDeploymentScriptFinder.createDeploymentScript(ArecoDeploymentScriptFinder.java:180)
 [yunitint] 	at org.areco.ecommerce.deploymentscripts.core.impl.ArecoDeploymentScriptFinder.getDeploymentScripts(ArecoDeploymentScriptFinder.java:162)
 [yunitint] 	at org.areco.ecommerce.deploymentscripts.core.impl.ArecoDeploymentScriptFinder.getPendingScripts(ArecoDeploymentScriptFinder.java:79)
 [yunitint] 	at org.areco.ecommerce.deploymentscripts.core.impl.ArecoDeploymentScriptService.runDeploymentScripts(ArecoDeploymentScriptService.java:71)
 [yunitint] 	at org.areco.ecommerce.deploymentscripts.core.DeploymentScriptStarter.runDeploymentScriptsAndHandleErrors(DeploymentScriptStarter.java:139)
 [yunitint] 	at org.areco.ecommerce.deploymentscripts.core.DeploymentScriptStarter.runDeploymentScripts(DeploymentScriptStarter.java:117)
 [yunitint] 	at org.areco.ecommerce.deploymentscripts.core.DeploymentScriptStarter.runAllPendingScripts(DeploymentScriptStarter.java:171)
 [yunitint] 	at org.areco.ecommerce.deploymentscripts.core.DeploymentScriptStarter.runAllPendingScripts(DeploymentScriptStarter.java:160)
 [yunitint] 	at org.areco.ecommerce.deploymentscripts.core.ScriptConfigurationTest.twoConfigurations(ScriptConfigurationTest.java:94)
 [yunitint] 	at sun.reflect.NativeMethodAccessorImpl.invoke0(Native Method)
 [yunitint] 	at sun.reflect.NativeMethodAccessorImpl.invoke(NativeMethodAccessorImpl.java:57)
 [yunitint] 	at sun.reflect.DelegatingMethodAccessorImpl.invoke(DelegatingMethodAccessorImpl.java:43)
 [yunitint] 	at java.lang.reflect.Method.invoke(Method.java:606)
 [yunitint] 	at org.junit.runners.model.FrameworkMethod$1.runReflectiveCall(FrameworkMethod.java:44)
 [yunitint] 	at org.junit.internal.runners.model.ReflectiveCallable.run(ReflectiveCallable.java:15)
 [yunitint] 	at org.junit.runners.model.FrameworkMethod.invokeExplosively(FrameworkMethod.java:41)
 [yunitint] 	at org.junit.internal.runners.statements.InvokeMethod.evaluate(InvokeMethod.java:20)
 [yunitint] 	at org.junit.internal.runners.statements.ExpectException.evaluate(ExpectException.java:22)
 [yunitint] 	at org.junit.internal.runners.statements.RunBefores.evaluate(RunBefores.java:28)
 [yunitint] 	at org.junit.internal.runners.statements.RunAfters.evaluate(RunAfters.java:31)
 [yunitint] 	at org.junit.runners.ParentRunner.runLeaf(ParentRunner.java:263)
 [yunitint] 	at org.junit.runners.BlockJUnit4ClassRunner.runChild(BlockJUnit4ClassRunner.java:69)
 [yunitint] 	at org.junit.runners.BlockJUnit4ClassRunner.runChild(BlockJUnit4ClassRunner.java:48)
 [yunitint] 	at org.junit.runners.ParentRunner$3.run(ParentRunner.java:231)
 [yunitint] 	at org.junit.runners.ParentRunner$1.schedule(ParentRunner.java:60)
 [yunitint] 	at org.junit.runners.ParentRunner.runChildren(ParentRunner.java:229)
 [yunitint] 	at org.junit.runners.ParentRunner.access$000(ParentRunner.java:50)
 [yunitint] 	at org.junit.runners.ParentRunner$2.evaluate(ParentRunner.java:222)
 [yunitint] 	at org.junit.runners.ParentRunner.run(ParentRunner.java:292)
 [yunitint] 	at de.hybris.platform.testframework.HybrisJUnit4ClassRunner.run(HybrisJUnit4ClassRunner.java:119)
 [yunitint] 	at junit.framework.JUnit4TestAdapter.run(JUnit4TestAdapter.java:39)
 [yunitint] 	at de.hybris.ant.taskdefs.yunit.JUnitTestRunner.run(JUnitTestRunner.java:547)
 [yunitint] 	at de.hybris.ant.taskdefs.yunit.JUnitTestRunner.launch(JUnitTestRunner.java:1204)
 [yunitint] 	at de.hybris.ant.taskdefs.yunit.JUnitTestRunner.main(JUnitTestRunner.java:994)
 [yunitint] [m[0;32mINFO  [main] [LogRunListener] Finished test method twoConfigurations(org.areco.ecommerce.deploymentscripts.core.ScriptConfigurationTest) in 2 seconds
 [yunitint] [mjunit.framework.TestListener: endTest(twoConfigurations)
 [yunitint] [0;32mINFO  [main] [LogRunListener] Starting test method unknownTenant(org.areco.ecommerce.deploymentscripts.core.ScriptConfigurationTest)
 [yunitint] [m[0;36mDEBUG [main] [ItemCreationListener] Disabling item registration in junit thread for unknownTenant(org.areco.ecommerce.deploymentscripts.core.ScriptConfigurationTest) since transaction is enabled
 [yunitint] [m[0;32mINFO  [main] [DeploymentScriptStarter] Running all pending update deployment scripts.
 [yunitint] [m[0;32mINFO  [main] [DeploymentScriptStarter] Running all deployment scripts. RunInitScripts? false
 [yunitint] [m[0;36mDEBUG [main] [DeploymentScriptStarter] The error flag was cleared
 [yunitint] [m[0;36mDEBUG [main] [DeploymentScriptStarter] Running the deployment scripts of the extension: core
 [yunitint] [m[0;36mDEBUG [main] [ImpexInitialConfigurationImporter] The initial configuration was already imported.
 [yunitint] [m[0;36mDEBUG [main] [ArecoDeploymentScriptService] Looking for pending update scripts in the extension core
 [yunitint] [m[0;36mDEBUG [main] [FlexibleSearchScriptExecutionDao] Getting the executed scripts of the extension core
 [yunitint] [m[0;36mDEBUG [main] [ArecoDeploymentScriptService] There aren't any pending UPDATE deployment scripts in the extension core
 [yunitint] [m[0;36mDEBUG [main] [DeploymentScriptStarter] Running the deployment scripts of the extension: hmc
 [yunitint] [m[0;36mDEBUG [main] [ArecoDeploymentScriptService] Looking for pending update scripts in the extension hmc
 [yunitint] [m[0;36mDEBUG [main] [FlexibleSearchScriptExecutionDao] Getting the executed scripts of the extension hmc
 [yunitint] [m[0;36mDEBUG [main] [ArecoDeploymentScriptService] There aren't any pending UPDATE deployment scripts in the extension hmc
 [yunitint] [m[0;36mDEBUG [main] [DeploymentScriptStarter] Running the deployment scripts of the extension: servicelayer
 [yunitint] [m[0;36mDEBUG [main] [ArecoDeploymentScriptService] Looking for pending update scripts in the extension servicelayer
 [yunitint] [m[0;36mDEBUG [main] [FlexibleSearchScriptExecutionDao] Getting the executed scripts of the extension servicelayer
 [yunitint] [m[0;36mDEBUG [main] [ArecoDeploymentScriptService] There aren't any pending UPDATE deployment scripts in the extension servicelayer
 [yunitint] [m[0;36mDEBUG [main] [DeploymentScriptStarter] Running the deployment scripts of the extension: task
 [yunitint] [m[0;36mDEBUG [main] [ArecoDeploymentScriptService] Looking for pending update scripts in the extension task
 [yunitint] [m[0;36mDEBUG [main] [FlexibleSearchScriptExecutionDao] Getting the executed scripts of the extension task
 [yunitint] [m[0;36mDEBUG [main] [ArecoDeploymentScriptService] There aren't any pending UPDATE deployment scripts in the extension task
 [yunitint] [m[0;36mDEBUG [main] [DeploymentScriptStarter] Running the deployment scripts of the extension: paymentstandard
 [yunitint] [m[0;36mDEBUG [main] [ArecoDeploymentScriptService] Looking for pending update scripts in the extension paymentstandard
 [yunitint] [m[0;36mDEBUG [main] [FlexibleSearchScriptExecutionDao] Getting the executed scripts of the extension paymentstandard
 [yunitint] [m[0;36mDEBUG [main] [ArecoDeploymentScriptService] There aren't any pending UPDATE deployment scripts in the extension paymentstandard
 [yunitint] [m[0;36mDEBUG [main] [DeploymentScriptStarter] Running the deployment scripts of the extension: deliveryzone
 [yunitint] [m[0;36mDEBUG [main] [ArecoDeploymentScriptService] Looking for pending update scripts in the extension deliveryzone
 [yunitint] [m[0;36mDEBUG [main] [FlexibleSearchScriptExecutionDao] Getting the executed scripts of the extension deliveryzone
 [yunitint] [m[0;36mDEBUG [main] [ArecoDeploymentScriptService] There aren't any pending UPDATE deployment scripts in the extension deliveryzone
 [yunitint] [m[0;36mDEBUG [main] [DeploymentScriptStarter] Running the deployment scripts of the extension: commons
 [yunitint] [m[0;36mDEBUG [main] [ArecoDeploymentScriptService] Looking for pending update scripts in the extension commons
 [yunitint] [m[0;36mDEBUG [main] [FlexibleSearchScriptExecutionDao] Getting the executed scripts of the extension commons
 [yunitint] [m[0;36mDEBUG [main] [ArecoDeploymentScriptService] There aren't any pending UPDATE deployment scripts in the extension commons
 [yunitint] [m[0;36mDEBUG [main] [DeploymentScriptStarter] Running the deployment scripts of the extension: cronjob
 [yunitint] [m[0;36mDEBUG [main] [ArecoDeploymentScriptService] Looking for pending update scripts in the extension cronjob
 [yunitint] [m[0;36mDEBUG [main] [FlexibleSearchScriptExecutionDao] Getting the executed scripts of the extension cronjob
 [yunitint] [m[0;36mDEBUG [main] [ArecoDeploymentScriptService] There aren't any pending UPDATE deployment scripts in the extension cronjob
 [yunitint] [m[0;36mDEBUG [main] [DeploymentScriptStarter] Running the deployment scripts of the extension: lucenesearch
 [yunitint] [m[0;36mDEBUG [main] [ArecoDeploymentScriptService] Looking for pending update scripts in the extension lucenesearch
 [yunitint] [m[0;36mDEBUG [main] [FlexibleSearchScriptExecutionDao] Getting the executed scripts of the extension lucenesearch
 [yunitint] [m[0;36mDEBUG [main] [ArecoDeploymentScriptService] There aren't any pending UPDATE deployment scripts in the extension lucenesearch
 [yunitint] [m[0;36mDEBUG [main] [DeploymentScriptStarter] Running the deployment scripts of the extension: impex
 [yunitint] [m[0;36mDEBUG [main] [ArecoDeploymentScriptService] Looking for pending update scripts in the extension impex
 [yunitint] [m[0;36mDEBUG [main] [FlexibleSearchScriptExecutionDao] Getting the executed scripts of the extension impex
 [yunitint] [m[0;36mDEBUG [main] [ArecoDeploymentScriptService] There aren't any pending UPDATE deployment scripts in the extension impex
 [yunitint] [m[0;36mDEBUG [main] [DeploymentScriptStarter] Running the deployment scripts of the extension: validation
 [yunitint] [m[0;36mDEBUG [main] [ArecoDeploymentScriptService] Looking for pending update scripts in the extension validation
 [yunitint] [m[0;36mDEBUG [main] [FlexibleSearchScriptExecutionDao] Getting the executed scripts of the extension validation
 [yunitint] [m[0;36mDEBUG [main] [ArecoDeploymentScriptService] There aren't any pending UPDATE deployment scripts in the extension validation
 [yunitint] [m[0;36mDEBUG [main] [DeploymentScriptStarter] Running the deployment scripts of the extension: variants
 [yunitint] [m[0;36mDEBUG [main] [ArecoDeploymentScriptService] Looking for pending update scripts in the extension variants
 [yunitint] [m[0;36mDEBUG [main] [FlexibleSearchScriptExecutionDao] Getting the executed scripts of the extension variants
 [yunitint] [m[0;36mDEBUG [main] [ArecoDeploymentScriptService] There aren't any pending UPDATE deployment scripts in the extension variants
 [yunitint] [m[0;36mDEBUG [main] [DeploymentScriptStarter] Running the deployment scripts of the extension: europe1
 [yunitint] [m[0;36mDEBUG [main] [ArecoDeploymentScriptService] Looking for pending update scripts in the extension europe1
 [yunitint] [m[0;36mDEBUG [main] [FlexibleSearchScriptExecutionDao] Getting the executed scripts of the extension europe1
 [yunitint] [m[0;36mDEBUG [main] [ArecoDeploymentScriptService] There aren't any pending UPDATE deployment scripts in the extension europe1
 [yunitint] [m[0;36mDEBUG [main] [DeploymentScriptStarter] Running the deployment scripts of the extension: category
 [yunitint] [m[0;36mDEBUG [main] [ArecoDeploymentScriptService] Looking for pending update scripts in the extension category
 [yunitint] [m[0;36mDEBUG [main] [FlexibleSearchScriptExecutionDao] Getting the executed scripts of the extension category
 [yunitint] [m[0;36mDEBUG [main] [ArecoDeploymentScriptService] There aren't any pending UPDATE deployment scripts in the extension category
 [yunitint] [m[0;36mDEBUG [main] [DeploymentScriptStarter] Running the deployment scripts of the extension: catalog
 [yunitint] [m[0;36mDEBUG [main] [ArecoDeploymentScriptService] Looking for pending update scripts in the extension catalog
 [yunitint] [m[0;36mDEBUG [main] [FlexibleSearchScriptExecutionDao] Getting the executed scripts of the extension catalog
 [yunitint] [m[0;36mDEBUG [main] [ArecoDeploymentScriptService] There aren't any pending UPDATE deployment scripts in the extension catalog
 [yunitint] [m[0;36mDEBUG [main] [DeploymentScriptStarter] Running the deployment scripts of the extension: virtualjdbc
 [yunitint] [m[0;36mDEBUG [main] [ArecoDeploymentScriptService] Looking for pending update scripts in the extension virtualjdbc
 [yunitint] [m[0;36mDEBUG [main] [FlexibleSearchScriptExecutionDao] Getting the executed scripts of the extension virtualjdbc
 [yunitint] [m[0;36mDEBUG [main] [ArecoDeploymentScriptService] There aren't any pending UPDATE deployment scripts in the extension virtualjdbc
 [yunitint] [m[0;36mDEBUG [main] [DeploymentScriptStarter] Running the deployment scripts of the extension: platformservices
 [yunitint] [m[0;36mDEBUG [main] [ArecoDeploymentScriptService] Looking for pending update scripts in the extension platformservices
 [yunitint] [m[0;36mDEBUG [main] [FlexibleSearchScriptExecutionDao] Getting the executed scripts of the extension platformservices
 [yunitint] [m[0;36mDEBUG [main] [ArecoDeploymentScriptService] There aren't any pending UPDATE deployment scripts in the extension platformservices
 [yunitint] [m[0;36mDEBUG [main] [DeploymentScriptStarter] Running the deployment scripts of the extension: workflow
 [yunitint] [m[0;36mDEBUG [main] [ArecoDeploymentScriptService] Looking for pending update scripts in the extension workflow
 [yunitint] [m[0;36mDEBUG [main] [FlexibleSearchScriptExecutionDao] Getting the executed scripts of the extension workflow
 [yunitint] [m[0;36mDEBUG [main] [ArecoDeploymentScriptService] There aren't any pending UPDATE deployment scripts in the extension workflow
 [yunitint] [m[0;36mDEBUG [main] [DeploymentScriptStarter] Running the deployment scripts of the extension: processengine
 [yunitint] [m[0;36mDEBUG [main] [ArecoDeploymentScriptService] Looking for pending update scripts in the extension processengine
 [yunitint] [m[0;36mDEBUG [main] [FlexibleSearchScriptExecutionDao] Getting the executed scripts of the extension processengine
 [yunitint] [m[0;36mDEBUG [main] [ArecoDeploymentScriptService] There aren't any pending UPDATE deployment scripts in the extension processengine
 [yunitint] [m[0;36mDEBUG [main] [DeploymentScriptStarter] Running the deployment scripts of the extension: ldap
 [yunitint] [m[0;36mDEBUG [main] [ArecoDeploymentScriptService] Looking for pending update scripts in the extension ldap
 [yunitint] [m[0;36mDEBUG [main] [FlexibleSearchScriptExecutionDao] Getting the executed scripts of the extension ldap
 [yunitint] [m[0;36mDEBUG [main] [ArecoDeploymentScriptService] There aren't any pending UPDATE deployment scripts in the extension ldap
 [yunitint] [m[0;36mDEBUG [main] [DeploymentScriptStarter] Running the deployment scripts of the extension: comments
 [yunitint] [m[0;36mDEBUG [main] [ArecoDeploymentScriptService] Looking for pending update scripts in the extension comments
 [yunitint] [m[0;36mDEBUG [main] [FlexibleSearchScriptExecutionDao] Getting the executed scripts of the extension comments
 [yunitint] [m[0;36mDEBUG [main] [ArecoDeploymentScriptService] There aren't any pending UPDATE deployment scripts in the extension comments
 [yunitint] [m[0;36mDEBUG [main] [DeploymentScriptStarter] Running the deployment scripts of the extension: cockpit
 [yunitint] [m[0;36mDEBUG [main] [ArecoDeploymentScriptService] Looking for pending update scripts in the extension cockpit
 [yunitint] [m[0;36mDEBUG [main] [FlexibleSearchScriptExecutionDao] Getting the executed scripts of the extension cockpit
 [yunitint] [m[0;36mDEBUG [main] [ArecoDeploymentScriptService] There aren't any pending UPDATE deployment scripts in the extension cockpit
 [yunitint] [m[0;36mDEBUG [main] [DeploymentScriptStarter] Running the deployment scripts of the extension: mcc
 [yunitint] [m[0;36mDEBUG [main] [ArecoDeploymentScriptService] Looking for pending update scripts in the extension mcc
 [yunitint] [m[0;36mDEBUG [main] [FlexibleSearchScriptExecutionDao] Getting the executed scripts of the extension mcc
 [yunitint] [m[0;36mDEBUG [main] [ArecoDeploymentScriptService] There aren't any pending UPDATE deployment scripts in the extension mcc
 [yunitint] [m[0;36mDEBUG [main] [DeploymentScriptStarter] Running the deployment scripts of the extension: advancedsavedquery
 [yunitint] [m[0;36mDEBUG [main] [ArecoDeploymentScriptService] Looking for pending update scripts in the extension advancedsavedquery
 [yunitint] [m[0;36mDEBUG [main] [FlexibleSearchScriptExecutionDao] Getting the executed scripts of the extension advancedsavedquery
 [yunitint] [m[0;36mDEBUG [main] [ArecoDeploymentScriptService] There aren't any pending UPDATE deployment scripts in the extension advancedsavedquery
 [yunitint] [m[0;36mDEBUG [main] [DeploymentScriptStarter] Running the deployment scripts of the extension: admincockpit
 [yunitint] [m[0;36mDEBUG [main] [ArecoDeploymentScriptService] Looking for pending update scripts in the extension admincockpit
 [yunitint] [m[0;36mDEBUG [main] [FlexibleSearchScriptExecutionDao] Getting the executed scripts of the extension admincockpit
 [yunitint] [m[0;36mDEBUG [main] [ArecoDeploymentScriptService] There aren't any pending UPDATE deployment scripts in the extension admincockpit
 [yunitint] [m[0;36mDEBUG [main] [DeploymentScriptStarter] Running the deployment scripts of the extension: arecoDeploymentScriptsManager
 [yunitint] [m[0;36mDEBUG [main] [ArecoDeploymentScriptService] Looking for pending update scripts in the extension arecoDeploymentScriptsManager
 [yunitint] [m[0;36mDEBUG [main] [FlexibleSearchScriptExecutionDao] Getting the executed scripts of the extension arecoDeploymentScriptsManager
 [yunitint] [m[0;36mDEBUG [main] [AbstractSingleFileScriptStepFactory] Trying to create a single file script step from the file /home/arobirosa/no_backup/deploymentScriptsManager/hybris/bin/custom/arecoDeploymentScriptsManager/resources/test/script-configuration-test/unknown-tenant/20140814_TICKET_ADD_DEV_CRONJOBS/01_new_cronjobs.impex
 [yunitint] [m[0;36mDEBUG [main] [AbstractSingleFileScriptStepFactory] Created step: ImpexImportStep [scriptFile=/home/arobirosa/no_backup/deploymentScriptsManager/hybris/bin/custom/arecoDeploymentScriptsManager/resources/test/script-configuration-test/unknown-tenant/20140814_TICKET_ADD_DEV_CRONJOBS/01_new_cronjobs.impex]
 [yunitint] [m[0;36mDEBUG [main] [AbstractSingleFileScriptStepFactory] Trying to create a single file script step from the file /home/arobirosa/no_backup/deploymentScriptsManager/hybris/bin/custom/arecoDeploymentScriptsManager/resources/test/script-configuration-test/unknown-tenant/20140814_TICKET_ADD_DEV_CRONJOBS/02_remove_sample_cronjobs.impex
 [yunitint] [m[0;36mDEBUG [main] [AbstractSingleFileScriptStepFactory] Created step: ImpexImportStep [scriptFile=/home/arobirosa/no_backup/deploymentScriptsManager/hybris/bin/custom/arecoDeploymentScriptsManager/resources/test/script-configuration-test/unknown-tenant/20140814_TICKET_ADD_DEV_CRONJOBS/02_remove_sample_cronjobs.impex]
 [yunitint] [m[0;36mDEBUG [main] [AbstractSingleFileScriptStepFactory] Trying to create a single file script step from the file /home/arobirosa/no_backup/deploymentScriptsManager/hybris/bin/custom/arecoDeploymentScriptsManager/resources/test/script-configuration-test/unknown-tenant/20140814_TICKET_ADD_DEV_CRONJOBS/description.txt
 [yunitint] [m[0;36mDEBUG [main] [AbstractSingleFileScriptStepFactory] Trying to create a single file script step from the file /home/arobirosa/no_backup/deploymentScriptsManager/hybris/bin/custom/arecoDeploymentScriptsManager/resources/test/script-configuration-test/unknown-tenant/20140814_TICKET_ADD_DEV_CRONJOBS/description.txt
 [yunitint] [m[0;36mDEBUG [main] [AbstractSingleFileScriptStepFactory] Trying to create a single file script step from the file /home/arobirosa/no_backup/deploymentScriptsManager/hybris/bin/custom/arecoDeploymentScriptsManager/resources/test/script-configuration-test/unknown-tenant/20140814_TICKET_ADD_DEV_CRONJOBS/description.txt
 [yunitint] [m[0;36mDEBUG [main] [AbstractSingleFileScriptStepFactory] Trying to create a single file script step from the file /home/arobirosa/no_backup/deploymentScriptsManager/hybris/bin/custom/arecoDeploymentScriptsManager/resources/test/script-configuration-test/unknown-tenant/20140814_TICKET_ADD_DEV_CRONJOBS/unkown-tenant.conf
 [yunitint] [m[0;36mDEBUG [main] [AbstractSingleFileScriptStepFactory] Trying to create a single file script step from the file /home/arobirosa/no_backup/deploymentScriptsManager/hybris/bin/custom/arecoDeploymentScriptsManager/resources/test/script-configuration-test/unknown-tenant/20140814_TICKET_ADD_DEV_CRONJOBS/unkown-tenant.conf
 [yunitint] [m[0;36mDEBUG [main] [AbstractSingleFileScriptStepFactory] Trying to create a single file script step from the file /home/arobirosa/no_backup/deploymentScriptsManager/hybris/bin/custom/arecoDeploymentScriptsManager/resources/test/script-configuration-test/unknown-tenant/20140814_TICKET_ADD_DEV_CRONJOBS/unkown-tenant.conf
 [yunitint] [m[0;36mDEBUG [main] [PropertyFileDeploymentScriptConfigurationReader] Reading configuration from the directory /home/arobirosa/no_backup/deploymentScriptsManager/hybris/bin/custom/arecoDeploymentScriptsManager/resources/test/script-configuration-test/unknown-tenant/20140814_TICKET_ADD_DEV_CRONJOBS
 [yunitint] [m[0;31mERROR [main] [DeploymentScriptStarter] There was an error running the deployment scripts: Unable to find the tenant with the ID 'blackhorsetenant'.
 [yunitint] org.areco.ecommerce.deploymentscripts.core.DeploymentScriptConfigurationException: Unable to find the tenant with the ID 'blackhorsetenant'.
 [yunitint] 	at org.areco.ecommerce.deploymentscripts.core.impl.PropertyFileDeploymentScriptConfigurationReader.convertTenants(PropertyFileDeploymentScriptConfigurationReader.java:143)
 [yunitint] 	at org.areco.ecommerce.deploymentscripts.core.impl.PropertyFileDeploymentScriptConfigurationReader.getAllowedTenants(PropertyFileDeploymentScriptConfigurationReader.java:131)
 [yunitint] 	at org.areco.ecommerce.deploymentscripts.core.impl.PropertyFileDeploymentScriptConfigurationReader.createConfigurationFrom(PropertyFileDeploymentScriptConfigurationReader.java:110)
 [yunitint] 	at org.areco.ecommerce.deploymentscripts.core.impl.PropertyFileDeploymentScriptConfigurationReader.loadConfiguration(PropertyFileDeploymentScriptConfigurationReader.java:88)
 [yunitint] 	at org.areco.ecommerce.deploymentscripts.core.impl.PropertyFileDeploymentScriptConfigurationReader.loadConfiguration(PropertyFileDeploymentScriptConfigurationReader.java:1)
 [yunitint] 	at org.areco.ecommerce.deploymentscripts.core.impl.PropertyFileDeploymentScriptConfigurationReader$$EnhancerByCGLIB$$490c9ede.loadConfiguration(<generated>)
 [yunitint] 	at org.areco.ecommerce.deploymentscripts.core.impl.ArecoDeploymentScriptFinder.createDeploymentScript(ArecoDeploymentScriptFinder.java:180)
 [yunitint] 	at org.areco.ecommerce.deploymentscripts.core.impl.ArecoDeploymentScriptFinder.getDeploymentScripts(ArecoDeploymentScriptFinder.java:162)
 [yunitint] 	at org.areco.ecommerce.deploymentscripts.core.impl.ArecoDeploymentScriptFinder.getPendingScripts(ArecoDeploymentScriptFinder.java:79)
 [yunitint] 	at org.areco.ecommerce.deploymentscripts.core.impl.ArecoDeploymentScriptService.runDeploymentScripts(ArecoDeploymentScriptService.java:71)
 [yunitint] 	at org.areco.ecommerce.deploymentscripts.core.DeploymentScriptStarter.runDeploymentScriptsAndHandleErrors(DeploymentScriptStarter.java:139)
 [yunitint] 	at org.areco.ecommerce.deploymentscripts.core.DeploymentScriptStarter.runDeploymentScripts(DeploymentScriptStarter.java:117)
 [yunitint] 	at org.areco.ecommerce.deploymentscripts.core.DeploymentScriptStarter.runAllPendingScripts(DeploymentScriptStarter.java:171)
 [yunitint] 	at org.areco.ecommerce.deploymentscripts.core.DeploymentScriptStarter.runAllPendingScripts(DeploymentScriptStarter.java:160)
 [yunitint] 	at org.areco.ecommerce.deploymentscripts.core.ScriptConfigurationTest.unknownTenant(ScriptConfigurationTest.java:110)
 [yunitint] 	at sun.reflect.NativeMethodAccessorImpl.invoke0(Native Method)
 [yunitint] 	at sun.reflect.NativeMethodAccessorImpl.invoke(NativeMethodAccessorImpl.java:57)
 [yunitint] 	at sun.reflect.DelegatingMethodAccessorImpl.invoke(DelegatingMethodAccessorImpl.java:43)
 [yunitint] 	at java.lang.reflect.Method.invoke(Method.java:606)
 [yunitint] 	at org.junit.runners.model.FrameworkMethod$1.runReflectiveCall(FrameworkMethod.java:44)
 [yunitint] 	at org.junit.internal.runners.model.ReflectiveCallable.run(ReflectiveCallable.java:15)
 [yunitint] 	at org.junit.runners.model.FrameworkMethod.invokeExplosively(FrameworkMethod.java:41)
 [yunitint] 	at org.junit.internal.runners.statements.InvokeMethod.evaluate(InvokeMethod.java:20)
 [yunitint] 	at org.junit.internal.runners.statements.ExpectException.evaluate(ExpectException.java:22)
 [yunitint] 	at org.junit.internal.runners.statements.RunBefores.evaluate(RunBefores.java:28)
 [yunitint] 	at org.junit.internal.runners.statements.RunAfters.evaluate(RunAfters.java:31)
 [yunitint] 	at org.junit.runners.ParentRunner.runLeaf(ParentRunner.java:263)
 [yunitint] 	at org.junit.runners.BlockJUnit4ClassRunner.runChild(BlockJUnit4ClassRunner.java:69)
 [yunitint] 	at org.junit.runners.BlockJUnit4ClassRunner.runChild(BlockJUnit4ClassRunner.java:48)
 [yunitint] 	at org.junit.runners.ParentRunner$3.run(ParentRunner.java:231)
 [yunitint] 	at org.junit.runners.ParentRunner$1.schedule(ParentRunner.java:60)
 [yunitint] 	at org.junit.runners.ParentRunner.runChildren(ParentRunner.java:229)
 [yunitint] 	at org.junit.runners.ParentRunner.access$000(ParentRunner.java:50)
 [yunitint] 	at org.junit.runners.ParentRunner$2.evaluate(ParentRunner.java:222)
 [yunitint] 	at org.junit.runners.ParentRunner.run(ParentRunner.java:292)
 [yunitint] 	at de.hybris.platform.testframework.HybrisJUnit4ClassRunner.run(HybrisJUnit4ClassRunner.java:119)
 [yunitint] 	at junit.framework.JUnit4TestAdapter.run(JUnit4TestAdapter.java:39)
 [yunitint] 	at de.hybris.ant.taskdefs.yunit.JUnitTestRunner.run(JUnitTestRunner.java:547)
 [yunitint] 	at de.hybris.ant.taskdefs.yunit.JUnitTestRunner.launch(JUnitTestRunner.java:1204)
 [yunitint] 	at de.hybris.ant.taskdefs.yunit.JUnitTestRunner.main(JUnitTestRunner.java:994)
 [yunitint] [m[0;32mINFO  [main] [LogRunListener] Finished test method unknownTenant(org.areco.ecommerce.deploymentscripts.core.ScriptConfigurationTest) in 2 seconds
 [yunitint] [mjunit.framework.TestListener: endTest(unknownTenant)
 [yunitint] [0;32mINFO  [main] [LogRunListener] Starting test method testDevEnvironment(org.areco.ecommerce.deploymentscripts.core.ScriptConfigurationTest)
 [yunitint] [m[0;36mDEBUG [main] [ItemCreationListener] Disabling item registration in junit thread for testDevEnvironment(org.areco.ecommerce.deploymentscripts.core.ScriptConfigurationTest) since transaction is enabled
 [yunitint] [m[0;32mINFO  [main] [DeploymentScriptStarter] Running all pending update deployment scripts.
 [yunitint] [m[0;32mINFO  [main] [DeploymentScriptStarter] Running all deployment scripts. RunInitScripts? false
 [yunitint] [m[0;36mDEBUG [main] [DeploymentScriptStarter] The error flag was cleared
 [yunitint] [m[0;36mDEBUG [main] [DeploymentScriptStarter] Running the deployment scripts of the extension: core
 [yunitint] [m[0;36mDEBUG [main] [ImpexInitialConfigurationImporter] The initial configuration was already imported.
 [yunitint] [m[0;36mDEBUG [main] [ArecoDeploymentScriptService] Looking for pending update scripts in the extension core
 [yunitint] [m[0;36mDEBUG [main] [FlexibleSearchScriptExecutionDao] Getting the executed scripts of the extension core
 [yunitint] [m[0;36mDEBUG [main] [ArecoDeploymentScriptService] There aren't any pending UPDATE deployment scripts in the extension core
 [yunitint] [m[0;36mDEBUG [main] [DeploymentScriptStarter] Running the deployment scripts of the extension: hmc
 [yunitint] [m[0;36mDEBUG [main] [ArecoDeploymentScriptService] Looking for pending update scripts in the extension hmc
 [yunitint] [m[0;36mDEBUG [main] [FlexibleSearchScriptExecutionDao] Getting the executed scripts of the extension hmc
 [yunitint] [m[0;36mDEBUG [main] [ArecoDeploymentScriptService] There aren't any pending UPDATE deployment scripts in the extension hmc
 [yunitint] [m[0;36mDEBUG [main] [DeploymentScriptStarter] Running the deployment scripts of the extension: servicelayer
 [yunitint] [m[0;36mDEBUG [main] [ArecoDeploymentScriptService] Looking for pending update scripts in the extension servicelayer
 [yunitint] [m[0;36mDEBUG [main] [FlexibleSearchScriptExecutionDao] Getting the executed scripts of the extension servicelayer
 [yunitint] [m[0;36mDEBUG [main] [ArecoDeploymentScriptService] There aren't any pending UPDATE deployment scripts in the extension servicelayer
 [yunitint] [m[0;36mDEBUG [main] [DeploymentScriptStarter] Running the deployment scripts of the extension: task
 [yunitint] [m[0;36mDEBUG [main] [ArecoDeploymentScriptService] Looking for pending update scripts in the extension task
 [yunitint] [m[0;36mDEBUG [main] [FlexibleSearchScriptExecutionDao] Getting the executed scripts of the extension task
 [yunitint] [m[0;36mDEBUG [main] [ArecoDeploymentScriptService] There aren't any pending UPDATE deployment scripts in the extension task
 [yunitint] [m[0;36mDEBUG [main] [DeploymentScriptStarter] Running the deployment scripts of the extension: paymentstandard
 [yunitint] [m[0;36mDEBUG [main] [ArecoDeploymentScriptService] Looking for pending update scripts in the extension paymentstandard
 [yunitint] [m[0;36mDEBUG [main] [FlexibleSearchScriptExecutionDao] Getting the executed scripts of the extension paymentstandard
 [yunitint] [m[0;36mDEBUG [main] [ArecoDeploymentScriptService] There aren't any pending UPDATE deployment scripts in the extension paymentstandard
 [yunitint] [m[0;36mDEBUG [main] [DeploymentScriptStarter] Running the deployment scripts of the extension: deliveryzone
 [yunitint] [m[0;36mDEBUG [main] [ArecoDeploymentScriptService] Looking for pending update scripts in the extension deliveryzone
 [yunitint] [m[0;36mDEBUG [main] [FlexibleSearchScriptExecutionDao] Getting the executed scripts of the extension deliveryzone
 [yunitint] [m[0;36mDEBUG [main] [ArecoDeploymentScriptService] There aren't any pending UPDATE deployment scripts in the extension deliveryzone
 [yunitint] [m[0;36mDEBUG [main] [DeploymentScriptStarter] Running the deployment scripts of the extension: commons
 [yunitint] [m[0;36mDEBUG [main] [ArecoDeploymentScriptService] Looking for pending update scripts in the extension commons
 [yunitint] [m[0;36mDEBUG [main] [FlexibleSearchScriptExecutionDao] Getting the executed scripts of the extension commons
 [yunitint] [m[0;36mDEBUG [main] [ArecoDeploymentScriptService] There aren't any pending UPDATE deployment scripts in the extension commons
 [yunitint] [m[0;36mDEBUG [main] [DeploymentScriptStarter] Running the deployment scripts of the extension: cronjob
 [yunitint] [m[0;36mDEBUG [main] [ArecoDeploymentScriptService] Looking for pending update scripts in the extension cronjob
 [yunitint] [m[0;36mDEBUG [main] [FlexibleSearchScriptExecutionDao] Getting the executed scripts of the extension cronjob
 [yunitint] [m[0;36mDEBUG [main] [ArecoDeploymentScriptService] There aren't any pending UPDATE deployment scripts in the extension cronjob
 [yunitint] [m[0;36mDEBUG [main] [DeploymentScriptStarter] Running the deployment scripts of the extension: lucenesearch
 [yunitint] [m[0;36mDEBUG [main] [ArecoDeploymentScriptService] Looking for pending update scripts in the extension lucenesearch
 [yunitint] [m[0;36mDEBUG [main] [FlexibleSearchScriptExecutionDao] Getting the executed scripts of the extension lucenesearch
 [yunitint] [m[0;36mDEBUG [main] [ArecoDeploymentScriptService] There aren't any pending UPDATE deployment scripts in the extension lucenesearch
 [yunitint] [m[0;36mDEBUG [main] [DeploymentScriptStarter] Running the deployment scripts of the extension: impex
 [yunitint] [m[0;36mDEBUG [main] [ArecoDeploymentScriptService] Looking for pending update scripts in the extension impex
 [yunitint] [m[0;36mDEBUG [main] [FlexibleSearchScriptExecutionDao] Getting the executed scripts of the extension impex
 [yunitint] [m[0;36mDEBUG [main] [ArecoDeploymentScriptService] There aren't any pending UPDATE deployment scripts in the extension impex
 [yunitint] [m[0;36mDEBUG [main] [DeploymentScriptStarter] Running the deployment scripts of the extension: validation
 [yunitint] [m[0;36mDEBUG [main] [ArecoDeploymentScriptService] Looking for pending update scripts in the extension validation
 [yunitint] [m[0;36mDEBUG [main] [FlexibleSearchScriptExecutionDao] Getting the executed scripts of the extension validation
 [yunitint] [m[0;36mDEBUG [main] [ArecoDeploymentScriptService] There aren't any pending UPDATE deployment scripts in the extension validation
 [yunitint] [m[0;36mDEBUG [main] [DeploymentScriptStarter] Running the deployment scripts of the extension: variants
 [yunitint] [m[0;36mDEBUG [main] [ArecoDeploymentScriptService] Looking for pending update scripts in the extension variants
 [yunitint] [m[0;36mDEBUG [main] [FlexibleSearchScriptExecutionDao] Getting the executed scripts of the extension variants
 [yunitint] [m[0;36mDEBUG [main] [ArecoDeploymentScriptService] There aren't any pending UPDATE deployment scripts in the extension variants
 [yunitint] [m[0;36mDEBUG [main] [DeploymentScriptStarter] Running the deployment scripts of the extension: europe1
 [yunitint] [m[0;36mDEBUG [main] [ArecoDeploymentScriptService] Looking for pending update scripts in the extension europe1
 [yunitint] [m[0;36mDEBUG [main] [FlexibleSearchScriptExecutionDao] Getting the executed scripts of the extension europe1
 [yunitint] [m[0;36mDEBUG [main] [ArecoDeploymentScriptService] There aren't any pending UPDATE deployment scripts in the extension europe1
 [yunitint] [m[0;36mDEBUG [main] [DeploymentScriptStarter] Running the deployment scripts of the extension: category
 [yunitint] [m[0;36mDEBUG [main] [ArecoDeploymentScriptService] Looking for pending update scripts in the extension category
 [yunitint] [m[0;36mDEBUG [main] [FlexibleSearchScriptExecutionDao] Getting the executed scripts of the extension category
 [yunitint] [m[0;36mDEBUG [main] [ArecoDeploymentScriptService] There aren't any pending UPDATE deployment scripts in the extension category
 [yunitint] [m[0;36mDEBUG [main] [DeploymentScriptStarter] Running the deployment scripts of the extension: catalog
 [yunitint] [m[0;36mDEBUG [main] [ArecoDeploymentScriptService] Looking for pending update scripts in the extension catalog
 [yunitint] [m[0;36mDEBUG [main] [FlexibleSearchScriptExecutionDao] Getting the executed scripts of the extension catalog
 [yunitint] [m[0;36mDEBUG [main] [ArecoDeploymentScriptService] There aren't any pending UPDATE deployment scripts in the extension catalog
 [yunitint] [m[0;36mDEBUG [main] [DeploymentScriptStarter] Running the deployment scripts of the extension: virtualjdbc
 [yunitint] [m[0;36mDEBUG [main] [ArecoDeploymentScriptService] Looking for pending update scripts in the extension virtualjdbc
 [yunitint] [m[0;36mDEBUG [main] [FlexibleSearchScriptExecutionDao] Getting the executed scripts of the extension virtualjdbc
 [yunitint] [m[0;36mDEBUG [main] [ArecoDeploymentScriptService] There aren't any pending UPDATE deployment scripts in the extension virtualjdbc
 [yunitint] [m[0;36mDEBUG [main] [DeploymentScriptStarter] Running the deployment scripts of the extension: platformservices
 [yunitint] [m[0;36mDEBUG [main] [ArecoDeploymentScriptService] Looking for pending update scripts in the extension platformservices
 [yunitint] [m[0;36mDEBUG [main] [FlexibleSearchScriptExecutionDao] Getting the executed scripts of the extension platformservices
 [yunitint] [m[0;36mDEBUG [main] [ArecoDeploymentScriptService] There aren't any pending UPDATE deployment scripts in the extension platformservices
 [yunitint] [m[0;36mDEBUG [main] [DeploymentScriptStarter] Running the deployment scripts of the extension: workflow
 [yunitint] [m[0;36mDEBUG [main] [ArecoDeploymentScriptService] Looking for pending update scripts in the extension workflow
 [yunitint] [m[0;36mDEBUG [main] [FlexibleSearchScriptExecutionDao] Getting the executed scripts of the extension workflow
 [yunitint] [m[0;36mDEBUG [main] [ArecoDeploymentScriptService] There aren't any pending UPDATE deployment scripts in the extension workflow
 [yunitint] [m[0;36mDEBUG [main] [DeploymentScriptStarter] Running the deployment scripts of the extension: processengine
 [yunitint] [m[0;36mDEBUG [main] [ArecoDeploymentScriptService] Looking for pending update scripts in the extension processengine
 [yunitint] [m[0;36mDEBUG [main] [FlexibleSearchScriptExecutionDao] Getting the executed scripts of the extension processengine
 [yunitint] [m[0;36mDEBUG [main] [ArecoDeploymentScriptService] There aren't any pending UPDATE deployment scripts in the extension processengine
 [yunitint] [m[0;36mDEBUG [main] [DeploymentScriptStarter] Running the deployment scripts of the extension: ldap
 [yunitint] [m[0;36mDEBUG [main] [ArecoDeploymentScriptService] Looking for pending update scripts in the extension ldap
 [yunitint] [m[0;36mDEBUG [main] [FlexibleSearchScriptExecutionDao] Getting the executed scripts of the extension ldap
 [yunitint] [m[0;36mDEBUG [main] [ArecoDeploymentScriptService] There aren't any pending UPDATE deployment scripts in the extension ldap
 [yunitint] [m[0;36mDEBUG [main] [DeploymentScriptStarter] Running the deployment scripts of the extension: comments
 [yunitint] [m[0;36mDEBUG [main] [ArecoDeploymentScriptService] Looking for pending update scripts in the extension comments
 [yunitint] [m[0;36mDEBUG [main] [FlexibleSearchScriptExecutionDao] Getting the executed scripts of the extension comments
 [yunitint] [m[0;36mDEBUG [main] [ArecoDeploymentScriptService] There aren't any pending UPDATE deployment scripts in the extension comments
 [yunitint] [m[0;36mDEBUG [main] [DeploymentScriptStarter] Running the deployment scripts of the extension: cockpit
 [yunitint] [m[0;36mDEBUG [main] [ArecoDeploymentScriptService] Looking for pending update scripts in the extension cockpit
 [yunitint] [m[0;36mDEBUG [main] [FlexibleSearchScriptExecutionDao] Getting the executed scripts of the extension cockpit
 [yunitint] [m[0;36mDEBUG [main] [ArecoDeploymentScriptService] There aren't any pending UPDATE deployment scripts in the extension cockpit
 [yunitint] [m[0;36mDEBUG [main] [DeploymentScriptStarter] Running the deployment scripts of the extension: mcc
 [yunitint] [m[0;36mDEBUG [main] [ArecoDeploymentScriptService] Looking for pending update scripts in the extension mcc
 [yunitint] [m[0;36mDEBUG [main] [FlexibleSearchScriptExecutionDao] Getting the executed scripts of the extension mcc
 [yunitint] [m[0;36mDEBUG [main] [ArecoDeploymentScriptService] There aren't any pending UPDATE deployment scripts in the extension mcc
 [yunitint] [m[0;36mDEBUG [main] [DeploymentScriptStarter] Running the deployment scripts of the extension: advancedsavedquery
 [yunitint] [m[0;36mDEBUG [main] [ArecoDeploymentScriptService] Looking for pending update scripts in the extension advancedsavedquery
 [yunitint] [m[0;36mDEBUG [main] [FlexibleSearchScriptExecutionDao] Getting the executed scripts of the extension advancedsavedquery
 [yunitint] [m[0;36mDEBUG [main] [ArecoDeploymentScriptService] There aren't any pending UPDATE deployment scripts in the extension advancedsavedquery
 [yunitint] [m[0;36mDEBUG [main] [DeploymentScriptStarter] Running the deployment scripts of the extension: admincockpit
 [yunitint] [m[0;36mDEBUG [main] [ArecoDeploymentScriptService] Looking for pending update scripts in the extension admincockpit
 [yunitint] [m[0;36mDEBUG [main] [FlexibleSearchScriptExecutionDao] Getting the executed scripts of the extension admincockpit
 [yunitint] [m[0;36mDEBUG [main] [ArecoDeploymentScriptService] There aren't any pending UPDATE deployment scripts in the extension admincockpit
 [yunitint] [m[0;36mDEBUG [main] [DeploymentScriptStarter] Running the deployment scripts of the extension: arecoDeploymentScriptsManager
 [yunitint] [m[0;36mDEBUG [main] [ArecoDeploymentScriptService] Looking for pending update scripts in the extension arecoDeploymentScriptsManager
 [yunitint] [m[0;36mDEBUG [main] [FlexibleSearchScriptExecutionDao] Getting the executed scripts of the extension arecoDeploymentScriptsManager
 [yunitint] [m[0;36mDEBUG [main] [AbstractSingleFileScriptStepFactory] Trying to create a single file script step from the file /home/arobirosa/no_backup/deploymentScriptsManager/hybris/bin/custom/arecoDeploymentScriptsManager/resources/test/script-configuration-test/dev-only/20140814_TICKET_DEV_CRONJOBS/01_new_cronjobs.impex
 [yunitint] [m[0;36mDEBUG [main] [AbstractSingleFileScriptStepFactory] Created step: ImpexImportStep [scriptFile=/home/arobirosa/no_backup/deploymentScriptsManager/hybris/bin/custom/arecoDeploymentScriptsManager/resources/test/script-configuration-test/dev-only/20140814_TICKET_DEV_CRONJOBS/01_new_cronjobs.impex]
 [yunitint] [m[0;36mDEBUG [main] [AbstractSingleFileScriptStepFactory] Trying to create a single file script step from the file /home/arobirosa/no_backup/deploymentScriptsManager/hybris/bin/custom/arecoDeploymentScriptsManager/resources/test/script-configuration-test/dev-only/20140814_TICKET_DEV_CRONJOBS/02_remove_sample_cronjobs.impex
 [yunitint] [m[0;36mDEBUG [main] [AbstractSingleFileScriptStepFactory] Created step: ImpexImportStep [scriptFile=/home/arobirosa/no_backup/deploymentScriptsManager/hybris/bin/custom/arecoDeploymentScriptsManager/resources/test/script-configuration-test/dev-only/20140814_TICKET_DEV_CRONJOBS/02_remove_sample_cronjobs.impex]
 [yunitint] [m[0;36mDEBUG [main] [AbstractSingleFileScriptStepFactory] Trying to create a single file script step from the file /home/arobirosa/no_backup/deploymentScriptsManager/hybris/bin/custom/arecoDeploymentScriptsManager/resources/test/script-configuration-test/dev-only/20140814_TICKET_DEV_CRONJOBS/description.txt
 [yunitint] [m[0;36mDEBUG [main] [AbstractSingleFileScriptStepFactory] Trying to create a single file script step from the file /home/arobirosa/no_backup/deploymentScriptsManager/hybris/bin/custom/arecoDeploymentScriptsManager/resources/test/script-configuration-test/dev-only/20140814_TICKET_DEV_CRONJOBS/description.txt
 [yunitint] [m[0;36mDEBUG [main] [AbstractSingleFileScriptStepFactory] Trying to create a single file script step from the file /home/arobirosa/no_backup/deploymentScriptsManager/hybris/bin/custom/arecoDeploymentScriptsManager/resources/test/script-configuration-test/dev-only/20140814_TICKET_DEV_CRONJOBS/description.txt
 [yunitint] [m[0;36mDEBUG [main] [AbstractSingleFileScriptStepFactory] Trying to create a single file script step from the file /home/arobirosa/no_backup/deploymentScriptsManager/hybris/bin/custom/arecoDeploymentScriptsManager/resources/test/script-configuration-test/dev-only/20140814_TICKET_DEV_CRONJOBS/development.conf
 [yunitint] [m[0;36mDEBUG [main] [AbstractSingleFileScriptStepFactory] Trying to create a single file script step from the file /home/arobirosa/no_backup/deploymentScriptsManager/hybris/bin/custom/arecoDeploymentScriptsManager/resources/test/script-configuration-test/dev-only/20140814_TICKET_DEV_CRONJOBS/development.conf
 [yunitint] [m[0;36mDEBUG [main] [AbstractSingleFileScriptStepFactory] Trying to create a single file script step from the file /home/arobirosa/no_backup/deploymentScriptsManager/hybris/bin/custom/arecoDeploymentScriptsManager/resources/test/script-configuration-test/dev-only/20140814_TICKET_DEV_CRONJOBS/development.conf
 [yunitint] [m[0;36mDEBUG [main] [PropertyFileDeploymentScriptConfigurationReader] Reading configuration from the directory /home/arobirosa/no_backup/deploymentScriptsManager/hybris/bin/custom/arecoDeploymentScriptsManager/resources/test/script-configuration-test/dev-only/20140814_TICKET_DEV_CRONJOBS
 [yunitint] [m[0;36mDEBUG [main] [ArecoDeploymentScriptService] Running update scripts of the extension arecoDeploymentScriptsManager
 [yunitint] [m[0;36mDEBUG [main] [DeploymentScript2ExecutionConverter] Creating an script execution model from the deployment script DeploymentScript [name=20140814_TICKET_DEV_CRONJOBS, extensionName=arecoDeploymentScriptsManager, orderedSteps=[ImpexImportStep [scriptFile=/home/arobirosa/no_backup/deploymentScriptsManager/hybris/bin/custom/arecoDeploymentScriptsManager/resources/test/script-configuration-test/dev-only/20140814_TICKET_DEV_CRONJOBS/01_new_cronjobs.impex], ImpexImportStep [scriptFile=/home/arobirosa/no_backup/deploymentScriptsManager/hybris/bin/custom/arecoDeploymentScriptsManager/resources/test/script-configuration-test/dev-only/20140814_TICKET_DEV_CRONJOBS/02_remove_sample_cronjobs.impex]], phase=UPDATE, configuration=org.areco.ecommerce.deploymentscripts.core.impl.PropertyFileDeploymentScriptConfiguration@409fb0]
 [yunitint] [m[0;36mDEBUG [main] [DeploymentScript] Running arecoDeploymentScriptsManager:20140814_TICKET_DEV_CRONJOBS - Start
 [yunitint] [m[0;36mDEBUG [main] [FlexibleSearchDeploymentEnvironmentDAO] Loading the environments: [TEST, DEV]
 [yunitint] [m[0;36mDEBUG [main] [FlexibleSearchDeploymentEnvironmentDAO] Loading the environments: [DEV]
 [yunitint] [m[0;36mDEBUG [main] [ImpexImportStep] Running the step 01_new_cronjobs.impex
 [yunitint] [m[0;36mDEBUG [main] [LocalizedImpexImportService] Code of the impex locale: 'en_US'.
 [yunitint] [m[0;32mINFO  [main] [Importer] Finished 1 pass in 0d 00h:00m:00s:717ms - processed: 2, no lines dumped (last pass 0)
 [yunitint] [m[0;36mDEBUG [main] [ImpexImportStep] Running the step 02_remove_sample_cronjobs.impex
 [yunitint] [m[0;36mDEBUG [main] [LocalizedImpexImportService] Code of the impex locale: 'en_US'.
 [yunitint] [m[0;32mINFO  [main] [ImpExImportReader] no result provided for value line ValueLine[,line 3 at main script,null,HeaderDescriptor[line 2 at main script, remove, CronJob, {}, [code] ],{1=ValueEntry('testArecoDeploymenScriptCronJob'=testArecoDeploymenScriptCronJob,unresolved=false,ignore=false), 2=ValueEntry(''=null,unresolved=null,ignore=false)}]
 [yunitint] [m[0;32mINFO  [main] [ImpExImportReader] no result provided for value line ValueLine[,line 6 at main script,null,HeaderDescriptor[line 5 at main script, remove, ServicelayerJob, {}, [code] ],{1=ValueEntry('testArecoDeploymenScriptMissingJob'=testArecoDeploymenScriptMissingJob,unresolved=false,ignore=false), 2=ValueEntry(''=null,unresolved=null,ignore=false)}]
 [yunitint] [m[0;32mINFO  [main] [Importer] Finished 1 pass in 0d 00h:00m:00s:005ms - processed: 2, no lines dumped (last pass 0)
 [yunitint] [m[0;36mDEBUG [main] [DeploymentScript] Running arecoDeploymentScriptsManager:20140814_TICKET_DEV_CRONJOBS - Ended successfully
 [yunitint] [m[0;32mINFO  [main] [UpdatingSystemExtensionContext] The deployment script 20140814_TICKET_DEV_CRONJOBS was executed: Success.
 [yunitint] [m[0;36mDEBUG [main] [ArecoDeploymentScriptService] Finished running update scripts of the extension arecoDeploymentScriptsManager
 [yunitint] [m[0;36mDEBUG [main] [DeploymentScriptStarter] Running the deployment scripts of the extension: arecoDeploymentScriptsExamples
 [yunitint] [m[0;36mDEBUG [main] [ArecoDeploymentScriptService] Looking for pending update scripts in the extension arecoDeploymentScriptsExamples
 [yunitint] [m[0;36mDEBUG [main] [FlexibleSearchScriptExecutionDao] Getting the executed scripts of the extension arecoDeploymentScriptsExamples
 [yunitint] [m[0;36mDEBUG [main] [ArecoDeploymentScriptService] There aren't any pending UPDATE deployment scripts in the extension arecoDeploymentScriptsExamples
 [yunitint] [m[0;36mDEBUG [main] [DeploymentScriptResultAsserter] Getting the execution of the script 20140814_TICKET_DEV_CRONJOBS
 [yunitint] [m[0;32mINFO  [main] [LogRunListener] Finished test method testDevEnvironment(org.areco.ecommerce.deploymentscripts.core.ScriptConfigurationTest) in 3 seconds
 [yunitint] [mjunit.framework.TestListener: endTest(testDevEnvironment)
 [yunitint] [0;32mINFO  [main] [LogRunListener] Starting test method unknownEnvironment(org.areco.ecommerce.deploymentscripts.core.ScriptConfigurationTest)
 [yunitint] [m[0;36mDEBUG [main] [ItemCreationListener] Disabling item registration in junit thread for unknownEnvironment(org.areco.ecommerce.deploymentscripts.core.ScriptConfigurationTest) since transaction is enabled
 [yunitint] [m[0;32mINFO  [main] [DeploymentScriptStarter] Running all pending update deployment scripts.
 [yunitint] [m[0;32mINFO  [main] [DeploymentScriptStarter] Running all deployment scripts. RunInitScripts? false
 [yunitint] [m[0;36mDEBUG [main] [DeploymentScriptStarter] The error flag was cleared
 [yunitint] [m[0;36mDEBUG [main] [DeploymentScriptStarter] Running the deployment scripts of the extension: core
 [yunitint] [m[0;36mDEBUG [main] [ImpexInitialConfigurationImporter] The initial configuration was already imported.
 [yunitint] [m[0;36mDEBUG [main] [ArecoDeploymentScriptService] Looking for pending update scripts in the extension core
 [yunitint] [m[0;36mDEBUG [main] [FlexibleSearchScriptExecutionDao] Getting the executed scripts of the extension core
 [yunitint] [m[0;36mDEBUG [main] [ArecoDeploymentScriptService] There aren't any pending UPDATE deployment scripts in the extension core
 [yunitint] [m[0;36mDEBUG [main] [DeploymentScriptStarter] Running the deployment scripts of the extension: hmc
 [yunitint] [m[0;36mDEBUG [main] [ArecoDeploymentScriptService] Looking for pending update scripts in the extension hmc
 [yunitint] [m[0;36mDEBUG [main] [FlexibleSearchScriptExecutionDao] Getting the executed scripts of the extension hmc
 [yunitint] [m[0;36mDEBUG [main] [ArecoDeploymentScriptService] There aren't any pending UPDATE deployment scripts in the extension hmc
 [yunitint] [m[0;36mDEBUG [main] [DeploymentScriptStarter] Running the deployment scripts of the extension: servicelayer
 [yunitint] [m[0;36mDEBUG [main] [ArecoDeploymentScriptService] Looking for pending update scripts in the extension servicelayer
 [yunitint] [m[0;36mDEBUG [main] [FlexibleSearchScriptExecutionDao] Getting the executed scripts of the extension servicelayer
 [yunitint] [m[0;36mDEBUG [main] [ArecoDeploymentScriptService] There aren't any pending UPDATE deployment scripts in the extension servicelayer
 [yunitint] [m[0;36mDEBUG [main] [DeploymentScriptStarter] Running the deployment scripts of the extension: task
 [yunitint] [m[0;36mDEBUG [main] [ArecoDeploymentScriptService] Looking for pending update scripts in the extension task
 [yunitint] [m[0;36mDEBUG [main] [FlexibleSearchScriptExecutionDao] Getting the executed scripts of the extension task
 [yunitint] [m[0;36mDEBUG [main] [ArecoDeploymentScriptService] There aren't any pending UPDATE deployment scripts in the extension task
 [yunitint] [m[0;36mDEBUG [main] [DeploymentScriptStarter] Running the deployment scripts of the extension: paymentstandard
 [yunitint] [m[0;36mDEBUG [main] [ArecoDeploymentScriptService] Looking for pending update scripts in the extension paymentstandard
 [yunitint] [m[0;36mDEBUG [main] [FlexibleSearchScriptExecutionDao] Getting the executed scripts of the extension paymentstandard
 [yunitint] [m[0;36mDEBUG [main] [ArecoDeploymentScriptService] There aren't any pending UPDATE deployment scripts in the extension paymentstandard
 [yunitint] [m[0;36mDEBUG [main] [DeploymentScriptStarter] Running the deployment scripts of the extension: deliveryzone
 [yunitint] [m[0;36mDEBUG [main] [ArecoDeploymentScriptService] Looking for pending update scripts in the extension deliveryzone
 [yunitint] [m[0;36mDEBUG [main] [FlexibleSearchScriptExecutionDao] Getting the executed scripts of the extension deliveryzone
 [yunitint] [m[0;36mDEBUG [main] [ArecoDeploymentScriptService] There aren't any pending UPDATE deployment scripts in the extension deliveryzone
 [yunitint] [m[0;36mDEBUG [main] [DeploymentScriptStarter] Running the deployment scripts of the extension: commons
 [yunitint] [m[0;36mDEBUG [main] [ArecoDeploymentScriptService] Looking for pending update scripts in the extension commons
 [yunitint] [m[0;36mDEBUG [main] [FlexibleSearchScriptExecutionDao] Getting the executed scripts of the extension commons
 [yunitint] [m[0;36mDEBUG [main] [ArecoDeploymentScriptService] There aren't any pending UPDATE deployment scripts in the extension commons
 [yunitint] [m[0;36mDEBUG [main] [DeploymentScriptStarter] Running the deployment scripts of the extension: cronjob
 [yunitint] [m[0;36mDEBUG [main] [ArecoDeploymentScriptService] Looking for pending update scripts in the extension cronjob
 [yunitint] [m[0;36mDEBUG [main] [FlexibleSearchScriptExecutionDao] Getting the executed scripts of the extension cronjob
 [yunitint] [m[0;36mDEBUG [main] [ArecoDeploymentScriptService] There aren't any pending UPDATE deployment scripts in the extension cronjob
 [yunitint] [m[0;36mDEBUG [main] [DeploymentScriptStarter] Running the deployment scripts of the extension: lucenesearch
 [yunitint] [m[0;36mDEBUG [main] [ArecoDeploymentScriptService] Looking for pending update scripts in the extension lucenesearch
 [yunitint] [m[0;36mDEBUG [main] [FlexibleSearchScriptExecutionDao] Getting the executed scripts of the extension lucenesearch
 [yunitint] [m[0;36mDEBUG [main] [ArecoDeploymentScriptService] There aren't any pending UPDATE deployment scripts in the extension lucenesearch
 [yunitint] [m[0;36mDEBUG [main] [DeploymentScriptStarter] Running the deployment scripts of the extension: impex
 [yunitint] [m[0;36mDEBUG [main] [ArecoDeploymentScriptService] Looking for pending update scripts in the extension impex
 [yunitint] [m[0;36mDEBUG [main] [FlexibleSearchScriptExecutionDao] Getting the executed scripts of the extension impex
 [yunitint] [m[0;36mDEBUG [main] [ArecoDeploymentScriptService] There aren't any pending UPDATE deployment scripts in the extension impex
 [yunitint] [m[0;36mDEBUG [main] [DeploymentScriptStarter] Running the deployment scripts of the extension: validation
 [yunitint] [m[0;36mDEBUG [main] [ArecoDeploymentScriptService] Looking for pending update scripts in the extension validation
 [yunitint] [m[0;36mDEBUG [main] [FlexibleSearchScriptExecutionDao] Getting the executed scripts of the extension validation
 [yunitint] [m[0;36mDEBUG [main] [ArecoDeploymentScriptService] There aren't any pending UPDATE deployment scripts in the extension validation
 [yunitint] [m[0;36mDEBUG [main] [DeploymentScriptStarter] Running the deployment scripts of the extension: variants
 [yunitint] [m[0;36mDEBUG [main] [ArecoDeploymentScriptService] Looking for pending update scripts in the extension variants
 [yunitint] [m[0;36mDEBUG [main] [FlexibleSearchScriptExecutionDao] Getting the executed scripts of the extension variants
 [yunitint] [m[0;36mDEBUG [main] [ArecoDeploymentScriptService] There aren't any pending UPDATE deployment scripts in the extension variants
 [yunitint] [m[0;36mDEBUG [main] [DeploymentScriptStarter] Running the deployment scripts of the extension: europe1
 [yunitint] [m[0;36mDEBUG [main] [ArecoDeploymentScriptService] Looking for pending update scripts in the extension europe1
 [yunitint] [m[0;36mDEBUG [main] [FlexibleSearchScriptExecutionDao] Getting the executed scripts of the extension europe1
 [yunitint] [m[0;36mDEBUG [main] [ArecoDeploymentScriptService] There aren't any pending UPDATE deployment scripts in the extension europe1
 [yunitint] [m[0;36mDEBUG [main] [DeploymentScriptStarter] Running the deployment scripts of the extension: category
 [yunitint] [m[0;36mDEBUG [main] [ArecoDeploymentScriptService] Looking for pending update scripts in the extension category
 [yunitint] [m[0;36mDEBUG [main] [FlexibleSearchScriptExecutionDao] Getting the executed scripts of the extension category
 [yunitint] [m[0;36mDEBUG [main] [ArecoDeploymentScriptService] There aren't any pending UPDATE deployment scripts in the extension category
 [yunitint] [m[0;36mDEBUG [main] [DeploymentScriptStarter] Running the deployment scripts of the extension: catalog
 [yunitint] [m[0;36mDEBUG [main] [ArecoDeploymentScriptService] Looking for pending update scripts in the extension catalog
 [yunitint] [m[0;36mDEBUG [main] [FlexibleSearchScriptExecutionDao] Getting the executed scripts of the extension catalog
 [yunitint] [m[0;36mDEBUG [main] [ArecoDeploymentScriptService] There aren't any pending UPDATE deployment scripts in the extension catalog
 [yunitint] [m[0;36mDEBUG [main] [DeploymentScriptStarter] Running the deployment scripts of the extension: virtualjdbc
 [yunitint] [m[0;36mDEBUG [main] [ArecoDeploymentScriptService] Looking for pending update scripts in the extension virtualjdbc
 [yunitint] [m[0;36mDEBUG [main] [FlexibleSearchScriptExecutionDao] Getting the executed scripts of the extension virtualjdbc
 [yunitint] [m[0;36mDEBUG [main] [ArecoDeploymentScriptService] There aren't any pending UPDATE deployment scripts in the extension virtualjdbc
 [yunitint] [m[0;36mDEBUG [main] [DeploymentScriptStarter] Running the deployment scripts of the extension: platformservices
 [yunitint] [m[0;36mDEBUG [main] [ArecoDeploymentScriptService] Looking for pending update scripts in the extension platformservices
 [yunitint] [m[0;36mDEBUG [main] [FlexibleSearchScriptExecutionDao] Getting the executed scripts of the extension platformservices
 [yunitint] [m[0;36mDEBUG [main] [ArecoDeploymentScriptService] There aren't any pending UPDATE deployment scripts in the extension platformservices
 [yunitint] [m[0;36mDEBUG [main] [DeploymentScriptStarter] Running the deployment scripts of the extension: workflow
 [yunitint] [m[0;36mDEBUG [main] [ArecoDeploymentScriptService] Looking for pending update scripts in the extension workflow
 [yunitint] [m[0;36mDEBUG [main] [FlexibleSearchScriptExecutionDao] Getting the executed scripts of the extension workflow
 [yunitint] [m[0;36mDEBUG [main] [ArecoDeploymentScriptService] There aren't any pending UPDATE deployment scripts in the extension workflow
 [yunitint] [m[0;36mDEBUG [main] [DeploymentScriptStarter] Running the deployment scripts of the extension: processengine
 [yunitint] [m[0;36mDEBUG [main] [ArecoDeploymentScriptService] Looking for pending update scripts in the extension processengine
 [yunitint] [m[0;36mDEBUG [main] [FlexibleSearchScriptExecutionDao] Getting the executed scripts of the extension processengine
 [yunitint] [m[0;36mDEBUG [main] [ArecoDeploymentScriptService] There aren't any pending UPDATE deployment scripts in the extension processengine
 [yunitint] [m[0;36mDEBUG [main] [DeploymentScriptStarter] Running the deployment scripts of the extension: ldap
 [yunitint] [m[0;36mDEBUG [main] [ArecoDeploymentScriptService] Looking for pending update scripts in the extension ldap
 [yunitint] [m[0;36mDEBUG [main] [FlexibleSearchScriptExecutionDao] Getting the executed scripts of the extension ldap
 [yunitint] [m[0;36mDEBUG [main] [ArecoDeploymentScriptService] There aren't any pending UPDATE deployment scripts in the extension ldap
 [yunitint] [m[0;36mDEBUG [main] [DeploymentScriptStarter] Running the deployment scripts of the extension: comments
 [yunitint] [m[0;36mDEBUG [main] [ArecoDeploymentScriptService] Looking for pending update scripts in the extension comments
 [yunitint] [m[0;36mDEBUG [main] [FlexibleSearchScriptExecutionDao] Getting the executed scripts of the extension comments
 [yunitint] [m[0;36mDEBUG [main] [ArecoDeploymentScriptService] There aren't any pending UPDATE deployment scripts in the extension comments
 [yunitint] [m[0;36mDEBUG [main] [DeploymentScriptStarter] Running the deployment scripts of the extension: cockpit
 [yunitint] [m[0;36mDEBUG [main] [ArecoDeploymentScriptService] Looking for pending update scripts in the extension cockpit
 [yunitint] [m[0;36mDEBUG [main] [FlexibleSearchScriptExecutionDao] Getting the executed scripts of the extension cockpit
 [yunitint] [m[0;36mDEBUG [main] [ArecoDeploymentScriptService] There aren't any pending UPDATE deployment scripts in the extension cockpit
 [yunitint] [m[0;36mDEBUG [main] [DeploymentScriptStarter] Running the deployment scripts of the extension: mcc
 [yunitint] [m[0;36mDEBUG [main] [ArecoDeploymentScriptService] Looking for pending update scripts in the extension mcc
 [yunitint] [m[0;36mDEBUG [main] [FlexibleSearchScriptExecutionDao] Getting the executed scripts of the extension mcc
 [yunitint] [m[0;36mDEBUG [main] [ArecoDeploymentScriptService] There aren't any pending UPDATE deployment scripts in the extension mcc
 [yunitint] [m[0;36mDEBUG [main] [DeploymentScriptStarter] Running the deployment scripts of the extension: advancedsavedquery
 [yunitint] [m[0;36mDEBUG [main] [ArecoDeploymentScriptService] Looking for pending update scripts in the extension advancedsavedquery
 [yunitint] [m[0;36mDEBUG [main] [FlexibleSearchScriptExecutionDao] Getting the executed scripts of the extension advancedsavedquery
 [yunitint] [m[0;36mDEBUG [main] [ArecoDeploymentScriptService] There aren't any pending UPDATE deployment scripts in the extension advancedsavedquery
 [yunitint] [m[0;36mDEBUG [main] [DeploymentScriptStarter] Running the deployment scripts of the extension: admincockpit
 [yunitint] [m[0;36mDEBUG [main] [ArecoDeploymentScriptService] Looking for pending update scripts in the extension admincockpit
 [yunitint] [m[0;36mDEBUG [main] [FlexibleSearchScriptExecutionDao] Getting the executed scripts of the extension admincockpit
 [yunitint] [m[0;36mDEBUG [main] [ArecoDeploymentScriptService] There aren't any pending UPDATE deployment scripts in the extension admincockpit
 [yunitint] [m[0;36mDEBUG [main] [DeploymentScriptStarter] Running the deployment scripts of the extension: arecoDeploymentScriptsManager
 [yunitint] [m[0;36mDEBUG [main] [ArecoDeploymentScriptService] Looking for pending update scripts in the extension arecoDeploymentScriptsManager
 [yunitint] [m[0;36mDEBUG [main] [FlexibleSearchScriptExecutionDao] Getting the executed scripts of the extension arecoDeploymentScriptsManager
 [yunitint] [m[0;36mDEBUG [main] [AbstractSingleFileScriptStepFactory] Trying to create a single file script step from the file /home/arobirosa/no_backup/deploymentScriptsManager/hybris/bin/custom/arecoDeploymentScriptsManager/resources/test/script-configuration-test/unknown-environment/20140814_TICKET_ADD_DEV_CRONJOBS/01_new_cronjobs.impex
 [yunitint] [m[0;36mDEBUG [main] [AbstractSingleFileScriptStepFactory] Created step: ImpexImportStep [scriptFile=/home/arobirosa/no_backup/deploymentScriptsManager/hybris/bin/custom/arecoDeploymentScriptsManager/resources/test/script-configuration-test/unknown-environment/20140814_TICKET_ADD_DEV_CRONJOBS/01_new_cronjobs.impex]
 [yunitint] [m[0;36mDEBUG [main] [AbstractSingleFileScriptStepFactory] Trying to create a single file script step from the file /home/arobirosa/no_backup/deploymentScriptsManager/hybris/bin/custom/arecoDeploymentScriptsManager/resources/test/script-configuration-test/unknown-environment/20140814_TICKET_ADD_DEV_CRONJOBS/02_remove_sample_cronjobs.impex
 [yunitint] [m[0;36mDEBUG [main] [AbstractSingleFileScriptStepFactory] Created step: ImpexImportStep [scriptFile=/home/arobirosa/no_backup/deploymentScriptsManager/hybris/bin/custom/arecoDeploymentScriptsManager/resources/test/script-configuration-test/unknown-environment/20140814_TICKET_ADD_DEV_CRONJOBS/02_remove_sample_cronjobs.impex]
 [yunitint] [m[0;36mDEBUG [main] [AbstractSingleFileScriptStepFactory] Trying to create a single file script step from the file /home/arobirosa/no_backup/deploymentScriptsManager/hybris/bin/custom/arecoDeploymentScriptsManager/resources/test/script-configuration-test/unknown-environment/20140814_TICKET_ADD_DEV_CRONJOBS/description.txt
 [yunitint] [m[0;36mDEBUG [main] [AbstractSingleFileScriptStepFactory] Trying to create a single file script step from the file /home/arobirosa/no_backup/deploymentScriptsManager/hybris/bin/custom/arecoDeploymentScriptsManager/resources/test/script-configuration-test/unknown-environment/20140814_TICKET_ADD_DEV_CRONJOBS/description.txt
 [yunitint] [m[0;36mDEBUG [main] [AbstractSingleFileScriptStepFactory] Trying to create a single file script step from the file /home/arobirosa/no_backup/deploymentScriptsManager/hybris/bin/custom/arecoDeploymentScriptsManager/resources/test/script-configuration-test/unknown-environment/20140814_TICKET_ADD_DEV_CRONJOBS/description.txt
 [yunitint] [m[0;36mDEBUG [main] [AbstractSingleFileScriptStepFactory] Trying to create a single file script step from the file /home/arobirosa/no_backup/deploymentScriptsManager/hybris/bin/custom/arecoDeploymentScriptsManager/resources/test/script-configuration-test/unknown-environment/20140814_TICKET_ADD_DEV_CRONJOBS/unkown-environment.conf
 [yunitint] [m[0;36mDEBUG [main] [AbstractSingleFileScriptStepFactory] Trying to create a single file script step from the file /home/arobirosa/no_backup/deploymentScriptsManager/hybris/bin/custom/arecoDeploymentScriptsManager/resources/test/script-configuration-test/unknown-environment/20140814_TICKET_ADD_DEV_CRONJOBS/unkown-environment.conf
 [yunitint] [m[0;36mDEBUG [main] [AbstractSingleFileScriptStepFactory] Trying to create a single file script step from the file /home/arobirosa/no_backup/deploymentScriptsManager/hybris/bin/custom/arecoDeploymentScriptsManager/resources/test/script-configuration-test/unknown-environment/20140814_TICKET_ADD_DEV_CRONJOBS/unkown-environment.conf
 [yunitint] [m[0;36mDEBUG [main] [PropertyFileDeploymentScriptConfigurationReader] Reading configuration from the directory /home/arobirosa/no_backup/deploymentScriptsManager/hybris/bin/custom/arecoDeploymentScriptsManager/resources/test/script-configuration-test/unknown-environment/20140814_TICKET_ADD_DEV_CRONJOBS
 [yunitint] [m[0;36mDEBUG [main] [ArecoDeploymentScriptService] Running update scripts of the extension arecoDeploymentScriptsManager
 [yunitint] [m[0;36mDEBUG [main] [DeploymentScript2ExecutionConverter] Creating an script execution model from the deployment script DeploymentScript [name=20140814_TICKET_ADD_DEV_CRONJOBS, extensionName=arecoDeploymentScriptsManager, orderedSteps=[ImpexImportStep [scriptFile=/home/arobirosa/no_backup/deploymentScriptsManager/hybris/bin/custom/arecoDeploymentScriptsManager/resources/test/script-configuration-test/unknown-environment/20140814_TICKET_ADD_DEV_CRONJOBS/01_new_cronjobs.impex], ImpexImportStep [scriptFile=/home/arobirosa/no_backup/deploymentScriptsManager/hybris/bin/custom/arecoDeploymentScriptsManager/resources/test/script-configuration-test/unknown-environment/20140814_TICKET_ADD_DEV_CRONJOBS/02_remove_sample_cronjobs.impex]], phase=UPDATE, configuration=org.areco.ecommerce.deploymentscripts.core.impl.PropertyFileDeploymentScriptConfiguration@11486cd]
 [yunitint] [m[0;36mDEBUG [main] [DeploymentScript] Running arecoDeploymentScriptsManager:20140814_TICKET_ADD_DEV_CRONJOBS - Start
 [yunitint] [m[0;36mDEBUG [main] [FlexibleSearchDeploymentEnvironmentDAO] Loading the environments: [DEVELOPMENT_AND_TESTING]
 [yunitint] [m[0;31mERROR [main] [DeploymentScriptStarter] There was an error running the deployment scripts: Some environments don't exist. Please check that these names are valid: [DEVELOPMENT_AND_TESTING]
 [yunitint] java.lang.IllegalStateException: Some environments don't exist. Please check that these names are valid: [DEVELOPMENT_AND_TESTING]
 [yunitint] 	at org.areco.ecommerce.deploymentscripts.core.impl.FlexibleSearchDeploymentEnvironmentDAO.loadEnvironments(FlexibleSearchDeploymentEnvironmentDAO.java:77)
 [yunitint] 	at org.areco.ecommerce.deploymentscripts.core.impl.PropertyFileDeploymentScriptConfiguration.isCurrentEnvironmentIn(PropertyFileDeploymentScriptConfiguration.java:101)
 [yunitint] 	at org.areco.ecommerce.deploymentscripts.core.impl.PropertyFileDeploymentScriptConfiguration.isAllowedInThisDeploymentEnvironment(PropertyFileDeploymentScriptConfiguration.java:74)
 [yunitint] 	at org.areco.ecommerce.deploymentscripts.core.impl.PropertyFileDeploymentScriptConfiguration.isAllowedInThisServer(PropertyFileDeploymentScriptConfiguration.java:64)
 [yunitint] 	at org.areco.ecommerce.deploymentscripts.core.DeploymentScript.run(DeploymentScript.java:67)
 [yunitint] 	at org.areco.ecommerce.deploymentscripts.core.impl.ArecoDeploymentScriptsRunner.run(ArecoDeploymentScriptsRunner.java:70)
 [yunitint] 	at org.areco.ecommerce.deploymentscripts.core.impl.ArecoDeploymentScriptService.runDeploymentScripts(ArecoDeploymentScriptService.java:82)
 [yunitint] 	at org.areco.ecommerce.deploymentscripts.core.DeploymentScriptStarter.runDeploymentScriptsAndHandleErrors(DeploymentScriptStarter.java:139)
 [yunitint] 	at org.areco.ecommerce.deploymentscripts.core.DeploymentScriptStarter.runDeploymentScripts(DeploymentScriptStarter.java:117)
 [yunitint] 	at org.areco.ecommerce.deploymentscripts.core.DeploymentScriptStarter.runAllPendingScripts(DeploymentScriptStarter.java:171)
 [yunitint] 	at org.areco.ecommerce.deploymentscripts.core.DeploymentScriptStarter.runAllPendingScripts(DeploymentScriptStarter.java:160)
 [yunitint] 	at org.areco.ecommerce.deploymentscripts.core.ScriptConfigurationTest.unknownEnvironment(ScriptConfigurationTest.java:102)
 [yunitint] 	at sun.reflect.NativeMethodAccessorImpl.invoke0(Native Method)
 [yunitint] 	at sun.reflect.NativeMethodAccessorImpl.invoke(NativeMethodAccessorImpl.java:57)
 [yunitint] 	at sun.reflect.DelegatingMethodAccessorImpl.invoke(DelegatingMethodAccessorImpl.java:43)
 [yunitint] 	at java.lang.reflect.Method.invoke(Method.java:606)
 [yunitint] 	at org.junit.runners.model.FrameworkMethod$1.runReflectiveCall(FrameworkMethod.java:44)
 [yunitint] 	at org.junit.internal.runners.model.ReflectiveCallable.run(ReflectiveCallable.java:15)
 [yunitint] 	at org.junit.runners.model.FrameworkMethod.invokeExplosively(FrameworkMethod.java:41)
 [yunitint] 	at org.junit.internal.runners.statements.InvokeMethod.evaluate(InvokeMethod.java:20)
 [yunitint] 	at org.junit.internal.runners.statements.ExpectException.evaluate(ExpectException.java:22)
 [yunitint] 	at org.junit.internal.runners.statements.RunBefores.evaluate(RunBefores.java:28)
 [yunitint] 	at org.junit.internal.runners.statements.RunAfters.evaluate(RunAfters.java:31)
 [yunitint] 	at org.junit.runners.ParentRunner.runLeaf(ParentRunner.java:263)
 [yunitint] 	at org.junit.runners.BlockJUnit4ClassRunner.runChild(BlockJUnit4ClassRunner.java:69)
 [yunitint] 	at org.junit.runners.BlockJUnit4ClassRunner.runChild(BlockJUnit4ClassRunner.java:48)
 [yunitint] 	at org.junit.runners.ParentRunner$3.run(ParentRunner.java:231)
 [yunitint] 	at org.junit.runners.ParentRunner$1.schedule(ParentRunner.java:60)
 [yunitint] 	at org.junit.runners.ParentRunner.runChildren(ParentRunner.java:229)
 [yunitint] 	at org.junit.runners.ParentRunner.access$000(ParentRunner.java:50)
 [yunitint] 	at org.junit.runners.ParentRunner$2.evaluate(ParentRunner.java:222)
 [yunitint] 	at org.junit.runners.ParentRunner.run(ParentRunner.java:292)
 [yunitint] 	at de.hybris.platform.testframework.HybrisJUnit4ClassRunner.run(HybrisJUnit4ClassRunner.java:119)
 [yunitint] 	at junit.framework.JUnit4TestAdapter.run(JUnit4TestAdapter.java:39)
 [yunitint] 	at de.hybris.ant.taskdefs.yunit.JUnitTestRunner.run(JUnitTestRunner.java:547)
 [yunitint] 	at de.hybris.ant.taskdefs.yunit.JUnitTestRunner.launch(JUnitTestRunner.java:1204)
 [yunitint] 	at de.hybris.ant.taskdefs.yunit.JUnitTestRunner.main(JUnitTestRunner.java:994)
 [yunitint] [m[0;32mINFO  [main] [LogRunListener] Finished test method unknownEnvironment(org.areco.ecommerce.deploymentscripts.core.ScriptConfigurationTest) in 2 seconds
 [yunitint] [mjunit.framework.TestListener: endTest(unknownEnvironment)
 [yunitint] [0;32mINFO  [main] [LogRunListener] Starting test method otherTenant(org.areco.ecommerce.deploymentscripts.core.ScriptConfigurationTest)
 [yunitint] [m[0;36mDEBUG [main] [ItemCreationListener] Disabling item registration in junit thread for otherTenant(org.areco.ecommerce.deploymentscripts.core.ScriptConfigurationTest) since transaction is enabled
 [yunitint] [m[0;32mINFO  [main] [DeploymentScriptStarter] Running all pending update deployment scripts.
 [yunitint] [m[0;32mINFO  [main] [DeploymentScriptStarter] Running all deployment scripts. RunInitScripts? false
 [yunitint] [m[0;36mDEBUG [main] [DeploymentScriptStarter] The error flag was cleared
 [yunitint] [m[0;36mDEBUG [main] [DeploymentScriptStarter] Running the deployment scripts of the extension: core
 [yunitint] [m[0;36mDEBUG [main] [ImpexInitialConfigurationImporter] The initial configuration was already imported.
 [yunitint] [m[0;36mDEBUG [main] [ArecoDeploymentScriptService] Looking for pending update scripts in the extension core
 [yunitint] [m[0;36mDEBUG [main] [FlexibleSearchScriptExecutionDao] Getting the executed scripts of the extension core
 [yunitint] [m[0;36mDEBUG [main] [ArecoDeploymentScriptService] There aren't any pending UPDATE deployment scripts in the extension core
 [yunitint] [m[0;36mDEBUG [main] [DeploymentScriptStarter] Running the deployment scripts of the extension: hmc
 [yunitint] [m[0;36mDEBUG [main] [ArecoDeploymentScriptService] Looking for pending update scripts in the extension hmc
 [yunitint] [m[0;36mDEBUG [main] [FlexibleSearchScriptExecutionDao] Getting the executed scripts of the extension hmc
 [yunitint] [m[0;36mDEBUG [main] [ArecoDeploymentScriptService] There aren't any pending UPDATE deployment scripts in the extension hmc
 [yunitint] [m[0;36mDEBUG [main] [DeploymentScriptStarter] Running the deployment scripts of the extension: servicelayer
 [yunitint] [m[0;36mDEBUG [main] [ArecoDeploymentScriptService] Looking for pending update scripts in the extension servicelayer
 [yunitint] [m[0;36mDEBUG [main] [FlexibleSearchScriptExecutionDao] Getting the executed scripts of the extension servicelayer
 [yunitint] [m[0;36mDEBUG [main] [ArecoDeploymentScriptService] There aren't any pending UPDATE deployment scripts in the extension servicelayer
 [yunitint] [m[0;36mDEBUG [main] [DeploymentScriptStarter] Running the deployment scripts of the extension: task
 [yunitint] [m[0;36mDEBUG [main] [ArecoDeploymentScriptService] Looking for pending update scripts in the extension task
 [yunitint] [m[0;36mDEBUG [main] [FlexibleSearchScriptExecutionDao] Getting the executed scripts of the extension task
 [yunitint] [m[0;36mDEBUG [main] [ArecoDeploymentScriptService] There aren't any pending UPDATE deployment scripts in the extension task
 [yunitint] [m[0;36mDEBUG [main] [DeploymentScriptStarter] Running the deployment scripts of the extension: paymentstandard
 [yunitint] [m[0;36mDEBUG [main] [ArecoDeploymentScriptService] Looking for pending update scripts in the extension paymentstandard
 [yunitint] [m[0;36mDEBUG [main] [FlexibleSearchScriptExecutionDao] Getting the executed scripts of the extension paymentstandard
 [yunitint] [m[0;36mDEBUG [main] [ArecoDeploymentScriptService] There aren't any pending UPDATE deployment scripts in the extension paymentstandard
 [yunitint] [m[0;36mDEBUG [main] [DeploymentScriptStarter] Running the deployment scripts of the extension: deliveryzone
 [yunitint] [m[0;36mDEBUG [main] [ArecoDeploymentScriptService] Looking for pending update scripts in the extension deliveryzone
 [yunitint] [m[0;36mDEBUG [main] [FlexibleSearchScriptExecutionDao] Getting the executed scripts of the extension deliveryzone
 [yunitint] [m[0;36mDEBUG [main] [ArecoDeploymentScriptService] There aren't any pending UPDATE deployment scripts in the extension deliveryzone
 [yunitint] [m[0;36mDEBUG [main] [DeploymentScriptStarter] Running the deployment scripts of the extension: commons
 [yunitint] [m[0;36mDEBUG [main] [ArecoDeploymentScriptService] Looking for pending update scripts in the extension commons
 [yunitint] [m[0;36mDEBUG [main] [FlexibleSearchScriptExecutionDao] Getting the executed scripts of the extension commons
 [yunitint] [m[0;36mDEBUG [main] [ArecoDeploymentScriptService] There aren't any pending UPDATE deployment scripts in the extension commons
 [yunitint] [m[0;36mDEBUG [main] [DeploymentScriptStarter] Running the deployment scripts of the extension: cronjob
 [yunitint] [m[0;36mDEBUG [main] [ArecoDeploymentScriptService] Looking for pending update scripts in the extension cronjob
 [yunitint] [m[0;36mDEBUG [main] [FlexibleSearchScriptExecutionDao] Getting the executed scripts of the extension cronjob
 [yunitint] [m[0;36mDEBUG [main] [ArecoDeploymentScriptService] There aren't any pending UPDATE deployment scripts in the extension cronjob
 [yunitint] [m[0;36mDEBUG [main] [DeploymentScriptStarter] Running the deployment scripts of the extension: lucenesearch
 [yunitint] [m[0;36mDEBUG [main] [ArecoDeploymentScriptService] Looking for pending update scripts in the extension lucenesearch
 [yunitint] [m[0;36mDEBUG [main] [FlexibleSearchScriptExecutionDao] Getting the executed scripts of the extension lucenesearch
 [yunitint] [m[0;36mDEBUG [main] [ArecoDeploymentScriptService] There aren't any pending UPDATE deployment scripts in the extension lucenesearch
 [yunitint] [m[0;36mDEBUG [main] [DeploymentScriptStarter] Running the deployment scripts of the extension: impex
 [yunitint] [m[0;36mDEBUG [main] [ArecoDeploymentScriptService] Looking for pending update scripts in the extension impex
 [yunitint] [m[0;36mDEBUG [main] [FlexibleSearchScriptExecutionDao] Getting the executed scripts of the extension impex
 [yunitint] [m[0;36mDEBUG [main] [ArecoDeploymentScriptService] There aren't any pending UPDATE deployment scripts in the extension impex
 [yunitint] [m[0;36mDEBUG [main] [DeploymentScriptStarter] Running the deployment scripts of the extension: validation
 [yunitint] [m[0;36mDEBUG [main] [ArecoDeploymentScriptService] Looking for pending update scripts in the extension validation
 [yunitint] [m[0;36mDEBUG [main] [FlexibleSearchScriptExecutionDao] Getting the executed scripts of the extension validation
 [yunitint] [m[0;36mDEBUG [main] [ArecoDeploymentScriptService] There aren't any pending UPDATE deployment scripts in the extension validation
 [yunitint] [m[0;36mDEBUG [main] [DeploymentScriptStarter] Running the deployment scripts of the extension: variants
 [yunitint] [m[0;36mDEBUG [main] [ArecoDeploymentScriptService] Looking for pending update scripts in the extension variants
 [yunitint] [m[0;36mDEBUG [main] [FlexibleSearchScriptExecutionDao] Getting the executed scripts of the extension variants
 [yunitint] [m[0;36mDEBUG [main] [ArecoDeploymentScriptService] There aren't any pending UPDATE deployment scripts in the extension variants
 [yunitint] [m[0;36mDEBUG [main] [DeploymentScriptStarter] Running the deployment scripts of the extension: europe1
 [yunitint] [m[0;36mDEBUG [main] [ArecoDeploymentScriptService] Looking for pending update scripts in the extension europe1
 [yunitint] [m[0;36mDEBUG [main] [FlexibleSearchScriptExecutionDao] Getting the executed scripts of the extension europe1
 [yunitint] [m[0;36mDEBUG [main] [ArecoDeploymentScriptService] There aren't any pending UPDATE deployment scripts in the extension europe1
 [yunitint] [m[0;36mDEBUG [main] [DeploymentScriptStarter] Running the deployment scripts of the extension: category
 [yunitint] [m[0;36mDEBUG [main] [ArecoDeploymentScriptService] Looking for pending update scripts in the extension category
 [yunitint] [m[0;36mDEBUG [main] [FlexibleSearchScriptExecutionDao] Getting the executed scripts of the extension category
 [yunitint] [m[0;36mDEBUG [main] [ArecoDeploymentScriptService] There aren't any pending UPDATE deployment scripts in the extension category
 [yunitint] [m[0;36mDEBUG [main] [DeploymentScriptStarter] Running the deployment scripts of the extension: catalog
 [yunitint] [m[0;36mDEBUG [main] [ArecoDeploymentScriptService] Looking for pending update scripts in the extension catalog
 [yunitint] [m[0;36mDEBUG [main] [FlexibleSearchScriptExecutionDao] Getting the executed scripts of the extension catalog
 [yunitint] [m[0;36mDEBUG [main] [ArecoDeploymentScriptService] There aren't any pending UPDATE deployment scripts in the extension catalog
 [yunitint] [m[0;36mDEBUG [main] [DeploymentScriptStarter] Running the deployment scripts of the extension: virtualjdbc
 [yunitint] [m[0;36mDEBUG [main] [ArecoDeploymentScriptService] Looking for pending update scripts in the extension virtualjdbc
 [yunitint] [m[0;36mDEBUG [main] [FlexibleSearchScriptExecutionDao] Getting the executed scripts of the extension virtualjdbc
 [yunitint] [m[0;36mDEBUG [main] [ArecoDeploymentScriptService] There aren't any pending UPDATE deployment scripts in the extension virtualjdbc
 [yunitint] [m[0;36mDEBUG [main] [DeploymentScriptStarter] Running the deployment scripts of the extension: platformservices
 [yunitint] [m[0;36mDEBUG [main] [ArecoDeploymentScriptService] Looking for pending update scripts in the extension platformservices
 [yunitint] [m[0;36mDEBUG [main] [FlexibleSearchScriptExecutionDao] Getting the executed scripts of the extension platformservices
 [yunitint] [m[0;36mDEBUG [main] [ArecoDeploymentScriptService] There aren't any pending UPDATE deployment scripts in the extension platformservices
 [yunitint] [m[0;36mDEBUG [main] [DeploymentScriptStarter] Running the deployment scripts of the extension: workflow
 [yunitint] [m[0;36mDEBUG [main] [ArecoDeploymentScriptService] Looking for pending update scripts in the extension workflow
 [yunitint] [m[0;36mDEBUG [main] [FlexibleSearchScriptExecutionDao] Getting the executed scripts of the extension workflow
 [yunitint] [m[0;36mDEBUG [main] [ArecoDeploymentScriptService] There aren't any pending UPDATE deployment scripts in the extension workflow
 [yunitint] [m[0;36mDEBUG [main] [DeploymentScriptStarter] Running the deployment scripts of the extension: processengine
 [yunitint] [m[0;36mDEBUG [main] [ArecoDeploymentScriptService] Looking for pending update scripts in the extension processengine
 [yunitint] [m[0;36mDEBUG [main] [FlexibleSearchScriptExecutionDao] Getting the executed scripts of the extension processengine
 [yunitint] [m[0;36mDEBUG [main] [ArecoDeploymentScriptService] There aren't any pending UPDATE deployment scripts in the extension processengine
 [yunitint] [m[0;36mDEBUG [main] [DeploymentScriptStarter] Running the deployment scripts of the extension: ldap
 [yunitint] [m[0;36mDEBUG [main] [ArecoDeploymentScriptService] Looking for pending update scripts in the extension ldap
 [yunitint] [m[0;36mDEBUG [main] [FlexibleSearchScriptExecutionDao] Getting the executed scripts of the extension ldap
 [yunitint] [m[0;36mDEBUG [main] [ArecoDeploymentScriptService] There aren't any pending UPDATE deployment scripts in the extension ldap
 [yunitint] [m[0;36mDEBUG [main] [DeploymentScriptStarter] Running the deployment scripts of the extension: comments
 [yunitint] [m[0;36mDEBUG [main] [ArecoDeploymentScriptService] Looking for pending update scripts in the extension comments
 [yunitint] [m[0;36mDEBUG [main] [FlexibleSearchScriptExecutionDao] Getting the executed scripts of the extension comments
 [yunitint] [m[0;36mDEBUG [main] [ArecoDeploymentScriptService] There aren't any pending UPDATE deployment scripts in the extension comments
 [yunitint] [m[0;36mDEBUG [main] [DeploymentScriptStarter] Running the deployment scripts of the extension: cockpit
 [yunitint] [m[0;36mDEBUG [main] [ArecoDeploymentScriptService] Looking for pending update scripts in the extension cockpit
 [yunitint] [m[0;36mDEBUG [main] [FlexibleSearchScriptExecutionDao] Getting the executed scripts of the extension cockpit
 [yunitint] [m[0;36mDEBUG [main] [ArecoDeploymentScriptService] There aren't any pending UPDATE deployment scripts in the extension cockpit
 [yunitint] [m[0;36mDEBUG [main] [DeploymentScriptStarter] Running the deployment scripts of the extension: mcc
 [yunitint] [m[0;36mDEBUG [main] [ArecoDeploymentScriptService] Looking for pending update scripts in the extension mcc
 [yunitint] [m[0;36mDEBUG [main] [FlexibleSearchScriptExecutionDao] Getting the executed scripts of the extension mcc
 [yunitint] [m[0;36mDEBUG [main] [ArecoDeploymentScriptService] There aren't any pending UPDATE deployment scripts in the extension mcc
 [yunitint] [m[0;36mDEBUG [main] [DeploymentScriptStarter] Running the deployment scripts of the extension: advancedsavedquery
 [yunitint] [m[0;36mDEBUG [main] [ArecoDeploymentScriptService] Looking for pending update scripts in the extension advancedsavedquery
 [yunitint] [m[0;36mDEBUG [main] [FlexibleSearchScriptExecutionDao] Getting the executed scripts of the extension advancedsavedquery
 [yunitint] [m[0;36mDEBUG [main] [ArecoDeploymentScriptService] There aren't any pending UPDATE deployment scripts in the extension advancedsavedquery
 [yunitint] [m[0;36mDEBUG [main] [DeploymentScriptStarter] Running the deployment scripts of the extension: admincockpit
 [yunitint] [m[0;36mDEBUG [main] [ArecoDeploymentScriptService] Looking for pending update scripts in the extension admincockpit
 [yunitint] [m[0;36mDEBUG [main] [FlexibleSearchScriptExecutionDao] Getting the executed scripts of the extension admincockpit
 [yunitint] [m[0;36mDEBUG [main] [ArecoDeploymentScriptService] There aren't any pending UPDATE deployment scripts in the extension admincockpit
 [yunitint] [m[0;36mDEBUG [main] [DeploymentScriptStarter] Running the deployment scripts of the extension: arecoDeploymentScriptsManager
 [yunitint] [m[0;36mDEBUG [main] [ArecoDeploymentScriptService] Looking for pending update scripts in the extension arecoDeploymentScriptsManager
 [yunitint] [m[0;36mDEBUG [main] [FlexibleSearchScriptExecutionDao] Getting the executed scripts of the extension arecoDeploymentScriptsManager
 [yunitint] [m[0;36mDEBUG [main] [AbstractSingleFileScriptStepFactory] Trying to create a single file script step from the file /home/arobirosa/no_backup/deploymentScriptsManager/hybris/bin/custom/arecoDeploymentScriptsManager/resources/test/script-configuration-test/master-tenant-only/20140814_TICKET_ADD_TEST_CRONJOBS/01_new_cronjobs.impex
 [yunitint] [m[0;36mDEBUG [main] [AbstractSingleFileScriptStepFactory] Created step: ImpexImportStep [scriptFile=/home/arobirosa/no_backup/deploymentScriptsManager/hybris/bin/custom/arecoDeploymentScriptsManager/resources/test/script-configuration-test/master-tenant-only/20140814_TICKET_ADD_TEST_CRONJOBS/01_new_cronjobs.impex]
 [yunitint] [m[0;36mDEBUG [main] [AbstractSingleFileScriptStepFactory] Trying to create a single file script step from the file /home/arobirosa/no_backup/deploymentScriptsManager/hybris/bin/custom/arecoDeploymentScriptsManager/resources/test/script-configuration-test/master-tenant-only/20140814_TICKET_ADD_TEST_CRONJOBS/02_remove_sample_cronjobs.impex
 [yunitint] [m[0;36mDEBUG [main] [AbstractSingleFileScriptStepFactory] Created step: ImpexImportStep [scriptFile=/home/arobirosa/no_backup/deploymentScriptsManager/hybris/bin/custom/arecoDeploymentScriptsManager/resources/test/script-configuration-test/master-tenant-only/20140814_TICKET_ADD_TEST_CRONJOBS/02_remove_sample_cronjobs.impex]
 [yunitint] [m[0;36mDEBUG [main] [AbstractSingleFileScriptStepFactory] Trying to create a single file script step from the file /home/arobirosa/no_backup/deploymentScriptsManager/hybris/bin/custom/arecoDeploymentScriptsManager/resources/test/script-configuration-test/master-tenant-only/20140814_TICKET_ADD_TEST_CRONJOBS/description.txt
 [yunitint] [m[0;36mDEBUG [main] [AbstractSingleFileScriptStepFactory] Trying to create a single file script step from the file /home/arobirosa/no_backup/deploymentScriptsManager/hybris/bin/custom/arecoDeploymentScriptsManager/resources/test/script-configuration-test/master-tenant-only/20140814_TICKET_ADD_TEST_CRONJOBS/description.txt
 [yunitint] [m[0;36mDEBUG [main] [AbstractSingleFileScriptStepFactory] Trying to create a single file script step from the file /home/arobirosa/no_backup/deploymentScriptsManager/hybris/bin/custom/arecoDeploymentScriptsManager/resources/test/script-configuration-test/master-tenant-only/20140814_TICKET_ADD_TEST_CRONJOBS/description.txt
 [yunitint] [m[0;36mDEBUG [main] [AbstractSingleFileScriptStepFactory] Trying to create a single file script step from the file /home/arobirosa/no_backup/deploymentScriptsManager/hybris/bin/custom/arecoDeploymentScriptsManager/resources/test/script-configuration-test/master-tenant-only/20140814_TICKET_ADD_TEST_CRONJOBS/master-tenant.conf
 [yunitint] [m[0;36mDEBUG [main] [AbstractSingleFileScriptStepFactory] Trying to create a single file script step from the file /home/arobirosa/no_backup/deploymentScriptsManager/hybris/bin/custom/arecoDeploymentScriptsManager/resources/test/script-configuration-test/master-tenant-only/20140814_TICKET_ADD_TEST_CRONJOBS/master-tenant.conf
 [yunitint] [m[0;36mDEBUG [main] [AbstractSingleFileScriptStepFactory] Trying to create a single file script step from the file /home/arobirosa/no_backup/deploymentScriptsManager/hybris/bin/custom/arecoDeploymentScriptsManager/resources/test/script-configuration-test/master-tenant-only/20140814_TICKET_ADD_TEST_CRONJOBS/master-tenant.conf
 [yunitint] [m[0;36mDEBUG [main] [PropertyFileDeploymentScriptConfigurationReader] Reading configuration from the directory /home/arobirosa/no_backup/deploymentScriptsManager/hybris/bin/custom/arecoDeploymentScriptsManager/resources/test/script-configuration-test/master-tenant-only/20140814_TICKET_ADD_TEST_CRONJOBS
 [yunitint] [m[0;36mDEBUG [main] [ArecoDeploymentScriptService] Running update scripts of the extension arecoDeploymentScriptsManager
 [yunitint] [m[0;36mDEBUG [main] [DeploymentScript2ExecutionConverter] Creating an script execution model from the deployment script DeploymentScript [name=20140814_TICKET_ADD_TEST_CRONJOBS, extensionName=arecoDeploymentScriptsManager, orderedSteps=[ImpexImportStep [scriptFile=/home/arobirosa/no_backup/deploymentScriptsManager/hybris/bin/custom/arecoDeploymentScriptsManager/resources/test/script-configuration-test/master-tenant-only/20140814_TICKET_ADD_TEST_CRONJOBS/01_new_cronjobs.impex], ImpexImportStep [scriptFile=/home/arobirosa/no_backup/deploymentScriptsManager/hybris/bin/custom/arecoDeploymentScriptsManager/resources/test/script-configuration-test/master-tenant-only/20140814_TICKET_ADD_TEST_CRONJOBS/02_remove_sample_cronjobs.impex]], phase=UPDATE, configuration=org.areco.ecommerce.deploymentscripts.core.impl.PropertyFileDeploymentScriptConfiguration@13fb595]
 [yunitint] [m[0;36mDEBUG [main] [DeploymentScript] Running arecoDeploymentScriptsManager:20140814_TICKET_ADD_TEST_CRONJOBS - Start
 [yunitint] [m[0;32mINFO  [main] [UpdatingSystemExtensionContext] The deployment script 20140814_TICKET_ADD_TEST_CRONJOBS was executed: Ignored: Other tenant.
 [yunitint] [m[0;36mDEBUG [main] [ArecoDeploymentScriptService] Finished running update scripts of the extension arecoDeploymentScriptsManager
 [yunitint] [m[0;36mDEBUG [main] [DeploymentScriptStarter] Running the deployment scripts of the extension: arecoDeploymentScriptsExamples
 [yunitint] [m[0;36mDEBUG [main] [ArecoDeploymentScriptService] Looking for pending update scripts in the extension arecoDeploymentScriptsExamples
 [yunitint] [m[0;36mDEBUG [main] [FlexibleSearchScriptExecutionDao] Getting the executed scripts of the extension arecoDeploymentScriptsExamples
 [yunitint] [m[0;36mDEBUG [main] [ArecoDeploymentScriptService] There aren't any pending UPDATE deployment scripts in the extension arecoDeploymentScriptsExamples
 [yunitint] [m[0;36mDEBUG [main] [DeploymentScriptResultAsserter] Getting the execution of the script 20140814_TICKET_ADD_TEST_CRONJOBS
 [yunitint] [m[0;32mINFO  [main] [LogRunListener] Finished test method otherTenant(org.areco.ecommerce.deploymentscripts.core.ScriptConfigurationTest) in 2 seconds
 [yunitint] [mjunit.framework.TestListener: endTest(otherTenant)
 [yunitint] [0;32mINFO  [main] [LogRunListener] Starting test method undefindCurrentEnvironment(org.areco.ecommerce.deploymentscripts.core.ScriptConfigurationTest)
 [yunitint] [m[0;36mDEBUG [main] [ItemCreationListener] Disabling item registration in junit thread for undefindCurrentEnvironment(org.areco.ecommerce.deploymentscripts.core.ScriptConfigurationTest) since transaction is enabled
 [yunitint] [m[0;32mINFO  [main] [DeploymentScriptStarter] Running all pending update deployment scripts.
 [yunitint] [m[0;32mINFO  [main] [DeploymentScriptStarter] Running all deployment scripts. RunInitScripts? false
 [yunitint] [m[0;36mDEBUG [main] [DeploymentScriptStarter] The error flag was cleared
 [yunitint] [m[0;36mDEBUG [main] [DeploymentScriptStarter] Running the deployment scripts of the extension: core
 [yunitint] [m[0;36mDEBUG [main] [ImpexInitialConfigurationImporter] The initial configuration was already imported.
 [yunitint] [m[0;36mDEBUG [main] [ArecoDeploymentScriptService] Looking for pending update scripts in the extension core
 [yunitint] [m[0;36mDEBUG [main] [FlexibleSearchScriptExecutionDao] Getting the executed scripts of the extension core
 [yunitint] [m[0;36mDEBUG [main] [ArecoDeploymentScriptService] There aren't any pending UPDATE deployment scripts in the extension core
 [yunitint] [m[0;36mDEBUG [main] [DeploymentScriptStarter] Running the deployment scripts of the extension: hmc
 [yunitint] [m[0;36mDEBUG [main] [ArecoDeploymentScriptService] Looking for pending update scripts in the extension hmc
 [yunitint] [m[0;36mDEBUG [main] [FlexibleSearchScriptExecutionDao] Getting the executed scripts of the extension hmc
 [yunitint] [m[0;36mDEBUG [main] [ArecoDeploymentScriptService] There aren't any pending UPDATE deployment scripts in the extension hmc
 [yunitint] [m[0;36mDEBUG [main] [DeploymentScriptStarter] Running the deployment scripts of the extension: servicelayer
 [yunitint] [m[0;36mDEBUG [main] [ArecoDeploymentScriptService] Looking for pending update scripts in the extension servicelayer
 [yunitint] [m[0;36mDEBUG [main] [FlexibleSearchScriptExecutionDao] Getting the executed scripts of the extension servicelayer
 [yunitint] [m[0;36mDEBUG [main] [ArecoDeploymentScriptService] There aren't any pending UPDATE deployment scripts in the extension servicelayer
 [yunitint] [m[0;36mDEBUG [main] [DeploymentScriptStarter] Running the deployment scripts of the extension: task
 [yunitint] [m[0;36mDEBUG [main] [ArecoDeploymentScriptService] Looking for pending update scripts in the extension task
 [yunitint] [m[0;36mDEBUG [main] [FlexibleSearchScriptExecutionDao] Getting the executed scripts of the extension task
 [yunitint] [m[0;36mDEBUG [main] [ArecoDeploymentScriptService] There aren't any pending UPDATE deployment scripts in the extension task
 [yunitint] [m[0;36mDEBUG [main] [DeploymentScriptStarter] Running the deployment scripts of the extension: paymentstandard
 [yunitint] [m[0;36mDEBUG [main] [ArecoDeploymentScriptService] Looking for pending update scripts in the extension paymentstandard
 [yunitint] [m[0;36mDEBUG [main] [FlexibleSearchScriptExecutionDao] Getting the executed scripts of the extension paymentstandard
 [yunitint] [m[0;36mDEBUG [main] [ArecoDeploymentScriptService] There aren't any pending UPDATE deployment scripts in the extension paymentstandard
 [yunitint] [m[0;36mDEBUG [main] [DeploymentScriptStarter] Running the deployment scripts of the extension: deliveryzone
 [yunitint] [m[0;36mDEBUG [main] [ArecoDeploymentScriptService] Looking for pending update scripts in the extension deliveryzone
 [yunitint] [m[0;36mDEBUG [main] [FlexibleSearchScriptExecutionDao] Getting the executed scripts of the extension deliveryzone
 [yunitint] [m[0;36mDEBUG [main] [ArecoDeploymentScriptService] There aren't any pending UPDATE deployment scripts in the extension deliveryzone
 [yunitint] [m[0;36mDEBUG [main] [DeploymentScriptStarter] Running the deployment scripts of the extension: commons
 [yunitint] [m[0;36mDEBUG [main] [ArecoDeploymentScriptService] Looking for pending update scripts in the extension commons
 [yunitint] [m[0;36mDEBUG [main] [FlexibleSearchScriptExecutionDao] Getting the executed scripts of the extension commons
 [yunitint] [m[0;36mDEBUG [main] [ArecoDeploymentScriptService] There aren't any pending UPDATE deployment scripts in the extension commons
 [yunitint] [m[0;36mDEBUG [main] [DeploymentScriptStarter] Running the deployment scripts of the extension: cronjob
 [yunitint] [m[0;36mDEBUG [main] [ArecoDeploymentScriptService] Looking for pending update scripts in the extension cronjob
 [yunitint] [m[0;36mDEBUG [main] [FlexibleSearchScriptExecutionDao] Getting the executed scripts of the extension cronjob
 [yunitint] [m[0;36mDEBUG [main] [ArecoDeploymentScriptService] There aren't any pending UPDATE deployment scripts in the extension cronjob
 [yunitint] [m[0;36mDEBUG [main] [DeploymentScriptStarter] Running the deployment scripts of the extension: lucenesearch
 [yunitint] [m[0;36mDEBUG [main] [ArecoDeploymentScriptService] Looking for pending update scripts in the extension lucenesearch
 [yunitint] [m[0;36mDEBUG [main] [FlexibleSearchScriptExecutionDao] Getting the executed scripts of the extension lucenesearch
 [yunitint] [m[0;36mDEBUG [main] [ArecoDeploymentScriptService] There aren't any pending UPDATE deployment scripts in the extension lucenesearch
 [yunitint] [m[0;36mDEBUG [main] [DeploymentScriptStarter] Running the deployment scripts of the extension: impex
 [yunitint] [m[0;36mDEBUG [main] [ArecoDeploymentScriptService] Looking for pending update scripts in the extension impex
 [yunitint] [m[0;36mDEBUG [main] [FlexibleSearchScriptExecutionDao] Getting the executed scripts of the extension impex
 [yunitint] [m[0;36mDEBUG [main] [ArecoDeploymentScriptService] There aren't any pending UPDATE deployment scripts in the extension impex
 [yunitint] [m[0;36mDEBUG [main] [DeploymentScriptStarter] Running the deployment scripts of the extension: validation
 [yunitint] [m[0;36mDEBUG [main] [ArecoDeploymentScriptService] Looking for pending update scripts in the extension validation
 [yunitint] [m[0;36mDEBUG [main] [FlexibleSearchScriptExecutionDao] Getting the executed scripts of the extension validation
 [yunitint] [m[0;36mDEBUG [main] [ArecoDeploymentScriptService] There aren't any pending UPDATE deployment scripts in the extension validation
 [yunitint] [m[0;36mDEBUG [main] [DeploymentScriptStarter] Running the deployment scripts of the extension: variants
 [yunitint] [m[0;36mDEBUG [main] [ArecoDeploymentScriptService] Looking for pending update scripts in the extension variants
 [yunitint] [m[0;36mDEBUG [main] [FlexibleSearchScriptExecutionDao] Getting the executed scripts of the extension variants
 [yunitint] [m[0;36mDEBUG [main] [ArecoDeploymentScriptService] There aren't any pending UPDATE deployment scripts in the extension variants
 [yunitint] [m[0;36mDEBUG [main] [DeploymentScriptStarter] Running the deployment scripts of the extension: europe1
 [yunitint] [m[0;36mDEBUG [main] [ArecoDeploymentScriptService] Looking for pending update scripts in the extension europe1
 [yunitint] [m[0;36mDEBUG [main] [FlexibleSearchScriptExecutionDao] Getting the executed scripts of the extension europe1
 [yunitint] [m[0;36mDEBUG [main] [ArecoDeploymentScriptService] There aren't any pending UPDATE deployment scripts in the extension europe1
 [yunitint] [m[0;36mDEBUG [main] [DeploymentScriptStarter] Running the deployment scripts of the extension: category
 [yunitint] [m[0;36mDEBUG [main] [ArecoDeploymentScriptService] Looking for pending update scripts in the extension category
 [yunitint] [m[0;36mDEBUG [main] [FlexibleSearchScriptExecutionDao] Getting the executed scripts of the extension category
 [yunitint] [m[0;36mDEBUG [main] [ArecoDeploymentScriptService] There aren't any pending UPDATE deployment scripts in the extension category
 [yunitint] [m[0;36mDEBUG [main] [DeploymentScriptStarter] Running the deployment scripts of the extension: catalog
 [yunitint] [m[0;36mDEBUG [main] [ArecoDeploymentScriptService] Looking for pending update scripts in the extension catalog
 [yunitint] [m[0;36mDEBUG [main] [FlexibleSearchScriptExecutionDao] Getting the executed scripts of the extension catalog
 [yunitint] [m[0;36mDEBUG [main] [ArecoDeploymentScriptService] There aren't any pending UPDATE deployment scripts in the extension catalog
 [yunitint] [m[0;36mDEBUG [main] [DeploymentScriptStarter] Running the deployment scripts of the extension: virtualjdbc
 [yunitint] [m[0;36mDEBUG [main] [ArecoDeploymentScriptService] Looking for pending update scripts in the extension virtualjdbc
 [yunitint] [m[0;36mDEBUG [main] [FlexibleSearchScriptExecutionDao] Getting the executed scripts of the extension virtualjdbc
 [yunitint] [m[0;36mDEBUG [main] [ArecoDeploymentScriptService] There aren't any pending UPDATE deployment scripts in the extension virtualjdbc
 [yunitint] [m[0;36mDEBUG [main] [DeploymentScriptStarter] Running the deployment scripts of the extension: platformservices
 [yunitint] [m[0;36mDEBUG [main] [ArecoDeploymentScriptService] Looking for pending update scripts in the extension platformservices
 [yunitint] [m[0;36mDEBUG [main] [FlexibleSearchScriptExecutionDao] Getting the executed scripts of the extension platformservices
 [yunitint] [m[0;36mDEBUG [main] [ArecoDeploymentScriptService] There aren't any pending UPDATE deployment scripts in the extension platformservices
 [yunitint] [m[0;36mDEBUG [main] [DeploymentScriptStarter] Running the deployment scripts of the extension: workflow
 [yunitint] [m[0;36mDEBUG [main] [ArecoDeploymentScriptService] Looking for pending update scripts in the extension workflow
 [yunitint] [m[0;36mDEBUG [main] [FlexibleSearchScriptExecutionDao] Getting the executed scripts of the extension workflow
 [yunitint] [m[0;36mDEBUG [main] [ArecoDeploymentScriptService] There aren't any pending UPDATE deployment scripts in the extension workflow
 [yunitint] [m[0;36mDEBUG [main] [DeploymentScriptStarter] Running the deployment scripts of the extension: processengine
 [yunitint] [m[0;36mDEBUG [main] [ArecoDeploymentScriptService] Looking for pending update scripts in the extension processengine
 [yunitint] [m[0;36mDEBUG [main] [FlexibleSearchScriptExecutionDao] Getting the executed scripts of the extension processengine
 [yunitint] [m[0;36mDEBUG [main] [ArecoDeploymentScriptService] There aren't any pending UPDATE deployment scripts in the extension processengine
 [yunitint] [m[0;36mDEBUG [main] [DeploymentScriptStarter] Running the deployment scripts of the extension: ldap
 [yunitint] [m[0;36mDEBUG [main] [ArecoDeploymentScriptService] Looking for pending update scripts in the extension ldap
 [yunitint] [m[0;36mDEBUG [main] [FlexibleSearchScriptExecutionDao] Getting the executed scripts of the extension ldap
 [yunitint] [m[0;36mDEBUG [main] [ArecoDeploymentScriptService] There aren't any pending UPDATE deployment scripts in the extension ldap
 [yunitint] [m[0;36mDEBUG [main] [DeploymentScriptStarter] Running the deployment scripts of the extension: comments
 [yunitint] [m[0;36mDEBUG [main] [ArecoDeploymentScriptService] Looking for pending update scripts in the extension comments
 [yunitint] [m[0;36mDEBUG [main] [FlexibleSearchScriptExecutionDao] Getting the executed scripts of the extension comments
 [yunitint] [m[0;36mDEBUG [main] [ArecoDeploymentScriptService] There aren't any pending UPDATE deployment scripts in the extension comments
 [yunitint] [m[0;36mDEBUG [main] [DeploymentScriptStarter] Running the deployment scripts of the extension: cockpit
 [yunitint] [m[0;36mDEBUG [main] [ArecoDeploymentScriptService] Looking for pending update scripts in the extension cockpit
 [yunitint] [m[0;36mDEBUG [main] [FlexibleSearchScriptExecutionDao] Getting the executed scripts of the extension cockpit
 [yunitint] [m[0;36mDEBUG [main] [ArecoDeploymentScriptService] There aren't any pending UPDATE deployment scripts in the extension cockpit
 [yunitint] [m[0;36mDEBUG [main] [DeploymentScriptStarter] Running the deployment scripts of the extension: mcc
 [yunitint] [m[0;36mDEBUG [main] [ArecoDeploymentScriptService] Looking for pending update scripts in the extension mcc
 [yunitint] [m[0;36mDEBUG [main] [FlexibleSearchScriptExecutionDao] Getting the executed scripts of the extension mcc
 [yunitint] [m[0;36mDEBUG [main] [ArecoDeploymentScriptService] There aren't any pending UPDATE deployment scripts in the extension mcc
 [yunitint] [m[0;36mDEBUG [main] [DeploymentScriptStarter] Running the deployment scripts of the extension: advancedsavedquery
 [yunitint] [m[0;36mDEBUG [main] [ArecoDeploymentScriptService] Looking for pending update scripts in the extension advancedsavedquery
 [yunitint] [m[0;36mDEBUG [main] [FlexibleSearchScriptExecutionDao] Getting the executed scripts of the extension advancedsavedquery
 [yunitint] [m[0;36mDEBUG [main] [ArecoDeploymentScriptService] There aren't any pending UPDATE deployment scripts in the extension advancedsavedquery
 [yunitint] [m[0;36mDEBUG [main] [DeploymentScriptStarter] Running the deployment scripts of the extension: admincockpit
 [yunitint] [m[0;36mDEBUG [main] [ArecoDeploymentScriptService] Looking for pending update scripts in the extension admincockpit
 [yunitint] [m[0;36mDEBUG [main] [FlexibleSearchScriptExecutionDao] Getting the executed scripts of the extension admincockpit
 [yunitint] [m[0;36mDEBUG [main] [ArecoDeploymentScriptService] There aren't any pending UPDATE deployment scripts in the extension admincockpit
 [yunitint] [m[0;36mDEBUG [main] [DeploymentScriptStarter] Running the deployment scripts of the extension: arecoDeploymentScriptsManager
 [yunitint] [m[0;36mDEBUG [main] [ArecoDeploymentScriptService] Looking for pending update scripts in the extension arecoDeploymentScriptsManager
 [yunitint] [m[0;36mDEBUG [main] [FlexibleSearchScriptExecutionDao] Getting the executed scripts of the extension arecoDeploymentScriptsManager
 [yunitint] [m[0;36mDEBUG [main] [AbstractSingleFileScriptStepFactory] Trying to create a single file script step from the file /home/arobirosa/no_backup/deploymentScriptsManager/hybris/bin/custom/arecoDeploymentScriptsManager/resources/test/script-configuration-test/just-created-environment/20140814_01_ADD_NEW_DEPLOYMENT_ENVIRONMENT/add_qa_webservice_environment.impex
 [yunitint] [m[0;36mDEBUG [main] [AbstractSingleFileScriptStepFactory] Created step: ImpexImportStep [scriptFile=/home/arobirosa/no_backup/deploymentScriptsManager/hybris/bin/custom/arecoDeploymentScriptsManager/resources/test/script-configuration-test/just-created-environment/20140814_01_ADD_NEW_DEPLOYMENT_ENVIRONMENT/add_qa_webservice_environment.impex]
 [yunitint] [m[0;36mDEBUG [main] [PropertyFileDeploymentScriptConfigurationReader] Reading configuration from the directory /home/arobirosa/no_backup/deploymentScriptsManager/hybris/bin/custom/arecoDeploymentScriptsManager/resources/test/script-configuration-test/just-created-environment/20140814_01_ADD_NEW_DEPLOYMENT_ENVIRONMENT
 [yunitint] [m[0;36mDEBUG [main] [AbstractSingleFileScriptStepFactory] Trying to create a single file script step from the file /home/arobirosa/no_backup/deploymentScriptsManager/hybris/bin/custom/arecoDeploymentScriptsManager/resources/test/script-configuration-test/just-created-environment/20140814_02_TICKET_ADD_QA_CRONJOBS/01_new_cronjobs.impex
 [yunitint] [m[0;36mDEBUG [main] [AbstractSingleFileScriptStepFactory] Created step: ImpexImportStep [scriptFile=/home/arobirosa/no_backup/deploymentScriptsManager/hybris/bin/custom/arecoDeploymentScriptsManager/resources/test/script-configuration-test/just-created-environment/20140814_02_TICKET_ADD_QA_CRONJOBS/01_new_cronjobs.impex]
 [yunitint] [m[0;36mDEBUG [main] [AbstractSingleFileScriptStepFactory] Trying to create a single file script step from the file /home/arobirosa/no_backup/deploymentScriptsManager/hybris/bin/custom/arecoDeploymentScriptsManager/resources/test/script-configuration-test/just-created-environment/20140814_02_TICKET_ADD_QA_CRONJOBS/02_remove_sample_cronjobs.impex
 [yunitint] [m[0;36mDEBUG [main] [AbstractSingleFileScriptStepFactory] Created step: ImpexImportStep [scriptFile=/home/arobirosa/no_backup/deploymentScriptsManager/hybris/bin/custom/arecoDeploymentScriptsManager/resources/test/script-configuration-test/just-created-environment/20140814_02_TICKET_ADD_QA_CRONJOBS/02_remove_sample_cronjobs.impex]
 [yunitint] [m[0;36mDEBUG [main] [AbstractSingleFileScriptStepFactory] Trying to create a single file script step from the file /home/arobirosa/no_backup/deploymentScriptsManager/hybris/bin/custom/arecoDeploymentScriptsManager/resources/test/script-configuration-test/just-created-environment/20140814_02_TICKET_ADD_QA_CRONJOBS/description.txt
 [yunitint] [m[0;36mDEBUG [main] [AbstractSingleFileScriptStepFactory] Trying to create a single file script step from the file /home/arobirosa/no_backup/deploymentScriptsManager/hybris/bin/custom/arecoDeploymentScriptsManager/resources/test/script-configuration-test/just-created-environment/20140814_02_TICKET_ADD_QA_CRONJOBS/description.txt
 [yunitint] [m[0;36mDEBUG [main] [AbstractSingleFileScriptStepFactory] Trying to create a single file script step from the file /home/arobirosa/no_backup/deploymentScriptsManager/hybris/bin/custom/arecoDeploymentScriptsManager/resources/test/script-configuration-test/just-created-environment/20140814_02_TICKET_ADD_QA_CRONJOBS/description.txt
 [yunitint] [m[0;36mDEBUG [main] [AbstractSingleFileScriptStepFactory] Trying to create a single file script step from the file /home/arobirosa/no_backup/deploymentScriptsManager/hybris/bin/custom/arecoDeploymentScriptsManager/resources/test/script-configuration-test/just-created-environment/20140814_02_TICKET_ADD_QA_CRONJOBS/qa-webservice.conf
 [yunitint] [m[0;36mDEBUG [main] [AbstractSingleFileScriptStepFactory] Trying to create a single file script step from the file /home/arobirosa/no_backup/deploymentScriptsManager/hybris/bin/custom/arecoDeploymentScriptsManager/resources/test/script-configuration-test/just-created-environment/20140814_02_TICKET_ADD_QA_CRONJOBS/qa-webservice.conf
 [yunitint] [m[0;36mDEBUG [main] [AbstractSingleFileScriptStepFactory] Trying to create a single file script step from the file /home/arobirosa/no_backup/deploymentScriptsManager/hybris/bin/custom/arecoDeploymentScriptsManager/resources/test/script-configuration-test/just-created-environment/20140814_02_TICKET_ADD_QA_CRONJOBS/qa-webservice.conf
 [yunitint] [m[0;36mDEBUG [main] [PropertyFileDeploymentScriptConfigurationReader] Reading configuration from the directory /home/arobirosa/no_backup/deploymentScriptsManager/hybris/bin/custom/arecoDeploymentScriptsManager/resources/test/script-configuration-test/just-created-environment/20140814_02_TICKET_ADD_QA_CRONJOBS
 [yunitint] [m[0;36mDEBUG [main] [ArecoDeploymentScriptService] Running update scripts of the extension arecoDeploymentScriptsManager
 [yunitint] [m[0;36mDEBUG [main] [DeploymentScript2ExecutionConverter] Creating an script execution model from the deployment script DeploymentScript [name=20140814_01_ADD_NEW_DEPLOYMENT_ENVIRONMENT, extensionName=arecoDeploymentScriptsManager, orderedSteps=[ImpexImportStep [scriptFile=/home/arobirosa/no_backup/deploymentScriptsManager/hybris/bin/custom/arecoDeploymentScriptsManager/resources/test/script-configuration-test/just-created-environment/20140814_01_ADD_NEW_DEPLOYMENT_ENVIRONMENT/add_qa_webservice_environment.impex]], phase=UPDATE, configuration=org.areco.ecommerce.deploymentscripts.core.impl.PropertyFileDeploymentScriptConfiguration@bb1d31]
 [yunitint] [m[0;36mDEBUG [main] [DeploymentScript] Running arecoDeploymentScriptsManager:20140814_01_ADD_NEW_DEPLOYMENT_ENVIRONMENT - Start
 [yunitint] [m[0;36mDEBUG [main] [ImpexImportStep] Running the step add_qa_webservice_environment.impex
 [yunitint] [m[0;36mDEBUG [main] [LocalizedImpexImportService] Code of the impex locale: 'en_US'.
 [yunitint] [m[0;32mINFO  [main] [Importer] Finished 1 pass in 0d 00h:00m:00s:029ms - processed: 1, no lines dumped (last pass 0)
 [yunitint] [m[0;36mDEBUG [main] [DeploymentScript] Running arecoDeploymentScriptsManager:20140814_01_ADD_NEW_DEPLOYMENT_ENVIRONMENT - Ended successfully
 [yunitint] [m[0;32mINFO  [main] [UpdatingSystemExtensionContext] The deployment script 20140814_01_ADD_NEW_DEPLOYMENT_ENVIRONMENT was executed: Success.
 [yunitint] [m[0;36mDEBUG [main] [DeploymentScript2ExecutionConverter] Creating an script execution model from the deployment script DeploymentScript [name=20140814_02_TICKET_ADD_QA_CRONJOBS, extensionName=arecoDeploymentScriptsManager, orderedSteps=[ImpexImportStep [scriptFile=/home/arobirosa/no_backup/deploymentScriptsManager/hybris/bin/custom/arecoDeploymentScriptsManager/resources/test/script-configuration-test/just-created-environment/20140814_02_TICKET_ADD_QA_CRONJOBS/01_new_cronjobs.impex], ImpexImportStep [scriptFile=/home/arobirosa/no_backup/deploymentScriptsManager/hybris/bin/custom/arecoDeploymentScriptsManager/resources/test/script-configuration-test/just-created-environment/20140814_02_TICKET_ADD_QA_CRONJOBS/02_remove_sample_cronjobs.impex]], phase=UPDATE, configuration=org.areco.ecommerce.deploymentscripts.core.impl.PropertyFileDeploymentScriptConfiguration@b83476]
 [yunitint] [m[0;36mDEBUG [main] [DeploymentScript] Running arecoDeploymentScriptsManager:20140814_02_TICKET_ADD_QA_CRONJOBS - Start
 [yunitint] [m[0;36mDEBUG [main] [FlexibleSearchDeploymentEnvironmentDAO] Loading the environments: [QA_WEBSERVICE]
 [yunitint] [m[0;36mDEBUG [main] [FlexibleSearchDeploymentEnvironmentDAO] Loading the environments: []
 [yunitint] [m[0;31mERROR [main] [DeploymentScriptStarter] There was an error running the deployment scripts: Some environments don't exist. Please check that these names are valid: []
 [yunitint] java.lang.IllegalStateException: Some environments don't exist. Please check that these names are valid: []
 [yunitint] 	at org.areco.ecommerce.deploymentscripts.core.impl.FlexibleSearchDeploymentEnvironmentDAO.loadEnvironments(FlexibleSearchDeploymentEnvironmentDAO.java:77)
 [yunitint] 	at org.areco.ecommerce.deploymentscripts.core.impl.FlexibleSearchDeploymentEnvironmentDAO.getCurrent(FlexibleSearchDeploymentEnvironmentDAO.java:95)
 [yunitint] 	at org.areco.ecommerce.deploymentscripts.core.impl.PropertyFileDeploymentScriptConfiguration.isCurrentEnvironmentIn(PropertyFileDeploymentScriptConfiguration.java:101)
 [yunitint] 	at org.areco.ecommerce.deploymentscripts.core.impl.PropertyFileDeploymentScriptConfiguration.isAllowedInThisDeploymentEnvironment(PropertyFileDeploymentScriptConfiguration.java:74)
 [yunitint] 	at org.areco.ecommerce.deploymentscripts.core.impl.PropertyFileDeploymentScriptConfiguration.isAllowedInThisServer(PropertyFileDeploymentScriptConfiguration.java:64)
 [yunitint] 	at org.areco.ecommerce.deploymentscripts.core.DeploymentScript.run(DeploymentScript.java:67)
 [yunitint] 	at org.areco.ecommerce.deploymentscripts.core.impl.ArecoDeploymentScriptsRunner.run(ArecoDeploymentScriptsRunner.java:70)
 [yunitint] 	at org.areco.ecommerce.deploymentscripts.core.impl.ArecoDeploymentScriptService.runDeploymentScripts(ArecoDeploymentScriptService.java:82)
 [yunitint] 	at org.areco.ecommerce.deploymentscripts.core.DeploymentScriptStarter.runDeploymentScriptsAndHandleErrors(DeploymentScriptStarter.java:139)
 [yunitint] 	at org.areco.ecommerce.deploymentscripts.core.DeploymentScriptStarter.runDeploymentScripts(DeploymentScriptStarter.java:117)
 [yunitint] 	at org.areco.ecommerce.deploymentscripts.core.DeploymentScriptStarter.runAllPendingScripts(DeploymentScriptStarter.java:171)
 [yunitint] 	at org.areco.ecommerce.deploymentscripts.core.DeploymentScriptStarter.runAllPendingScripts(DeploymentScriptStarter.java:160)
 [yunitint] 	at org.areco.ecommerce.deploymentscripts.core.ScriptConfigurationTest.undefindCurrentEnvironment(ScriptConfigurationTest.java:128)
 [yunitint] 	at sun.reflect.NativeMethodAccessorImpl.invoke0(Native Method)
 [yunitint] 	at sun.reflect.NativeMethodAccessorImpl.invoke(NativeMethodAccessorImpl.java:57)
 [yunitint] 	at sun.reflect.DelegatingMethodAccessorImpl.invoke(DelegatingMethodAccessorImpl.java:43)
 [yunitint] 	at java.lang.reflect.Method.invoke(Method.java:606)
 [yunitint] 	at org.junit.runners.model.FrameworkMethod$1.runReflectiveCall(FrameworkMethod.java:44)
 [yunitint] 	at org.junit.internal.runners.model.ReflectiveCallable.run(ReflectiveCallable.java:15)
 [yunitint] 	at org.junit.runners.model.FrameworkMethod.invokeExplosively(FrameworkMethod.java:41)
 [yunitint] 	at org.junit.internal.runners.statements.InvokeMethod.evaluate(InvokeMethod.java:20)
 [yunitint] 	at org.junit.internal.runners.statements.ExpectException.evaluate(ExpectException.java:22)
 [yunitint] 	at org.junit.internal.runners.statements.RunBefores.evaluate(RunBefores.java:28)
 [yunitint] 	at org.junit.internal.runners.statements.RunAfters.evaluate(RunAfters.java:31)
 [yunitint] 	at org.junit.runners.ParentRunner.runLeaf(ParentRunner.java:263)
 [yunitint] 	at org.junit.runners.BlockJUnit4ClassRunner.runChild(BlockJUnit4ClassRunner.java:69)
 [yunitint] 	at org.junit.runners.BlockJUnit4ClassRunner.runChild(BlockJUnit4ClassRunner.java:48)
 [yunitint] 	at org.junit.runners.ParentRunner$3.run(ParentRunner.java:231)
 [yunitint] 	at org.junit.runners.ParentRunner$1.schedule(ParentRunner.java:60)
 [yunitint] 	at org.junit.runners.ParentRunner.runChildren(ParentRunner.java:229)
 [yunitint] 	at org.junit.runners.ParentRunner.access$000(ParentRunner.java:50)
 [yunitint] 	at org.junit.runners.ParentRunner$2.evaluate(ParentRunner.java:222)
 [yunitint] 	at org.junit.runners.ParentRunner.run(ParentRunner.java:292)
 [yunitint] 	at de.hybris.platform.testframework.HybrisJUnit4ClassRunner.run(HybrisJUnit4ClassRunner.java:119)
 [yunitint] 	at junit.framework.JUnit4TestAdapter.run(JUnit4TestAdapter.java:39)
 [yunitint] 	at de.hybris.ant.taskdefs.yunit.JUnitTestRunner.run(JUnitTestRunner.java:547)
 [yunitint] 	at de.hybris.ant.taskdefs.yunit.JUnitTestRunner.launch(JUnitTestRunner.java:1204)
 [yunitint] 	at de.hybris.ant.taskdefs.yunit.JUnitTestRunner.main(JUnitTestRunner.java:994)
 [yunitint] [m[0;32mINFO  [main] [LogRunListener] Finished test method undefindCurrentEnvironment(org.areco.ecommerce.deploymentscripts.core.ScriptConfigurationTest) in 3 seconds
 [yunitint] [mjunit.framework.TestListener: endTest(undefindCurrentEnvironment)
 [yunitint] [0;32mINFO  [main] [LogRunListener] Starting test method currentTenant(org.areco.ecommerce.deploymentscripts.core.ScriptConfigurationTest)
 [yunitint] [m[0;36mDEBUG [main] [ItemCreationListener] Disabling item registration in junit thread for currentTenant(org.areco.ecommerce.deploymentscripts.core.ScriptConfigurationTest) since transaction is enabled
 [yunitint] [m[0;32mINFO  [main] [DeploymentScriptStarter] Running all pending update deployment scripts.
 [yunitint] [m[0;32mINFO  [main] [DeploymentScriptStarter] Running all deployment scripts. RunInitScripts? false
 [yunitint] [m[0;36mDEBUG [main] [DeploymentScriptStarter] The error flag was cleared
 [yunitint] [m[0;36mDEBUG [main] [DeploymentScriptStarter] Running the deployment scripts of the extension: core
 [yunitint] [m[0;36mDEBUG [main] [ImpexInitialConfigurationImporter] The initial configuration was already imported.
 [yunitint] [m[0;36mDEBUG [main] [ArecoDeploymentScriptService] Looking for pending update scripts in the extension core
 [yunitint] [m[0;36mDEBUG [main] [FlexibleSearchScriptExecutionDao] Getting the executed scripts of the extension core
 [yunitint] [m[0;36mDEBUG [main] [ArecoDeploymentScriptService] There aren't any pending UPDATE deployment scripts in the extension core
 [yunitint] [m[0;36mDEBUG [main] [DeploymentScriptStarter] Running the deployment scripts of the extension: hmc
 [yunitint] [m[0;36mDEBUG [main] [ArecoDeploymentScriptService] Looking for pending update scripts in the extension hmc
 [yunitint] [m[0;36mDEBUG [main] [FlexibleSearchScriptExecutionDao] Getting the executed scripts of the extension hmc
 [yunitint] [m[0;36mDEBUG [main] [ArecoDeploymentScriptService] There aren't any pending UPDATE deployment scripts in the extension hmc
 [yunitint] [m[0;36mDEBUG [main] [DeploymentScriptStarter] Running the deployment scripts of the extension: servicelayer
 [yunitint] [m[0;36mDEBUG [main] [ArecoDeploymentScriptService] Looking for pending update scripts in the extension servicelayer
 [yunitint] [m[0;36mDEBUG [main] [FlexibleSearchScriptExecutionDao] Getting the executed scripts of the extension servicelayer
 [yunitint] [m[0;36mDEBUG [main] [ArecoDeploymentScriptService] There aren't any pending UPDATE deployment scripts in the extension servicelayer
 [yunitint] [m[0;36mDEBUG [main] [DeploymentScriptStarter] Running the deployment scripts of the extension: task
 [yunitint] [m[0;36mDEBUG [main] [ArecoDeploymentScriptService] Looking for pending update scripts in the extension task
 [yunitint] [m[0;36mDEBUG [main] [FlexibleSearchScriptExecutionDao] Getting the executed scripts of the extension task
 [yunitint] [m[0;36mDEBUG [main] [ArecoDeploymentScriptService] There aren't any pending UPDATE deployment scripts in the extension task
 [yunitint] [m[0;36mDEBUG [main] [DeploymentScriptStarter] Running the deployment scripts of the extension: paymentstandard
 [yunitint] [m[0;36mDEBUG [main] [ArecoDeploymentScriptService] Looking for pending update scripts in the extension paymentstandard
 [yunitint] [m[0;36mDEBUG [main] [FlexibleSearchScriptExecutionDao] Getting the executed scripts of the extension paymentstandard
 [yunitint] [m[0;36mDEBUG [main] [ArecoDeploymentScriptService] There aren't any pending UPDATE deployment scripts in the extension paymentstandard
 [yunitint] [m[0;36mDEBUG [main] [DeploymentScriptStarter] Running the deployment scripts of the extension: deliveryzone
 [yunitint] [m[0;36mDEBUG [main] [ArecoDeploymentScriptService] Looking for pending update scripts in the extension deliveryzone
 [yunitint] [m[0;36mDEBUG [main] [FlexibleSearchScriptExecutionDao] Getting the executed scripts of the extension deliveryzone
 [yunitint] [m[0;36mDEBUG [main] [ArecoDeploymentScriptService] There aren't any pending UPDATE deployment scripts in the extension deliveryzone
 [yunitint] [m[0;36mDEBUG [main] [DeploymentScriptStarter] Running the deployment scripts of the extension: commons
 [yunitint] [m[0;36mDEBUG [main] [ArecoDeploymentScriptService] Looking for pending update scripts in the extension commons
 [yunitint] [m[0;36mDEBUG [main] [FlexibleSearchScriptExecutionDao] Getting the executed scripts of the extension commons
 [yunitint] [m[0;36mDEBUG [main] [ArecoDeploymentScriptService] There aren't any pending UPDATE deployment scripts in the extension commons
 [yunitint] [m[0;36mDEBUG [main] [DeploymentScriptStarter] Running the deployment scripts of the extension: cronjob
 [yunitint] [m[0;36mDEBUG [main] [ArecoDeploymentScriptService] Looking for pending update scripts in the extension cronjob
 [yunitint] [m[0;36mDEBUG [main] [FlexibleSearchScriptExecutionDao] Getting the executed scripts of the extension cronjob
 [yunitint] [m[0;36mDEBUG [main] [ArecoDeploymentScriptService] There aren't any pending UPDATE deployment scripts in the extension cronjob
 [yunitint] [m[0;36mDEBUG [main] [DeploymentScriptStarter] Running the deployment scripts of the extension: lucenesearch
 [yunitint] [m[0;36mDEBUG [main] [ArecoDeploymentScriptService] Looking for pending update scripts in the extension lucenesearch
 [yunitint] [m[0;36mDEBUG [main] [FlexibleSearchScriptExecutionDao] Getting the executed scripts of the extension lucenesearch
 [yunitint] [m[0;36mDEBUG [main] [ArecoDeploymentScriptService] There aren't any pending UPDATE deployment scripts in the extension lucenesearch
 [yunitint] [m[0;36mDEBUG [main] [DeploymentScriptStarter] Running the deployment scripts of the extension: impex
 [yunitint] [m[0;36mDEBUG [main] [ArecoDeploymentScriptService] Looking for pending update scripts in the extension impex
 [yunitint] [m[0;36mDEBUG [main] [FlexibleSearchScriptExecutionDao] Getting the executed scripts of the extension impex
 [yunitint] [m[0;36mDEBUG [main] [ArecoDeploymentScriptService] There aren't any pending UPDATE deployment scripts in the extension impex
 [yunitint] [m[0;36mDEBUG [main] [DeploymentScriptStarter] Running the deployment scripts of the extension: validation
 [yunitint] [m[0;36mDEBUG [main] [ArecoDeploymentScriptService] Looking for pending update scripts in the extension validation
 [yunitint] [m[0;36mDEBUG [main] [FlexibleSearchScriptExecutionDao] Getting the executed scripts of the extension validation
 [yunitint] [m[0;36mDEBUG [main] [ArecoDeploymentScriptService] There aren't any pending UPDATE deployment scripts in the extension validation
 [yunitint] [m[0;36mDEBUG [main] [DeploymentScriptStarter] Running the deployment scripts of the extension: variants
 [yunitint] [m[0;36mDEBUG [main] [ArecoDeploymentScriptService] Looking for pending update scripts in the extension variants
 [yunitint] [m[0;36mDEBUG [main] [FlexibleSearchScriptExecutionDao] Getting the executed scripts of the extension variants
 [yunitint] [m[0;36mDEBUG [main] [ArecoDeploymentScriptService] There aren't any pending UPDATE deployment scripts in the extension variants
 [yunitint] [m[0;36mDEBUG [main] [DeploymentScriptStarter] Running the deployment scripts of the extension: europe1
 [yunitint] [m[0;36mDEBUG [main] [ArecoDeploymentScriptService] Looking for pending update scripts in the extension europe1
 [yunitint] [m[0;36mDEBUG [main] [FlexibleSearchScriptExecutionDao] Getting the executed scripts of the extension europe1
 [yunitint] [m[0;36mDEBUG [main] [ArecoDeploymentScriptService] There aren't any pending UPDATE deployment scripts in the extension europe1
 [yunitint] [m[0;36mDEBUG [main] [DeploymentScriptStarter] Running the deployment scripts of the extension: category
 [yunitint] [m[0;36mDEBUG [main] [ArecoDeploymentScriptService] Looking for pending update scripts in the extension category
 [yunitint] [m[0;36mDEBUG [main] [FlexibleSearchScriptExecutionDao] Getting the executed scripts of the extension category
 [yunitint] [m[0;36mDEBUG [main] [ArecoDeploymentScriptService] There aren't any pending UPDATE deployment scripts in the extension category
 [yunitint] [m[0;36mDEBUG [main] [DeploymentScriptStarter] Running the deployment scripts of the extension: catalog
 [yunitint] [m[0;36mDEBUG [main] [ArecoDeploymentScriptService] Looking for pending update scripts in the extension catalog
 [yunitint] [m[0;36mDEBUG [main] [FlexibleSearchScriptExecutionDao] Getting the executed scripts of the extension catalog
 [yunitint] [m[0;36mDEBUG [main] [ArecoDeploymentScriptService] There aren't any pending UPDATE deployment scripts in the extension catalog
 [yunitint] [m[0;36mDEBUG [main] [DeploymentScriptStarter] Running the deployment scripts of the extension: virtualjdbc
 [yunitint] [m[0;36mDEBUG [main] [ArecoDeploymentScriptService] Looking for pending update scripts in the extension virtualjdbc
 [yunitint] [m[0;36mDEBUG [main] [FlexibleSearchScriptExecutionDao] Getting the executed scripts of the extension virtualjdbc
 [yunitint] [m[0;36mDEBUG [main] [ArecoDeploymentScriptService] There aren't any pending UPDATE deployment scripts in the extension virtualjdbc
 [yunitint] [m[0;36mDEBUG [main] [DeploymentScriptStarter] Running the deployment scripts of the extension: platformservices
 [yunitint] [m[0;36mDEBUG [main] [ArecoDeploymentScriptService] Looking for pending update scripts in the extension platformservices
 [yunitint] [m[0;36mDEBUG [main] [FlexibleSearchScriptExecutionDao] Getting the executed scripts of the extension platformservices
 [yunitint] [m[0;36mDEBUG [main] [ArecoDeploymentScriptService] There aren't any pending UPDATE deployment scripts in the extension platformservices
 [yunitint] [m[0;36mDEBUG [main] [DeploymentScriptStarter] Running the deployment scripts of the extension: workflow
 [yunitint] [m[0;36mDEBUG [main] [ArecoDeploymentScriptService] Looking for pending update scripts in the extension workflow
 [yunitint] [m[0;36mDEBUG [main] [FlexibleSearchScriptExecutionDao] Getting the executed scripts of the extension workflow
 [yunitint] [m[0;36mDEBUG [main] [ArecoDeploymentScriptService] There aren't any pending UPDATE deployment scripts in the extension workflow
 [yunitint] [m[0;36mDEBUG [main] [DeploymentScriptStarter] Running the deployment scripts of the extension: processengine
 [yunitint] [m[0;36mDEBUG [main] [ArecoDeploymentScriptService] Looking for pending update scripts in the extension processengine
 [yunitint] [m[0;36mDEBUG [main] [FlexibleSearchScriptExecutionDao] Getting the executed scripts of the extension processengine
 [yunitint] [m[0;36mDEBUG [main] [ArecoDeploymentScriptService] There aren't any pending UPDATE deployment scripts in the extension processengine
 [yunitint] [m[0;36mDEBUG [main] [DeploymentScriptStarter] Running the deployment scripts of the extension: ldap
 [yunitint] [m[0;36mDEBUG [main] [ArecoDeploymentScriptService] Looking for pending update scripts in the extension ldap
 [yunitint] [m[0;36mDEBUG [main] [FlexibleSearchScriptExecutionDao] Getting the executed scripts of the extension ldap
 [yunitint] [m[0;36mDEBUG [main] [ArecoDeploymentScriptService] There aren't any pending UPDATE deployment scripts in the extension ldap
 [yunitint] [m[0;36mDEBUG [main] [DeploymentScriptStarter] Running the deployment scripts of the extension: comments
 [yunitint] [m[0;36mDEBUG [main] [ArecoDeploymentScriptService] Looking for pending update scripts in the extension comments
 [yunitint] [m[0;36mDEBUG [main] [FlexibleSearchScriptExecutionDao] Getting the executed scripts of the extension comments
 [yunitint] [m[0;36mDEBUG [main] [ArecoDeploymentScriptService] There aren't any pending UPDATE deployment scripts in the extension comments
 [yunitint] [m[0;36mDEBUG [main] [DeploymentScriptStarter] Running the deployment scripts of the extension: cockpit
 [yunitint] [m[0;36mDEBUG [main] [ArecoDeploymentScriptService] Looking for pending update scripts in the extension cockpit
 [yunitint] [m[0;36mDEBUG [main] [FlexibleSearchScriptExecutionDao] Getting the executed scripts of the extension cockpit
 [yunitint] [m[0;36mDEBUG [main] [ArecoDeploymentScriptService] There aren't any pending UPDATE deployment scripts in the extension cockpit
 [yunitint] [m[0;36mDEBUG [main] [DeploymentScriptStarter] Running the deployment scripts of the extension: mcc
 [yunitint] [m[0;36mDEBUG [main] [ArecoDeploymentScriptService] Looking for pending update scripts in the extension mcc
 [yunitint] [m[0;36mDEBUG [main] [FlexibleSearchScriptExecutionDao] Getting the executed scripts of the extension mcc
 [yunitint] [m[0;36mDEBUG [main] [ArecoDeploymentScriptService] There aren't any pending UPDATE deployment scripts in the extension mcc
 [yunitint] [m[0;36mDEBUG [main] [DeploymentScriptStarter] Running the deployment scripts of the extension: advancedsavedquery
 [yunitint] [m[0;36mDEBUG [main] [ArecoDeploymentScriptService] Looking for pending update scripts in the extension advancedsavedquery
 [yunitint] [m[0;36mDEBUG [main] [FlexibleSearchScriptExecutionDao] Getting the executed scripts of the extension advancedsavedquery
 [yunitint] [m[0;36mDEBUG [main] [ArecoDeploymentScriptService] There aren't any pending UPDATE deployment scripts in the extension advancedsavedquery
 [yunitint] [m[0;36mDEBUG [main] [DeploymentScriptStarter] Running the deployment scripts of the extension: admincockpit
 [yunitint] [m[0;36mDEBUG [main] [ArecoDeploymentScriptService] Looking for pending update scripts in the extension admincockpit
 [yunitint] [m[0;36mDEBUG [main] [FlexibleSearchScriptExecutionDao] Getting the executed scripts of the extension admincockpit
 [yunitint] [m[0;36mDEBUG [main] [ArecoDeploymentScriptService] There aren't any pending UPDATE deployment scripts in the extension admincockpit
 [yunitint] [m[0;36mDEBUG [main] [DeploymentScriptStarter] Running the deployment scripts of the extension: arecoDeploymentScriptsManager
 [yunitint] [m[0;36mDEBUG [main] [ArecoDeploymentScriptService] Looking for pending update scripts in the extension arecoDeploymentScriptsManager
 [yunitint] [m[0;36mDEBUG [main] [FlexibleSearchScriptExecutionDao] Getting the executed scripts of the extension arecoDeploymentScriptsManager
 [yunitint] [m[0;36mDEBUG [main] [AbstractSingleFileScriptStepFactory] Trying to create a single file script step from the file /home/arobirosa/no_backup/deploymentScriptsManager/hybris/bin/custom/arecoDeploymentScriptsManager/resources/test/script-configuration-test/junit-only/20140814_TICKET_ADD_TEST_CRONJOBS/01_new_cronjobs.impex
 [yunitint] [m[0;36mDEBUG [main] [AbstractSingleFileScriptStepFactory] Created step: ImpexImportStep [scriptFile=/home/arobirosa/no_backup/deploymentScriptsManager/hybris/bin/custom/arecoDeploymentScriptsManager/resources/test/script-configuration-test/junit-only/20140814_TICKET_ADD_TEST_CRONJOBS/01_new_cronjobs.impex]
 [yunitint] [m[0;36mDEBUG [main] [AbstractSingleFileScriptStepFactory] Trying to create a single file script step from the file /home/arobirosa/no_backup/deploymentScriptsManager/hybris/bin/custom/arecoDeploymentScriptsManager/resources/test/script-configuration-test/junit-only/20140814_TICKET_ADD_TEST_CRONJOBS/02_remove_sample_cronjobs.impex
 [yunitint] [m[0;36mDEBUG [main] [AbstractSingleFileScriptStepFactory] Created step: ImpexImportStep [scriptFile=/home/arobirosa/no_backup/deploymentScriptsManager/hybris/bin/custom/arecoDeploymentScriptsManager/resources/test/script-configuration-test/junit-only/20140814_TICKET_ADD_TEST_CRONJOBS/02_remove_sample_cronjobs.impex]
 [yunitint] [m[0;36mDEBUG [main] [AbstractSingleFileScriptStepFactory] Trying to create a single file script step from the file /home/arobirosa/no_backup/deploymentScriptsManager/hybris/bin/custom/arecoDeploymentScriptsManager/resources/test/script-configuration-test/junit-only/20140814_TICKET_ADD_TEST_CRONJOBS/description.txt
 [yunitint] [m[0;36mDEBUG [main] [AbstractSingleFileScriptStepFactory] Trying to create a single file script step from the file /home/arobirosa/no_backup/deploymentScriptsManager/hybris/bin/custom/arecoDeploymentScriptsManager/resources/test/script-configuration-test/junit-only/20140814_TICKET_ADD_TEST_CRONJOBS/description.txt
 [yunitint] [m[0;36mDEBUG [main] [AbstractSingleFileScriptStepFactory] Trying to create a single file script step from the file /home/arobirosa/no_backup/deploymentScriptsManager/hybris/bin/custom/arecoDeploymentScriptsManager/resources/test/script-configuration-test/junit-only/20140814_TICKET_ADD_TEST_CRONJOBS/description.txt
 [yunitint] [m[0;36mDEBUG [main] [AbstractSingleFileScriptStepFactory] Trying to create a single file script step from the file /home/arobirosa/no_backup/deploymentScriptsManager/hybris/bin/custom/arecoDeploymentScriptsManager/resources/test/script-configuration-test/junit-only/20140814_TICKET_ADD_TEST_CRONJOBS/unit-test.conf
 [yunitint] [m[0;36mDEBUG [main] [AbstractSingleFileScriptStepFactory] Trying to create a single file script step from the file /home/arobirosa/no_backup/deploymentScriptsManager/hybris/bin/custom/arecoDeploymentScriptsManager/resources/test/script-configuration-test/junit-only/20140814_TICKET_ADD_TEST_CRONJOBS/unit-test.conf
 [yunitint] [m[0;36mDEBUG [main] [AbstractSingleFileScriptStepFactory] Trying to create a single file script step from the file /home/arobirosa/no_backup/deploymentScriptsManager/hybris/bin/custom/arecoDeploymentScriptsManager/resources/test/script-configuration-test/junit-only/20140814_TICKET_ADD_TEST_CRONJOBS/unit-test.conf
 [yunitint] [m[0;36mDEBUG [main] [PropertyFileDeploymentScriptConfigurationReader] Reading configuration from the directory /home/arobirosa/no_backup/deploymentScriptsManager/hybris/bin/custom/arecoDeploymentScriptsManager/resources/test/script-configuration-test/junit-only/20140814_TICKET_ADD_TEST_CRONJOBS
 [yunitint] [m[0;36mDEBUG [main] [ArecoDeploymentScriptService] Running update scripts of the extension arecoDeploymentScriptsManager
 [yunitint] [m[0;36mDEBUG [main] [DeploymentScript2ExecutionConverter] Creating an script execution model from the deployment script DeploymentScript [name=20140814_TICKET_ADD_TEST_CRONJOBS, extensionName=arecoDeploymentScriptsManager, orderedSteps=[ImpexImportStep [scriptFile=/home/arobirosa/no_backup/deploymentScriptsManager/hybris/bin/custom/arecoDeploymentScriptsManager/resources/test/script-configuration-test/junit-only/20140814_TICKET_ADD_TEST_CRONJOBS/01_new_cronjobs.impex], ImpexImportStep [scriptFile=/home/arobirosa/no_backup/deploymentScriptsManager/hybris/bin/custom/arecoDeploymentScriptsManager/resources/test/script-configuration-test/junit-only/20140814_TICKET_ADD_TEST_CRONJOBS/02_remove_sample_cronjobs.impex]], phase=UPDATE, configuration=org.areco.ecommerce.deploymentscripts.core.impl.PropertyFileDeploymentScriptConfiguration@1bc0d2e]
 [yunitint] [m[0;36mDEBUG [main] [DeploymentScript] Running arecoDeploymentScriptsManager:20140814_TICKET_ADD_TEST_CRONJOBS - Start
 [yunitint] [m[0;36mDEBUG [main] [ImpexImportStep] Running the step 01_new_cronjobs.impex
 [yunitint] [m[0;36mDEBUG [main] [LocalizedImpexImportService] Code of the impex locale: 'en_US'.
 [yunitint] [m[0;32mINFO  [main] [Importer] Finished 1 pass in 0d 00h:00m:00s:300ms - processed: 2, no lines dumped (last pass 0)
 [yunitint] [m[0;36mDEBUG [main] [ImpexImportStep] Running the step 02_remove_sample_cronjobs.impex
 [yunitint] [m[0;36mDEBUG [main] [LocalizedImpexImportService] Code of the impex locale: 'en_US'.
 [yunitint] [m[0;32mINFO  [main] [Job] Check removable job junitArecoDeploymenScriptMissingJob ...
 [yunitint] [m[0;32mINFO  [main] [Job] Check removable job junitArecoDeploymenScriptMissingJob ...
 [yunitint] [m[0;32mINFO  [main] [Importer] Finished 1 pass in 0d 00h:00m:00s:397ms - processed: 2, no lines dumped (last pass 0)
 [yunitint] [m[0;36mDEBUG [main] [DeploymentScript] Running arecoDeploymentScriptsManager:20140814_TICKET_ADD_TEST_CRONJOBS - Ended successfully
 [yunitint] [m[0;32mINFO  [main] [UpdatingSystemExtensionContext] The deployment script 20140814_TICKET_ADD_TEST_CRONJOBS was executed: Success.
 [yunitint] [m[0;36mDEBUG [main] [ArecoDeploymentScriptService] Finished running update scripts of the extension arecoDeploymentScriptsManager
 [yunitint] [m[0;36mDEBUG [main] [DeploymentScriptStarter] Running the deployment scripts of the extension: arecoDeploymentScriptsExamples
 [yunitint] [m[0;36mDEBUG [main] [ArecoDeploymentScriptService] Looking for pending update scripts in the extension arecoDeploymentScriptsExamples
 [yunitint] [m[0;36mDEBUG [main] [FlexibleSearchScriptExecutionDao] Getting the executed scripts of the extension arecoDeploymentScriptsExamples
 [yunitint] [m[0;36mDEBUG [main] [ArecoDeploymentScriptService] There aren't any pending UPDATE deployment scripts in the extension arecoDeploymentScriptsExamples
 [yunitint] [m[0;36mDEBUG [main] [DeploymentScriptResultAsserter] Getting the execution of the script 20140814_TICKET_ADD_TEST_CRONJOBS
 [yunitint] [m[0;32mINFO  [main] [LogRunListener] Finished test method currentTenant(org.areco.ecommerce.deploymentscripts.core.ScriptConfigurationTest) in 4 seconds
 [yunitint] [mjunit.framework.TestListener: endTest(currentTenant)
 [yunitint] [0;32mINFO  [main] [LogRunListener] Starting test method otherEnvironment(org.areco.ecommerce.deploymentscripts.core.ScriptConfigurationTest)
 [yunitint] [m[0;36mDEBUG [main] [ItemCreationListener] Disabling item registration in junit thread for otherEnvironment(org.areco.ecommerce.deploymentscripts.core.ScriptConfigurationTest) since transaction is enabled
 [yunitint] [m[0;32mINFO  [main] [DeploymentScriptStarter] Running all pending update deployment scripts.
 [yunitint] [m[0;32mINFO  [main] [DeploymentScriptStarter] Running all deployment scripts. RunInitScripts? false
 [yunitint] [m[0;36mDEBUG [main] [DeploymentScriptStarter] The error flag was cleared
 [yunitint] [m[0;36mDEBUG [main] [DeploymentScriptStarter] Running the deployment scripts of the extension: core
 [yunitint] [m[0;36mDEBUG [main] [ImpexInitialConfigurationImporter] The initial configuration was already imported.
 [yunitint] [m[0;36mDEBUG [main] [ArecoDeploymentScriptService] Looking for pending update scripts in the extension core
 [yunitint] [m[0;36mDEBUG [main] [FlexibleSearchScriptExecutionDao] Getting the executed scripts of the extension core
 [yunitint] [m[0;36mDEBUG [main] [ArecoDeploymentScriptService] There aren't any pending UPDATE deployment scripts in the extension core
 [yunitint] [m[0;36mDEBUG [main] [DeploymentScriptStarter] Running the deployment scripts of the extension: hmc
 [yunitint] [m[0;36mDEBUG [main] [ArecoDeploymentScriptService] Looking for pending update scripts in the extension hmc
 [yunitint] [m[0;36mDEBUG [main] [FlexibleSearchScriptExecutionDao] Getting the executed scripts of the extension hmc
 [yunitint] [m[0;36mDEBUG [main] [ArecoDeploymentScriptService] There aren't any pending UPDATE deployment scripts in the extension hmc
 [yunitint] [m[0;36mDEBUG [main] [DeploymentScriptStarter] Running the deployment scripts of the extension: servicelayer
 [yunitint] [m[0;36mDEBUG [main] [ArecoDeploymentScriptService] Looking for pending update scripts in the extension servicelayer
 [yunitint] [m[0;36mDEBUG [main] [FlexibleSearchScriptExecutionDao] Getting the executed scripts of the extension servicelayer
 [yunitint] [m[0;36mDEBUG [main] [ArecoDeploymentScriptService] There aren't any pending UPDATE deployment scripts in the extension servicelayer
 [yunitint] [m[0;36mDEBUG [main] [DeploymentScriptStarter] Running the deployment scripts of the extension: task
 [yunitint] [m[0;36mDEBUG [main] [ArecoDeploymentScriptService] Looking for pending update scripts in the extension task
 [yunitint] [m[0;36mDEBUG [main] [FlexibleSearchScriptExecutionDao] Getting the executed scripts of the extension task
 [yunitint] [m[0;36mDEBUG [main] [ArecoDeploymentScriptService] There aren't any pending UPDATE deployment scripts in the extension task
 [yunitint] [m[0;36mDEBUG [main] [DeploymentScriptStarter] Running the deployment scripts of the extension: paymentstandard
 [yunitint] [m[0;36mDEBUG [main] [ArecoDeploymentScriptService] Looking for pending update scripts in the extension paymentstandard
 [yunitint] [m[0;36mDEBUG [main] [FlexibleSearchScriptExecutionDao] Getting the executed scripts of the extension paymentstandard
 [yunitint] [m[0;36mDEBUG [main] [ArecoDeploymentScriptService] There aren't any pending UPDATE deployment scripts in the extension paymentstandard
 [yunitint] [m[0;36mDEBUG [main] [DeploymentScriptStarter] Running the deployment scripts of the extension: deliveryzone
 [yunitint] [m[0;36mDEBUG [main] [ArecoDeploymentScriptService] Looking for pending update scripts in the extension deliveryzone
 [yunitint] [m[0;36mDEBUG [main] [FlexibleSearchScriptExecutionDao] Getting the executed scripts of the extension deliveryzone
 [yunitint] [m[0;36mDEBUG [main] [ArecoDeploymentScriptService] There aren't any pending UPDATE deployment scripts in the extension deliveryzone
 [yunitint] [m[0;36mDEBUG [main] [DeploymentScriptStarter] Running the deployment scripts of the extension: commons
 [yunitint] [m[0;36mDEBUG [main] [ArecoDeploymentScriptService] Looking for pending update scripts in the extension commons
 [yunitint] [m[0;36mDEBUG [main] [FlexibleSearchScriptExecutionDao] Getting the executed scripts of the extension commons
 [yunitint] [m[0;36mDEBUG [main] [ArecoDeploymentScriptService] There aren't any pending UPDATE deployment scripts in the extension commons
 [yunitint] [m[0;36mDEBUG [main] [DeploymentScriptStarter] Running the deployment scripts of the extension: cronjob
 [yunitint] [m[0;36mDEBUG [main] [ArecoDeploymentScriptService] Looking for pending update scripts in the extension cronjob
 [yunitint] [m[0;36mDEBUG [main] [FlexibleSearchScriptExecutionDao] Getting the executed scripts of the extension cronjob
 [yunitint] [m[0;36mDEBUG [main] [ArecoDeploymentScriptService] There aren't any pending UPDATE deployment scripts in the extension cronjob
 [yunitint] [m[0;36mDEBUG [main] [DeploymentScriptStarter] Running the deployment scripts of the extension: lucenesearch
 [yunitint] [m[0;36mDEBUG [main] [ArecoDeploymentScriptService] Looking for pending update scripts in the extension lucenesearch
 [yunitint] [m[0;36mDEBUG [main] [FlexibleSearchScriptExecutionDao] Getting the executed scripts of the extension lucenesearch
 [yunitint] [m[0;36mDEBUG [main] [ArecoDeploymentScriptService] There aren't any pending UPDATE deployment scripts in the extension lucenesearch
 [yunitint] [m[0;36mDEBUG [main] [DeploymentScriptStarter] Running the deployment scripts of the extension: impex
 [yunitint] [m[0;36mDEBUG [main] [ArecoDeploymentScriptService] Looking for pending update scripts in the extension impex
 [yunitint] [m[0;36mDEBUG [main] [FlexibleSearchScriptExecutionDao] Getting the executed scripts of the extension impex
 [yunitint] [m[0;36mDEBUG [main] [ArecoDeploymentScriptService] There aren't any pending UPDATE deployment scripts in the extension impex
 [yunitint] [m[0;36mDEBUG [main] [DeploymentScriptStarter] Running the deployment scripts of the extension: validation
 [yunitint] [m[0;36mDEBUG [main] [ArecoDeploymentScriptService] Looking for pending update scripts in the extension validation
 [yunitint] [m[0;36mDEBUG [main] [FlexibleSearchScriptExecutionDao] Getting the executed scripts of the extension validation
 [yunitint] [m[0;36mDEBUG [main] [ArecoDeploymentScriptService] There aren't any pending UPDATE deployment scripts in the extension validation
 [yunitint] [m[0;36mDEBUG [main] [DeploymentScriptStarter] Running the deployment scripts of the extension: variants
 [yunitint] [m[0;36mDEBUG [main] [ArecoDeploymentScriptService] Looking for pending update scripts in the extension variants
 [yunitint] [m[0;36mDEBUG [main] [FlexibleSearchScriptExecutionDao] Getting the executed scripts of the extension variants
 [yunitint] [m[0;36mDEBUG [main] [ArecoDeploymentScriptService] There aren't any pending UPDATE deployment scripts in the extension variants
 [yunitint] [m[0;36mDEBUG [main] [DeploymentScriptStarter] Running the deployment scripts of the extension: europe1
 [yunitint] [m[0;36mDEBUG [main] [ArecoDeploymentScriptService] Looking for pending update scripts in the extension europe1
 [yunitint] [m[0;36mDEBUG [main] [FlexibleSearchScriptExecutionDao] Getting the executed scripts of the extension europe1
 [yunitint] [m[0;36mDEBUG [main] [ArecoDeploymentScriptService] There aren't any pending UPDATE deployment scripts in the extension europe1
 [yunitint] [m[0;36mDEBUG [main] [DeploymentScriptStarter] Running the deployment scripts of the extension: category
 [yunitint] [m[0;36mDEBUG [main] [ArecoDeploymentScriptService] Looking for pending update scripts in the extension category
 [yunitint] [m[0;36mDEBUG [main] [FlexibleSearchScriptExecutionDao] Getting the executed scripts of the extension category
 [yunitint] [m[0;36mDEBUG [main] [ArecoDeploymentScriptService] There aren't any pending UPDATE deployment scripts in the extension category
 [yunitint] [m[0;36mDEBUG [main] [DeploymentScriptStarter] Running the deployment scripts of the extension: catalog
 [yunitint] [m[0;36mDEBUG [main] [ArecoDeploymentScriptService] Looking for pending update scripts in the extension catalog
 [yunitint] [m[0;36mDEBUG [main] [FlexibleSearchScriptExecutionDao] Getting the executed scripts of the extension catalog
 [yunitint] [m[0;36mDEBUG [main] [ArecoDeploymentScriptService] There aren't any pending UPDATE deployment scripts in the extension catalog
 [yunitint] [m[0;36mDEBUG [main] [DeploymentScriptStarter] Running the deployment scripts of the extension: virtualjdbc
 [yunitint] [m[0;36mDEBUG [main] [ArecoDeploymentScriptService] Looking for pending update scripts in the extension virtualjdbc
 [yunitint] [m[0;36mDEBUG [main] [FlexibleSearchScriptExecutionDao] Getting the executed scripts of the extension virtualjdbc
 [yunitint] [m[0;36mDEBUG [main] [ArecoDeploymentScriptService] There aren't any pending UPDATE deployment scripts in the extension virtualjdbc
 [yunitint] [m[0;36mDEBUG [main] [DeploymentScriptStarter] Running the deployment scripts of the extension: platformservices
 [yunitint] [m[0;36mDEBUG [main] [ArecoDeploymentScriptService] Looking for pending update scripts in the extension platformservices
 [yunitint] [m[0;36mDEBUG [main] [FlexibleSearchScriptExecutionDao] Getting the executed scripts of the extension platformservices
 [yunitint] [m[0;36mDEBUG [main] [ArecoDeploymentScriptService] There aren't any pending UPDATE deployment scripts in the extension platformservices
 [yunitint] [m[0;36mDEBUG [main] [DeploymentScriptStarter] Running the deployment scripts of the extension: workflow
 [yunitint] [m[0;36mDEBUG [main] [ArecoDeploymentScriptService] Looking for pending update scripts in the extension workflow
 [yunitint] [m[0;36mDEBUG [main] [FlexibleSearchScriptExecutionDao] Getting the executed scripts of the extension workflow
 [yunitint] [m[0;36mDEBUG [main] [ArecoDeploymentScriptService] There aren't any pending UPDATE deployment scripts in the extension workflow
 [yunitint] [m[0;36mDEBUG [main] [DeploymentScriptStarter] Running the deployment scripts of the extension: processengine
 [yunitint] [m[0;36mDEBUG [main] [ArecoDeploymentScriptService] Looking for pending update scripts in the extension processengine
 [yunitint] [m[0;36mDEBUG [main] [FlexibleSearchScriptExecutionDao] Getting the executed scripts of the extension processengine
 [yunitint] [m[0;36mDEBUG [main] [ArecoDeploymentScriptService] There aren't any pending UPDATE deployment scripts in the extension processengine
 [yunitint] [m[0;36mDEBUG [main] [DeploymentScriptStarter] Running the deployment scripts of the extension: ldap
 [yunitint] [m[0;36mDEBUG [main] [ArecoDeploymentScriptService] Looking for pending update scripts in the extension ldap
 [yunitint] [m[0;36mDEBUG [main] [FlexibleSearchScriptExecutionDao] Getting the executed scripts of the extension ldap
 [yunitint] [m[0;36mDEBUG [main] [ArecoDeploymentScriptService] There aren't any pending UPDATE deployment scripts in the extension ldap
 [yunitint] [m[0;36mDEBUG [main] [DeploymentScriptStarter] Running the deployment scripts of the extension: comments
 [yunitint] [m[0;36mDEBUG [main] [ArecoDeploymentScriptService] Looking for pending update scripts in the extension comments
 [yunitint] [m[0;36mDEBUG [main] [FlexibleSearchScriptExecutionDao] Getting the executed scripts of the extension comments
 [yunitint] [m[0;36mDEBUG [main] [ArecoDeploymentScriptService] There aren't any pending UPDATE deployment scripts in the extension comments
 [yunitint] [m[0;36mDEBUG [main] [DeploymentScriptStarter] Running the deployment scripts of the extension: cockpit
 [yunitint] [m[0;36mDEBUG [main] [ArecoDeploymentScriptService] Looking for pending update scripts in the extension cockpit
 [yunitint] [m[0;36mDEBUG [main] [FlexibleSearchScriptExecutionDao] Getting the executed scripts of the extension cockpit
 [yunitint] [m[0;36mDEBUG [main] [ArecoDeploymentScriptService] There aren't any pending UPDATE deployment scripts in the extension cockpit
 [yunitint] [m[0;36mDEBUG [main] [DeploymentScriptStarter] Running the deployment scripts of the extension: mcc
 [yunitint] [m[0;36mDEBUG [main] [ArecoDeploymentScriptService] Looking for pending update scripts in the extension mcc
 [yunitint] [m[0;36mDEBUG [main] [FlexibleSearchScriptExecutionDao] Getting the executed scripts of the extension mcc
 [yunitint] [m[0;36mDEBUG [main] [ArecoDeploymentScriptService] There aren't any pending UPDATE deployment scripts in the extension mcc
 [yunitint] [m[0;36mDEBUG [main] [DeploymentScriptStarter] Running the deployment scripts of the extension: advancedsavedquery
 [yunitint] [m[0;36mDEBUG [main] [ArecoDeploymentScriptService] Looking for pending update scripts in the extension advancedsavedquery
 [yunitint] [m[0;36mDEBUG [main] [FlexibleSearchScriptExecutionDao] Getting the executed scripts of the extension advancedsavedquery
 [yunitint] [m[0;36mDEBUG [main] [ArecoDeploymentScriptService] There aren't any pending UPDATE deployment scripts in the extension advancedsavedquery
 [yunitint] [m[0;36mDEBUG [main] [DeploymentScriptStarter] Running the deployment scripts of the extension: admincockpit
 [yunitint] [m[0;36mDEBUG [main] [ArecoDeploymentScriptService] Looking for pending update scripts in the extension admincockpit
 [yunitint] [m[0;36mDEBUG [main] [FlexibleSearchScriptExecutionDao] Getting the executed scripts of the extension admincockpit
 [yunitint] [m[0;36mDEBUG [main] [ArecoDeploymentScriptService] There aren't any pending UPDATE deployment scripts in the extension admincockpit
 [yunitint] [m[0;36mDEBUG [main] [DeploymentScriptStarter] Running the deployment scripts of the extension: arecoDeploymentScriptsManager
 [yunitint] [m[0;36mDEBUG [main] [ArecoDeploymentScriptService] Looking for pending update scripts in the extension arecoDeploymentScriptsManager
 [yunitint] [m[0;36mDEBUG [main] [FlexibleSearchScriptExecutionDao] Getting the executed scripts of the extension arecoDeploymentScriptsManager
 [yunitint] [m[0;36mDEBUG [main] [AbstractSingleFileScriptStepFactory] Trying to create a single file script step from the file /home/arobirosa/no_backup/deploymentScriptsManager/hybris/bin/custom/arecoDeploymentScriptsManager/resources/test/script-configuration-test/prod-only/20140814_TICKET_ADD_PROD_CRONJOBS/01_new_cronjobs.impex
 [yunitint] [m[0;36mDEBUG [main] [AbstractSingleFileScriptStepFactory] Created step: ImpexImportStep [scriptFile=/home/arobirosa/no_backup/deploymentScriptsManager/hybris/bin/custom/arecoDeploymentScriptsManager/resources/test/script-configuration-test/prod-only/20140814_TICKET_ADD_PROD_CRONJOBS/01_new_cronjobs.impex]
 [yunitint] [m[0;36mDEBUG [main] [AbstractSingleFileScriptStepFactory] Trying to create a single file script step from the file /home/arobirosa/no_backup/deploymentScriptsManager/hybris/bin/custom/arecoDeploymentScriptsManager/resources/test/script-configuration-test/prod-only/20140814_TICKET_ADD_PROD_CRONJOBS/02_remove_sample_cronjobs.impex
 [yunitint] [m[0;36mDEBUG [main] [AbstractSingleFileScriptStepFactory] Created step: ImpexImportStep [scriptFile=/home/arobirosa/no_backup/deploymentScriptsManager/hybris/bin/custom/arecoDeploymentScriptsManager/resources/test/script-configuration-test/prod-only/20140814_TICKET_ADD_PROD_CRONJOBS/02_remove_sample_cronjobs.impex]
 [yunitint] [m[0;36mDEBUG [main] [AbstractSingleFileScriptStepFactory] Trying to create a single file script step from the file /home/arobirosa/no_backup/deploymentScriptsManager/hybris/bin/custom/arecoDeploymentScriptsManager/resources/test/script-configuration-test/prod-only/20140814_TICKET_ADD_PROD_CRONJOBS/description.txt
 [yunitint] [m[0;36mDEBUG [main] [AbstractSingleFileScriptStepFactory] Trying to create a single file script step from the file /home/arobirosa/no_backup/deploymentScriptsManager/hybris/bin/custom/arecoDeploymentScriptsManager/resources/test/script-configuration-test/prod-only/20140814_TICKET_ADD_PROD_CRONJOBS/description.txt
 [yunitint] [m[0;36mDEBUG [main] [AbstractSingleFileScriptStepFactory] Trying to create a single file script step from the file /home/arobirosa/no_backup/deploymentScriptsManager/hybris/bin/custom/arecoDeploymentScriptsManager/resources/test/script-configuration-test/prod-only/20140814_TICKET_ADD_PROD_CRONJOBS/description.txt
 [yunitint] [m[0;36mDEBUG [main] [AbstractSingleFileScriptStepFactory] Trying to create a single file script step from the file /home/arobirosa/no_backup/deploymentScriptsManager/hybris/bin/custom/arecoDeploymentScriptsManager/resources/test/script-configuration-test/prod-only/20140814_TICKET_ADD_PROD_CRONJOBS/production.conf
 [yunitint] [m[0;36mDEBUG [main] [AbstractSingleFileScriptStepFactory] Trying to create a single file script step from the file /home/arobirosa/no_backup/deploymentScriptsManager/hybris/bin/custom/arecoDeploymentScriptsManager/resources/test/script-configuration-test/prod-only/20140814_TICKET_ADD_PROD_CRONJOBS/production.conf
 [yunitint] [m[0;36mDEBUG [main] [AbstractSingleFileScriptStepFactory] Trying to create a single file script step from the file /home/arobirosa/no_backup/deploymentScriptsManager/hybris/bin/custom/arecoDeploymentScriptsManager/resources/test/script-configuration-test/prod-only/20140814_TICKET_ADD_PROD_CRONJOBS/production.conf
 [yunitint] [m[0;36mDEBUG [main] [PropertyFileDeploymentScriptConfigurationReader] Reading configuration from the directory /home/arobirosa/no_backup/deploymentScriptsManager/hybris/bin/custom/arecoDeploymentScriptsManager/resources/test/script-configuration-test/prod-only/20140814_TICKET_ADD_PROD_CRONJOBS
 [yunitint] [m[0;36mDEBUG [main] [ArecoDeploymentScriptService] Running update scripts of the extension arecoDeploymentScriptsManager
 [yunitint] [m[0;36mDEBUG [main] [DeploymentScript2ExecutionConverter] Creating an script execution model from the deployment script DeploymentScript [name=20140814_TICKET_ADD_PROD_CRONJOBS, extensionName=arecoDeploymentScriptsManager, orderedSteps=[ImpexImportStep [scriptFile=/home/arobirosa/no_backup/deploymentScriptsManager/hybris/bin/custom/arecoDeploymentScriptsManager/resources/test/script-configuration-test/prod-only/20140814_TICKET_ADD_PROD_CRONJOBS/01_new_cronjobs.impex], ImpexImportStep [scriptFile=/home/arobirosa/no_backup/deploymentScriptsManager/hybris/bin/custom/arecoDeploymentScriptsManager/resources/test/script-configuration-test/prod-only/20140814_TICKET_ADD_PROD_CRONJOBS/02_remove_sample_cronjobs.impex]], phase=UPDATE, configuration=org.areco.ecommerce.deploymentscripts.core.impl.PropertyFileDeploymentScriptConfiguration@12b7c58]
 [yunitint] [m[0;36mDEBUG [main] [DeploymentScript] Running arecoDeploymentScriptsManager:20140814_TICKET_ADD_PROD_CRONJOBS - Start
 [yunitint] [m[0;36mDEBUG [main] [FlexibleSearchDeploymentEnvironmentDAO] Loading the environments: [INT, PRODUCTION]
 [yunitint] [m[0;36mDEBUG [main] [FlexibleSearchDeploymentEnvironmentDAO] Loading the environments: [DEV]
 [yunitint] [m[0;32mINFO  [main] [UpdatingSystemExtensionContext] The deployment script 20140814_TICKET_ADD_PROD_CRONJOBS was executed: Ignored: Other environment.
 [yunitint] [m[0;36mDEBUG [main] [ArecoDeploymentScriptService] Finished running update scripts of the extension arecoDeploymentScriptsManager
 [yunitint] [m[0;36mDEBUG [main] [DeploymentScriptStarter] Running the deployment scripts of the extension: arecoDeploymentScriptsExamples
 [yunitint] [m[0;36mDEBUG [main] [ArecoDeploymentScriptService] Looking for pending update scripts in the extension arecoDeploymentScriptsExamples
 [yunitint] [m[0;36mDEBUG [main] [FlexibleSearchScriptExecutionDao] Getting the executed scripts of the extension arecoDeploymentScriptsExamples
 [yunitint] [m[0;36mDEBUG [main] [ArecoDeploymentScriptService] There aren't any pending UPDATE deployment scripts in the extension arecoDeploymentScriptsExamples
 [yunitint] [m[0;36mDEBUG [main] [DeploymentScriptResultAsserter] Getting the execution of the script 20140814_TICKET_ADD_PROD_CRONJOBS
 [yunitint] [m[0;32mINFO  [main] [LogRunListener] Finished test method otherEnvironment(org.areco.ecommerce.deploymentscripts.core.ScriptConfigurationTest) in 4 seconds
 [yunitint] [mjunit.framework.TestListener: endTest(otherEnvironment)
 [yunitint] [0;32mINFO  [main] [LogRunListener] Starting test method justCreatedEnvironment(org.areco.ecommerce.deploymentscripts.core.ScriptConfigurationTest)
 [yunitint] [m[0;36mDEBUG [main] [ItemCreationListener] Disabling item registration in junit thread for justCreatedEnvironment(org.areco.ecommerce.deploymentscripts.core.ScriptConfigurationTest) since transaction is enabled
 [yunitint] [m[0;32mINFO  [main] [DeploymentScriptStarter] Running all pending update deployment scripts.
 [yunitint] [m[0;32mINFO  [main] [DeploymentScriptStarter] Running all deployment scripts. RunInitScripts? false
 [yunitint] [m[0;36mDEBUG [main] [DeploymentScriptStarter] The error flag was cleared
 [yunitint] [m[0;36mDEBUG [main] [DeploymentScriptStarter] Running the deployment scripts of the extension: core
 [yunitint] [m[0;36mDEBUG [main] [ImpexInitialConfigurationImporter] The initial configuration was already imported.
 [yunitint] [m[0;36mDEBUG [main] [ArecoDeploymentScriptService] Looking for pending update scripts in the extension core
 [yunitint] [m[0;36mDEBUG [main] [FlexibleSearchScriptExecutionDao] Getting the executed scripts of the extension core
 [yunitint] [m[0;36mDEBUG [main] [ArecoDeploymentScriptService] There aren't any pending UPDATE deployment scripts in the extension core
 [yunitint] [m[0;36mDEBUG [main] [DeploymentScriptStarter] Running the deployment scripts of the extension: hmc
 [yunitint] [m[0;36mDEBUG [main] [ArecoDeploymentScriptService] Looking for pending update scripts in the extension hmc
 [yunitint] [m[0;36mDEBUG [main] [FlexibleSearchScriptExecutionDao] Getting the executed scripts of the extension hmc
 [yunitint] [m[0;36mDEBUG [main] [ArecoDeploymentScriptService] There aren't any pending UPDATE deployment scripts in the extension hmc
 [yunitint] [m[0;36mDEBUG [main] [DeploymentScriptStarter] Running the deployment scripts of the extension: servicelayer
 [yunitint] [m[0;36mDEBUG [main] [ArecoDeploymentScriptService] Looking for pending update scripts in the extension servicelayer
 [yunitint] [m[0;36mDEBUG [main] [FlexibleSearchScriptExecutionDao] Getting the executed scripts of the extension servicelayer
 [yunitint] [m[0;36mDEBUG [main] [ArecoDeploymentScriptService] There aren't any pending UPDATE deployment scripts in the extension servicelayer
 [yunitint] [m[0;36mDEBUG [main] [DeploymentScriptStarter] Running the deployment scripts of the extension: task
 [yunitint] [m[0;36mDEBUG [main] [ArecoDeploymentScriptService] Looking for pending update scripts in the extension task
 [yunitint] [m[0;36mDEBUG [main] [FlexibleSearchScriptExecutionDao] Getting the executed scripts of the extension task
 [yunitint] [m[0;36mDEBUG [main] [ArecoDeploymentScriptService] There aren't any pending UPDATE deployment scripts in the extension task
 [yunitint] [m[0;36mDEBUG [main] [DeploymentScriptStarter] Running the deployment scripts of the extension: paymentstandard
 [yunitint] [m[0;36mDEBUG [main] [ArecoDeploymentScriptService] Looking for pending update scripts in the extension paymentstandard
 [yunitint] [m[0;36mDEBUG [main] [FlexibleSearchScriptExecutionDao] Getting the executed scripts of the extension paymentstandard
 [yunitint] [m[0;36mDEBUG [main] [ArecoDeploymentScriptService] There aren't any pending UPDATE deployment scripts in the extension paymentstandard
 [yunitint] [m[0;36mDEBUG [main] [DeploymentScriptStarter] Running the deployment scripts of the extension: deliveryzone
 [yunitint] [m[0;36mDEBUG [main] [ArecoDeploymentScriptService] Looking for pending update scripts in the extension deliveryzone
 [yunitint] [m[0;36mDEBUG [main] [FlexibleSearchScriptExecutionDao] Getting the executed scripts of the extension deliveryzone
 [yunitint] [m[0;36mDEBUG [main] [ArecoDeploymentScriptService] There aren't any pending UPDATE deployment scripts in the extension deliveryzone
 [yunitint] [m[0;36mDEBUG [main] [DeploymentScriptStarter] Running the deployment scripts of the extension: commons
 [yunitint] [m[0;36mDEBUG [main] [ArecoDeploymentScriptService] Looking for pending update scripts in the extension commons
 [yunitint] [m[0;36mDEBUG [main] [FlexibleSearchScriptExecutionDao] Getting the executed scripts of the extension commons
 [yunitint] [m[0;36mDEBUG [main] [ArecoDeploymentScriptService] There aren't any pending UPDATE deployment scripts in the extension commons
 [yunitint] [m[0;36mDEBUG [main] [DeploymentScriptStarter] Running the deployment scripts of the extension: cronjob
 [yunitint] [m[0;36mDEBUG [main] [ArecoDeploymentScriptService] Looking for pending update scripts in the extension cronjob
 [yunitint] [m[0;36mDEBUG [main] [FlexibleSearchScriptExecutionDao] Getting the executed scripts of the extension cronjob
 [yunitint] [m[0;36mDEBUG [main] [ArecoDeploymentScriptService] There aren't any pending UPDATE deployment scripts in the extension cronjob
 [yunitint] [m[0;36mDEBUG [main] [DeploymentScriptStarter] Running the deployment scripts of the extension: lucenesearch
 [yunitint] [m[0;36mDEBUG [main] [ArecoDeploymentScriptService] Looking for pending update scripts in the extension lucenesearch
 [yunitint] [m[0;36mDEBUG [main] [FlexibleSearchScriptExecutionDao] Getting the executed scripts of the extension lucenesearch
 [yunitint] [m[0;36mDEBUG [main] [ArecoDeploymentScriptService] There aren't any pending UPDATE deployment scripts in the extension lucenesearch
 [yunitint] [m[0;36mDEBUG [main] [DeploymentScriptStarter] Running the deployment scripts of the extension: impex
 [yunitint] [m[0;36mDEBUG [main] [ArecoDeploymentScriptService] Looking for pending update scripts in the extension impex
 [yunitint] [m[0;36mDEBUG [main] [FlexibleSearchScriptExecutionDao] Getting the executed scripts of the extension impex
 [yunitint] [m[0;36mDEBUG [main] [ArecoDeploymentScriptService] There aren't any pending UPDATE deployment scripts in the extension impex
 [yunitint] [m[0;36mDEBUG [main] [DeploymentScriptStarter] Running the deployment scripts of the extension: validation
 [yunitint] [m[0;36mDEBUG [main] [ArecoDeploymentScriptService] Looking for pending update scripts in the extension validation
 [yunitint] [m[0;36mDEBUG [main] [FlexibleSearchScriptExecutionDao] Getting the executed scripts of the extension validation
 [yunitint] [m[0;36mDEBUG [main] [ArecoDeploymentScriptService] There aren't any pending UPDATE deployment scripts in the extension validation
 [yunitint] [m[0;36mDEBUG [main] [DeploymentScriptStarter] Running the deployment scripts of the extension: variants
 [yunitint] [m[0;36mDEBUG [main] [ArecoDeploymentScriptService] Looking for pending update scripts in the extension variants
 [yunitint] [m[0;36mDEBUG [main] [FlexibleSearchScriptExecutionDao] Getting the executed scripts of the extension variants
 [yunitint] [m[0;36mDEBUG [main] [ArecoDeploymentScriptService] There aren't any pending UPDATE deployment scripts in the extension variants
 [yunitint] [m[0;36mDEBUG [main] [DeploymentScriptStarter] Running the deployment scripts of the extension: europe1
 [yunitint] [m[0;36mDEBUG [main] [ArecoDeploymentScriptService] Looking for pending update scripts in the extension europe1
 [yunitint] [m[0;36mDEBUG [main] [FlexibleSearchScriptExecutionDao] Getting the executed scripts of the extension europe1
 [yunitint] [m[0;36mDEBUG [main] [ArecoDeploymentScriptService] There aren't any pending UPDATE deployment scripts in the extension europe1
 [yunitint] [m[0;36mDEBUG [main] [DeploymentScriptStarter] Running the deployment scripts of the extension: category
 [yunitint] [m[0;36mDEBUG [main] [ArecoDeploymentScriptService] Looking for pending update scripts in the extension category
 [yunitint] [m[0;36mDEBUG [main] [FlexibleSearchScriptExecutionDao] Getting the executed scripts of the extension category
 [yunitint] [m[0;36mDEBUG [main] [ArecoDeploymentScriptService] There aren't any pending UPDATE deployment scripts in the extension category
 [yunitint] [m[0;36mDEBUG [main] [DeploymentScriptStarter] Running the deployment scripts of the extension: catalog
 [yunitint] [m[0;36mDEBUG [main] [ArecoDeploymentScriptService] Looking for pending update scripts in the extension catalog
 [yunitint] [m[0;36mDEBUG [main] [FlexibleSearchScriptExecutionDao] Getting the executed scripts of the extension catalog
 [yunitint] [m[0;36mDEBUG [main] [ArecoDeploymentScriptService] There aren't any pending UPDATE deployment scripts in the extension catalog
 [yunitint] [m[0;36mDEBUG [main] [DeploymentScriptStarter] Running the deployment scripts of the extension: virtualjdbc
 [yunitint] [m[0;36mDEBUG [main] [ArecoDeploymentScriptService] Looking for pending update scripts in the extension virtualjdbc
 [yunitint] [m[0;36mDEBUG [main] [FlexibleSearchScriptExecutionDao] Getting the executed scripts of the extension virtualjdbc
 [yunitint] [m[0;36mDEBUG [main] [ArecoDeploymentScriptService] There aren't any pending UPDATE deployment scripts in the extension virtualjdbc
 [yunitint] [m[0;36mDEBUG [main] [DeploymentScriptStarter] Running the deployment scripts of the extension: platformservices
 [yunitint] [m[0;36mDEBUG [main] [ArecoDeploymentScriptService] Looking for pending update scripts in the extension platformservices
 [yunitint] [m[0;36mDEBUG [main] [FlexibleSearchScriptExecutionDao] Getting the executed scripts of the extension platformservices
 [yunitint] [m[0;36mDEBUG [main] [ArecoDeploymentScriptService] There aren't any pending UPDATE deployment scripts in the extension platformservices
 [yunitint] [m[0;36mDEBUG [main] [DeploymentScriptStarter] Running the deployment scripts of the extension: workflow
 [yunitint] [m[0;36mDEBUG [main] [ArecoDeploymentScriptService] Looking for pending update scripts in the extension workflow
 [yunitint] [m[0;36mDEBUG [main] [FlexibleSearchScriptExecutionDao] Getting the executed scripts of the extension workflow
 [yunitint] [m[0;36mDEBUG [main] [ArecoDeploymentScriptService] There aren't any pending UPDATE deployment scripts in the extension workflow
 [yunitint] [m[0;36mDEBUG [main] [DeploymentScriptStarter] Running the deployment scripts of the extension: processengine
 [yunitint] [m[0;36mDEBUG [main] [ArecoDeploymentScriptService] Looking for pending update scripts in the extension processengine
 [yunitint] [m[0;36mDEBUG [main] [FlexibleSearchScriptExecutionDao] Getting the executed scripts of the extension processengine
 [yunitint] [m[0;36mDEBUG [main] [ArecoDeploymentScriptService] There aren't any pending UPDATE deployment scripts in the extension processengine
 [yunitint] [m[0;36mDEBUG [main] [DeploymentScriptStarter] Running the deployment scripts of the extension: ldap
 [yunitint] [m[0;36mDEBUG [main] [ArecoDeploymentScriptService] Looking for pending update scripts in the extension ldap
 [yunitint] [m[0;36mDEBUG [main] [FlexibleSearchScriptExecutionDao] Getting the executed scripts of the extension ldap
 [yunitint] [m[0;36mDEBUG [main] [ArecoDeploymentScriptService] There aren't any pending UPDATE deployment scripts in the extension ldap
 [yunitint] [m[0;36mDEBUG [main] [DeploymentScriptStarter] Running the deployment scripts of the extension: comments
 [yunitint] [m[0;36mDEBUG [main] [ArecoDeploymentScriptService] Looking for pending update scripts in the extension comments
 [yunitint] [m[0;36mDEBUG [main] [FlexibleSearchScriptExecutionDao] Getting the executed scripts of the extension comments
 [yunitint] [m[0;36mDEBUG [main] [ArecoDeploymentScriptService] There aren't any pending UPDATE deployment scripts in the extension comments
 [yunitint] [m[0;36mDEBUG [main] [DeploymentScriptStarter] Running the deployment scripts of the extension: cockpit
 [yunitint] [m[0;36mDEBUG [main] [ArecoDeploymentScriptService] Looking for pending update scripts in the extension cockpit
 [yunitint] [m[0;36mDEBUG [main] [FlexibleSearchScriptExecutionDao] Getting the executed scripts of the extension cockpit
 [yunitint] [m[0;36mDEBUG [main] [ArecoDeploymentScriptService] There aren't any pending UPDATE deployment scripts in the extension cockpit
 [yunitint] [m[0;36mDEBUG [main] [DeploymentScriptStarter] Running the deployment scripts of the extension: mcc
 [yunitint] [m[0;36mDEBUG [main] [ArecoDeploymentScriptService] Looking for pending update scripts in the extension mcc
 [yunitint] [m[0;36mDEBUG [main] [FlexibleSearchScriptExecutionDao] Getting the executed scripts of the extension mcc
 [yunitint] [m[0;36mDEBUG [main] [ArecoDeploymentScriptService] There aren't any pending UPDATE deployment scripts in the extension mcc
 [yunitint] [m[0;36mDEBUG [main] [DeploymentScriptStarter] Running the deployment scripts of the extension: advancedsavedquery
 [yunitint] [m[0;36mDEBUG [main] [ArecoDeploymentScriptService] Looking for pending update scripts in the extension advancedsavedquery
 [yunitint] [m[0;36mDEBUG [main] [FlexibleSearchScriptExecutionDao] Getting the executed scripts of the extension advancedsavedquery
 [yunitint] [m[0;36mDEBUG [main] [ArecoDeploymentScriptService] There aren't any pending UPDATE deployment scripts in the extension advancedsavedquery
 [yunitint] [m[0;36mDEBUG [main] [DeploymentScriptStarter] Running the deployment scripts of the extension: admincockpit
 [yunitint] [m[0;36mDEBUG [main] [ArecoDeploymentScriptService] Looking for pending update scripts in the extension admincockpit
 [yunitint] [m[0;36mDEBUG [main] [FlexibleSearchScriptExecutionDao] Getting the executed scripts of the extension admincockpit
 [yunitint] [m[0;36mDEBUG [main] [ArecoDeploymentScriptService] There aren't any pending UPDATE deployment scripts in the extension admincockpit
 [yunitint] [m[0;36mDEBUG [main] [DeploymentScriptStarter] Running the deployment scripts of the extension: arecoDeploymentScriptsManager
 [yunitint] [m[0;36mDEBUG [main] [ArecoDeploymentScriptService] Looking for pending update scripts in the extension arecoDeploymentScriptsManager
 [yunitint] [m[0;36mDEBUG [main] [FlexibleSearchScriptExecutionDao] Getting the executed scripts of the extension arecoDeploymentScriptsManager
 [yunitint] [m[0;36mDEBUG [main] [AbstractSingleFileScriptStepFactory] Trying to create a single file script step from the file /home/arobirosa/no_backup/deploymentScriptsManager/hybris/bin/custom/arecoDeploymentScriptsManager/resources/test/script-configuration-test/just-created-environment/20140814_01_ADD_NEW_DEPLOYMENT_ENVIRONMENT/add_qa_webservice_environment.impex
 [yunitint] [m[0;36mDEBUG [main] [AbstractSingleFileScriptStepFactory] Created step: ImpexImportStep [scriptFile=/home/arobirosa/no_backup/deploymentScriptsManager/hybris/bin/custom/arecoDeploymentScriptsManager/resources/test/script-configuration-test/just-created-environment/20140814_01_ADD_NEW_DEPLOYMENT_ENVIRONMENT/add_qa_webservice_environment.impex]
 [yunitint] [m[0;36mDEBUG [main] [PropertyFileDeploymentScriptConfigurationReader] Reading configuration from the directory /home/arobirosa/no_backup/deploymentScriptsManager/hybris/bin/custom/arecoDeploymentScriptsManager/resources/test/script-configuration-test/just-created-environment/20140814_01_ADD_NEW_DEPLOYMENT_ENVIRONMENT
 [yunitint] [m[0;36mDEBUG [main] [AbstractSingleFileScriptStepFactory] Trying to create a single file script step from the file /home/arobirosa/no_backup/deploymentScriptsManager/hybris/bin/custom/arecoDeploymentScriptsManager/resources/test/script-configuration-test/just-created-environment/20140814_02_TICKET_ADD_QA_CRONJOBS/01_new_cronjobs.impex
 [yunitint] [m[0;36mDEBUG [main] [AbstractSingleFileScriptStepFactory] Created step: ImpexImportStep [scriptFile=/home/arobirosa/no_backup/deploymentScriptsManager/hybris/bin/custom/arecoDeploymentScriptsManager/resources/test/script-configuration-test/just-created-environment/20140814_02_TICKET_ADD_QA_CRONJOBS/01_new_cronjobs.impex]
 [yunitint] [m[0;36mDEBUG [main] [AbstractSingleFileScriptStepFactory] Trying to create a single file script step from the file /home/arobirosa/no_backup/deploymentScriptsManager/hybris/bin/custom/arecoDeploymentScriptsManager/resources/test/script-configuration-test/just-created-environment/20140814_02_TICKET_ADD_QA_CRONJOBS/02_remove_sample_cronjobs.impex
 [yunitint] [m[0;36mDEBUG [main] [AbstractSingleFileScriptStepFactory] Created step: ImpexImportStep [scriptFile=/home/arobirosa/no_backup/deploymentScriptsManager/hybris/bin/custom/arecoDeploymentScriptsManager/resources/test/script-configuration-test/just-created-environment/20140814_02_TICKET_ADD_QA_CRONJOBS/02_remove_sample_cronjobs.impex]
 [yunitint] [m[0;36mDEBUG [main] [AbstractSingleFileScriptStepFactory] Trying to create a single file script step from the file /home/arobirosa/no_backup/deploymentScriptsManager/hybris/bin/custom/arecoDeploymentScriptsManager/resources/test/script-configuration-test/just-created-environment/20140814_02_TICKET_ADD_QA_CRONJOBS/description.txt
 [yunitint] [m[0;36mDEBUG [main] [AbstractSingleFileScriptStepFactory] Trying to create a single file script step from the file /home/arobirosa/no_backup/deploymentScriptsManager/hybris/bin/custom/arecoDeploymentScriptsManager/resources/test/script-configuration-test/just-created-environment/20140814_02_TICKET_ADD_QA_CRONJOBS/description.txt
 [yunitint] [m[0;36mDEBUG [main] [AbstractSingleFileScriptStepFactory] Trying to create a single file script step from the file /home/arobirosa/no_backup/deploymentScriptsManager/hybris/bin/custom/arecoDeploymentScriptsManager/resources/test/script-configuration-test/just-created-environment/20140814_02_TICKET_ADD_QA_CRONJOBS/description.txt
 [yunitint] [m[0;36mDEBUG [main] [AbstractSingleFileScriptStepFactory] Trying to create a single file script step from the file /home/arobirosa/no_backup/deploymentScriptsManager/hybris/bin/custom/arecoDeploymentScriptsManager/resources/test/script-configuration-test/just-created-environment/20140814_02_TICKET_ADD_QA_CRONJOBS/qa-webservice.conf
 [yunitint] [m[0;36mDEBUG [main] [AbstractSingleFileScriptStepFactory] Trying to create a single file script step from the file /home/arobirosa/no_backup/deploymentScriptsManager/hybris/bin/custom/arecoDeploymentScriptsManager/resources/test/script-configuration-test/just-created-environment/20140814_02_TICKET_ADD_QA_CRONJOBS/qa-webservice.conf
 [yunitint] [m[0;36mDEBUG [main] [AbstractSingleFileScriptStepFactory] Trying to create a single file script step from the file /home/arobirosa/no_backup/deploymentScriptsManager/hybris/bin/custom/arecoDeploymentScriptsManager/resources/test/script-configuration-test/just-created-environment/20140814_02_TICKET_ADD_QA_CRONJOBS/qa-webservice.conf
 [yunitint] [m[0;36mDEBUG [main] [PropertyFileDeploymentScriptConfigurationReader] Reading configuration from the directory /home/arobirosa/no_backup/deploymentScriptsManager/hybris/bin/custom/arecoDeploymentScriptsManager/resources/test/script-configuration-test/just-created-environment/20140814_02_TICKET_ADD_QA_CRONJOBS
 [yunitint] [m[0;36mDEBUG [main] [ArecoDeploymentScriptService] Running update scripts of the extension arecoDeploymentScriptsManager
 [yunitint] [m[0;36mDEBUG [main] [DeploymentScript2ExecutionConverter] Creating an script execution model from the deployment script DeploymentScript [name=20140814_01_ADD_NEW_DEPLOYMENT_ENVIRONMENT, extensionName=arecoDeploymentScriptsManager, orderedSteps=[ImpexImportStep [scriptFile=/home/arobirosa/no_backup/deploymentScriptsManager/hybris/bin/custom/arecoDeploymentScriptsManager/resources/test/script-configuration-test/just-created-environment/20140814_01_ADD_NEW_DEPLOYMENT_ENVIRONMENT/add_qa_webservice_environment.impex]], phase=UPDATE, configuration=org.areco.ecommerce.deploymentscripts.core.impl.PropertyFileDeploymentScriptConfiguration@1ea6d00]
 [yunitint] [m[0;36mDEBUG [main] [DeploymentScript] Running arecoDeploymentScriptsManager:20140814_01_ADD_NEW_DEPLOYMENT_ENVIRONMENT - Start
 [yunitint] [m[0;36mDEBUG [main] [ImpexImportStep] Running the step add_qa_webservice_environment.impex
 [yunitint] [m[0;36mDEBUG [main] [LocalizedImpexImportService] Code of the impex locale: 'en_US'.
 [yunitint] [m[0;32mINFO  [main] [Importer] Finished 1 pass in 0d 00h:00m:00s:013ms - processed: 1, no lines dumped (last pass 0)
 [yunitint] [m[0;36mDEBUG [main] [DeploymentScript] Running arecoDeploymentScriptsManager:20140814_01_ADD_NEW_DEPLOYMENT_ENVIRONMENT - Ended successfully
 [yunitint] [m[0;32mINFO  [main] [UpdatingSystemExtensionContext] The deployment script 20140814_01_ADD_NEW_DEPLOYMENT_ENVIRONMENT was executed: Success.
 [yunitint] [m[0;36mDEBUG [main] [DeploymentScript2ExecutionConverter] Creating an script execution model from the deployment script DeploymentScript [name=20140814_02_TICKET_ADD_QA_CRONJOBS, extensionName=arecoDeploymentScriptsManager, orderedSteps=[ImpexImportStep [scriptFile=/home/arobirosa/no_backup/deploymentScriptsManager/hybris/bin/custom/arecoDeploymentScriptsManager/resources/test/script-configuration-test/just-created-environment/20140814_02_TICKET_ADD_QA_CRONJOBS/01_new_cronjobs.impex], ImpexImportStep [scriptFile=/home/arobirosa/no_backup/deploymentScriptsManager/hybris/bin/custom/arecoDeploymentScriptsManager/resources/test/script-configuration-test/just-created-environment/20140814_02_TICKET_ADD_QA_CRONJOBS/02_remove_sample_cronjobs.impex]], phase=UPDATE, configuration=org.areco.ecommerce.deploymentscripts.core.impl.PropertyFileDeploymentScriptConfiguration@fb4348]
 [yunitint] [m[0;36mDEBUG [main] [DeploymentScript] Running arecoDeploymentScriptsManager:20140814_02_TICKET_ADD_QA_CRONJOBS - Start
 [yunitint] [m[0;36mDEBUG [main] [FlexibleSearchDeploymentEnvironmentDAO] Loading the environments: [QA_WEBSERVICE]
 [yunitint] [m[0;36mDEBUG [main] [FlexibleSearchDeploymentEnvironmentDAO] Loading the environments: [QA_WEBSERVICE]
 [yunitint] [m[0;36mDEBUG [main] [ImpexImportStep] Running the step 01_new_cronjobs.impex
 [yunitint] [m[0;36mDEBUG [main] [LocalizedImpexImportService] Code of the impex locale: 'en_US'.
 [yunitint] [m[0;32mINFO  [main] [Importer] Finished 1 pass in 0d 00h:00m:00s:114ms - processed: 2, no lines dumped (last pass 0)
 [yunitint] [m[0;36mDEBUG [main] [ImpexImportStep] Running the step 02_remove_sample_cronjobs.impex
 [yunitint] [m[0;36mDEBUG [main] [LocalizedImpexImportService] Code of the impex locale: 'en_US'.
 [yunitint] [m[0;32mINFO  [main] [ImpExImportReader] no result provided for value line ValueLine[,line 3 at main script,null,HeaderDescriptor[line 2 at main script, remove, CronJob, {}, [code] ],{1=ValueEntry('productionArecoDeploymenScriptCronJob'=productionArecoDeploymenScriptCronJob,unresolved=false,ignore=false), 2=ValueEntry(''=null,unresolved=null,ignore=false)}]
 [yunitint] [m[0;32mINFO  [main] [ImpExImportReader] no result provided for value line ValueLine[,line 6 at main script,null,HeaderDescriptor[line 5 at main script, remove, ServicelayerJob, {}, [code] ],{1=ValueEntry('productionArecoDeploymenScriptMissingJob'=productionArecoDeploymenScriptMissingJob,unresolved=false,ignore=false), 2=ValueEntry(''=null,unresolved=null,ignore=false)}]
 [yunitint] [m[0;32mINFO  [main] [Importer] Finished 1 pass in 0d 00h:00m:00s:005ms - processed: 2, no lines dumped (last pass 0)
 [yunitint] [m[0;36mDEBUG [main] [DeploymentScript] Running arecoDeploymentScriptsManager:20140814_02_TICKET_ADD_QA_CRONJOBS - Ended successfully
 [yunitint] [m[0;32mINFO  [main] [UpdatingSystemExtensionContext] The deployment script 20140814_02_TICKET_ADD_QA_CRONJOBS was executed: Success.
 [yunitint] [m[0;36mDEBUG [main] [ArecoDeploymentScriptService] Finished running update scripts of the extension arecoDeploymentScriptsManager
 [yunitint] [m[0;36mDEBUG [main] [DeploymentScriptStarter] Running the deployment scripts of the extension: arecoDeploymentScriptsExamples
 [yunitint] [m[0;36mDEBUG [main] [ArecoDeploymentScriptService] Looking for pending update scripts in the extension arecoDeploymentScriptsExamples
 [yunitint] [m[0;36mDEBUG [main] [FlexibleSearchScriptExecutionDao] Getting the executed scripts of the extension arecoDeploymentScriptsExamples
 [yunitint] [m[0;36mDEBUG [main] [ArecoDeploymentScriptService] There aren't any pending UPDATE deployment scripts in the extension arecoDeploymentScriptsExamples
 [yunitint] [m[0;36mDEBUG [main] [DeploymentScriptResultAsserter] Getting the execution of the script 20140814_02_TICKET_ADD_QA_CRONJOBS
 [yunitint] [m[0;32mINFO  [main] [LogRunListener] Finished test method justCreatedEnvironment(org.areco.ecommerce.deploymentscripts.core.ScriptConfigurationTest) in 2 seconds
 [yunitint] [mjunit.framework.TestListener: endTest(justCreatedEnvironment)
 [yunitint] [0;32mINFO  [main] [LogRunListener] Finished (successful) test class org.areco.ecommerce.deploymentscripts.core.ScriptConfigurationTest
 [yunitint] [m[0;32mINFO  [main] [LogRunListener]   Total run time: 0d 00h:00m:29s:797ms
 [yunitint] [m[0;32mINFO  [main] [LogRunListener]   Total tests count: 9
 [yunitint] [m[0;32mINFO  [main] [LogRunListener]   Failed tests count: 0
 [yunitint] [m[0;32mINFO  [main] [LogRunListener]   Ignored tests count: 0
 [yunitint] [m[0;32mINFO  [main] [ClassLoaderOverviewRunListener] Loaded class count: 8610 diff: 49
 [yunitint] [m[0;32mINFO  [main] [ClassLoaderOverviewRunListener] Total loaded class count: 8611 diff: 49
 [yunitint] [m[0;32mINFO  [main] [ClassLoaderOverviewRunListener] Unloaded class count: 1 diff: 0
 [yunitint] [mTests run: 9, Failures: 0, Errors: 0, Time elapsed: 29.802 sec
 [yunitint] Running org.areco.ecommerce.deploymentscripts.core.AbstractWithConfigurationRestorationTest
 [yunitint] Tests run: 0, Failures: 0, Errors: 0, Time elapsed: 0.004 sec
 [yunitint] Running org.areco.ecommerce.deploymentscripts.core.UpdatingSystemExtensionContextLoggingTest
 [yunitint] [0;32mINFO  [main] [LogRunListener] Starting test class org.areco.ecommerce.deploymentscripts.core.UpdatingSystemExtensionContextLoggingTest
 [yunitint] [mjunit.framework.TestListener: startTest(testNoErrorsWhenCalledWithoutJspContext)
 [yunitint] [0;32mINFO  [main] [LogRunListener] Starting test method testNoErrorsWhenCalledWithoutJspContext(org.areco.ecommerce.deploymentscripts.core.UpdatingSystemExtensionContextLoggingTest)
 [yunitint] [m[0;36mDEBUG [main] [ItemCreationListener] Disabling item registration in junit thread for testNoErrorsWhenCalledWithoutJspContext(org.areco.ecommerce.deploymentscripts.core.UpdatingSystemExtensionContextLoggingTest) since transaction is enabled
 [yunitint] [m[0;36mDEBUG [main] [DeploymentScriptStarter] Running the deployment scripts of the extension: arecoDeploymentScriptsManager
 [yunitint] [m[0;36mDEBUG [main] [ArecoDeploymentScriptService] Looking for pending update scripts in the extension arecoDeploymentScriptsManager
 [yunitint] [m[0;36mDEBUG [main] [FlexibleSearchScriptExecutionDao] Getting the executed scripts of the extension arecoDeploymentScriptsManager
 [yunitint] [m[0;36mDEBUG [main] [AbstractSingleFileScriptStepFactory] Trying to create a single file script step from the file /home/arobirosa/no_backup/deploymentScriptsManager/hybris/bin/custom/arecoDeploymentScriptsManager/resources/test/context-logging/update-deployment-scripts/20140610_TICKET_USE_BEANSHELL_TO_RELOAD_CMS_CONF/01_reload_cms_conf_from_admincockpit.beanshell
 [yunitint] [m[0;36mDEBUG [main] [AbstractSingleFileScriptStepFactory] Trying to create a single file script step from the file /home/arobirosa/no_backup/deploymentScriptsManager/hybris/bin/custom/arecoDeploymentScriptsManager/resources/test/context-logging/update-deployment-scripts/20140610_TICKET_USE_BEANSHELL_TO_RELOAD_CMS_CONF/01_reload_cms_conf_from_admincockpit.beanshell
 [yunitint] [m[0;36mDEBUG [main] [AbstractSingleFileScriptStepFactory] Trying to create a single file script step from the file /home/arobirosa/no_backup/deploymentScriptsManager/hybris/bin/custom/arecoDeploymentScriptsManager/resources/test/context-logging/update-deployment-scripts/20140610_TICKET_USE_BEANSHELL_TO_RELOAD_CMS_CONF/01_reload_cms_conf_from_admincockpit.beanshell
 [yunitint] [m[0;36mDEBUG [main] [AbstractSingleFileScriptStepFactory] Created step: BeanShellScriptStep [scriptFile=/home/arobirosa/no_backup/deploymentScriptsManager/hybris/bin/custom/arecoDeploymentScriptsManager/resources/test/context-logging/update-deployment-scripts/20140610_TICKET_USE_BEANSHELL_TO_RELOAD_CMS_CONF/01_reload_cms_conf_from_admincockpit.beanshell]
 [yunitint] [m[0;36mDEBUG [main] [AbstractSingleFileScriptStepFactory] Trying to create a single file script step from the file /home/arobirosa/no_backup/deploymentScriptsManager/hybris/bin/custom/arecoDeploymentScriptsManager/resources/test/context-logging/update-deployment-scripts/20140610_TICKET_USE_BEANSHELL_TO_RELOAD_CMS_CONF/description.txt
 [yunitint] [m[0;36mDEBUG [main] [AbstractSingleFileScriptStepFactory] Trying to create a single file script step from the file /home/arobirosa/no_backup/deploymentScriptsManager/hybris/bin/custom/arecoDeploymentScriptsManager/resources/test/context-logging/update-deployment-scripts/20140610_TICKET_USE_BEANSHELL_TO_RELOAD_CMS_CONF/description.txt
 [yunitint] [m[0;36mDEBUG [main] [AbstractSingleFileScriptStepFactory] Trying to create a single file script step from the file /home/arobirosa/no_backup/deploymentScriptsManager/hybris/bin/custom/arecoDeploymentScriptsManager/resources/test/context-logging/update-deployment-scripts/20140610_TICKET_USE_BEANSHELL_TO_RELOAD_CMS_CONF/description.txt
 [yunitint] [m[0;36mDEBUG [main] [PropertyFileDeploymentScriptConfigurationReader] Reading configuration from the directory /home/arobirosa/no_backup/deploymentScriptsManager/hybris/bin/custom/arecoDeploymentScriptsManager/resources/test/context-logging/update-deployment-scripts/20140610_TICKET_USE_BEANSHELL_TO_RELOAD_CMS_CONF
 [yunitint] [m[0;36mDEBUG [main] [ArecoDeploymentScriptService] Running update scripts of the extension arecoDeploymentScriptsManager
 [yunitint] [m[0;36mDEBUG [main] [DeploymentScript2ExecutionConverter] Creating an script execution model from the deployment script DeploymentScript [name=20140610_TICKET_USE_BEANSHELL_TO_RELOAD_CMS_CONF, extensionName=arecoDeploymentScriptsManager, orderedSteps=[BeanShellScriptStep [scriptFile=/home/arobirosa/no_backup/deploymentScriptsManager/hybris/bin/custom/arecoDeploymentScriptsManager/resources/test/context-logging/update-deployment-scripts/20140610_TICKET_USE_BEANSHELL_TO_RELOAD_CMS_CONF/01_reload_cms_conf_from_admincockpit.beanshell]], phase=UPDATE, configuration=org.areco.ecommerce.deploymentscripts.core.impl.PropertyFileDeploymentScriptConfiguration@12d8c9c]
 [yunitint] [m[0;36mDEBUG [main] [DeploymentScript] Running arecoDeploymentScriptsManager:20140610_TICKET_USE_BEANSHELL_TO_RELOAD_CMS_CONF - Start
 [yunitint] [m[0;36mDEBUG [main] [BeanShellScriptStep] Running the beanShell script 01_reload_cms_conf_from_admincockpit.beanshell
 [yunitint] [m[0;36mDEBUG [main] [DefaultBeanShellService] Running the code 'import de.hybris.platform.core.Registry;
 [yunitint] import java.io.PrintStream;
 [yunitint] import org.areco.ecommerce.deploymentscripts.beanshell.util.CockpitConfigurationReloader;
 [yunitint] final String extensionName = "admincockpit";
 [yunitint]  
 [yunitint] try {
 [yunitint]   CockpitConfigurationReloader reloader = (CockpitConfigurationReloader) Registry.getApplicationContext().getBean("cockpitConfigurationReloader");
 [yunitint]   reloader.reloadCockpitConfiguration(extensionName);
 [yunitint] } catch (Exception e) {
 [yunitint]   System.err.println("There was an error:");
 [yunitint]   e.printStackTrace(System.err);
 [yunitint]   return "Error, please see the console of the app server";
 [yunitint] }
 [yunitint] return "OK"; //We muss return 'ok'
 [yunitint] '.
 [yunitint] [m[0;36mDEBUG [main] [CockpitConfigurationReloader] Reloading the cockpit configuration of the extension 'admincockpit'.
 [yunitint] [m[0;32mINFO  [main] (000001JZ-ImpEx-Import) [ImpExImportJob] Starting ImpEx cronjob "ImpEx-Import"
 [yunitint] [m[0;32mINFO  [main] (000001JZ-ImpEx-Import) [Importer] Finished 1 pass in 0d 00h:00m:02s:945ms - processed: 114, no lines dumped (last pass 0)
 [yunitint] [m[0;36mDEBUG [main] [DeploymentScript] Running arecoDeploymentScriptsManager:20140610_TICKET_USE_BEANSHELL_TO_RELOAD_CMS_CONF - Ended successfully
 [yunitint] [m[0;32mINFO  [main] [UpdatingSystemExtensionContext] The deployment script 20140610_TICKET_USE_BEANSHELL_TO_RELOAD_CMS_CONF was executed: Success.
 [yunitint] [m[0;36mDEBUG [main] [ArecoDeploymentScriptService] Finished running update scripts of the extension arecoDeploymentScriptsManager
 [yunitint] [m[0;32mINFO  [main] [LogRunListener] Finished test method testNoErrorsWhenCalledWithoutJspContext(org.areco.ecommerce.deploymentscripts.core.UpdatingSystemExtensionContextLoggingTest) in 4 seconds
 [yunitint] [mjunit.framework.TestListener: endTest(testNoErrorsWhenCalledWithoutJspContext)
 [yunitint] [0;32mINFO  [main] [LogRunListener] Starting test method testHacLogging(org.areco.ecommerce.deploymentscripts.core.UpdatingSystemExtensionContextLoggingTest)
 [yunitint] [m[0;36mDEBUG [main] [ItemCreationListener] Disabling item registration in junit thread for testHacLogging(org.areco.ecommerce.deploymentscripts.core.UpdatingSystemExtensionContextLoggingTest) since transaction is enabled
 [yunitint] [m[0;36mDEBUG [main] [DeploymentScriptStarter] Running the deployment scripts of the extension: arecoDeploymentScriptsManager
 [yunitint] [m[0;36mDEBUG [main] [ArecoDeploymentScriptService] Looking for pending update scripts in the extension arecoDeploymentScriptsManager
 [yunitint] [m[0;36mDEBUG [main] [FlexibleSearchScriptExecutionDao] Getting the executed scripts of the extension arecoDeploymentScriptsManager
 [yunitint] [m[0;36mDEBUG [main] [AbstractSingleFileScriptStepFactory] Trying to create a single file script step from the file /home/arobirosa/no_backup/deploymentScriptsManager/hybris/bin/custom/arecoDeploymentScriptsManager/resources/test/context-logging/update-deployment-scripts/20140610_TICKET_USE_BEANSHELL_TO_RELOAD_CMS_CONF/01_reload_cms_conf_from_admincockpit.beanshell
 [yunitint] [m[0;36mDEBUG [main] [AbstractSingleFileScriptStepFactory] Trying to create a single file script step from the file /home/arobirosa/no_backup/deploymentScriptsManager/hybris/bin/custom/arecoDeploymentScriptsManager/resources/test/context-logging/update-deployment-scripts/20140610_TICKET_USE_BEANSHELL_TO_RELOAD_CMS_CONF/01_reload_cms_conf_from_admincockpit.beanshell
 [yunitint] [m[0;36mDEBUG [main] [AbstractSingleFileScriptStepFactory] Trying to create a single file script step from the file /home/arobirosa/no_backup/deploymentScriptsManager/hybris/bin/custom/arecoDeploymentScriptsManager/resources/test/context-logging/update-deployment-scripts/20140610_TICKET_USE_BEANSHELL_TO_RELOAD_CMS_CONF/01_reload_cms_conf_from_admincockpit.beanshell
 [yunitint] [m[0;36mDEBUG [main] [AbstractSingleFileScriptStepFactory] Created step: BeanShellScriptStep [scriptFile=/home/arobirosa/no_backup/deploymentScriptsManager/hybris/bin/custom/arecoDeploymentScriptsManager/resources/test/context-logging/update-deployment-scripts/20140610_TICKET_USE_BEANSHELL_TO_RELOAD_CMS_CONF/01_reload_cms_conf_from_admincockpit.beanshell]
 [yunitint] [m[0;36mDEBUG [main] [AbstractSingleFileScriptStepFactory] Trying to create a single file script step from the file /home/arobirosa/no_backup/deploymentScriptsManager/hybris/bin/custom/arecoDeploymentScriptsManager/resources/test/context-logging/update-deployment-scripts/20140610_TICKET_USE_BEANSHELL_TO_RELOAD_CMS_CONF/description.txt
 [yunitint] [m[0;36mDEBUG [main] [AbstractSingleFileScriptStepFactory] Trying to create a single file script step from the file /home/arobirosa/no_backup/deploymentScriptsManager/hybris/bin/custom/arecoDeploymentScriptsManager/resources/test/context-logging/update-deployment-scripts/20140610_TICKET_USE_BEANSHELL_TO_RELOAD_CMS_CONF/description.txt
 [yunitint] [m[0;36mDEBUG [main] [AbstractSingleFileScriptStepFactory] Trying to create a single file script step from the file /home/arobirosa/no_backup/deploymentScriptsManager/hybris/bin/custom/arecoDeploymentScriptsManager/resources/test/context-logging/update-deployment-scripts/20140610_TICKET_USE_BEANSHELL_TO_RELOAD_CMS_CONF/description.txt
 [yunitint] [m[0;36mDEBUG [main] [PropertyFileDeploymentScriptConfigurationReader] Reading configuration from the directory /home/arobirosa/no_backup/deploymentScriptsManager/hybris/bin/custom/arecoDeploymentScriptsManager/resources/test/context-logging/update-deployment-scripts/20140610_TICKET_USE_BEANSHELL_TO_RELOAD_CMS_CONF
 [yunitint] [m[0;36mDEBUG [main] [ArecoDeploymentScriptService] Running update scripts of the extension arecoDeploymentScriptsManager
 [yunitint] [m[0;36mDEBUG [main] [DeploymentScript2ExecutionConverter] Creating an script execution model from the deployment script DeploymentScript [name=20140610_TICKET_USE_BEANSHELL_TO_RELOAD_CMS_CONF, extensionName=arecoDeploymentScriptsManager, orderedSteps=[BeanShellScriptStep [scriptFile=/home/arobirosa/no_backup/deploymentScriptsManager/hybris/bin/custom/arecoDeploymentScriptsManager/resources/test/context-logging/update-deployment-scripts/20140610_TICKET_USE_BEANSHELL_TO_RELOAD_CMS_CONF/01_reload_cms_conf_from_admincockpit.beanshell]], phase=UPDATE, configuration=org.areco.ecommerce.deploymentscripts.core.impl.PropertyFileDeploymentScriptConfiguration@91dc5a]
 [yunitint] [m[0;36mDEBUG [main] [DeploymentScript] Running arecoDeploymentScriptsManager:20140610_TICKET_USE_BEANSHELL_TO_RELOAD_CMS_CONF - Start
 [yunitint] [m[0;36mDEBUG [main] [BeanShellScriptStep] Running the beanShell script 01_reload_cms_conf_from_admincockpit.beanshell
 [yunitint] [m[0;36mDEBUG [main] [DefaultBeanShellService] Running the code 'import de.hybris.platform.core.Registry;
 [yunitint] import java.io.PrintStream;
 [yunitint] import org.areco.ecommerce.deploymentscripts.beanshell.util.CockpitConfigurationReloader;
 [yunitint] final String extensionName = "admincockpit";
 [yunitint]  
 [yunitint] try {
 [yunitint]   CockpitConfigurationReloader reloader = (CockpitConfigurationReloader) Registry.getApplicationContext().getBean("cockpitConfigurationReloader");
 [yunitint]   reloader.reloadCockpitConfiguration(extensionName);
 [yunitint] } catch (Exception e) {
 [yunitint]   System.err.println("There was an error:");
 [yunitint]   e.printStackTrace(System.err);
 [yunitint]   return "Error, please see the console of the app server";
 [yunitint] }
 [yunitint] return "OK"; //We muss return 'ok'
 [yunitint] '.
 [yunitint] [m[0;36mDEBUG [main] [CockpitConfigurationReloader] Reloading the cockpit configuration of the extension 'admincockpit'.
 [yunitint] [m[0;32mINFO  [main] (000001K0-ImpEx-Import) [ImpExImportJob] Starting ImpEx cronjob "ImpEx-Import"
 [yunitint] [m[0;32mINFO  [main] (000001K0-ImpEx-Import) [Importer] Finished 1 pass in 0d 00h:00m:02s:036ms - processed: 114, no lines dumped (last pass 0)
 [yunitint] [m[0;36mDEBUG [main] [DeploymentScript] Running arecoDeploymentScriptsManager:20140610_TICKET_USE_BEANSHELL_TO_RELOAD_CMS_CONF - Ended successfully
 [yunitint] [m[0;32mINFO  [main] [UpdatingSystemExtensionContext] The deployment script 20140610_TICKET_USE_BEANSHELL_TO_RELOAD_CMS_CONF was executed: Success.
 [yunitint] [m[0;36mDEBUG [main] [ArecoDeploymentScriptService] Finished running update scripts of the extension arecoDeploymentScriptsManager
 [yunitint] [m[0;36mDEBUG [main] [DeploymentScriptResultAsserter] Getting the execution of the script 20140610_TICKET_USE_BEANSHELL_TO_RELOAD_CMS_CONF
 [yunitint] [m[0;32mINFO  [main] [LogRunListener] Finished test method testHacLogging(org.areco.ecommerce.deploymentscripts.core.UpdatingSystemExtensionContextLoggingTest) in 2 seconds
 [yunitint] [mjunit.framework.TestListener: endTest(testHacLogging)
 [yunitint] [0;32mINFO  [main] [LogRunListener] Finished (successful) test class org.areco.ecommerce.deploymentscripts.core.UpdatingSystemExtensionContextLoggingTest
 [yunitint] [m[0;32mINFO  [main] [LogRunListener]   Total run time: 0d 00h:00m:07s:473ms
 [yunitint] [m[0;32mINFO  [main] [LogRunListener]   Total tests count: 2
 [yunitint] [m[0;32mINFO  [main] [LogRunListener]   Failed tests count: 0
 [yunitint] [m[0;32mINFO  [main] [LogRunListener]   Ignored tests count: 0
 [yunitint] [m[0;32mINFO  [main] [ClassLoaderOverviewRunListener] Loaded class count: 8630 diff: 16
 [yunitint] [m[0;32mINFO  [main] [ClassLoaderOverviewRunListener] Total loaded class count: 8631 diff: 16
 [yunitint] [m[0;32mINFO  [main] [ClassLoaderOverviewRunListener] Unloaded class count: 1 diff: 0
 [yunitint] [mTests run: 2, Failures: 0, Errors: 0, Time elapsed: 7.478 sec
 [yunitint] Running org.areco.ecommerce.deploymentscripts.core.impl.TenantConversionInScriptConfigurationTest
 [yunitint] [0;36mDEBUG [main] [PropertyFileDeploymentScriptConfigurationReader] Reading configuration from the directory /home/arobirosa/no_backup/deploymentScriptsManager/hybris/bin/custom/arecoDeploymentScriptsManager/resources/test/tenant-conversion-script-configuration/20141004_MASTER_TENANT
 [yunitint] [mjunit.framework.TestListener: endTest(testMasterTenantInSingleTenantEnvironment)
 [yunitint] [0;36mDEBUG [main] [PropertyFileDeploymentScriptConfigurationReader] Reading configuration from the directory /home/arobirosa/no_backup/deploymentScriptsManager/hybris/bin/custom/arecoDeploymentScriptsManager/resources/test/tenant-conversion-script-configuration/20141004_JUNIT_TENANT
 [yunitint] [mjunit.framework.TestListener: endTest(testJunitTenantInMultiTenantEnvironment)
 [yunitint] [0;36mDEBUG [main] [PropertyFileDeploymentScriptConfigurationReader] Reading configuration from the directory /home/arobirosa/no_backup/deploymentScriptsManager/hybris/bin/custom/arecoDeploymentScriptsManager/resources/test/tenant-conversion-script-configuration/20141004_MASTER_TENANT
 [yunitint] [mjunit.framework.TestListener: endTest(testMasterTenantInMultiTenantEnvironment)
 [yunitint] [0;36mDEBUG [main] [PropertyFileDeploymentScriptConfigurationReader] Reading configuration from the directory /home/arobirosa/no_backup/deploymentScriptsManager/hybris/bin/custom/arecoDeploymentScriptsManager/resources/test/tenant-conversion-script-configuration/20141004_JUNIT_TENANT
 [yunitint] [mjunit.framework.TestListener: endTest(testJunitTenantInSingleTenantEnvironment)
 [yunitint] Tests run: 4, Failures: 0, Errors: 0, Time elapsed: 0.26 sec
 [yunitint] Running org.areco.ecommerce.deploymentscripts.impex.impl.ImpexScriptWithLocaleTest
 [yunitint] [0;32mINFO  [main] [LogRunListener] Starting test class org.areco.ecommerce.deploymentscripts.impex.impl.ImpexScriptWithLocaleTest
 [yunitint] [mjunit.framework.TestListener: startTest(testAmericanLocale)
 [yunitint] [0;32mINFO  [main] [LogRunListener] Starting test method testAmericanLocale(org.areco.ecommerce.deploymentscripts.impex.impl.ImpexScriptWithLocaleTest)
 [yunitint] [m[0;36mDEBUG [main] [ItemCreationListener] Disabling item registration in junit thread for testAmericanLocale(org.areco.ecommerce.deploymentscripts.impex.impl.ImpexScriptWithLocaleTest) since transaction is enabled
 [yunitint] [m[0;32mINFO  [main] [DeploymentScriptStarter] Running all pending update deployment scripts.
 [yunitint] [m[0;32mINFO  [main] [DeploymentScriptStarter] Running all deployment scripts. RunInitScripts? false
 [yunitint] [m[0;36mDEBUG [main] [DeploymentScriptStarter] The error flag was cleared
 [yunitint] [m[0;36mDEBUG [main] [DeploymentScriptStarter] Running the deployment scripts of the extension: core
 [yunitint] [m[0;36mDEBUG [main] [ImpexInitialConfigurationImporter] The initial configuration was already imported.
 [yunitint] [m[0;36mDEBUG [main] [ArecoDeploymentScriptService] Looking for pending update scripts in the extension core
 [yunitint] [m[0;36mDEBUG [main] [FlexibleSearchScriptExecutionDao] Getting the executed scripts of the extension core
 [yunitint] [m[0;36mDEBUG [main] [ArecoDeploymentScriptService] There aren't any pending UPDATE deployment scripts in the extension core
 [yunitint] [m[0;36mDEBUG [main] [DeploymentScriptStarter] Running the deployment scripts of the extension: hmc
 [yunitint] [m[0;36mDEBUG [main] [ArecoDeploymentScriptService] Looking for pending update scripts in the extension hmc
 [yunitint] [m[0;36mDEBUG [main] [FlexibleSearchScriptExecutionDao] Getting the executed scripts of the extension hmc
 [yunitint] [m[0;36mDEBUG [main] [ArecoDeploymentScriptService] There aren't any pending UPDATE deployment scripts in the extension hmc
 [yunitint] [m[0;36mDEBUG [main] [DeploymentScriptStarter] Running the deployment scripts of the extension: servicelayer
 [yunitint] [m[0;36mDEBUG [main] [ArecoDeploymentScriptService] Looking for pending update scripts in the extension servicelayer
 [yunitint] [m[0;36mDEBUG [main] [FlexibleSearchScriptExecutionDao] Getting the executed scripts of the extension servicelayer
 [yunitint] [m[0;36mDEBUG [main] [ArecoDeploymentScriptService] There aren't any pending UPDATE deployment scripts in the extension servicelayer
 [yunitint] [m[0;36mDEBUG [main] [DeploymentScriptStarter] Running the deployment scripts of the extension: task
 [yunitint] [m[0;36mDEBUG [main] [ArecoDeploymentScriptService] Looking for pending update scripts in the extension task
 [yunitint] [m[0;36mDEBUG [main] [FlexibleSearchScriptExecutionDao] Getting the executed scripts of the extension task
 [yunitint] [m[0;36mDEBUG [main] [ArecoDeploymentScriptService] There aren't any pending UPDATE deployment scripts in the extension task
 [yunitint] [m[0;36mDEBUG [main] [DeploymentScriptStarter] Running the deployment scripts of the extension: paymentstandard
 [yunitint] [m[0;36mDEBUG [main] [ArecoDeploymentScriptService] Looking for pending update scripts in the extension paymentstandard
 [yunitint] [m[0;36mDEBUG [main] [FlexibleSearchScriptExecutionDao] Getting the executed scripts of the extension paymentstandard
 [yunitint] [m[0;36mDEBUG [main] [ArecoDeploymentScriptService] There aren't any pending UPDATE deployment scripts in the extension paymentstandard
 [yunitint] [m[0;36mDEBUG [main] [DeploymentScriptStarter] Running the deployment scripts of the extension: deliveryzone
 [yunitint] [m[0;36mDEBUG [main] [ArecoDeploymentScriptService] Looking for pending update scripts in the extension deliveryzone
 [yunitint] [m[0;36mDEBUG [main] [FlexibleSearchScriptExecutionDao] Getting the executed scripts of the extension deliveryzone
 [yunitint] [m[0;36mDEBUG [main] [ArecoDeploymentScriptService] There aren't any pending UPDATE deployment scripts in the extension deliveryzone
 [yunitint] [m[0;36mDEBUG [main] [DeploymentScriptStarter] Running the deployment scripts of the extension: commons
 [yunitint] [m[0;36mDEBUG [main] [ArecoDeploymentScriptService] Looking for pending update scripts in the extension commons
 [yunitint] [m[0;36mDEBUG [main] [FlexibleSearchScriptExecutionDao] Getting the executed scripts of the extension commons
 [yunitint] [m[0;36mDEBUG [main] [ArecoDeploymentScriptService] There aren't any pending UPDATE deployment scripts in the extension commons
 [yunitint] [m[0;36mDEBUG [main] [DeploymentScriptStarter] Running the deployment scripts of the extension: cronjob
 [yunitint] [m[0;36mDEBUG [main] [ArecoDeploymentScriptService] Looking for pending update scripts in the extension cronjob
 [yunitint] [m[0;36mDEBUG [main] [FlexibleSearchScriptExecutionDao] Getting the executed scripts of the extension cronjob
 [yunitint] [m[0;36mDEBUG [main] [ArecoDeploymentScriptService] There aren't any pending UPDATE deployment scripts in the extension cronjob
 [yunitint] [m[0;36mDEBUG [main] [DeploymentScriptStarter] Running the deployment scripts of the extension: lucenesearch
 [yunitint] [m[0;36mDEBUG [main] [ArecoDeploymentScriptService] Looking for pending update scripts in the extension lucenesearch
 [yunitint] [m[0;36mDEBUG [main] [FlexibleSearchScriptExecutionDao] Getting the executed scripts of the extension lucenesearch
 [yunitint] [m[0;36mDEBUG [main] [ArecoDeploymentScriptService] There aren't any pending UPDATE deployment scripts in the extension lucenesearch
 [yunitint] [m[0;36mDEBUG [main] [DeploymentScriptStarter] Running the deployment scripts of the extension: impex
 [yunitint] [m[0;36mDEBUG [main] [ArecoDeploymentScriptService] Looking for pending update scripts in the extension impex
 [yunitint] [m[0;36mDEBUG [main] [FlexibleSearchScriptExecutionDao] Getting the executed scripts of the extension impex
 [yunitint] [m[0;36mDEBUG [main] [ArecoDeploymentScriptService] There aren't any pending UPDATE deployment scripts in the extension impex
 [yunitint] [m[0;36mDEBUG [main] [DeploymentScriptStarter] Running the deployment scripts of the extension: validation
 [yunitint] [m[0;36mDEBUG [main] [ArecoDeploymentScriptService] Looking for pending update scripts in the extension validation
 [yunitint] [m[0;36mDEBUG [main] [FlexibleSearchScriptExecutionDao] Getting the executed scripts of the extension validation
 [yunitint] [m[0;36mDEBUG [main] [ArecoDeploymentScriptService] There aren't any pending UPDATE deployment scripts in the extension validation
 [yunitint] [m[0;36mDEBUG [main] [DeploymentScriptStarter] Running the deployment scripts of the extension: variants
 [yunitint] [m[0;36mDEBUG [main] [ArecoDeploymentScriptService] Looking for pending update scripts in the extension variants
 [yunitint] [m[0;36mDEBUG [main] [FlexibleSearchScriptExecutionDao] Getting the executed scripts of the extension variants
 [yunitint] [m[0;36mDEBUG [main] [ArecoDeploymentScriptService] There aren't any pending UPDATE deployment scripts in the extension variants
 [yunitint] [m[0;36mDEBUG [main] [DeploymentScriptStarter] Running the deployment scripts of the extension: europe1
 [yunitint] [m[0;36mDEBUG [main] [ArecoDeploymentScriptService] Looking for pending update scripts in the extension europe1
 [yunitint] [m[0;36mDEBUG [main] [FlexibleSearchScriptExecutionDao] Getting the executed scripts of the extension europe1
 [yunitint] [m[0;36mDEBUG [main] [ArecoDeploymentScriptService] There aren't any pending UPDATE deployment scripts in the extension europe1
 [yunitint] [m[0;36mDEBUG [main] [DeploymentScriptStarter] Running the deployment scripts of the extension: category
 [yunitint] [m[0;36mDEBUG [main] [ArecoDeploymentScriptService] Looking for pending update scripts in the extension category
 [yunitint] [m[0;36mDEBUG [main] [FlexibleSearchScriptExecutionDao] Getting the executed scripts of the extension category
 [yunitint] [m[0;36mDEBUG [main] [ArecoDeploymentScriptService] There aren't any pending UPDATE deployment scripts in the extension category
 [yunitint] [m[0;36mDEBUG [main] [DeploymentScriptStarter] Running the deployment scripts of the extension: catalog
 [yunitint] [m[0;36mDEBUG [main] [ArecoDeploymentScriptService] Looking for pending update scripts in the extension catalog
 [yunitint] [m[0;36mDEBUG [main] [FlexibleSearchScriptExecutionDao] Getting the executed scripts of the extension catalog
 [yunitint] [m[0;36mDEBUG [main] [ArecoDeploymentScriptService] There aren't any pending UPDATE deployment scripts in the extension catalog
 [yunitint] [m[0;36mDEBUG [main] [DeploymentScriptStarter] Running the deployment scripts of the extension: virtualjdbc
 [yunitint] [m[0;36mDEBUG [main] [ArecoDeploymentScriptService] Looking for pending update scripts in the extension virtualjdbc
 [yunitint] [m[0;36mDEBUG [main] [FlexibleSearchScriptExecutionDao] Getting the executed scripts of the extension virtualjdbc
 [yunitint] [m[0;36mDEBUG [main] [ArecoDeploymentScriptService] There aren't any pending UPDATE deployment scripts in the extension virtualjdbc
 [yunitint] [m[0;36mDEBUG [main] [DeploymentScriptStarter] Running the deployment scripts of the extension: platformservices
 [yunitint] [m[0;36mDEBUG [main] [ArecoDeploymentScriptService] Looking for pending update scripts in the extension platformservices
 [yunitint] [m[0;36mDEBUG [main] [FlexibleSearchScriptExecutionDao] Getting the executed scripts of the extension platformservices
 [yunitint] [m[0;36mDEBUG [main] [ArecoDeploymentScriptService] There aren't any pending UPDATE deployment scripts in the extension platformservices
 [yunitint] [m[0;36mDEBUG [main] [DeploymentScriptStarter] Running the deployment scripts of the extension: workflow
 [yunitint] [m[0;36mDEBUG [main] [ArecoDeploymentScriptService] Looking for pending update scripts in the extension workflow
 [yunitint] [m[0;36mDEBUG [main] [FlexibleSearchScriptExecutionDao] Getting the executed scripts of the extension workflow
 [yunitint] [m[0;36mDEBUG [main] [ArecoDeploymentScriptService] There aren't any pending UPDATE deployment scripts in the extension workflow
 [yunitint] [m[0;36mDEBUG [main] [DeploymentScriptStarter] Running the deployment scripts of the extension: processengine
 [yunitint] [m[0;36mDEBUG [main] [ArecoDeploymentScriptService] Looking for pending update scripts in the extension processengine
 [yunitint] [m[0;36mDEBUG [main] [FlexibleSearchScriptExecutionDao] Getting the executed scripts of the extension processengine
 [yunitint] [m[0;36mDEBUG [main] [ArecoDeploymentScriptService] There aren't any pending UPDATE deployment scripts in the extension processengine
 [yunitint] [m[0;36mDEBUG [main] [DeploymentScriptStarter] Running the deployment scripts of the extension: ldap
 [yunitint] [m[0;36mDEBUG [main] [ArecoDeploymentScriptService] Looking for pending update scripts in the extension ldap
 [yunitint] [m[0;36mDEBUG [main] [FlexibleSearchScriptExecutionDao] Getting the executed scripts of the extension ldap
 [yunitint] [m[0;36mDEBUG [main] [ArecoDeploymentScriptService] There aren't any pending UPDATE deployment scripts in the extension ldap
 [yunitint] [m[0;36mDEBUG [main] [DeploymentScriptStarter] Running the deployment scripts of the extension: comments
 [yunitint] [m[0;36mDEBUG [main] [ArecoDeploymentScriptService] Looking for pending update scripts in the extension comments
 [yunitint] [m[0;36mDEBUG [main] [FlexibleSearchScriptExecutionDao] Getting the executed scripts of the extension comments
 [yunitint] [m[0;36mDEBUG [main] [ArecoDeploymentScriptService] There aren't any pending UPDATE deployment scripts in the extension comments
 [yunitint] [m[0;36mDEBUG [main] [DeploymentScriptStarter] Running the deployment scripts of the extension: cockpit
 [yunitint] [m[0;36mDEBUG [main] [ArecoDeploymentScriptService] Looking for pending update scripts in the extension cockpit
 [yunitint] [m[0;36mDEBUG [main] [FlexibleSearchScriptExecutionDao] Getting the executed scripts of the extension cockpit
 [yunitint] [m[0;36mDEBUG [main] [ArecoDeploymentScriptService] There aren't any pending UPDATE deployment scripts in the extension cockpit
 [yunitint] [m[0;36mDEBUG [main] [DeploymentScriptStarter] Running the deployment scripts of the extension: mcc
 [yunitint] [m[0;36mDEBUG [main] [ArecoDeploymentScriptService] Looking for pending update scripts in the extension mcc
 [yunitint] [m[0;36mDEBUG [main] [FlexibleSearchScriptExecutionDao] Getting the executed scripts of the extension mcc
 [yunitint] [m[0;36mDEBUG [main] [ArecoDeploymentScriptService] There aren't any pending UPDATE deployment scripts in the extension mcc
 [yunitint] [m[0;36mDEBUG [main] [DeploymentScriptStarter] Running the deployment scripts of the extension: advancedsavedquery
 [yunitint] [m[0;36mDEBUG [main] [ArecoDeploymentScriptService] Looking for pending update scripts in the extension advancedsavedquery
 [yunitint] [m[0;36mDEBUG [main] [FlexibleSearchScriptExecutionDao] Getting the executed scripts of the extension advancedsavedquery
 [yunitint] [m[0;36mDEBUG [main] [ArecoDeploymentScriptService] There aren't any pending UPDATE deployment scripts in the extension advancedsavedquery
 [yunitint] [m[0;36mDEBUG [main] [DeploymentScriptStarter] Running the deployment scripts of the extension: admincockpit
 [yunitint] [m[0;36mDEBUG [main] [ArecoDeploymentScriptService] Looking for pending update scripts in the extension admincockpit
 [yunitint] [m[0;36mDEBUG [main] [FlexibleSearchScriptExecutionDao] Getting the executed scripts of the extension admincockpit
 [yunitint] [m[0;36mDEBUG [main] [ArecoDeploymentScriptService] There aren't any pending UPDATE deployment scripts in the extension admincockpit
 [yunitint] [m[0;36mDEBUG [main] [DeploymentScriptStarter] Running the deployment scripts of the extension: arecoDeploymentScriptsManager
 [yunitint] [m[0;36mDEBUG [main] [ArecoDeploymentScriptService] Looking for pending update scripts in the extension arecoDeploymentScriptsManager
 [yunitint] [m[0;36mDEBUG [main] [FlexibleSearchScriptExecutionDao] Getting the executed scripts of the extension arecoDeploymentScriptsManager
 [yunitint] [m[0;36mDEBUG [main] [AbstractSingleFileScriptStepFactory] Trying to create a single file script step from the file /home/arobirosa/no_backup/deploymentScriptsManager/hybris/bin/custom/arecoDeploymentScriptsManager/resources/test/impex-scripts-with-locale/usa/20141003_DUMMY_TAX/01_insert_dummy_tax_with_american_locale.impex
 [yunitint] [m[0;36mDEBUG [main] [AbstractSingleFileScriptStepFactory] Created step: ImpexImportStep [scriptFile=/home/arobirosa/no_backup/deploymentScriptsManager/hybris/bin/custom/arecoDeploymentScriptsManager/resources/test/impex-scripts-with-locale/usa/20141003_DUMMY_TAX/01_insert_dummy_tax_with_american_locale.impex]
 [yunitint] [m[0;36mDEBUG [main] [PropertyFileDeploymentScriptConfigurationReader] Reading configuration from the directory /home/arobirosa/no_backup/deploymentScriptsManager/hybris/bin/custom/arecoDeploymentScriptsManager/resources/test/impex-scripts-with-locale/usa/20141003_DUMMY_TAX
 [yunitint] [m[0;36mDEBUG [main] [ArecoDeploymentScriptService] Running update scripts of the extension arecoDeploymentScriptsManager
 [yunitint] [m[0;36mDEBUG [main] [DeploymentScript2ExecutionConverter] Creating an script execution model from the deployment script DeploymentScript [name=20141003_DUMMY_TAX, extensionName=arecoDeploymentScriptsManager, orderedSteps=[ImpexImportStep [scriptFile=/home/arobirosa/no_backup/deploymentScriptsManager/hybris/bin/custom/arecoDeploymentScriptsManager/resources/test/impex-scripts-with-locale/usa/20141003_DUMMY_TAX/01_insert_dummy_tax_with_american_locale.impex]], phase=UPDATE, configuration=org.areco.ecommerce.deploymentscripts.core.impl.PropertyFileDeploymentScriptConfiguration@146fd2c]
 [yunitint] [m[0;36mDEBUG [main] [DeploymentScript] Running arecoDeploymentScriptsManager:20141003_DUMMY_TAX - Start
 [yunitint] [m[0;36mDEBUG [main] [ImpexImportStep] Running the step 01_insert_dummy_tax_with_american_locale.impex
 [yunitint] [m[0;36mDEBUG [main] [LocalizedImpexImportService] Code of the impex locale: 'en'.
 [yunitint] [m[0;32mINFO  [main] [Importer] Finished 1 pass in 0d 00h:00m:00s:005ms - processed: 1, no lines dumped (last pass 0)
 [yunitint] [m[0;36mDEBUG [main] [DeploymentScript] Running arecoDeploymentScriptsManager:20141003_DUMMY_TAX - Ended successfully
 [yunitint] [m[0;32mINFO  [main] [UpdatingSystemExtensionContext] The deployment script 20141003_DUMMY_TAX was executed: Success.
 [yunitint] [m[0;36mDEBUG [main] [ArecoDeploymentScriptService] Finished running update scripts of the extension arecoDeploymentScriptsManager
 [yunitint] [m[0;36mDEBUG [main] [DeploymentScriptStarter] Running the deployment scripts of the extension: arecoDeploymentScriptsExamples
 [yunitint] [m[0;36mDEBUG [main] [ArecoDeploymentScriptService] Looking for pending update scripts in the extension arecoDeploymentScriptsExamples
 [yunitint] [m[0;36mDEBUG [main] [FlexibleSearchScriptExecutionDao] Getting the executed scripts of the extension arecoDeploymentScriptsExamples
 [yunitint] [m[0;36mDEBUG [main] [ArecoDeploymentScriptService] There aren't any pending UPDATE deployment scripts in the extension arecoDeploymentScriptsExamples
 [yunitint] [m[0;36mDEBUG [main] [DeploymentScriptResultAsserter] Getting the execution of the script 20141003_DUMMY_TAX
 [yunitint] [m[0;32mINFO  [main] [LogRunListener] Finished test method testAmericanLocale(org.areco.ecommerce.deploymentscripts.impex.impl.ImpexScriptWithLocaleTest) in 2 seconds
 [yunitint] [mjunit.framework.TestListener: endTest(testAmericanLocale)
 [yunitint] [0;32mINFO  [main] [LogRunListener] Starting test method testGermanLocale(org.areco.ecommerce.deploymentscripts.impex.impl.ImpexScriptWithLocaleTest)
 [yunitint] [m[0;36mDEBUG [main] [ItemCreationListener] Disabling item registration in junit thread for testGermanLocale(org.areco.ecommerce.deploymentscripts.impex.impl.ImpexScriptWithLocaleTest) since transaction is enabled
 [yunitint] [m[0;32mINFO  [main] [DeploymentScriptStarter] Running all pending update deployment scripts.
 [yunitint] [m[0;32mINFO  [main] [DeploymentScriptStarter] Running all deployment scripts. RunInitScripts? false
 [yunitint] [m[0;36mDEBUG [main] [DeploymentScriptStarter] The error flag was cleared
 [yunitint] [m[0;36mDEBUG [main] [DeploymentScriptStarter] Running the deployment scripts of the extension: core
 [yunitint] [m[0;36mDEBUG [main] [ImpexInitialConfigurationImporter] The initial configuration was already imported.
 [yunitint] [m[0;36mDEBUG [main] [ArecoDeploymentScriptService] Looking for pending update scripts in the extension core
 [yunitint] [m[0;36mDEBUG [main] [FlexibleSearchScriptExecutionDao] Getting the executed scripts of the extension core
 [yunitint] [m[0;36mDEBUG [main] [ArecoDeploymentScriptService] There aren't any pending UPDATE deployment scripts in the extension core
 [yunitint] [m[0;36mDEBUG [main] [DeploymentScriptStarter] Running the deployment scripts of the extension: hmc
 [yunitint] [m[0;36mDEBUG [main] [ArecoDeploymentScriptService] Looking for pending update scripts in the extension hmc
 [yunitint] [m[0;36mDEBUG [main] [FlexibleSearchScriptExecutionDao] Getting the executed scripts of the extension hmc
 [yunitint] [m[0;36mDEBUG [main] [ArecoDeploymentScriptService] There aren't any pending UPDATE deployment scripts in the extension hmc
 [yunitint] [m[0;36mDEBUG [main] [DeploymentScriptStarter] Running the deployment scripts of the extension: servicelayer
 [yunitint] [m[0;36mDEBUG [main] [ArecoDeploymentScriptService] Looking for pending update scripts in the extension servicelayer
 [yunitint] [m[0;36mDEBUG [main] [FlexibleSearchScriptExecutionDao] Getting the executed scripts of the extension servicelayer
 [yunitint] [m[0;36mDEBUG [main] [ArecoDeploymentScriptService] There aren't any pending UPDATE deployment scripts in the extension servicelayer
 [yunitint] [m[0;36mDEBUG [main] [DeploymentScriptStarter] Running the deployment scripts of the extension: task
 [yunitint] [m[0;36mDEBUG [main] [ArecoDeploymentScriptService] Looking for pending update scripts in the extension task
 [yunitint] [m[0;36mDEBUG [main] [FlexibleSearchScriptExecutionDao] Getting the executed scripts of the extension task
 [yunitint] [m[0;36mDEBUG [main] [ArecoDeploymentScriptService] There aren't any pending UPDATE deployment scripts in the extension task
 [yunitint] [m[0;36mDEBUG [main] [DeploymentScriptStarter] Running the deployment scripts of the extension: paymentstandard
 [yunitint] [m[0;36mDEBUG [main] [ArecoDeploymentScriptService] Looking for pending update scripts in the extension paymentstandard
 [yunitint] [m[0;36mDEBUG [main] [FlexibleSearchScriptExecutionDao] Getting the executed scripts of the extension paymentstandard
 [yunitint] [m[0;36mDEBUG [main] [ArecoDeploymentScriptService] There aren't any pending UPDATE deployment scripts in the extension paymentstandard
 [yunitint] [m[0;36mDEBUG [main] [DeploymentScriptStarter] Running the deployment scripts of the extension: deliveryzone
 [yunitint] [m[0;36mDEBUG [main] [ArecoDeploymentScriptService] Looking for pending update scripts in the extension deliveryzone
 [yunitint] [m[0;36mDEBUG [main] [FlexibleSearchScriptExecutionDao] Getting the executed scripts of the extension deliveryzone
 [yunitint] [m[0;36mDEBUG [main] [ArecoDeploymentScriptService] There aren't any pending UPDATE deployment scripts in the extension deliveryzone
 [yunitint] [m[0;36mDEBUG [main] [DeploymentScriptStarter] Running the deployment scripts of the extension: commons
 [yunitint] [m[0;36mDEBUG [main] [ArecoDeploymentScriptService] Looking for pending update scripts in the extension commons
 [yunitint] [m[0;36mDEBUG [main] [FlexibleSearchScriptExecutionDao] Getting the executed scripts of the extension commons
 [yunitint] [m[0;36mDEBUG [main] [ArecoDeploymentScriptService] There aren't any pending UPDATE deployment scripts in the extension commons
 [yunitint] [m[0;36mDEBUG [main] [DeploymentScriptStarter] Running the deployment scripts of the extension: cronjob
 [yunitint] [m[0;36mDEBUG [main] [ArecoDeploymentScriptService] Looking for pending update scripts in the extension cronjob
 [yunitint] [m[0;36mDEBUG [main] [FlexibleSearchScriptExecutionDao] Getting the executed scripts of the extension cronjob
 [yunitint] [m[0;36mDEBUG [main] [ArecoDeploymentScriptService] There aren't any pending UPDATE deployment scripts in the extension cronjob
 [yunitint] [m[0;36mDEBUG [main] [DeploymentScriptStarter] Running the deployment scripts of the extension: lucenesearch
 [yunitint] [m[0;36mDEBUG [main] [ArecoDeploymentScriptService] Looking for pending update scripts in the extension lucenesearch
 [yunitint] [m[0;36mDEBUG [main] [FlexibleSearchScriptExecutionDao] Getting the executed scripts of the extension lucenesearch
 [yunitint] [m[0;36mDEBUG [main] [ArecoDeploymentScriptService] There aren't any pending UPDATE deployment scripts in the extension lucenesearch
 [yunitint] [m[0;36mDEBUG [main] [DeploymentScriptStarter] Running the deployment scripts of the extension: impex
 [yunitint] [m[0;36mDEBUG [main] [ArecoDeploymentScriptService] Looking for pending update scripts in the extension impex
 [yunitint] [m[0;36mDEBUG [main] [FlexibleSearchScriptExecutionDao] Getting the executed scripts of the extension impex
 [yunitint] [m[0;36mDEBUG [main] [ArecoDeploymentScriptService] There aren't any pending UPDATE deployment scripts in the extension impex
 [yunitint] [m[0;36mDEBUG [main] [DeploymentScriptStarter] Running the deployment scripts of the extension: validation
 [yunitint] [m[0;36mDEBUG [main] [ArecoDeploymentScriptService] Looking for pending update scripts in the extension validation
 [yunitint] [m[0;36mDEBUG [main] [FlexibleSearchScriptExecutionDao] Getting the executed scripts of the extension validation
 [yunitint] [m[0;36mDEBUG [main] [ArecoDeploymentScriptService] There aren't any pending UPDATE deployment scripts in the extension validation
 [yunitint] [m[0;36mDEBUG [main] [DeploymentScriptStarter] Running the deployment scripts of the extension: variants
 [yunitint] [m[0;36mDEBUG [main] [ArecoDeploymentScriptService] Looking for pending update scripts in the extension variants
 [yunitint] [m[0;36mDEBUG [main] [FlexibleSearchScriptExecutionDao] Getting the executed scripts of the extension variants
 [yunitint] [m[0;36mDEBUG [main] [ArecoDeploymentScriptService] There aren't any pending UPDATE deployment scripts in the extension variants
 [yunitint] [m[0;36mDEBUG [main] [DeploymentScriptStarter] Running the deployment scripts of the extension: europe1
 [yunitint] [m[0;36mDEBUG [main] [ArecoDeploymentScriptService] Looking for pending update scripts in the extension europe1
 [yunitint] [m[0;36mDEBUG [main] [FlexibleSearchScriptExecutionDao] Getting the executed scripts of the extension europe1
 [yunitint] [m[0;36mDEBUG [main] [ArecoDeploymentScriptService] There aren't any pending UPDATE deployment scripts in the extension europe1
 [yunitint] [m[0;36mDEBUG [main] [DeploymentScriptStarter] Running the deployment scripts of the extension: category
 [yunitint] [m[0;36mDEBUG [main] [ArecoDeploymentScriptService] Looking for pending update scripts in the extension category
 [yunitint] [m[0;36mDEBUG [main] [FlexibleSearchScriptExecutionDao] Getting the executed scripts of the extension category
 [yunitint] [m[0;36mDEBUG [main] [ArecoDeploymentScriptService] There aren't any pending UPDATE deployment scripts in the extension category
 [yunitint] [m[0;36mDEBUG [main] [DeploymentScriptStarter] Running the deployment scripts of the extension: catalog
 [yunitint] [m[0;36mDEBUG [main] [ArecoDeploymentScriptService] Looking for pending update scripts in the extension catalog
 [yunitint] [m[0;36mDEBUG [main] [FlexibleSearchScriptExecutionDao] Getting the executed scripts of the extension catalog
 [yunitint] [m[0;36mDEBUG [main] [ArecoDeploymentScriptService] There aren't any pending UPDATE deployment scripts in the extension catalog
 [yunitint] [m[0;36mDEBUG [main] [DeploymentScriptStarter] Running the deployment scripts of the extension: virtualjdbc
 [yunitint] [m[0;36mDEBUG [main] [ArecoDeploymentScriptService] Looking for pending update scripts in the extension virtualjdbc
 [yunitint] [m[0;36mDEBUG [main] [FlexibleSearchScriptExecutionDao] Getting the executed scripts of the extension virtualjdbc
 [yunitint] [m[0;36mDEBUG [main] [ArecoDeploymentScriptService] There aren't any pending UPDATE deployment scripts in the extension virtualjdbc
 [yunitint] [m[0;36mDEBUG [main] [DeploymentScriptStarter] Running the deployment scripts of the extension: platformservices
 [yunitint] [m[0;36mDEBUG [main] [ArecoDeploymentScriptService] Looking for pending update scripts in the extension platformservices
 [yunitint] [m[0;36mDEBUG [main] [FlexibleSearchScriptExecutionDao] Getting the executed scripts of the extension platformservices
 [yunitint] [m[0;36mDEBUG [main] [ArecoDeploymentScriptService] There aren't any pending UPDATE deployment scripts in the extension platformservices
 [yunitint] [m[0;36mDEBUG [main] [DeploymentScriptStarter] Running the deployment scripts of the extension: workflow
 [yunitint] [m[0;36mDEBUG [main] [ArecoDeploymentScriptService] Looking for pending update scripts in the extension workflow
 [yunitint] [m[0;36mDEBUG [main] [FlexibleSearchScriptExecutionDao] Getting the executed scripts of the extension workflow
 [yunitint] [m[0;36mDEBUG [main] [ArecoDeploymentScriptService] There aren't any pending UPDATE deployment scripts in the extension workflow
 [yunitint] [m[0;36mDEBUG [main] [DeploymentScriptStarter] Running the deployment scripts of the extension: processengine
 [yunitint] [m[0;36mDEBUG [main] [ArecoDeploymentScriptService] Looking for pending update scripts in the extension processengine
 [yunitint] [m[0;36mDEBUG [main] [FlexibleSearchScriptExecutionDao] Getting the executed scripts of the extension processengine
 [yunitint] [m[0;36mDEBUG [main] [ArecoDeploymentScriptService] There aren't any pending UPDATE deployment scripts in the extension processengine
 [yunitint] [m[0;36mDEBUG [main] [DeploymentScriptStarter] Running the deployment scripts of the extension: ldap
 [yunitint] [m[0;36mDEBUG [main] [ArecoDeploymentScriptService] Looking for pending update scripts in the extension ldap
 [yunitint] [m[0;36mDEBUG [main] [FlexibleSearchScriptExecutionDao] Getting the executed scripts of the extension ldap
 [yunitint] [m[0;36mDEBUG [main] [ArecoDeploymentScriptService] There aren't any pending UPDATE deployment scripts in the extension ldap
 [yunitint] [m[0;36mDEBUG [main] [DeploymentScriptStarter] Running the deployment scripts of the extension: comments
 [yunitint] [m[0;36mDEBUG [main] [ArecoDeploymentScriptService] Looking for pending update scripts in the extension comments
 [yunitint] [m[0;36mDEBUG [main] [FlexibleSearchScriptExecutionDao] Getting the executed scripts of the extension comments
 [yunitint] [m[0;36mDEBUG [main] [ArecoDeploymentScriptService] There aren't any pending UPDATE deployment scripts in the extension comments
 [yunitint] [m[0;36mDEBUG [main] [DeploymentScriptStarter] Running the deployment scripts of the extension: cockpit
 [yunitint] [m[0;36mDEBUG [main] [ArecoDeploymentScriptService] Looking for pending update scripts in the extension cockpit
 [yunitint] [m[0;36mDEBUG [main] [FlexibleSearchScriptExecutionDao] Getting the executed scripts of the extension cockpit
 [yunitint] [m[0;36mDEBUG [main] [ArecoDeploymentScriptService] There aren't any pending UPDATE deployment scripts in the extension cockpit
 [yunitint] [m[0;36mDEBUG [main] [DeploymentScriptStarter] Running the deployment scripts of the extension: mcc
 [yunitint] [m[0;36mDEBUG [main] [ArecoDeploymentScriptService] Looking for pending update scripts in the extension mcc
 [yunitint] [m[0;36mDEBUG [main] [FlexibleSearchScriptExecutionDao] Getting the executed scripts of the extension mcc
 [yunitint] [m[0;36mDEBUG [main] [ArecoDeploymentScriptService] There aren't any pending UPDATE deployment scripts in the extension mcc
 [yunitint] [m[0;36mDEBUG [main] [DeploymentScriptStarter] Running the deployment scripts of the extension: advancedsavedquery
 [yunitint] [m[0;36mDEBUG [main] [ArecoDeploymentScriptService] Looking for pending update scripts in the extension advancedsavedquery
 [yunitint] [m[0;36mDEBUG [main] [FlexibleSearchScriptExecutionDao] Getting the executed scripts of the extension advancedsavedquery
 [yunitint] [m[0;36mDEBUG [main] [ArecoDeploymentScriptService] There aren't any pending UPDATE deployment scripts in the extension advancedsavedquery
 [yunitint] [m[0;36mDEBUG [main] [DeploymentScriptStarter] Running the deployment scripts of the extension: admincockpit
 [yunitint] [m[0;36mDEBUG [main] [ArecoDeploymentScriptService] Looking for pending update scripts in the extension admincockpit
 [yunitint] [m[0;36mDEBUG [main] [FlexibleSearchScriptExecutionDao] Getting the executed scripts of the extension admincockpit
 [yunitint] [m[0;36mDEBUG [main] [ArecoDeploymentScriptService] There aren't any pending UPDATE deployment scripts in the extension admincockpit
 [yunitint] [m[0;36mDEBUG [main] [DeploymentScriptStarter] Running the deployment scripts of the extension: arecoDeploymentScriptsManager
 [yunitint] [m[0;36mDEBUG [main] [ArecoDeploymentScriptService] Looking for pending update scripts in the extension arecoDeploymentScriptsManager
 [yunitint] [m[0;36mDEBUG [main] [FlexibleSearchScriptExecutionDao] Getting the executed scripts of the extension arecoDeploymentScriptsManager
 [yunitint] [m[0;36mDEBUG [main] [AbstractSingleFileScriptStepFactory] Trying to create a single file script step from the file /home/arobirosa/no_backup/deploymentScriptsManager/hybris/bin/custom/arecoDeploymentScriptsManager/resources/test/impex-scripts-with-locale/germany/20141003_DUMMY_TAX/01_insert_dummy_tax_with_german_locale.impex
 [yunitint] [m[0;36mDEBUG [main] [AbstractSingleFileScriptStepFactory] Created step: ImpexImportStep [scriptFile=/home/arobirosa/no_backup/deploymentScriptsManager/hybris/bin/custom/arecoDeploymentScriptsManager/resources/test/impex-scripts-with-locale/germany/20141003_DUMMY_TAX/01_insert_dummy_tax_with_german_locale.impex]
 [yunitint] [m[0;36mDEBUG [main] [PropertyFileDeploymentScriptConfigurationReader] Reading configuration from the directory /home/arobirosa/no_backup/deploymentScriptsManager/hybris/bin/custom/arecoDeploymentScriptsManager/resources/test/impex-scripts-with-locale/germany/20141003_DUMMY_TAX
 [yunitint] [m[0;36mDEBUG [main] [ArecoDeploymentScriptService] Running update scripts of the extension arecoDeploymentScriptsManager
 [yunitint] [m[0;36mDEBUG [main] [DeploymentScript2ExecutionConverter] Creating an script execution model from the deployment script DeploymentScript [name=20141003_DUMMY_TAX, extensionName=arecoDeploymentScriptsManager, orderedSteps=[ImpexImportStep [scriptFile=/home/arobirosa/no_backup/deploymentScriptsManager/hybris/bin/custom/arecoDeploymentScriptsManager/resources/test/impex-scripts-with-locale/germany/20141003_DUMMY_TAX/01_insert_dummy_tax_with_german_locale.impex]], phase=UPDATE, configuration=org.areco.ecommerce.deploymentscripts.core.impl.PropertyFileDeploymentScriptConfiguration@19e3f7b]
 [yunitint] [m[0;36mDEBUG [main] [DeploymentScript] Running arecoDeploymentScriptsManager:20141003_DUMMY_TAX - Start
 [yunitint] [m[0;36mDEBUG [main] [ImpexImportStep] Running the step 01_insert_dummy_tax_with_german_locale.impex
 [yunitint] [m[0;36mDEBUG [main] [LocalizedImpexImportService] Code of the impex locale: 'de'.
 [yunitint] [m[0;32mINFO  [main] [Importer] Finished 1 pass in 0d 00h:00m:00s:009ms - processed: 1, no lines dumped (last pass 0)
 [yunitint] [m[0;36mDEBUG [main] [DeploymentScript] Running arecoDeploymentScriptsManager:20141003_DUMMY_TAX - Ended successfully
 [yunitint] [m[0;32mINFO  [main] [UpdatingSystemExtensionContext] The deployment script 20141003_DUMMY_TAX was executed: Success.
 [yunitint] [m[0;36mDEBUG [main] [ArecoDeploymentScriptService] Finished running update scripts of the extension arecoDeploymentScriptsManager
 [yunitint] [m[0;36mDEBUG [main] [DeploymentScriptStarter] Running the deployment scripts of the extension: arecoDeploymentScriptsExamples
 [yunitint] [m[0;36mDEBUG [main] [ArecoDeploymentScriptService] Looking for pending update scripts in the extension arecoDeploymentScriptsExamples
 [yunitint] [m[0;36mDEBUG [main] [FlexibleSearchScriptExecutionDao] Getting the executed scripts of the extension arecoDeploymentScriptsExamples
 [yunitint] [m[0;36mDEBUG [main] [ArecoDeploymentScriptService] There aren't any pending UPDATE deployment scripts in the extension arecoDeploymentScriptsExamples
 [yunitint] [m[0;36mDEBUG [main] [DeploymentScriptResultAsserter] Getting the execution of the script 20141003_DUMMY_TAX
 [yunitint] [m[0;32mINFO  [main] [LogRunListener] Finished test method testGermanLocale(org.areco.ecommerce.deploymentscripts.impex.impl.ImpexScriptWithLocaleTest) in 2 seconds
 [yunitint] [mjunit.framework.TestListener: endTest(testGermanLocale)
 [yunitint] [0;32mINFO  [main] [LogRunListener] Finished (successful) test class org.areco.ecommerce.deploymentscripts.impex.impl.ImpexScriptWithLocaleTest
 [yunitint] [m[0;32mINFO  [main] [LogRunListener]   Total run time: 0d 00h:00m:04s:821ms
 [yunitint] [m[0;32mINFO  [main] [LogRunListener]   Total tests count: 2
 [yunitint] [m[0;32mINFO  [main] [LogRunListener]   Failed tests count: 0
 [yunitint] [m[0;32mINFO  [main] [LogRunListener]   Ignored tests count: 0
 [yunitint] [m[0;32mINFO  [main] [ClassLoaderOverviewRunListener] Loaded class count: 8905 diff: 14
 [yunitint] [m[0;32mINFO  [main] [ClassLoaderOverviewRunListener] Total loaded class count: 8906 diff: 14
 [yunitint] [m[0;32mINFO  [main] [ClassLoaderOverviewRunListener] Unloaded class count: 1 diff: 0
 [yunitint] [mTests run: 2, Failures: 0, Errors: 0, Time elapsed: 4.825 sec
 [yunitint] Running org.areco.ecommerce.deploymentscripts.sql.SqlScriptsTest
 [yunitint] [0;32mINFO  [main] [LogRunListener] Starting test class org.areco.ecommerce.deploymentscripts.sql.SqlScriptsTest
 [yunitint] [mjunit.framework.TestListener: startTest(testScriptsWithUpdate)
 [yunitint] [0;32mINFO  [main] [LogRunListener] Starting test method testScriptsWithUpdate(org.areco.ecommerce.deploymentscripts.sql.SqlScriptsTest)
 [yunitint] [m[0;36mDEBUG [main] [ItemCreationListener] Disabling item registration in junit thread for testScriptsWithUpdate(org.areco.ecommerce.deploymentscripts.sql.SqlScriptsTest) since transaction is enabled
 [yunitint] [m[0;32mINFO  [main] [AntDeploymentScriptsStarter] Running any pending UPDATE deployment scripts.
 [yunitint] [m[0;32mINFO  [main] [DeploymentScriptStarter] Running all pending update deployment scripts.
 [yunitint] [m[0;32mINFO  [main] [DeploymentScriptStarter] Running all deployment scripts. RunInitScripts? false
 [yunitint] [m[0;36mDEBUG [main] [DeploymentScriptStarter] The error flag was cleared
 [yunitint] [m[0;36mDEBUG [main] [DeploymentScriptStarter] Running the deployment scripts of the extension: core
 [yunitint] [m[0;36mDEBUG [main] [ImpexInitialConfigurationImporter] The initial configuration was already imported.
 [yunitint] [m[0;36mDEBUG [main] [ArecoDeploymentScriptService] Looking for pending update scripts in the extension core
 [yunitint] [m[0;36mDEBUG [main] [FlexibleSearchScriptExecutionDao] Getting the executed scripts of the extension core
 [yunitint] [m[0;36mDEBUG [main] [ArecoDeploymentScriptService] There aren't any pending UPDATE deployment scripts in the extension core
 [yunitint] [m[0;36mDEBUG [main] [DeploymentScriptStarter] Running the deployment scripts of the extension: hmc
 [yunitint] [m[0;36mDEBUG [main] [ArecoDeploymentScriptService] Looking for pending update scripts in the extension hmc
 [yunitint] [m[0;36mDEBUG [main] [FlexibleSearchScriptExecutionDao] Getting the executed scripts of the extension hmc
 [yunitint] [m[0;36mDEBUG [main] [ArecoDeploymentScriptService] There aren't any pending UPDATE deployment scripts in the extension hmc
 [yunitint] [m[0;36mDEBUG [main] [DeploymentScriptStarter] Running the deployment scripts of the extension: servicelayer
 [yunitint] [m[0;36mDEBUG [main] [ArecoDeploymentScriptService] Looking for pending update scripts in the extension servicelayer
 [yunitint] [m[0;36mDEBUG [main] [FlexibleSearchScriptExecutionDao] Getting the executed scripts of the extension servicelayer
 [yunitint] [m[0;36mDEBUG [main] [ArecoDeploymentScriptService] There aren't any pending UPDATE deployment scripts in the extension servicelayer
 [yunitint] [m[0;36mDEBUG [main] [DeploymentScriptStarter] Running the deployment scripts of the extension: task
 [yunitint] [m[0;36mDEBUG [main] [ArecoDeploymentScriptService] Looking for pending update scripts in the extension task
 [yunitint] [m[0;36mDEBUG [main] [FlexibleSearchScriptExecutionDao] Getting the executed scripts of the extension task
 [yunitint] [m[0;36mDEBUG [main] [ArecoDeploymentScriptService] There aren't any pending UPDATE deployment scripts in the extension task
 [yunitint] [m[0;36mDEBUG [main] [DeploymentScriptStarter] Running the deployment scripts of the extension: paymentstandard
 [yunitint] [m[0;36mDEBUG [main] [ArecoDeploymentScriptService] Looking for pending update scripts in the extension paymentstandard
 [yunitint] [m[0;36mDEBUG [main] [FlexibleSearchScriptExecutionDao] Getting the executed scripts of the extension paymentstandard
 [yunitint] [m[0;36mDEBUG [main] [ArecoDeploymentScriptService] There aren't any pending UPDATE deployment scripts in the extension paymentstandard
 [yunitint] [m[0;36mDEBUG [main] [DeploymentScriptStarter] Running the deployment scripts of the extension: deliveryzone
 [yunitint] [m[0;36mDEBUG [main] [ArecoDeploymentScriptService] Looking for pending update scripts in the extension deliveryzone
 [yunitint] [m[0;36mDEBUG [main] [FlexibleSearchScriptExecutionDao] Getting the executed scripts of the extension deliveryzone
 [yunitint] [m[0;36mDEBUG [main] [ArecoDeploymentScriptService] There aren't any pending UPDATE deployment scripts in the extension deliveryzone
 [yunitint] [m[0;36mDEBUG [main] [DeploymentScriptStarter] Running the deployment scripts of the extension: commons
 [yunitint] [m[0;36mDEBUG [main] [ArecoDeploymentScriptService] Looking for pending update scripts in the extension commons
 [yunitint] [m[0;36mDEBUG [main] [FlexibleSearchScriptExecutionDao] Getting the executed scripts of the extension commons
 [yunitint] [m[0;36mDEBUG [main] [ArecoDeploymentScriptService] There aren't any pending UPDATE deployment scripts in the extension commons
 [yunitint] [m[0;36mDEBUG [main] [DeploymentScriptStarter] Running the deployment scripts of the extension: cronjob
 [yunitint] [m[0;36mDEBUG [main] [ArecoDeploymentScriptService] Looking for pending update scripts in the extension cronjob
 [yunitint] [m[0;36mDEBUG [main] [FlexibleSearchScriptExecutionDao] Getting the executed scripts of the extension cronjob
 [yunitint] [m[0;36mDEBUG [main] [ArecoDeploymentScriptService] There aren't any pending UPDATE deployment scripts in the extension cronjob
 [yunitint] [m[0;36mDEBUG [main] [DeploymentScriptStarter] Running the deployment scripts of the extension: lucenesearch
 [yunitint] [m[0;36mDEBUG [main] [ArecoDeploymentScriptService] Looking for pending update scripts in the extension lucenesearch
 [yunitint] [m[0;36mDEBUG [main] [FlexibleSearchScriptExecutionDao] Getting the executed scripts of the extension lucenesearch
 [yunitint] [m[0;36mDEBUG [main] [ArecoDeploymentScriptService] There aren't any pending UPDATE deployment scripts in the extension lucenesearch
 [yunitint] [m[0;36mDEBUG [main] [DeploymentScriptStarter] Running the deployment scripts of the extension: impex
 [yunitint] [m[0;36mDEBUG [main] [ArecoDeploymentScriptService] Looking for pending update scripts in the extension impex
 [yunitint] [m[0;36mDEBUG [main] [FlexibleSearchScriptExecutionDao] Getting the executed scripts of the extension impex
 [yunitint] [m[0;36mDEBUG [main] [ArecoDeploymentScriptService] There aren't any pending UPDATE deployment scripts in the extension impex
 [yunitint] [m[0;36mDEBUG [main] [DeploymentScriptStarter] Running the deployment scripts of the extension: validation
 [yunitint] [m[0;36mDEBUG [main] [ArecoDeploymentScriptService] Looking for pending update scripts in the extension validation
 [yunitint] [m[0;36mDEBUG [main] [FlexibleSearchScriptExecutionDao] Getting the executed scripts of the extension validation
 [yunitint] [m[0;36mDEBUG [main] [ArecoDeploymentScriptService] There aren't any pending UPDATE deployment scripts in the extension validation
 [yunitint] [m[0;36mDEBUG [main] [DeploymentScriptStarter] Running the deployment scripts of the extension: variants
 [yunitint] [m[0;36mDEBUG [main] [ArecoDeploymentScriptService] Looking for pending update scripts in the extension variants
 [yunitint] [m[0;36mDEBUG [main] [FlexibleSearchScriptExecutionDao] Getting the executed scripts of the extension variants
 [yunitint] [m[0;36mDEBUG [main] [ArecoDeploymentScriptService] There aren't any pending UPDATE deployment scripts in the extension variants
 [yunitint] [m[0;36mDEBUG [main] [DeploymentScriptStarter] Running the deployment scripts of the extension: europe1
 [yunitint] [m[0;36mDEBUG [main] [ArecoDeploymentScriptService] Looking for pending update scripts in the extension europe1
 [yunitint] [m[0;36mDEBUG [main] [FlexibleSearchScriptExecutionDao] Getting the executed scripts of the extension europe1
 [yunitint] [m[0;36mDEBUG [main] [ArecoDeploymentScriptService] There aren't any pending UPDATE deployment scripts in the extension europe1
 [yunitint] [m[0;36mDEBUG [main] [DeploymentScriptStarter] Running the deployment scripts of the extension: category
 [yunitint] [m[0;36mDEBUG [main] [ArecoDeploymentScriptService] Looking for pending update scripts in the extension category
 [yunitint] [m[0;36mDEBUG [main] [FlexibleSearchScriptExecutionDao] Getting the executed scripts of the extension category
 [yunitint] [m[0;36mDEBUG [main] [ArecoDeploymentScriptService] There aren't any pending UPDATE deployment scripts in the extension category
 [yunitint] [m[0;36mDEBUG [main] [DeploymentScriptStarter] Running the deployment scripts of the extension: catalog
 [yunitint] [m[0;36mDEBUG [main] [ArecoDeploymentScriptService] Looking for pending update scripts in the extension catalog
 [yunitint] [m[0;36mDEBUG [main] [FlexibleSearchScriptExecutionDao] Getting the executed scripts of the extension catalog
 [yunitint] [m[0;36mDEBUG [main] [ArecoDeploymentScriptService] There aren't any pending UPDATE deployment scripts in the extension catalog
 [yunitint] [m[0;36mDEBUG [main] [DeploymentScriptStarter] Running the deployment scripts of the extension: virtualjdbc
 [yunitint] [m[0;36mDEBUG [main] [ArecoDeploymentScriptService] Looking for pending update scripts in the extension virtualjdbc
 [yunitint] [m[0;36mDEBUG [main] [FlexibleSearchScriptExecutionDao] Getting the executed scripts of the extension virtualjdbc
 [yunitint] [m[0;36mDEBUG [main] [ArecoDeploymentScriptService] There aren't any pending UPDATE deployment scripts in the extension virtualjdbc
 [yunitint] [m[0;36mDEBUG [main] [DeploymentScriptStarter] Running the deployment scripts of the extension: platformservices
 [yunitint] [m[0;36mDEBUG [main] [ArecoDeploymentScriptService] Looking for pending update scripts in the extension platformservices
 [yunitint] [m[0;36mDEBUG [main] [FlexibleSearchScriptExecutionDao] Getting the executed scripts of the extension platformservices
 [yunitint] [m[0;36mDEBUG [main] [ArecoDeploymentScriptService] There aren't any pending UPDATE deployment scripts in the extension platformservices
 [yunitint] [m[0;36mDEBUG [main] [DeploymentScriptStarter] Running the deployment scripts of the extension: workflow
 [yunitint] [m[0;36mDEBUG [main] [ArecoDeploymentScriptService] Looking for pending update scripts in the extension workflow
 [yunitint] [m[0;36mDEBUG [main] [FlexibleSearchScriptExecutionDao] Getting the executed scripts of the extension workflow
 [yunitint] [m[0;36mDEBUG [main] [ArecoDeploymentScriptService] There aren't any pending UPDATE deployment scripts in the extension workflow
 [yunitint] [m[0;36mDEBUG [main] [DeploymentScriptStarter] Running the deployment scripts of the extension: processengine
 [yunitint] [m[0;36mDEBUG [main] [ArecoDeploymentScriptService] Looking for pending update scripts in the extension processengine
 [yunitint] [m[0;36mDEBUG [main] [FlexibleSearchScriptExecutionDao] Getting the executed scripts of the extension processengine
 [yunitint] [m[0;36mDEBUG [main] [ArecoDeploymentScriptService] There aren't any pending UPDATE deployment scripts in the extension processengine
 [yunitint] [m[0;36mDEBUG [main] [DeploymentScriptStarter] Running the deployment scripts of the extension: ldap
 [yunitint] [m[0;36mDEBUG [main] [ArecoDeploymentScriptService] Looking for pending update scripts in the extension ldap
 [yunitint] [m[0;36mDEBUG [main] [FlexibleSearchScriptExecutionDao] Getting the executed scripts of the extension ldap
 [yunitint] [m[0;36mDEBUG [main] [ArecoDeploymentScriptService] There aren't any pending UPDATE deployment scripts in the extension ldap
 [yunitint] [m[0;36mDEBUG [main] [DeploymentScriptStarter] Running the deployment scripts of the extension: comments
 [yunitint] [m[0;36mDEBUG [main] [ArecoDeploymentScriptService] Looking for pending update scripts in the extension comments
 [yunitint] [m[0;36mDEBUG [main] [FlexibleSearchScriptExecutionDao] Getting the executed scripts of the extension comments
 [yunitint] [m[0;36mDEBUG [main] [ArecoDeploymentScriptService] There aren't any pending UPDATE deployment scripts in the extension comments
 [yunitint] [m[0;36mDEBUG [main] [DeploymentScriptStarter] Running the deployment scripts of the extension: cockpit
 [yunitint] [m[0;36mDEBUG [main] [ArecoDeploymentScriptService] Looking for pending update scripts in the extension cockpit
 [yunitint] [m[0;36mDEBUG [main] [FlexibleSearchScriptExecutionDao] Getting the executed scripts of the extension cockpit
 [yunitint] [m[0;36mDEBUG [main] [ArecoDeploymentScriptService] There aren't any pending UPDATE deployment scripts in the extension cockpit
 [yunitint] [m[0;36mDEBUG [main] [DeploymentScriptStarter] Running the deployment scripts of the extension: mcc
 [yunitint] [m[0;36mDEBUG [main] [ArecoDeploymentScriptService] Looking for pending update scripts in the extension mcc
 [yunitint] [m[0;36mDEBUG [main] [FlexibleSearchScriptExecutionDao] Getting the executed scripts of the extension mcc
 [yunitint] [m[0;36mDEBUG [main] [ArecoDeploymentScriptService] There aren't any pending UPDATE deployment scripts in the extension mcc
 [yunitint] [m[0;36mDEBUG [main] [DeploymentScriptStarter] Running the deployment scripts of the extension: advancedsavedquery
 [yunitint] [m[0;36mDEBUG [main] [ArecoDeploymentScriptService] Looking for pending update scripts in the extension advancedsavedquery
 [yunitint] [m[0;36mDEBUG [main] [FlexibleSearchScriptExecutionDao] Getting the executed scripts of the extension advancedsavedquery
 [yunitint] [m[0;36mDEBUG [main] [ArecoDeploymentScriptService] There aren't any pending UPDATE deployment scripts in the extension advancedsavedquery
 [yunitint] [m[0;36mDEBUG [main] [DeploymentScriptStarter] Running the deployment scripts of the extension: admincockpit
 [yunitint] [m[0;36mDEBUG [main] [ArecoDeploymentScriptService] Looking for pending update scripts in the extension admincockpit
 [yunitint] [m[0;36mDEBUG [main] [FlexibleSearchScriptExecutionDao] Getting the executed scripts of the extension admincockpit
 [yunitint] [m[0;36mDEBUG [main] [ArecoDeploymentScriptService] There aren't any pending UPDATE deployment scripts in the extension admincockpit
 [yunitint] [m[0;36mDEBUG [main] [DeploymentScriptStarter] Running the deployment scripts of the extension: arecoDeploymentScriptsManager
 [yunitint] [m[0;36mDEBUG [main] [ArecoDeploymentScriptService] Looking for pending update scripts in the extension arecoDeploymentScriptsManager
 [yunitint] [m[0;36mDEBUG [main] [FlexibleSearchScriptExecutionDao] Getting the executed scripts of the extension arecoDeploymentScriptsManager
 [yunitint] [m[0;36mDEBUG [main] [ArecoDeploymentScriptService] There aren't any pending UPDATE deployment scripts in the extension arecoDeploymentScriptsManager
 [yunitint] [m[0;36mDEBUG [main] [DeploymentScriptStarter] Running the deployment scripts of the extension: arecoDeploymentScriptsExamples
 [yunitint] [m[0;36mDEBUG [main] [ArecoDeploymentScriptService] Looking for pending update scripts in the extension arecoDeploymentScriptsExamples
 [yunitint] [m[0;36mDEBUG [main] [FlexibleSearchScriptExecutionDao] Getting the executed scripts of the extension arecoDeploymentScriptsExamples
 [yunitint] [m[0;36mDEBUG [main] [ArecoDeploymentScriptService] There aren't any pending UPDATE deployment scripts in the extension arecoDeploymentScriptsExamples
 [yunitint] [m[0;32mINFO  [main] [AntDeploymentScriptsStarter] All pending scripts were run successfully.
 [yunitint] [m[0;36mDEBUG [main] [DeploymentScriptResultAsserter] Getting the execution of the script 20141004_SQL_SCRIPT_UPDATE
 [yunitint] [m[0;32mINFO  [main] [LogRunListener] Finished test method testScriptsWithUpdate(org.areco.ecommerce.deploymentscripts.sql.SqlScriptsTest) in 2 seconds
 [yunitint] [mjunit.framework.TestListener: endTest(testScriptsWithUpdate)
 [yunitint] [0;32mINFO  [main] [LogRunListener] Starting test method testScriptsWithSelect(org.areco.ecommerce.deploymentscripts.sql.SqlScriptsTest)
 [yunitint] [m[0;36mDEBUG [main] [ItemCreationListener] Disabling item registration in junit thread for testScriptsWithSelect(org.areco.ecommerce.deploymentscripts.sql.SqlScriptsTest) since transaction is enabled
 [yunitint] [m[0;32mINFO  [main] [AntDeploymentScriptsStarter] Running any pending UPDATE deployment scripts.
 [yunitint] [m[0;32mINFO  [main] [DeploymentScriptStarter] Running all pending update deployment scripts.
 [yunitint] [m[0;32mINFO  [main] [DeploymentScriptStarter] Running all deployment scripts. RunInitScripts? false
 [yunitint] [m[0;36mDEBUG [main] [DeploymentScriptStarter] The error flag was cleared
 [yunitint] [m[0;36mDEBUG [main] [DeploymentScriptStarter] Running the deployment scripts of the extension: core
 [yunitint] [m[0;36mDEBUG [main] [ImpexInitialConfigurationImporter] The initial configuration was already imported.
 [yunitint] [m[0;36mDEBUG [main] [ArecoDeploymentScriptService] Looking for pending update scripts in the extension core
 [yunitint] [m[0;36mDEBUG [main] [FlexibleSearchScriptExecutionDao] Getting the executed scripts of the extension core
 [yunitint] [m[0;36mDEBUG [main] [ArecoDeploymentScriptService] There aren't any pending UPDATE deployment scripts in the extension core
 [yunitint] [m[0;36mDEBUG [main] [DeploymentScriptStarter] Running the deployment scripts of the extension: hmc
 [yunitint] [m[0;36mDEBUG [main] [ArecoDeploymentScriptService] Looking for pending update scripts in the extension hmc
 [yunitint] [m[0;36mDEBUG [main] [FlexibleSearchScriptExecutionDao] Getting the executed scripts of the extension hmc
 [yunitint] [m[0;36mDEBUG [main] [ArecoDeploymentScriptService] There aren't any pending UPDATE deployment scripts in the extension hmc
 [yunitint] [m[0;36mDEBUG [main] [DeploymentScriptStarter] Running the deployment scripts of the extension: servicelayer
 [yunitint] [m[0;36mDEBUG [main] [ArecoDeploymentScriptService] Looking for pending update scripts in the extension servicelayer
 [yunitint] [m[0;36mDEBUG [main] [FlexibleSearchScriptExecutionDao] Getting the executed scripts of the extension servicelayer
 [yunitint] [m[0;36mDEBUG [main] [ArecoDeploymentScriptService] There aren't any pending UPDATE deployment scripts in the extension servicelayer
 [yunitint] [m[0;36mDEBUG [main] [DeploymentScriptStarter] Running the deployment scripts of the extension: task
 [yunitint] [m[0;36mDEBUG [main] [ArecoDeploymentScriptService] Looking for pending update scripts in the extension task
 [yunitint] [m[0;36mDEBUG [main] [FlexibleSearchScriptExecutionDao] Getting the executed scripts of the extension task
 [yunitint] [m[0;36mDEBUG [main] [ArecoDeploymentScriptService] There aren't any pending UPDATE deployment scripts in the extension task
 [yunitint] [m[0;36mDEBUG [main] [DeploymentScriptStarter] Running the deployment scripts of the extension: paymentstandard
 [yunitint] [m[0;36mDEBUG [main] [ArecoDeploymentScriptService] Looking for pending update scripts in the extension paymentstandard
 [yunitint] [m[0;36mDEBUG [main] [FlexibleSearchScriptExecutionDao] Getting the executed scripts of the extension paymentstandard
 [yunitint] [m[0;36mDEBUG [main] [ArecoDeploymentScriptService] There aren't any pending UPDATE deployment scripts in the extension paymentstandard
 [yunitint] [m[0;36mDEBUG [main] [DeploymentScriptStarter] Running the deployment scripts of the extension: deliveryzone
 [yunitint] [m[0;36mDEBUG [main] [ArecoDeploymentScriptService] Looking for pending update scripts in the extension deliveryzone
 [yunitint] [m[0;36mDEBUG [main] [FlexibleSearchScriptExecutionDao] Getting the executed scripts of the extension deliveryzone
 [yunitint] [m[0;36mDEBUG [main] [ArecoDeploymentScriptService] There aren't any pending UPDATE deployment scripts in the extension deliveryzone
 [yunitint] [m[0;36mDEBUG [main] [DeploymentScriptStarter] Running the deployment scripts of the extension: commons
 [yunitint] [m[0;36mDEBUG [main] [ArecoDeploymentScriptService] Looking for pending update scripts in the extension commons
 [yunitint] [m[0;36mDEBUG [main] [FlexibleSearchScriptExecutionDao] Getting the executed scripts of the extension commons
 [yunitint] [m[0;36mDEBUG [main] [ArecoDeploymentScriptService] There aren't any pending UPDATE deployment scripts in the extension commons
 [yunitint] [m[0;36mDEBUG [main] [DeploymentScriptStarter] Running the deployment scripts of the extension: cronjob
 [yunitint] [m[0;36mDEBUG [main] [ArecoDeploymentScriptService] Looking for pending update scripts in the extension cronjob
 [yunitint] [m[0;36mDEBUG [main] [FlexibleSearchScriptExecutionDao] Getting the executed scripts of the extension cronjob
 [yunitint] [m[0;36mDEBUG [main] [ArecoDeploymentScriptService] There aren't any pending UPDATE deployment scripts in the extension cronjob
 [yunitint] [m[0;36mDEBUG [main] [DeploymentScriptStarter] Running the deployment scripts of the extension: lucenesearch
 [yunitint] [m[0;36mDEBUG [main] [ArecoDeploymentScriptService] Looking for pending update scripts in the extension lucenesearch
 [yunitint] [m[0;36mDEBUG [main] [FlexibleSearchScriptExecutionDao] Getting the executed scripts of the extension lucenesearch
 [yunitint] [m[0;36mDEBUG [main] [ArecoDeploymentScriptService] There aren't any pending UPDATE deployment scripts in the extension lucenesearch
 [yunitint] [m[0;36mDEBUG [main] [DeploymentScriptStarter] Running the deployment scripts of the extension: impex
 [yunitint] [m[0;36mDEBUG [main] [ArecoDeploymentScriptService] Looking for pending update scripts in the extension impex
 [yunitint] [m[0;36mDEBUG [main] [FlexibleSearchScriptExecutionDao] Getting the executed scripts of the extension impex
 [yunitint] [m[0;36mDEBUG [main] [ArecoDeploymentScriptService] There aren't any pending UPDATE deployment scripts in the extension impex
 [yunitint] [m[0;36mDEBUG [main] [DeploymentScriptStarter] Running the deployment scripts of the extension: validation
 [yunitint] [m[0;36mDEBUG [main] [ArecoDeploymentScriptService] Looking for pending update scripts in the extension validation
 [yunitint] [m[0;36mDEBUG [main] [FlexibleSearchScriptExecutionDao] Getting the executed scripts of the extension validation
 [yunitint] [m[0;36mDEBUG [main] [ArecoDeploymentScriptService] There aren't any pending UPDATE deployment scripts in the extension validation
 [yunitint] [m[0;36mDEBUG [main] [DeploymentScriptStarter] Running the deployment scripts of the extension: variants
 [yunitint] [m[0;36mDEBUG [main] [ArecoDeploymentScriptService] Looking for pending update scripts in the extension variants
 [yunitint] [m[0;36mDEBUG [main] [FlexibleSearchScriptExecutionDao] Getting the executed scripts of the extension variants
 [yunitint] [m[0;36mDEBUG [main] [ArecoDeploymentScriptService] There aren't any pending UPDATE deployment scripts in the extension variants
 [yunitint] [m[0;36mDEBUG [main] [DeploymentScriptStarter] Running the deployment scripts of the extension: europe1
 [yunitint] [m[0;36mDEBUG [main] [ArecoDeploymentScriptService] Looking for pending update scripts in the extension europe1
 [yunitint] [m[0;36mDEBUG [main] [FlexibleSearchScriptExecutionDao] Getting the executed scripts of the extension europe1
 [yunitint] [m[0;36mDEBUG [main] [ArecoDeploymentScriptService] There aren't any pending UPDATE deployment scripts in the extension europe1
 [yunitint] [m[0;36mDEBUG [main] [DeploymentScriptStarter] Running the deployment scripts of the extension: category
 [yunitint] [m[0;36mDEBUG [main] [ArecoDeploymentScriptService] Looking for pending update scripts in the extension category
 [yunitint] [m[0;36mDEBUG [main] [FlexibleSearchScriptExecutionDao] Getting the executed scripts of the extension category
 [yunitint] [m[0;36mDEBUG [main] [ArecoDeploymentScriptService] There aren't any pending UPDATE deployment scripts in the extension category
 [yunitint] [m[0;36mDEBUG [main] [DeploymentScriptStarter] Running the deployment scripts of the extension: catalog
 [yunitint] [m[0;36mDEBUG [main] [ArecoDeploymentScriptService] Looking for pending update scripts in the extension catalog
 [yunitint] [m[0;36mDEBUG [main] [FlexibleSearchScriptExecutionDao] Getting the executed scripts of the extension catalog
 [yunitint] [m[0;36mDEBUG [main] [ArecoDeploymentScriptService] There aren't any pending UPDATE deployment scripts in the extension catalog
 [yunitint] [m[0;36mDEBUG [main] [DeploymentScriptStarter] Running the deployment scripts of the extension: virtualjdbc
 [yunitint] [m[0;36mDEBUG [main] [ArecoDeploymentScriptService] Looking for pending update scripts in the extension virtualjdbc
 [yunitint] [m[0;36mDEBUG [main] [FlexibleSearchScriptExecutionDao] Getting the executed scripts of the extension virtualjdbc
 [yunitint] [m[0;36mDEBUG [main] [ArecoDeploymentScriptService] There aren't any pending UPDATE deployment scripts in the extension virtualjdbc
 [yunitint] [m[0;36mDEBUG [main] [DeploymentScriptStarter] Running the deployment scripts of the extension: platformservices
 [yunitint] [m[0;36mDEBUG [main] [ArecoDeploymentScriptService] Looking for pending update scripts in the extension platformservices
 [yunitint] [m[0;36mDEBUG [main] [FlexibleSearchScriptExecutionDao] Getting the executed scripts of the extension platformservices
 [yunitint] [m[0;36mDEBUG [main] [ArecoDeploymentScriptService] There aren't any pending UPDATE deployment scripts in the extension platformservices
 [yunitint] [m[0;36mDEBUG [main] [DeploymentScriptStarter] Running the deployment scripts of the extension: workflow
 [yunitint] [m[0;36mDEBUG [main] [ArecoDeploymentScriptService] Looking for pending update scripts in the extension workflow
 [yunitint] [m[0;36mDEBUG [main] [FlexibleSearchScriptExecutionDao] Getting the executed scripts of the extension workflow
 [yunitint] [m[0;36mDEBUG [main] [ArecoDeploymentScriptService] There aren't any pending UPDATE deployment scripts in the extension workflow
 [yunitint] [m[0;36mDEBUG [main] [DeploymentScriptStarter] Running the deployment scripts of the extension: processengine
 [yunitint] [m[0;36mDEBUG [main] [ArecoDeploymentScriptService] Looking for pending update scripts in the extension processengine
 [yunitint] [m[0;36mDEBUG [main] [FlexibleSearchScriptExecutionDao] Getting the executed scripts of the extension processengine
 [yunitint] [m[0;36mDEBUG [main] [ArecoDeploymentScriptService] There aren't any pending UPDATE deployment scripts in the extension processengine
 [yunitint] [m[0;36mDEBUG [main] [DeploymentScriptStarter] Running the deployment scripts of the extension: ldap
 [yunitint] [m[0;36mDEBUG [main] [ArecoDeploymentScriptService] Looking for pending update scripts in the extension ldap
 [yunitint] [m[0;36mDEBUG [main] [FlexibleSearchScriptExecutionDao] Getting the executed scripts of the extension ldap
 [yunitint] [m[0;36mDEBUG [main] [ArecoDeploymentScriptService] There aren't any pending UPDATE deployment scripts in the extension ldap
 [yunitint] [m[0;36mDEBUG [main] [DeploymentScriptStarter] Running the deployment scripts of the extension: comments
 [yunitint] [m[0;36mDEBUG [main] [ArecoDeploymentScriptService] Looking for pending update scripts in the extension comments
 [yunitint] [m[0;36mDEBUG [main] [FlexibleSearchScriptExecutionDao] Getting the executed scripts of the extension comments
 [yunitint] [m[0;36mDEBUG [main] [ArecoDeploymentScriptService] There aren't any pending UPDATE deployment scripts in the extension comments
 [yunitint] [m[0;36mDEBUG [main] [DeploymentScriptStarter] Running the deployment scripts of the extension: cockpit
 [yunitint] [m[0;36mDEBUG [main] [ArecoDeploymentScriptService] Looking for pending update scripts in the extension cockpit
 [yunitint] [m[0;36mDEBUG [main] [FlexibleSearchScriptExecutionDao] Getting the executed scripts of the extension cockpit
 [yunitint] [m[0;36mDEBUG [main] [ArecoDeploymentScriptService] There aren't any pending UPDATE deployment scripts in the extension cockpit
 [yunitint] [m[0;36mDEBUG [main] [DeploymentScriptStarter] Running the deployment scripts of the extension: mcc
 [yunitint] [m[0;36mDEBUG [main] [ArecoDeploymentScriptService] Looking for pending update scripts in the extension mcc
 [yunitint] [m[0;36mDEBUG [main] [FlexibleSearchScriptExecutionDao] Getting the executed scripts of the extension mcc
 [yunitint] [m[0;36mDEBUG [main] [ArecoDeploymentScriptService] There aren't any pending UPDATE deployment scripts in the extension mcc
 [yunitint] [m[0;36mDEBUG [main] [DeploymentScriptStarter] Running the deployment scripts of the extension: advancedsavedquery
 [yunitint] [m[0;36mDEBUG [main] [ArecoDeploymentScriptService] Looking for pending update scripts in the extension advancedsavedquery
 [yunitint] [m[0;36mDEBUG [main] [FlexibleSearchScriptExecutionDao] Getting the executed scripts of the extension advancedsavedquery
 [yunitint] [m[0;36mDEBUG [main] [ArecoDeploymentScriptService] There aren't any pending UPDATE deployment scripts in the extension advancedsavedquery
 [yunitint] [m[0;36mDEBUG [main] [DeploymentScriptStarter] Running the deployment scripts of the extension: admincockpit
 [yunitint] [m[0;36mDEBUG [main] [ArecoDeploymentScriptService] Looking for pending update scripts in the extension admincockpit
 [yunitint] [m[0;36mDEBUG [main] [FlexibleSearchScriptExecutionDao] Getting the executed scripts of the extension admincockpit
 [yunitint] [m[0;36mDEBUG [main] [ArecoDeploymentScriptService] There aren't any pending UPDATE deployment scripts in the extension admincockpit
 [yunitint] [m[0;36mDEBUG [main] [DeploymentScriptStarter] Running the deployment scripts of the extension: arecoDeploymentScriptsManager
 [yunitint] [m[0;36mDEBUG [main] [ArecoDeploymentScriptService] Looking for pending update scripts in the extension arecoDeploymentScriptsManager
 [yunitint] [m[0;36mDEBUG [main] [FlexibleSearchScriptExecutionDao] Getting the executed scripts of the extension arecoDeploymentScriptsManager
 [yunitint] [m[0;36mDEBUG [main] [AbstractSingleFileScriptStepFactory] Trying to create a single file script step from the file /home/arobirosa/no_backup/deploymentScriptsManager/hybris/bin/custom/arecoDeploymentScriptsManager/resources/test/sql-deployment-scripts/select/20141004_SQL_SCRIPT_SELECT/01_insert_dummy_tax.impex
 [yunitint] [m[0;36mDEBUG [main] [AbstractSingleFileScriptStepFactory] Created step: ImpexImportStep [scriptFile=/home/arobirosa/no_backup/deploymentScriptsManager/hybris/bin/custom/arecoDeploymentScriptsManager/resources/test/sql-deployment-scripts/select/20141004_SQL_SCRIPT_SELECT/01_insert_dummy_tax.impex]
 [yunitint] [m[0;36mDEBUG [main] [AbstractSingleFileScriptStepFactory] Trying to create a single file script step from the file /home/arobirosa/no_backup/deploymentScriptsManager/hybris/bin/custom/arecoDeploymentScriptsManager/resources/test/sql-deployment-scripts/select/20141004_SQL_SCRIPT_SELECT/02_select_value.sql
 [yunitint] [m[0;36mDEBUG [main] [AbstractSingleFileScriptStepFactory] Trying to create a single file script step from the file /home/arobirosa/no_backup/deploymentScriptsManager/hybris/bin/custom/arecoDeploymentScriptsManager/resources/test/sql-deployment-scripts/select/20141004_SQL_SCRIPT_SELECT/02_select_value.sql
 [yunitint] [m[0;36mDEBUG [main] [AbstractSingleFileScriptStepFactory] Created step: SqlScriptStep [scriptFile=/home/arobirosa/no_backup/deploymentScriptsManager/hybris/bin/custom/arecoDeploymentScriptsManager/resources/test/sql-deployment-scripts/select/20141004_SQL_SCRIPT_SELECT/02_select_value.sql]
 [yunitint] [m[0;36mDEBUG [main] [PropertyFileDeploymentScriptConfigurationReader] Reading configuration from the directory /home/arobirosa/no_backup/deploymentScriptsManager/hybris/bin/custom/arecoDeploymentScriptsManager/resources/test/sql-deployment-scripts/select/20141004_SQL_SCRIPT_SELECT
 [yunitint] [m[0;36mDEBUG [main] [ArecoDeploymentScriptService] Running update scripts of the extension arecoDeploymentScriptsManager
 [yunitint] [m[0;36mDEBUG [main] [DeploymentScript2ExecutionConverter] Creating an script execution model from the deployment script DeploymentScript [name=20141004_SQL_SCRIPT_SELECT, extensionName=arecoDeploymentScriptsManager, orderedSteps=[ImpexImportStep [scriptFile=/home/arobirosa/no_backup/deploymentScriptsManager/hybris/bin/custom/arecoDeploymentScriptsManager/resources/test/sql-deployment-scripts/select/20141004_SQL_SCRIPT_SELECT/01_insert_dummy_tax.impex], SqlScriptStep [scriptFile=/home/arobirosa/no_backup/deploymentScriptsManager/hybris/bin/custom/arecoDeploymentScriptsManager/resources/test/sql-deployment-scripts/select/20141004_SQL_SCRIPT_SELECT/02_select_value.sql]], phase=UPDATE, configuration=org.areco.ecommerce.deploymentscripts.core.impl.PropertyFileDeploymentScriptConfiguration@114f9b4]
 [yunitint] [m[0;36mDEBUG [main] [DeploymentScript] Running arecoDeploymentScriptsManager:20141004_SQL_SCRIPT_SELECT - Start
 [yunitint] [m[0;36mDEBUG [main] [ImpexImportStep] Running the step 01_insert_dummy_tax.impex
 [yunitint] [m[0;36mDEBUG [main] [LocalizedImpexImportService] Code of the impex locale: 'en_US'.
 [yunitint] [m[0;32mINFO  [main] [Importer] Finished 1 pass in 0d 00h:00m:00s:004ms - processed: 1, no lines dumped (last pass 0)
 [yunitint] [m[0;36mDEBUG [main] [SqlScriptStep] Running the SQL Statement: 'select value from {TABLE_PREFIX}taxes where code = 'dummySqlScriptTax''.
 [yunitint] [m[0;31mERROR [main] [ArecoDeploymentScriptsRunner] There was an error running arecoDeploymentScriptsManager:20141004_SQL_SCRIPT_SELECT:There was an error while running the SQL Script 02_select_value.sql:The sql statement must start with update or delete.
 [yunitint] org.areco.ecommerce.deploymentscripts.core.DeploymentScriptExecutionException: There was an error while running the SQL Script 02_select_value.sql:The sql statement must start with update or delete.
 [yunitint] 	at org.areco.ecommerce.deploymentscripts.sql.SqlScriptStep.executeStatement(SqlScriptStep.java:60)
 [yunitint] 	at org.areco.ecommerce.deploymentscripts.sql.SqlScriptStep.run(SqlScriptStep.java:48)
 [yunitint] 	at org.areco.ecommerce.deploymentscripts.core.DeploymentScript.run(DeploymentScript.java:76)
 [yunitint] 	at org.areco.ecommerce.deploymentscripts.core.impl.ArecoDeploymentScriptsRunner.run(ArecoDeploymentScriptsRunner.java:70)
 [yunitint] 	at org.areco.ecommerce.deploymentscripts.core.impl.ArecoDeploymentScriptService.runDeploymentScripts(ArecoDeploymentScriptService.java:82)
 [yunitint] 	at org.areco.ecommerce.deploymentscripts.core.DeploymentScriptStarter.runDeploymentScriptsAndHandleErrors(DeploymentScriptStarter.java:139)
 [yunitint] 	at org.areco.ecommerce.deploymentscripts.core.DeploymentScriptStarter.runDeploymentScripts(DeploymentScriptStarter.java:117)
 [yunitint] 	at org.areco.ecommerce.deploymentscripts.core.DeploymentScriptStarter.runAllPendingScripts(DeploymentScriptStarter.java:171)
 [yunitint] 	at org.areco.ecommerce.deploymentscripts.core.DeploymentScriptStarter.runAllPendingScripts(DeploymentScriptStarter.java:160)
 [yunitint] 	at org.areco.ecommerce.deploymentscripts.ant.AntDeploymentScriptsStarter.runPendingScripts(AntDeploymentScriptsStarter.java:51)
 [yunitint] 	at org.areco.ecommerce.deploymentscripts.sql.SqlScriptsTest.assertSqlScript(SqlScriptsTest.java:61)
 [yunitint] 	at org.areco.ecommerce.deploymentscripts.sql.SqlScriptsTest.testScriptsWithSelect(SqlScriptsTest.java:72)
 [yunitint] 	at sun.reflect.NativeMethodAccessorImpl.invoke0(Native Method)
 [yunitint] 	at sun.reflect.NativeMethodAccessorImpl.invoke(NativeMethodAccessorImpl.java:57)
 [yunitint] 	at sun.reflect.DelegatingMethodAccessorImpl.invoke(DelegatingMethodAccessorImpl.java:43)
 [yunitint] 	at java.lang.reflect.Method.invoke(Method.java:606)
 [yunitint] 	at org.junit.runners.model.FrameworkMethod$1.runReflectiveCall(FrameworkMethod.java:44)
 [yunitint] 	at org.junit.internal.runners.model.ReflectiveCallable.run(ReflectiveCallable.java:15)
 [yunitint] 	at org.junit.runners.model.FrameworkMethod.invokeExplosively(FrameworkMethod.java:41)
 [yunitint] 	at org.junit.internal.runners.statements.InvokeMethod.evaluate(InvokeMethod.java:20)
 [yunitint] 	at org.junit.internal.runners.statements.RunBefores.evaluate(RunBefores.java:28)
 [yunitint] 	at org.junit.internal.runners.statements.RunAfters.evaluate(RunAfters.java:31)
 [yunitint] 	at org.junit.runners.ParentRunner.runLeaf(ParentRunner.java:263)
 [yunitint] 	at org.junit.runners.BlockJUnit4ClassRunner.runChild(BlockJUnit4ClassRunner.java:69)
 [yunitint] 	at org.junit.runners.BlockJUnit4ClassRunner.runChild(BlockJUnit4ClassRunner.java:48)
 [yunitint] 	at org.junit.runners.ParentRunner$3.run(ParentRunner.java:231)
 [yunitint] 	at org.junit.runners.ParentRunner$1.schedule(ParentRunner.java:60)
 [yunitint] 	at org.junit.runners.ParentRunner.runChildren(ParentRunner.java:229)
 [yunitint] 	at org.junit.runners.ParentRunner.access$000(ParentRunner.java:50)
 [yunitint] 	at org.junit.runners.ParentRunner$2.evaluate(ParentRunner.java:222)
 [yunitint] 	at org.junit.runners.ParentRunner.run(ParentRunner.java:292)
 [yunitint] 	at de.hybris.platform.testframework.HybrisJUnit4ClassRunner.run(HybrisJUnit4ClassRunner.java:119)
 [yunitint] 	at junit.framework.JUnit4TestAdapter.run(JUnit4TestAdapter.java:39)
 [yunitint] 	at de.hybris.ant.taskdefs.yunit.JUnitTestRunner.run(JUnitTestRunner.java:547)
 [yunitint] 	at de.hybris.ant.taskdefs.yunit.JUnitTestRunner.launch(JUnitTestRunner.java:1204)
 [yunitint] 	at de.hybris.ant.taskdefs.yunit.JUnitTestRunner.main(JUnitTestRunner.java:994)
 [yunitint] Caused by: java.sql.SQLException: The sql statement must start with update or delete.
 [yunitint] 	at org.areco.ecommerce.deploymentscripts.sql.impl.JaloSqlScriptService.runDeleteOrUpdateStatement(JaloSqlScriptService.java:62)
 [yunitint] 	at org.areco.ecommerce.deploymentscripts.sql.SqlScriptStep.executeStatement(SqlScriptStep.java:58)
 [yunitint] 	... 35 more
 [yunitint] [m[0;32mINFO  [main] [UpdatingSystemExtensionContext] The deployment script 20141004_SQL_SCRIPT_SELECT was executed: Error.
 [yunitint] [m[0;36mDEBUG [main] [ArecoDeploymentScriptService] Finished running update scripts of the extension arecoDeploymentScriptsManager
 [yunitint] [m[0;31mERROR [main] [AntDeploymentScriptsStarter] There was an error running the deployment scripts. Please check the console.
 [yunitint] [m[0;36mDEBUG [main] [DeploymentScriptResultAsserter] Getting the execution of the script 20141004_SQL_SCRIPT_SELECT
 [yunitint] [m[0;32mINFO  [main] [LogRunListener] Finished test method testScriptsWithSelect(org.areco.ecommerce.deploymentscripts.sql.SqlScriptsTest) in 2 seconds
 [yunitint] [mjunit.framework.TestListener: endTest(testScriptsWithSelect)
 [yunitint] [0;32mINFO  [main] [LogRunListener] Starting test method testScriptsWithDelete(org.areco.ecommerce.deploymentscripts.sql.SqlScriptsTest)
 [yunitint] [m[0;36mDEBUG [main] [ItemCreationListener] Disabling item registration in junit thread for testScriptsWithDelete(org.areco.ecommerce.deploymentscripts.sql.SqlScriptsTest) since transaction is enabled
 [yunitint] [m[0;32mINFO  [main] [AntDeploymentScriptsStarter] Running any pending UPDATE deployment scripts.
 [yunitint] [m[0;32mINFO  [main] [DeploymentScriptStarter] Running all pending update deployment scripts.
 [yunitint] [m[0;32mINFO  [main] [DeploymentScriptStarter] Running all deployment scripts. RunInitScripts? false
 [yunitint] [m[0;36mDEBUG [main] [DeploymentScriptStarter] The error flag was cleared
 [yunitint] [m[0;36mDEBUG [main] [DeploymentScriptStarter] Running the deployment scripts of the extension: core
 [yunitint] [m[0;36mDEBUG [main] [ImpexInitialConfigurationImporter] The initial configuration was already imported.
 [yunitint] [m[0;36mDEBUG [main] [ArecoDeploymentScriptService] Looking for pending update scripts in the extension core
 [yunitint] [m[0;36mDEBUG [main] [FlexibleSearchScriptExecutionDao] Getting the executed scripts of the extension core
 [yunitint] [m[0;36mDEBUG [main] [ArecoDeploymentScriptService] There aren't any pending UPDATE deployment scripts in the extension core
 [yunitint] [m[0;36mDEBUG [main] [DeploymentScriptStarter] Running the deployment scripts of the extension: hmc
 [yunitint] [m[0;36mDEBUG [main] [ArecoDeploymentScriptService] Looking for pending update scripts in the extension hmc
 [yunitint] [m[0;36mDEBUG [main] [FlexibleSearchScriptExecutionDao] Getting the executed scripts of the extension hmc
 [yunitint] [m[0;36mDEBUG [main] [ArecoDeploymentScriptService] There aren't any pending UPDATE deployment scripts in the extension hmc
 [yunitint] [m[0;36mDEBUG [main] [DeploymentScriptStarter] Running the deployment scripts of the extension: servicelayer
 [yunitint] [m[0;36mDEBUG [main] [ArecoDeploymentScriptService] Looking for pending update scripts in the extension servicelayer
 [yunitint] [m[0;36mDEBUG [main] [FlexibleSearchScriptExecutionDao] Getting the executed scripts of the extension servicelayer
 [yunitint] [m[0;36mDEBUG [main] [ArecoDeploymentScriptService] There aren't any pending UPDATE deployment scripts in the extension servicelayer
 [yunitint] [m[0;36mDEBUG [main] [DeploymentScriptStarter] Running the deployment scripts of the extension: task
 [yunitint] [m[0;36mDEBUG [main] [ArecoDeploymentScriptService] Looking for pending update scripts in the extension task
 [yunitint] [m[0;36mDEBUG [main] [FlexibleSearchScriptExecutionDao] Getting the executed scripts of the extension task
 [yunitint] [m[0;36mDEBUG [main] [ArecoDeploymentScriptService] There aren't any pending UPDATE deployment scripts in the extension task
 [yunitint] [m[0;36mDEBUG [main] [DeploymentScriptStarter] Running the deployment scripts of the extension: paymentstandard
 [yunitint] [m[0;36mDEBUG [main] [ArecoDeploymentScriptService] Looking for pending update scripts in the extension paymentstandard
 [yunitint] [m[0;36mDEBUG [main] [FlexibleSearchScriptExecutionDao] Getting the executed scripts of the extension paymentstandard
 [yunitint] [m[0;36mDEBUG [main] [ArecoDeploymentScriptService] There aren't any pending UPDATE deployment scripts in the extension paymentstandard
 [yunitint] [m[0;36mDEBUG [main] [DeploymentScriptStarter] Running the deployment scripts of the extension: deliveryzone
 [yunitint] [m[0;36mDEBUG [main] [ArecoDeploymentScriptService] Looking for pending update scripts in the extension deliveryzone
 [yunitint] [m[0;36mDEBUG [main] [FlexibleSearchScriptExecutionDao] Getting the executed scripts of the extension deliveryzone
 [yunitint] [m[0;36mDEBUG [main] [ArecoDeploymentScriptService] There aren't any pending UPDATE deployment scripts in the extension deliveryzone
 [yunitint] [m[0;36mDEBUG [main] [DeploymentScriptStarter] Running the deployment scripts of the extension: commons
 [yunitint] [m[0;36mDEBUG [main] [ArecoDeploymentScriptService] Looking for pending update scripts in the extension commons
 [yunitint] [m[0;36mDEBUG [main] [FlexibleSearchScriptExecutionDao] Getting the executed scripts of the extension commons
 [yunitint] [m[0;36mDEBUG [main] [ArecoDeploymentScriptService] There aren't any pending UPDATE deployment scripts in the extension commons
 [yunitint] [m[0;36mDEBUG [main] [DeploymentScriptStarter] Running the deployment scripts of the extension: cronjob
 [yunitint] [m[0;36mDEBUG [main] [ArecoDeploymentScriptService] Looking for pending update scripts in the extension cronjob
 [yunitint] [m[0;36mDEBUG [main] [FlexibleSearchScriptExecutionDao] Getting the executed scripts of the extension cronjob
 [yunitint] [m[0;36mDEBUG [main] [ArecoDeploymentScriptService] There aren't any pending UPDATE deployment scripts in the extension cronjob
 [yunitint] [m[0;36mDEBUG [main] [DeploymentScriptStarter] Running the deployment scripts of the extension: lucenesearch
 [yunitint] [m[0;36mDEBUG [main] [ArecoDeploymentScriptService] Looking for pending update scripts in the extension lucenesearch
 [yunitint] [m[0;36mDEBUG [main] [FlexibleSearchScriptExecutionDao] Getting the executed scripts of the extension lucenesearch
 [yunitint] [m[0;36mDEBUG [main] [ArecoDeploymentScriptService] There aren't any pending UPDATE deployment scripts in the extension lucenesearch
 [yunitint] [m[0;36mDEBUG [main] [DeploymentScriptStarter] Running the deployment scripts of the extension: impex
 [yunitint] [m[0;36mDEBUG [main] [ArecoDeploymentScriptService] Looking for pending update scripts in the extension impex
 [yunitint] [m[0;36mDEBUG [main] [FlexibleSearchScriptExecutionDao] Getting the executed scripts of the extension impex
 [yunitint] [m[0;36mDEBUG [main] [ArecoDeploymentScriptService] There aren't any pending UPDATE deployment scripts in the extension impex
 [yunitint] [m[0;36mDEBUG [main] [DeploymentScriptStarter] Running the deployment scripts of the extension: validation
 [yunitint] [m[0;36mDEBUG [main] [ArecoDeploymentScriptService] Looking for pending update scripts in the extension validation
 [yunitint] [m[0;36mDEBUG [main] [FlexibleSearchScriptExecutionDao] Getting the executed scripts of the extension validation
 [yunitint] [m[0;36mDEBUG [main] [ArecoDeploymentScriptService] There aren't any pending UPDATE deployment scripts in the extension validation
 [yunitint] [m[0;36mDEBUG [main] [DeploymentScriptStarter] Running the deployment scripts of the extension: variants
 [yunitint] [m[0;36mDEBUG [main] [ArecoDeploymentScriptService] Looking for pending update scripts in the extension variants
 [yunitint] [m[0;36mDEBUG [main] [FlexibleSearchScriptExecutionDao] Getting the executed scripts of the extension variants
 [yunitint] [m[0;36mDEBUG [main] [ArecoDeploymentScriptService] There aren't any pending UPDATE deployment scripts in the extension variants
 [yunitint] [m[0;36mDEBUG [main] [DeploymentScriptStarter] Running the deployment scripts of the extension: europe1
 [yunitint] [m[0;36mDEBUG [main] [ArecoDeploymentScriptService] Looking for pending update scripts in the extension europe1
 [yunitint] [m[0;36mDEBUG [main] [FlexibleSearchScriptExecutionDao] Getting the executed scripts of the extension europe1
 [yunitint] [m[0;36mDEBUG [main] [ArecoDeploymentScriptService] There aren't any pending UPDATE deployment scripts in the extension europe1
 [yunitint] [m[0;36mDEBUG [main] [DeploymentScriptStarter] Running the deployment scripts of the extension: category
 [yunitint] [m[0;36mDEBUG [main] [ArecoDeploymentScriptService] Looking for pending update scripts in the extension category
 [yunitint] [m[0;36mDEBUG [main] [FlexibleSearchScriptExecutionDao] Getting the executed scripts of the extension category
 [yunitint] [m[0;36mDEBUG [main] [ArecoDeploymentScriptService] There aren't any pending UPDATE deployment scripts in the extension category
 [yunitint] [m[0;36mDEBUG [main] [DeploymentScriptStarter] Running the deployment scripts of the extension: catalog
 [yunitint] [m[0;36mDEBUG [main] [ArecoDeploymentScriptService] Looking for pending update scripts in the extension catalog
 [yunitint] [m[0;36mDEBUG [main] [FlexibleSearchScriptExecutionDao] Getting the executed scripts of the extension catalog
 [yunitint] [m[0;36mDEBUG [main] [ArecoDeploymentScriptService] There aren't any pending UPDATE deployment scripts in the extension catalog
 [yunitint] [m[0;36mDEBUG [main] [DeploymentScriptStarter] Running the deployment scripts of the extension: virtualjdbc
 [yunitint] [m[0;36mDEBUG [main] [ArecoDeploymentScriptService] Looking for pending update scripts in the extension virtualjdbc
 [yunitint] [m[0;36mDEBUG [main] [FlexibleSearchScriptExecutionDao] Getting the executed scripts of the extension virtualjdbc
 [yunitint] [m[0;36mDEBUG [main] [ArecoDeploymentScriptService] There aren't any pending UPDATE deployment scripts in the extension virtualjdbc
 [yunitint] [m[0;36mDEBUG [main] [DeploymentScriptStarter] Running the deployment scripts of the extension: platformservices
 [yunitint] [m[0;36mDEBUG [main] [ArecoDeploymentScriptService] Looking for pending update scripts in the extension platformservices
 [yunitint] [m[0;36mDEBUG [main] [FlexibleSearchScriptExecutionDao] Getting the executed scripts of the extension platformservices
 [yunitint] [m[0;36mDEBUG [main] [ArecoDeploymentScriptService] There aren't any pending UPDATE deployment scripts in the extension platformservices
 [yunitint] [m[0;36mDEBUG [main] [DeploymentScriptStarter] Running the deployment scripts of the extension: workflow
 [yunitint] [m[0;36mDEBUG [main] [ArecoDeploymentScriptService] Looking for pending update scripts in the extension workflow
 [yunitint] [m[0;36mDEBUG [main] [FlexibleSearchScriptExecutionDao] Getting the executed scripts of the extension workflow
 [yunitint] [m[0;36mDEBUG [main] [ArecoDeploymentScriptService] There aren't any pending UPDATE deployment scripts in the extension workflow
 [yunitint] [m[0;36mDEBUG [main] [DeploymentScriptStarter] Running the deployment scripts of the extension: processengine
 [yunitint] [m[0;36mDEBUG [main] [ArecoDeploymentScriptService] Looking for pending update scripts in the extension processengine
 [yunitint] [m[0;36mDEBUG [main] [FlexibleSearchScriptExecutionDao] Getting the executed scripts of the extension processengine
 [yunitint] [m[0;36mDEBUG [main] [ArecoDeploymentScriptService] There aren't any pending UPDATE deployment scripts in the extension processengine
 [yunitint] [m[0;36mDEBUG [main] [DeploymentScriptStarter] Running the deployment scripts of the extension: ldap
 [yunitint] [m[0;36mDEBUG [main] [ArecoDeploymentScriptService] Looking for pending update scripts in the extension ldap
 [yunitint] [m[0;36mDEBUG [main] [FlexibleSearchScriptExecutionDao] Getting the executed scripts of the extension ldap
 [yunitint] [m[0;36mDEBUG [main] [ArecoDeploymentScriptService] There aren't any pending UPDATE deployment scripts in the extension ldap
 [yunitint] [m[0;36mDEBUG [main] [DeploymentScriptStarter] Running the deployment scripts of the extension: comments
 [yunitint] [m[0;36mDEBUG [main] [ArecoDeploymentScriptService] Looking for pending update scripts in the extension comments
 [yunitint] [m[0;36mDEBUG [main] [FlexibleSearchScriptExecutionDao] Getting the executed scripts of the extension comments
 [yunitint] [m[0;36mDEBUG [main] [ArecoDeploymentScriptService] There aren't any pending UPDATE deployment scripts in the extension comments
 [yunitint] [m[0;36mDEBUG [main] [DeploymentScriptStarter] Running the deployment scripts of the extension: cockpit
 [yunitint] [m[0;36mDEBUG [main] [ArecoDeploymentScriptService] Looking for pending update scripts in the extension cockpit
 [yunitint] [m[0;36mDEBUG [main] [FlexibleSearchScriptExecutionDao] Getting the executed scripts of the extension cockpit
 [yunitint] [m[0;36mDEBUG [main] [ArecoDeploymentScriptService] There aren't any pending UPDATE deployment scripts in the extension cockpit
 [yunitint] [m[0;36mDEBUG [main] [DeploymentScriptStarter] Running the deployment scripts of the extension: mcc
 [yunitint] [m[0;36mDEBUG [main] [ArecoDeploymentScriptService] Looking for pending update scripts in the extension mcc
 [yunitint] [m[0;36mDEBUG [main] [FlexibleSearchScriptExecutionDao] Getting the executed scripts of the extension mcc
 [yunitint] [m[0;36mDEBUG [main] [ArecoDeploymentScriptService] There aren't any pending UPDATE deployment scripts in the extension mcc
 [yunitint] [m[0;36mDEBUG [main] [DeploymentScriptStarter] Running the deployment scripts of the extension: advancedsavedquery
 [yunitint] [m[0;36mDEBUG [main] [ArecoDeploymentScriptService] Looking for pending update scripts in the extension advancedsavedquery
 [yunitint] [m[0;36mDEBUG [main] [FlexibleSearchScriptExecutionDao] Getting the executed scripts of the extension advancedsavedquery
 [yunitint] [m[0;36mDEBUG [main] [ArecoDeploymentScriptService] There aren't any pending UPDATE deployment scripts in the extension advancedsavedquery
 [yunitint] [m[0;36mDEBUG [main] [DeploymentScriptStarter] Running the deployment scripts of the extension: admincockpit
 [yunitint] [m[0;36mDEBUG [main] [ArecoDeploymentScriptService] Looking for pending update scripts in the extension admincockpit
 [yunitint] [m[0;36mDEBUG [main] [FlexibleSearchScriptExecutionDao] Getting the executed scripts of the extension admincockpit
 [yunitint] [m[0;36mDEBUG [main] [ArecoDeploymentScriptService] There aren't any pending UPDATE deployment scripts in the extension admincockpit
 [yunitint] [m[0;36mDEBUG [main] [DeploymentScriptStarter] Running the deployment scripts of the extension: arecoDeploymentScriptsManager
 [yunitint] [m[0;36mDEBUG [main] [ArecoDeploymentScriptService] Looking for pending update scripts in the extension arecoDeploymentScriptsManager
 [yunitint] [m[0;36mDEBUG [main] [FlexibleSearchScriptExecutionDao] Getting the executed scripts of the extension arecoDeploymentScriptsManager
 [yunitint] [m[0;36mDEBUG [main] [ArecoDeploymentScriptService] There aren't any pending UPDATE deployment scripts in the extension arecoDeploymentScriptsManager
 [yunitint] [m[0;36mDEBUG [main] [DeploymentScriptStarter] Running the deployment scripts of the extension: arecoDeploymentScriptsExamples
 [yunitint] [m[0;36mDEBUG [main] [ArecoDeploymentScriptService] Looking for pending update scripts in the extension arecoDeploymentScriptsExamples
 [yunitint] [m[0;36mDEBUG [main] [FlexibleSearchScriptExecutionDao] Getting the executed scripts of the extension arecoDeploymentScriptsExamples
 [yunitint] [m[0;36mDEBUG [main] [ArecoDeploymentScriptService] There aren't any pending UPDATE deployment scripts in the extension arecoDeploymentScriptsExamples
 [yunitint] [m[0;32mINFO  [main] [AntDeploymentScriptsStarter] All pending scripts were run successfully.
 [yunitint] [m[0;36mDEBUG [main] [DeploymentScriptResultAsserter] Getting the execution of the script 20141004_SQL_SCRIPT_DELETE
 [yunitint] [m[0;32mINFO  [main] [LogRunListener] Finished test method testScriptsWithDelete(org.areco.ecommerce.deploymentscripts.sql.SqlScriptsTest) in 2 seconds
 [yunitint] [mjunit.framework.TestListener: endTest(testScriptsWithDelete)
 [yunitint] [0;32mINFO  [main] [LogRunListener] Starting test method testScriptsWithInsert(org.areco.ecommerce.deploymentscripts.sql.SqlScriptsTest)
 [yunitint] [m[0;36mDEBUG [main] [ItemCreationListener] Disabling item registration in junit thread for testScriptsWithInsert(org.areco.ecommerce.deploymentscripts.sql.SqlScriptsTest) since transaction is enabled
 [yunitint] [m[0;32mINFO  [main] [AntDeploymentScriptsStarter] Running any pending UPDATE deployment scripts.
 [yunitint] [m[0;32mINFO  [main] [DeploymentScriptStarter] Running all pending update deployment scripts.
 [yunitint] [m[0;32mINFO  [main] [DeploymentScriptStarter] Running all deployment scripts. RunInitScripts? false
 [yunitint] [m[0;36mDEBUG [main] [DeploymentScriptStarter] The error flag was cleared
 [yunitint] [m[0;36mDEBUG [main] [DeploymentScriptStarter] Running the deployment scripts of the extension: core
 [yunitint] [m[0;36mDEBUG [main] [ImpexInitialConfigurationImporter] The initial configuration was already imported.
 [yunitint] [m[0;36mDEBUG [main] [ArecoDeploymentScriptService] Looking for pending update scripts in the extension core
 [yunitint] [m[0;36mDEBUG [main] [FlexibleSearchScriptExecutionDao] Getting the executed scripts of the extension core
 [yunitint] [m[0;36mDEBUG [main] [ArecoDeploymentScriptService] There aren't any pending UPDATE deployment scripts in the extension core
 [yunitint] [m[0;36mDEBUG [main] [DeploymentScriptStarter] Running the deployment scripts of the extension: hmc
 [yunitint] [m[0;36mDEBUG [main] [ArecoDeploymentScriptService] Looking for pending update scripts in the extension hmc
 [yunitint] [m[0;36mDEBUG [main] [FlexibleSearchScriptExecutionDao] Getting the executed scripts of the extension hmc
 [yunitint] [m[0;36mDEBUG [main] [ArecoDeploymentScriptService] There aren't any pending UPDATE deployment scripts in the extension hmc
 [yunitint] [m[0;36mDEBUG [main] [DeploymentScriptStarter] Running the deployment scripts of the extension: servicelayer
 [yunitint] [m[0;36mDEBUG [main] [ArecoDeploymentScriptService] Looking for pending update scripts in the extension servicelayer
 [yunitint] [m[0;36mDEBUG [main] [FlexibleSearchScriptExecutionDao] Getting the executed scripts of the extension servicelayer
 [yunitint] [m[0;36mDEBUG [main] [ArecoDeploymentScriptService] There aren't any pending UPDATE deployment scripts in the extension servicelayer
 [yunitint] [m[0;36mDEBUG [main] [DeploymentScriptStarter] Running the deployment scripts of the extension: task
 [yunitint] [m[0;36mDEBUG [main] [ArecoDeploymentScriptService] Looking for pending update scripts in the extension task
 [yunitint] [m[0;36mDEBUG [main] [FlexibleSearchScriptExecutionDao] Getting the executed scripts of the extension task
 [yunitint] [m[0;36mDEBUG [main] [ArecoDeploymentScriptService] There aren't any pending UPDATE deployment scripts in the extension task
 [yunitint] [m[0;36mDEBUG [main] [DeploymentScriptStarter] Running the deployment scripts of the extension: paymentstandard
 [yunitint] [m[0;36mDEBUG [main] [ArecoDeploymentScriptService] Looking for pending update scripts in the extension paymentstandard
 [yunitint] [m[0;36mDEBUG [main] [FlexibleSearchScriptExecutionDao] Getting the executed scripts of the extension paymentstandard
 [yunitint] [m[0;36mDEBUG [main] [ArecoDeploymentScriptService] There aren't any pending UPDATE deployment scripts in the extension paymentstandard
 [yunitint] [m[0;36mDEBUG [main] [DeploymentScriptStarter] Running the deployment scripts of the extension: deliveryzone
 [yunitint] [m[0;36mDEBUG [main] [ArecoDeploymentScriptService] Looking for pending update scripts in the extension deliveryzone
 [yunitint] [m[0;36mDEBUG [main] [FlexibleSearchScriptExecutionDao] Getting the executed scripts of the extension deliveryzone
 [yunitint] [m[0;36mDEBUG [main] [ArecoDeploymentScriptService] There aren't any pending UPDATE deployment scripts in the extension deliveryzone
 [yunitint] [m[0;36mDEBUG [main] [DeploymentScriptStarter] Running the deployment scripts of the extension: commons
 [yunitint] [m[0;36mDEBUG [main] [ArecoDeploymentScriptService] Looking for pending update scripts in the extension commons
 [yunitint] [m[0;36mDEBUG [main] [FlexibleSearchScriptExecutionDao] Getting the executed scripts of the extension commons
 [yunitint] [m[0;36mDEBUG [main] [ArecoDeploymentScriptService] There aren't any pending UPDATE deployment scripts in the extension commons
 [yunitint] [m[0;36mDEBUG [main] [DeploymentScriptStarter] Running the deployment scripts of the extension: cronjob
 [yunitint] [m[0;36mDEBUG [main] [ArecoDeploymentScriptService] Looking for pending update scripts in the extension cronjob
 [yunitint] [m[0;36mDEBUG [main] [FlexibleSearchScriptExecutionDao] Getting the executed scripts of the extension cronjob
 [yunitint] [m[0;36mDEBUG [main] [ArecoDeploymentScriptService] There aren't any pending UPDATE deployment scripts in the extension cronjob
 [yunitint] [m[0;36mDEBUG [main] [DeploymentScriptStarter] Running the deployment scripts of the extension: lucenesearch
 [yunitint] [m[0;36mDEBUG [main] [ArecoDeploymentScriptService] Looking for pending update scripts in the extension lucenesearch
 [yunitint] [m[0;36mDEBUG [main] [FlexibleSearchScriptExecutionDao] Getting the executed scripts of the extension lucenesearch
 [yunitint] [m[0;36mDEBUG [main] [ArecoDeploymentScriptService] There aren't any pending UPDATE deployment scripts in the extension lucenesearch
 [yunitint] [m[0;36mDEBUG [main] [DeploymentScriptStarter] Running the deployment scripts of the extension: impex
 [yunitint] [m[0;36mDEBUG [main] [ArecoDeploymentScriptService] Looking for pending update scripts in the extension impex
 [yunitint] [m[0;36mDEBUG [main] [FlexibleSearchScriptExecutionDao] Getting the executed scripts of the extension impex
 [yunitint] [m[0;36mDEBUG [main] [ArecoDeploymentScriptService] There aren't any pending UPDATE deployment scripts in the extension impex
 [yunitint] [m[0;36mDEBUG [main] [DeploymentScriptStarter] Running the deployment scripts of the extension: validation
 [yunitint] [m[0;36mDEBUG [main] [ArecoDeploymentScriptService] Looking for pending update scripts in the extension validation
 [yunitint] [m[0;36mDEBUG [main] [FlexibleSearchScriptExecutionDao] Getting the executed scripts of the extension validation
 [yunitint] [m[0;36mDEBUG [main] [ArecoDeploymentScriptService] There aren't any pending UPDATE deployment scripts in the extension validation
 [yunitint] [m[0;36mDEBUG [main] [DeploymentScriptStarter] Running the deployment scripts of the extension: variants
 [yunitint] [m[0;36mDEBUG [main] [ArecoDeploymentScriptService] Looking for pending update scripts in the extension variants
 [yunitint] [m[0;36mDEBUG [main] [FlexibleSearchScriptExecutionDao] Getting the executed scripts of the extension variants
 [yunitint] [m[0;36mDEBUG [main] [ArecoDeploymentScriptService] There aren't any pending UPDATE deployment scripts in the extension variants
 [yunitint] [m[0;36mDEBUG [main] [DeploymentScriptStarter] Running the deployment scripts of the extension: europe1
 [yunitint] [m[0;36mDEBUG [main] [ArecoDeploymentScriptService] Looking for pending update scripts in the extension europe1
 [yunitint] [m[0;36mDEBUG [main] [FlexibleSearchScriptExecutionDao] Getting the executed scripts of the extension europe1
 [yunitint] [m[0;36mDEBUG [main] [ArecoDeploymentScriptService] There aren't any pending UPDATE deployment scripts in the extension europe1
 [yunitint] [m[0;36mDEBUG [main] [DeploymentScriptStarter] Running the deployment scripts of the extension: category
 [yunitint] [m[0;36mDEBUG [main] [ArecoDeploymentScriptService] Looking for pending update scripts in the extension category
 [yunitint] [m[0;36mDEBUG [main] [FlexibleSearchScriptExecutionDao] Getting the executed scripts of the extension category
 [yunitint] [m[0;36mDEBUG [main] [ArecoDeploymentScriptService] There aren't any pending UPDATE deployment scripts in the extension category
 [yunitint] [m[0;36mDEBUG [main] [DeploymentScriptStarter] Running the deployment scripts of the extension: catalog
 [yunitint] [m[0;36mDEBUG [main] [ArecoDeploymentScriptService] Looking for pending update scripts in the extension catalog
 [yunitint] [m[0;36mDEBUG [main] [FlexibleSearchScriptExecutionDao] Getting the executed scripts of the extension catalog
 [yunitint] [m[0;36mDEBUG [main] [ArecoDeploymentScriptService] There aren't any pending UPDATE deployment scripts in the extension catalog
 [yunitint] [m[0;36mDEBUG [main] [DeploymentScriptStarter] Running the deployment scripts of the extension: virtualjdbc
 [yunitint] [m[0;36mDEBUG [main] [ArecoDeploymentScriptService] Looking for pending update scripts in the extension virtualjdbc
 [yunitint] [m[0;36mDEBUG [main] [FlexibleSearchScriptExecutionDao] Getting the executed scripts of the extension virtualjdbc
 [yunitint] [m[0;36mDEBUG [main] [ArecoDeploymentScriptService] There aren't any pending UPDATE deployment scripts in the extension virtualjdbc
 [yunitint] [m[0;36mDEBUG [main] [DeploymentScriptStarter] Running the deployment scripts of the extension: platformservices
 [yunitint] [m[0;36mDEBUG [main] [ArecoDeploymentScriptService] Looking for pending update scripts in the extension platformservices
 [yunitint] [m[0;36mDEBUG [main] [FlexibleSearchScriptExecutionDao] Getting the executed scripts of the extension platformservices
 [yunitint] [m[0;36mDEBUG [main] [ArecoDeploymentScriptService] There aren't any pending UPDATE deployment scripts in the extension platformservices
 [yunitint] [m[0;36mDEBUG [main] [DeploymentScriptStarter] Running the deployment scripts of the extension: workflow
 [yunitint] [m[0;36mDEBUG [main] [ArecoDeploymentScriptService] Looking for pending update scripts in the extension workflow
 [yunitint] [m[0;36mDEBUG [main] [FlexibleSearchScriptExecutionDao] Getting the executed scripts of the extension workflow
 [yunitint] [m[0;36mDEBUG [main] [ArecoDeploymentScriptService] There aren't any pending UPDATE deployment scripts in the extension workflow
 [yunitint] [m[0;36mDEBUG [main] [DeploymentScriptStarter] Running the deployment scripts of the extension: processengine
 [yunitint] [m[0;36mDEBUG [main] [ArecoDeploymentScriptService] Looking for pending update scripts in the extension processengine
 [yunitint] [m[0;36mDEBUG [main] [FlexibleSearchScriptExecutionDao] Getting the executed scripts of the extension processengine
 [yunitint] [m[0;36mDEBUG [main] [ArecoDeploymentScriptService] There aren't any pending UPDATE deployment scripts in the extension processengine
 [yunitint] [m[0;36mDEBUG [main] [DeploymentScriptStarter] Running the deployment scripts of the extension: ldap
 [yunitint] [m[0;36mDEBUG [main] [ArecoDeploymentScriptService] Looking for pending update scripts in the extension ldap
 [yunitint] [m[0;36mDEBUG [main] [FlexibleSearchScriptExecutionDao] Getting the executed scripts of the extension ldap
 [yunitint] [m[0;36mDEBUG [main] [ArecoDeploymentScriptService] There aren't any pending UPDATE deployment scripts in the extension ldap
 [yunitint] [m[0;36mDEBUG [main] [DeploymentScriptStarter] Running the deployment scripts of the extension: comments
 [yunitint] [m[0;36mDEBUG [main] [ArecoDeploymentScriptService] Looking for pending update scripts in the extension comments
 [yunitint] [m[0;36mDEBUG [main] [FlexibleSearchScriptExecutionDao] Getting the executed scripts of the extension comments
 [yunitint] [m[0;36mDEBUG [main] [ArecoDeploymentScriptService] There aren't any pending UPDATE deployment scripts in the extension comments
 [yunitint] [m[0;36mDEBUG [main] [DeploymentScriptStarter] Running the deployment scripts of the extension: cockpit
 [yunitint] [m[0;36mDEBUG [main] [ArecoDeploymentScriptService] Looking for pending update scripts in the extension cockpit
 [yunitint] [m[0;36mDEBUG [main] [FlexibleSearchScriptExecutionDao] Getting the executed scripts of the extension cockpit
 [yunitint] [m[0;36mDEBUG [main] [ArecoDeploymentScriptService] There aren't any pending UPDATE deployment scripts in the extension cockpit
 [yunitint] [m[0;36mDEBUG [main] [DeploymentScriptStarter] Running the deployment scripts of the extension: mcc
 [yunitint] [m[0;36mDEBUG [main] [ArecoDeploymentScriptService] Looking for pending update scripts in the extension mcc
 [yunitint] [m[0;36mDEBUG [main] [FlexibleSearchScriptExecutionDao] Getting the executed scripts of the extension mcc
 [yunitint] [m[0;36mDEBUG [main] [ArecoDeploymentScriptService] There aren't any pending UPDATE deployment scripts in the extension mcc
 [yunitint] [m[0;36mDEBUG [main] [DeploymentScriptStarter] Running the deployment scripts of the extension: advancedsavedquery
 [yunitint] [m[0;36mDEBUG [main] [ArecoDeploymentScriptService] Looking for pending update scripts in the extension advancedsavedquery
 [yunitint] [m[0;36mDEBUG [main] [FlexibleSearchScriptExecutionDao] Getting the executed scripts of the extension advancedsavedquery
 [yunitint] [m[0;36mDEBUG [main] [ArecoDeploymentScriptService] There aren't any pending UPDATE deployment scripts in the extension advancedsavedquery
 [yunitint] [m[0;36mDEBUG [main] [DeploymentScriptStarter] Running the deployment scripts of the extension: admincockpit
 [yunitint] [m[0;36mDEBUG [main] [ArecoDeploymentScriptService] Looking for pending update scripts in the extension admincockpit
 [yunitint] [m[0;36mDEBUG [main] [FlexibleSearchScriptExecutionDao] Getting the executed scripts of the extension admincockpit
 [yunitint] [m[0;36mDEBUG [main] [ArecoDeploymentScriptService] There aren't any pending UPDATE deployment scripts in the extension admincockpit
 [yunitint] [m[0;36mDEBUG [main] [DeploymentScriptStarter] Running the deployment scripts of the extension: arecoDeploymentScriptsManager
 [yunitint] [m[0;36mDEBUG [main] [ArecoDeploymentScriptService] Looking for pending update scripts in the extension arecoDeploymentScriptsManager
 [yunitint] [m[0;36mDEBUG [main] [FlexibleSearchScriptExecutionDao] Getting the executed scripts of the extension arecoDeploymentScriptsManager
 [yunitint] [m[0;36mDEBUG [main] [AbstractSingleFileScriptStepFactory] Trying to create a single file script step from the file /home/arobirosa/no_backup/deploymentScriptsManager/hybris/bin/custom/arecoDeploymentScriptsManager/resources/test/sql-deployment-scripts/insert/20141004_SQL_SCRIPT_INSERT/01_insert_dummy_tax.impex
 [yunitint] [m[0;36mDEBUG [main] [AbstractSingleFileScriptStepFactory] Created step: ImpexImportStep [scriptFile=/home/arobirosa/no_backup/deploymentScriptsManager/hybris/bin/custom/arecoDeploymentScriptsManager/resources/test/sql-deployment-scripts/insert/20141004_SQL_SCRIPT_INSERT/01_insert_dummy_tax.impex]
 [yunitint] [m[0;36mDEBUG [main] [AbstractSingleFileScriptStepFactory] Trying to create a single file script step from the file /home/arobirosa/no_backup/deploymentScriptsManager/hybris/bin/custom/arecoDeploymentScriptsManager/resources/test/sql-deployment-scripts/insert/20141004_SQL_SCRIPT_INSERT/02_insert_tax.sql
 [yunitint] [m[0;36mDEBUG [main] [AbstractSingleFileScriptStepFactory] Trying to create a single file script step from the file /home/arobirosa/no_backup/deploymentScriptsManager/hybris/bin/custom/arecoDeploymentScriptsManager/resources/test/sql-deployment-scripts/insert/20141004_SQL_SCRIPT_INSERT/02_insert_tax.sql
 [yunitint] [m[0;36mDEBUG [main] [AbstractSingleFileScriptStepFactory] Created step: SqlScriptStep [scriptFile=/home/arobirosa/no_backup/deploymentScriptsManager/hybris/bin/custom/arecoDeploymentScriptsManager/resources/test/sql-deployment-scripts/insert/20141004_SQL_SCRIPT_INSERT/02_insert_tax.sql]
 [yunitint] [m[0;36mDEBUG [main] [PropertyFileDeploymentScriptConfigurationReader] Reading configuration from the directory /home/arobirosa/no_backup/deploymentScriptsManager/hybris/bin/custom/arecoDeploymentScriptsManager/resources/test/sql-deployment-scripts/insert/20141004_SQL_SCRIPT_INSERT
 [yunitint] [m[0;36mDEBUG [main] [ArecoDeploymentScriptService] Running update scripts of the extension arecoDeploymentScriptsManager
 [yunitint] [m[0;36mDEBUG [main] [DeploymentScript2ExecutionConverter] Creating an script execution model from the deployment script DeploymentScript [name=20141004_SQL_SCRIPT_INSERT, extensionName=arecoDeploymentScriptsManager, orderedSteps=[ImpexImportStep [scriptFile=/home/arobirosa/no_backup/deploymentScriptsManager/hybris/bin/custom/arecoDeploymentScriptsManager/resources/test/sql-deployment-scripts/insert/20141004_SQL_SCRIPT_INSERT/01_insert_dummy_tax.impex], SqlScriptStep [scriptFile=/home/arobirosa/no_backup/deploymentScriptsManager/hybris/bin/custom/arecoDeploymentScriptsManager/resources/test/sql-deployment-scripts/insert/20141004_SQL_SCRIPT_INSERT/02_insert_tax.sql]], phase=UPDATE, configuration=org.areco.ecommerce.deploymentscripts.core.impl.PropertyFileDeploymentScriptConfiguration@1ac931d]
 [yunitint] [m[0;36mDEBUG [main] [DeploymentScript] Running arecoDeploymentScriptsManager:20141004_SQL_SCRIPT_INSERT - Start
 [yunitint] [m[0;36mDEBUG [main] [ImpexImportStep] Running the step 01_insert_dummy_tax.impex
 [yunitint] [m[0;36mDEBUG [main] [LocalizedImpexImportService] Code of the impex locale: 'en_US'.
 [yunitint] [m[0;32mINFO  [main] [Importer] Finished 1 pass in 0d 00h:00m:00s:005ms - processed: 1, no lines dumped (last pass 0)
 [yunitint] [m[0;36mDEBUG [main] [SqlScriptStep] Running the SQL Statement: 'insert into {TABLE_PREFIX}taxes
 [yunitint] (pk, code, value)
 [yunitint] values
 [yunitint] (1, 'dummySqlScriptTax', 19)'.
 [yunitint] [m[0;31mERROR [main] [ArecoDeploymentScriptsRunner] There was an error running arecoDeploymentScriptsManager:20141004_SQL_SCRIPT_INSERT:There was an error while running the SQL Script 02_insert_tax.sql:The sql statement must start with update or delete.
 [yunitint] org.areco.ecommerce.deploymentscripts.core.DeploymentScriptExecutionException: There was an error while running the SQL Script 02_insert_tax.sql:The sql statement must start with update or delete.
 [yunitint] 	at org.areco.ecommerce.deploymentscripts.sql.SqlScriptStep.executeStatement(SqlScriptStep.java:60)
 [yunitint] 	at org.areco.ecommerce.deploymentscripts.sql.SqlScriptStep.run(SqlScriptStep.java:48)
 [yunitint] 	at org.areco.ecommerce.deploymentscripts.core.DeploymentScript.run(DeploymentScript.java:76)
 [yunitint] 	at org.areco.ecommerce.deploymentscripts.core.impl.ArecoDeploymentScriptsRunner.run(ArecoDeploymentScriptsRunner.java:70)
 [yunitint] 	at org.areco.ecommerce.deploymentscripts.core.impl.ArecoDeploymentScriptService.runDeploymentScripts(ArecoDeploymentScriptService.java:82)
 [yunitint] 	at org.areco.ecommerce.deploymentscripts.core.DeploymentScriptStarter.runDeploymentScriptsAndHandleErrors(DeploymentScriptStarter.java:139)
 [yunitint] 	at org.areco.ecommerce.deploymentscripts.core.DeploymentScriptStarter.runDeploymentScripts(DeploymentScriptStarter.java:117)
 [yunitint] 	at org.areco.ecommerce.deploymentscripts.core.DeploymentScriptStarter.runAllPendingScripts(DeploymentScriptStarter.java:171)
 [yunitint] 	at org.areco.ecommerce.deploymentscripts.core.DeploymentScriptStarter.runAllPendingScripts(DeploymentScriptStarter.java:160)
 [yunitint] 	at org.areco.ecommerce.deploymentscripts.ant.AntDeploymentScriptsStarter.runPendingScripts(AntDeploymentScriptsStarter.java:51)
 [yunitint] 	at org.areco.ecommerce.deploymentscripts.sql.SqlScriptsTest.assertSqlScript(SqlScriptsTest.java:61)
 [yunitint] 	at org.areco.ecommerce.deploymentscripts.sql.SqlScriptsTest.testScriptsWithInsert(SqlScriptsTest.java:87)
 [yunitint] 	at sun.reflect.NativeMethodAccessorImpl.invoke0(Native Method)
 [yunitint] 	at sun.reflect.NativeMethodAccessorImpl.invoke(NativeMethodAccessorImpl.java:57)
 [yunitint] 	at sun.reflect.DelegatingMethodAccessorImpl.invoke(DelegatingMethodAccessorImpl.java:43)
 [yunitint] 	at java.lang.reflect.Method.invoke(Method.java:606)
 [yunitint] 	at org.junit.runners.model.FrameworkMethod$1.runReflectiveCall(FrameworkMethod.java:44)
 [yunitint] 	at org.junit.internal.runners.model.ReflectiveCallable.run(ReflectiveCallable.java:15)
 [yunitint] 	at org.junit.runners.model.FrameworkMethod.invokeExplosively(FrameworkMethod.java:41)
 [yunitint] 	at org.junit.internal.runners.statements.InvokeMethod.evaluate(InvokeMethod.java:20)
 [yunitint] 	at org.junit.internal.runners.statements.RunBefores.evaluate(RunBefores.java:28)
 [yunitint] 	at org.junit.internal.runners.statements.RunAfters.evaluate(RunAfters.java:31)
 [yunitint] 	at org.junit.runners.ParentRunner.runLeaf(ParentRunner.java:263)
 [yunitint] 	at org.junit.runners.BlockJUnit4ClassRunner.runChild(BlockJUnit4ClassRunner.java:69)
 [yunitint] 	at org.junit.runners.BlockJUnit4ClassRunner.runChild(BlockJUnit4ClassRunner.java:48)
 [yunitint] 	at org.junit.runners.ParentRunner$3.run(ParentRunner.java:231)
 [yunitint] 	at org.junit.runners.ParentRunner$1.schedule(ParentRunner.java:60)
 [yunitint] 	at org.junit.runners.ParentRunner.runChildren(ParentRunner.java:229)
 [yunitint] 	at org.junit.runners.ParentRunner.access$000(ParentRunner.java:50)
 [yunitint] 	at org.junit.runners.ParentRunner$2.evaluate(ParentRunner.java:222)
 [yunitint] 	at org.junit.runners.ParentRunner.run(ParentRunner.java:292)
 [yunitint] 	at de.hybris.platform.testframework.HybrisJUnit4ClassRunner.run(HybrisJUnit4ClassRunner.java:119)
 [yunitint] 	at junit.framework.JUnit4TestAdapter.run(JUnit4TestAdapter.java:39)
 [yunitint] 	at de.hybris.ant.taskdefs.yunit.JUnitTestRunner.run(JUnitTestRunner.java:547)
 [yunitint] 	at de.hybris.ant.taskdefs.yunit.JUnitTestRunner.launch(JUnitTestRunner.java:1204)
 [yunitint] 	at de.hybris.ant.taskdefs.yunit.JUnitTestRunner.main(JUnitTestRunner.java:994)
 [yunitint] Caused by: java.sql.SQLException: The sql statement must start with update or delete.
 [yunitint] 	at org.areco.ecommerce.deploymentscripts.sql.impl.JaloSqlScriptService.runDeleteOrUpdateStatement(JaloSqlScriptService.java:62)
 [yunitint] 	at org.areco.ecommerce.deploymentscripts.sql.SqlScriptStep.executeStatement(SqlScriptStep.java:58)
 [yunitint] 	... 35 more
 [yunitint] [m[0;32mINFO  [main] [UpdatingSystemExtensionContext] The deployment script 20141004_SQL_SCRIPT_INSERT was executed: Error.
 [yunitint] [m[0;36mDEBUG [main] [ArecoDeploymentScriptService] Finished running update scripts of the extension arecoDeploymentScriptsManager
 [yunitint] [m[0;31mERROR [main] [AntDeploymentScriptsStarter] There was an error running the deployment scripts. Please check the console.
 [yunitint] [m[0;36mDEBUG [main] [DeploymentScriptResultAsserter] Getting the execution of the script 20141004_SQL_SCRIPT_INSERT
 [yunitint] [m[0;32mINFO  [main] [LogRunListener] Finished test method testScriptsWithInsert(org.areco.ecommerce.deploymentscripts.sql.SqlScriptsTest) in 2 seconds
 [yunitint] [mjunit.framework.TestListener: endTest(testScriptsWithInsert)
 [yunitint] [0;32mINFO  [main] [LogRunListener] Starting test method testScriptWithWrongQuery(org.areco.ecommerce.deploymentscripts.sql.SqlScriptsTest)
 [yunitint] [m[0;36mDEBUG [main] [ItemCreationListener] Disabling item registration in junit thread for testScriptWithWrongQuery(org.areco.ecommerce.deploymentscripts.sql.SqlScriptsTest) since transaction is enabled
 [yunitint] [m[0;32mINFO  [main] [AntDeploymentScriptsStarter] Running any pending UPDATE deployment scripts.
 [yunitint] [m[0;32mINFO  [main] [DeploymentScriptStarter] Running all pending update deployment scripts.
 [yunitint] [m[0;32mINFO  [main] [DeploymentScriptStarter] Running all deployment scripts. RunInitScripts? false
 [yunitint] [m[0;36mDEBUG [main] [DeploymentScriptStarter] The error flag was cleared
 [yunitint] [m[0;36mDEBUG [main] [DeploymentScriptStarter] Running the deployment scripts of the extension: core
 [yunitint] [m[0;36mDEBUG [main] [ImpexInitialConfigurationImporter] The initial configuration was already imported.
 [yunitint] [m[0;36mDEBUG [main] [ArecoDeploymentScriptService] Looking for pending update scripts in the extension core
 [yunitint] [m[0;36mDEBUG [main] [FlexibleSearchScriptExecutionDao] Getting the executed scripts of the extension core
 [yunitint] [m[0;36mDEBUG [main] [ArecoDeploymentScriptService] There aren't any pending UPDATE deployment scripts in the extension core
 [yunitint] [m[0;36mDEBUG [main] [DeploymentScriptStarter] Running the deployment scripts of the extension: hmc
 [yunitint] [m[0;36mDEBUG [main] [ArecoDeploymentScriptService] Looking for pending update scripts in the extension hmc
 [yunitint] [m[0;36mDEBUG [main] [FlexibleSearchScriptExecutionDao] Getting the executed scripts of the extension hmc
 [yunitint] [m[0;36mDEBUG [main] [ArecoDeploymentScriptService] There aren't any pending UPDATE deployment scripts in the extension hmc
 [yunitint] [m[0;36mDEBUG [main] [DeploymentScriptStarter] Running the deployment scripts of the extension: servicelayer
 [yunitint] [m[0;36mDEBUG [main] [ArecoDeploymentScriptService] Looking for pending update scripts in the extension servicelayer
 [yunitint] [m[0;36mDEBUG [main] [FlexibleSearchScriptExecutionDao] Getting the executed scripts of the extension servicelayer
 [yunitint] [m[0;36mDEBUG [main] [ArecoDeploymentScriptService] There aren't any pending UPDATE deployment scripts in the extension servicelayer
 [yunitint] [m[0;36mDEBUG [main] [DeploymentScriptStarter] Running the deployment scripts of the extension: task
 [yunitint] [m[0;36mDEBUG [main] [ArecoDeploymentScriptService] Looking for pending update scripts in the extension task
 [yunitint] [m[0;36mDEBUG [main] [FlexibleSearchScriptExecutionDao] Getting the executed scripts of the extension task
 [yunitint] [m[0;36mDEBUG [main] [ArecoDeploymentScriptService] There aren't any pending UPDATE deployment scripts in the extension task
 [yunitint] [m[0;36mDEBUG [main] [DeploymentScriptStarter] Running the deployment scripts of the extension: paymentstandard
 [yunitint] [m[0;36mDEBUG [main] [ArecoDeploymentScriptService] Looking for pending update scripts in the extension paymentstandard
 [yunitint] [m[0;36mDEBUG [main] [FlexibleSearchScriptExecutionDao] Getting the executed scripts of the extension paymentstandard
 [yunitint] [m[0;36mDEBUG [main] [ArecoDeploymentScriptService] There aren't any pending UPDATE deployment scripts in the extension paymentstandard
 [yunitint] [m[0;36mDEBUG [main] [DeploymentScriptStarter] Running the deployment scripts of the extension: deliveryzone
 [yunitint] [m[0;36mDEBUG [main] [ArecoDeploymentScriptService] Looking for pending update scripts in the extension deliveryzone
 [yunitint] [m[0;36mDEBUG [main] [FlexibleSearchScriptExecutionDao] Getting the executed scripts of the extension deliveryzone
 [yunitint] [m[0;36mDEBUG [main] [ArecoDeploymentScriptService] There aren't any pending UPDATE deployment scripts in the extension deliveryzone
 [yunitint] [m[0;36mDEBUG [main] [DeploymentScriptStarter] Running the deployment scripts of the extension: commons
 [yunitint] [m[0;36mDEBUG [main] [ArecoDeploymentScriptService] Looking for pending update scripts in the extension commons
 [yunitint] [m[0;36mDEBUG [main] [FlexibleSearchScriptExecutionDao] Getting the executed scripts of the extension commons
 [yunitint] [m[0;36mDEBUG [main] [ArecoDeploymentScriptService] There aren't any pending UPDATE deployment scripts in the extension commons
 [yunitint] [m[0;36mDEBUG [main] [DeploymentScriptStarter] Running the deployment scripts of the extension: cronjob
 [yunitint] [m[0;36mDEBUG [main] [ArecoDeploymentScriptService] Looking for pending update scripts in the extension cronjob
 [yunitint] [m[0;36mDEBUG [main] [FlexibleSearchScriptExecutionDao] Getting the executed scripts of the extension cronjob
 [yunitint] [m[0;36mDEBUG [main] [ArecoDeploymentScriptService] There aren't any pending UPDATE deployment scripts in the extension cronjob
 [yunitint] [m[0;36mDEBUG [main] [DeploymentScriptStarter] Running the deployment scripts of the extension: lucenesearch
 [yunitint] [m[0;36mDEBUG [main] [ArecoDeploymentScriptService] Looking for pending update scripts in the extension lucenesearch
 [yunitint] [m[0;36mDEBUG [main] [FlexibleSearchScriptExecutionDao] Getting the executed scripts of the extension lucenesearch
 [yunitint] [m[0;36mDEBUG [main] [ArecoDeploymentScriptService] There aren't any pending UPDATE deployment scripts in the extension lucenesearch
 [yunitint] [m[0;36mDEBUG [main] [DeploymentScriptStarter] Running the deployment scripts of the extension: impex
 [yunitint] [m[0;36mDEBUG [main] [ArecoDeploymentScriptService] Looking for pending update scripts in the extension impex
 [yunitint] [m[0;36mDEBUG [main] [FlexibleSearchScriptExecutionDao] Getting the executed scripts of the extension impex
 [yunitint] [m[0;36mDEBUG [main] [ArecoDeploymentScriptService] There aren't any pending UPDATE deployment scripts in the extension impex
 [yunitint] [m[0;36mDEBUG [main] [DeploymentScriptStarter] Running the deployment scripts of the extension: validation
 [yunitint] [m[0;36mDEBUG [main] [ArecoDeploymentScriptService] Looking for pending update scripts in the extension validation
 [yunitint] [m[0;36mDEBUG [main] [FlexibleSearchScriptExecutionDao] Getting the executed scripts of the extension validation
 [yunitint] [m[0;36mDEBUG [main] [ArecoDeploymentScriptService] There aren't any pending UPDATE deployment scripts in the extension validation
 [yunitint] [m[0;36mDEBUG [main] [DeploymentScriptStarter] Running the deployment scripts of the extension: variants
 [yunitint] [m[0;36mDEBUG [main] [ArecoDeploymentScriptService] Looking for pending update scripts in the extension variants
 [yunitint] [m[0;36mDEBUG [main] [FlexibleSearchScriptExecutionDao] Getting the executed scripts of the extension variants
 [yunitint] [m[0;36mDEBUG [main] [ArecoDeploymentScriptService] There aren't any pending UPDATE deployment scripts in the extension variants
 [yunitint] [m[0;36mDEBUG [main] [DeploymentScriptStarter] Running the deployment scripts of the extension: europe1
 [yunitint] [m[0;36mDEBUG [main] [ArecoDeploymentScriptService] Looking for pending update scripts in the extension europe1
 [yunitint] [m[0;36mDEBUG [main] [FlexibleSearchScriptExecutionDao] Getting the executed scripts of the extension europe1
 [yunitint] [m[0;36mDEBUG [main] [ArecoDeploymentScriptService] There aren't any pending UPDATE deployment scripts in the extension europe1
 [yunitint] [m[0;36mDEBUG [main] [DeploymentScriptStarter] Running the deployment scripts of the extension: category
 [yunitint] [m[0;36mDEBUG [main] [ArecoDeploymentScriptService] Looking for pending update scripts in the extension category
 [yunitint] [m[0;36mDEBUG [main] [FlexibleSearchScriptExecutionDao] Getting the executed scripts of the extension category
 [yunitint] [m[0;36mDEBUG [main] [ArecoDeploymentScriptService] There aren't any pending UPDATE deployment scripts in the extension category
 [yunitint] [m[0;36mDEBUG [main] [DeploymentScriptStarter] Running the deployment scripts of the extension: catalog
 [yunitint] [m[0;36mDEBUG [main] [ArecoDeploymentScriptService] Looking for pending update scripts in the extension catalog
 [yunitint] [m[0;36mDEBUG [main] [FlexibleSearchScriptExecutionDao] Getting the executed scripts of the extension catalog
 [yunitint] [m[0;36mDEBUG [main] [ArecoDeploymentScriptService] There aren't any pending UPDATE deployment scripts in the extension catalog
 [yunitint] [m[0;36mDEBUG [main] [DeploymentScriptStarter] Running the deployment scripts of the extension: virtualjdbc
 [yunitint] [m[0;36mDEBUG [main] [ArecoDeploymentScriptService] Looking for pending update scripts in the extension virtualjdbc
 [yunitint] [m[0;36mDEBUG [main] [FlexibleSearchScriptExecutionDao] Getting the executed scripts of the extension virtualjdbc
 [yunitint] [m[0;36mDEBUG [main] [ArecoDeploymentScriptService] There aren't any pending UPDATE deployment scripts in the extension virtualjdbc
 [yunitint] [m[0;36mDEBUG [main] [DeploymentScriptStarter] Running the deployment scripts of the extension: platformservices
 [yunitint] [m[0;36mDEBUG [main] [ArecoDeploymentScriptService] Looking for pending update scripts in the extension platformservices
 [yunitint] [m[0;36mDEBUG [main] [FlexibleSearchScriptExecutionDao] Getting the executed scripts of the extension platformservices
 [yunitint] [m[0;36mDEBUG [main] [ArecoDeploymentScriptService] There aren't any pending UPDATE deployment scripts in the extension platformservices
 [yunitint] [m[0;36mDEBUG [main] [DeploymentScriptStarter] Running the deployment scripts of the extension: workflow
 [yunitint] [m[0;36mDEBUG [main] [ArecoDeploymentScriptService] Looking for pending update scripts in the extension workflow
 [yunitint] [m[0;36mDEBUG [main] [FlexibleSearchScriptExecutionDao] Getting the executed scripts of the extension workflow
 [yunitint] [m[0;36mDEBUG [main] [ArecoDeploymentScriptService] There aren't any pending UPDATE deployment scripts in the extension workflow
 [yunitint] [m[0;36mDEBUG [main] [DeploymentScriptStarter] Running the deployment scripts of the extension: processengine
 [yunitint] [m[0;36mDEBUG [main] [ArecoDeploymentScriptService] Looking for pending update scripts in the extension processengine
 [yunitint] [m[0;36mDEBUG [main] [FlexibleSearchScriptExecutionDao] Getting the executed scripts of the extension processengine
 [yunitint] [m[0;36mDEBUG [main] [ArecoDeploymentScriptService] There aren't any pending UPDATE deployment scripts in the extension processengine
 [yunitint] [m[0;36mDEBUG [main] [DeploymentScriptStarter] Running the deployment scripts of the extension: ldap
 [yunitint] [m[0;36mDEBUG [main] [ArecoDeploymentScriptService] Looking for pending update scripts in the extension ldap
 [yunitint] [m[0;36mDEBUG [main] [FlexibleSearchScriptExecutionDao] Getting the executed scripts of the extension ldap
 [yunitint] [m[0;36mDEBUG [main] [ArecoDeploymentScriptService] There aren't any pending UPDATE deployment scripts in the extension ldap
 [yunitint] [m[0;36mDEBUG [main] [DeploymentScriptStarter] Running the deployment scripts of the extension: comments
 [yunitint] [m[0;36mDEBUG [main] [ArecoDeploymentScriptService] Looking for pending update scripts in the extension comments
 [yunitint] [m[0;36mDEBUG [main] [FlexibleSearchScriptExecutionDao] Getting the executed scripts of the extension comments
 [yunitint] [m[0;36mDEBUG [main] [ArecoDeploymentScriptService] There aren't any pending UPDATE deployment scripts in the extension comments
 [yunitint] [m[0;36mDEBUG [main] [DeploymentScriptStarter] Running the deployment scripts of the extension: cockpit
 [yunitint] [m[0;36mDEBUG [main] [ArecoDeploymentScriptService] Looking for pending update scripts in the extension cockpit
 [yunitint] [m[0;36mDEBUG [main] [FlexibleSearchScriptExecutionDao] Getting the executed scripts of the extension cockpit
 [yunitint] [m[0;36mDEBUG [main] [ArecoDeploymentScriptService] There aren't any pending UPDATE deployment scripts in the extension cockpit
 [yunitint] [m[0;36mDEBUG [main] [DeploymentScriptStarter] Running the deployment scripts of the extension: mcc
 [yunitint] [m[0;36mDEBUG [main] [ArecoDeploymentScriptService] Looking for pending update scripts in the extension mcc
 [yunitint] [m[0;36mDEBUG [main] [FlexibleSearchScriptExecutionDao] Getting the executed scripts of the extension mcc
 [yunitint] [m[0;36mDEBUG [main] [ArecoDeploymentScriptService] There aren't any pending UPDATE deployment scripts in the extension mcc
 [yunitint] [m[0;36mDEBUG [main] [DeploymentScriptStarter] Running the deployment scripts of the extension: advancedsavedquery
 [yunitint] [m[0;36mDEBUG [main] [ArecoDeploymentScriptService] Looking for pending update scripts in the extension advancedsavedquery
 [yunitint] [m[0;36mDEBUG [main] [FlexibleSearchScriptExecutionDao] Getting the executed scripts of the extension advancedsavedquery
 [yunitint] [m[0;36mDEBUG [main] [ArecoDeploymentScriptService] There aren't any pending UPDATE deployment scripts in the extension advancedsavedquery
 [yunitint] [m[0;36mDEBUG [main] [DeploymentScriptStarter] Running the deployment scripts of the extension: admincockpit
 [yunitint] [m[0;36mDEBUG [main] [ArecoDeploymentScriptService] Looking for pending update scripts in the extension admincockpit
 [yunitint] [m[0;36mDEBUG [main] [FlexibleSearchScriptExecutionDao] Getting the executed scripts of the extension admincockpit
 [yunitint] [m[0;36mDEBUG [main] [ArecoDeploymentScriptService] There aren't any pending UPDATE deployment scripts in the extension admincockpit
 [yunitint] [m[0;36mDEBUG [main] [DeploymentScriptStarter] Running the deployment scripts of the extension: arecoDeploymentScriptsManager
 [yunitint] [m[0;36mDEBUG [main] [ArecoDeploymentScriptService] Looking for pending update scripts in the extension arecoDeploymentScriptsManager
 [yunitint] [m[0;36mDEBUG [main] [FlexibleSearchScriptExecutionDao] Getting the executed scripts of the extension arecoDeploymentScriptsManager
 [yunitint] [m[0;36mDEBUG [main] [AbstractSingleFileScriptStepFactory] Trying to create a single file script step from the file /home/arobirosa/no_backup/deploymentScriptsManager/hybris/bin/custom/arecoDeploymentScriptsManager/resources/test/sql-deployment-scripts/wrong-query/20141004_SQL_SCRIPT_WRONG_QUERY/01_insert_dummy_tax.impex
 [yunitint] [m[0;36mDEBUG [main] [AbstractSingleFileScriptStepFactory] Created step: ImpexImportStep [scriptFile=/home/arobirosa/no_backup/deploymentScriptsManager/hybris/bin/custom/arecoDeploymentScriptsManager/resources/test/sql-deployment-scripts/wrong-query/20141004_SQL_SCRIPT_WRONG_QUERY/01_insert_dummy_tax.impex]
 [yunitint] [m[0;36mDEBUG [main] [AbstractSingleFileScriptStepFactory] Trying to create a single file script step from the file /home/arobirosa/no_backup/deploymentScriptsManager/hybris/bin/custom/arecoDeploymentScriptsManager/resources/test/sql-deployment-scripts/wrong-query/20141004_SQL_SCRIPT_WRONG_QUERY/02_insert_tax.sql
 [yunitint] [m[0;36mDEBUG [main] [AbstractSingleFileScriptStepFactory] Trying to create a single file script step from the file /home/arobirosa/no_backup/deploymentScriptsManager/hybris/bin/custom/arecoDeploymentScriptsManager/resources/test/sql-deployment-scripts/wrong-query/20141004_SQL_SCRIPT_WRONG_QUERY/02_insert_tax.sql
 [yunitint] [m[0;36mDEBUG [main] [AbstractSingleFileScriptStepFactory] Created step: SqlScriptStep [scriptFile=/home/arobirosa/no_backup/deploymentScriptsManager/hybris/bin/custom/arecoDeploymentScriptsManager/resources/test/sql-deployment-scripts/wrong-query/20141004_SQL_SCRIPT_WRONG_QUERY/02_insert_tax.sql]
 [yunitint] [m[0;36mDEBUG [main] [PropertyFileDeploymentScriptConfigurationReader] Reading configuration from the directory /home/arobirosa/no_backup/deploymentScriptsManager/hybris/bin/custom/arecoDeploymentScriptsManager/resources/test/sql-deployment-scripts/wrong-query/20141004_SQL_SCRIPT_WRONG_QUERY
 [yunitint] [m[0;36mDEBUG [main] [ArecoDeploymentScriptService] Running update scripts of the extension arecoDeploymentScriptsManager
 [yunitint] [m[0;36mDEBUG [main] [DeploymentScript2ExecutionConverter] Creating an script execution model from the deployment script DeploymentScript [name=20141004_SQL_SCRIPT_WRONG_QUERY, extensionName=arecoDeploymentScriptsManager, orderedSteps=[ImpexImportStep [scriptFile=/home/arobirosa/no_backup/deploymentScriptsManager/hybris/bin/custom/arecoDeploymentScriptsManager/resources/test/sql-deployment-scripts/wrong-query/20141004_SQL_SCRIPT_WRONG_QUERY/01_insert_dummy_tax.impex], SqlScriptStep [scriptFile=/home/arobirosa/no_backup/deploymentScriptsManager/hybris/bin/custom/arecoDeploymentScriptsManager/resources/test/sql-deployment-scripts/wrong-query/20141004_SQL_SCRIPT_WRONG_QUERY/02_insert_tax.sql]], phase=UPDATE, configuration=org.areco.ecommerce.deploymentscripts.core.impl.PropertyFileDeploymentScriptConfiguration@1386351]
 [yunitint] [m[0;36mDEBUG [main] [DeploymentScript] Running arecoDeploymentScriptsManager:20141004_SQL_SCRIPT_WRONG_QUERY - Start
 [yunitint] [m[0;36mDEBUG [main] [ImpexImportStep] Running the step 01_insert_dummy_tax.impex
 [yunitint] [m[0;36mDEBUG [main] [LocalizedImpexImportService] Code of the impex locale: 'en_US'.
 [yunitint] [m[0;32mINFO  [main] [Importer] Finished 1 pass in 0d 00h:00m:00s:005ms - processed: 1, no lines dumped (last pass 0)
 [yunitint] [m[0;36mDEBUG [main] [SqlScriptStep] Running the SQL Statement: 'this is not a valid sql query'.
 [yunitint] [m[0;31mERROR [main] [ArecoDeploymentScriptsRunner] There was an error running arecoDeploymentScriptsManager:20141004_SQL_SCRIPT_WRONG_QUERY:There was an error while running the SQL Script 02_insert_tax.sql:The sql statement must start with update or delete.
 [yunitint] org.areco.ecommerce.deploymentscripts.core.DeploymentScriptExecutionException: There was an error while running the SQL Script 02_insert_tax.sql:The sql statement must start with update or delete.
 [yunitint] 	at org.areco.ecommerce.deploymentscripts.sql.SqlScriptStep.executeStatement(SqlScriptStep.java:60)
 [yunitint] 	at org.areco.ecommerce.deploymentscripts.sql.SqlScriptStep.run(SqlScriptStep.java:48)
 [yunitint] 	at org.areco.ecommerce.deploymentscripts.core.DeploymentScript.run(DeploymentScript.java:76)
 [yunitint] 	at org.areco.ecommerce.deploymentscripts.core.impl.ArecoDeploymentScriptsRunner.run(ArecoDeploymentScriptsRunner.java:70)
 [yunitint] 	at org.areco.ecommerce.deploymentscripts.core.impl.ArecoDeploymentScriptService.runDeploymentScripts(ArecoDeploymentScriptService.java:82)
 [yunitint] 	at org.areco.ecommerce.deploymentscripts.core.DeploymentScriptStarter.runDeploymentScriptsAndHandleErrors(DeploymentScriptStarter.java:139)
 [yunitint] 	at org.areco.ecommerce.deploymentscripts.core.DeploymentScriptStarter.runDeploymentScripts(DeploymentScriptStarter.java:117)
 [yunitint] 	at org.areco.ecommerce.deploymentscripts.core.DeploymentScriptStarter.runAllPendingScripts(DeploymentScriptStarter.java:171)
 [yunitint] 	at org.areco.ecommerce.deploymentscripts.core.DeploymentScriptStarter.runAllPendingScripts(DeploymentScriptStarter.java:160)
 [yunitint] 	at org.areco.ecommerce.deploymentscripts.ant.AntDeploymentScriptsStarter.runPendingScripts(AntDeploymentScriptsStarter.java:51)
 [yunitint] 	at org.areco.ecommerce.deploymentscripts.sql.SqlScriptsTest.assertSqlScript(SqlScriptsTest.java:61)
 [yunitint] 	at org.areco.ecommerce.deploymentscripts.sql.SqlScriptsTest.testScriptWithWrongQuery(SqlScriptsTest.java:92)
 [yunitint] 	at sun.reflect.NativeMethodAccessorImpl.invoke0(Native Method)
 [yunitint] 	at sun.reflect.NativeMethodAccessorImpl.invoke(NativeMethodAccessorImpl.java:57)
 [yunitint] 	at sun.reflect.DelegatingMethodAccessorImpl.invoke(DelegatingMethodAccessorImpl.java:43)
 [yunitint] 	at java.lang.reflect.Method.invoke(Method.java:606)
 [yunitint] 	at org.junit.runners.model.FrameworkMethod$1.runReflectiveCall(FrameworkMethod.java:44)
 [yunitint] 	at org.junit.internal.runners.model.ReflectiveCallable.run(ReflectiveCallable.java:15)
 [yunitint] 	at org.junit.runners.model.FrameworkMethod.invokeExplosively(FrameworkMethod.java:41)
 [yunitint] 	at org.junit.internal.runners.statements.InvokeMethod.evaluate(InvokeMethod.java:20)
 [yunitint] 	at org.junit.internal.runners.statements.RunBefores.evaluate(RunBefores.java:28)
 [yunitint] 	at org.junit.internal.runners.statements.RunAfters.evaluate(RunAfters.java:31)
 [yunitint] 	at org.junit.runners.ParentRunner.runLeaf(ParentRunner.java:263)
 [yunitint] 	at org.junit.runners.BlockJUnit4ClassRunner.runChild(BlockJUnit4ClassRunner.java:69)
 [yunitint] 	at org.junit.runners.BlockJUnit4ClassRunner.runChild(BlockJUnit4ClassRunner.java:48)
 [yunitint] 	at org.junit.runners.ParentRunner$3.run(ParentRunner.java:231)
 [yunitint] 	at org.junit.runners.ParentRunner$1.schedule(ParentRunner.java:60)
 [yunitint] 	at org.junit.runners.ParentRunner.runChildren(ParentRunner.java:229)
 [yunitint] 	at org.junit.runners.ParentRunner.access$000(ParentRunner.java:50)
 [yunitint] 	at org.junit.runners.ParentRunner$2.evaluate(ParentRunner.java:222)
 [yunitint] 	at org.junit.runners.ParentRunner.run(ParentRunner.java:292)
 [yunitint] 	at de.hybris.platform.testframework.HybrisJUnit4ClassRunner.run(HybrisJUnit4ClassRunner.java:119)
 [yunitint] 	at junit.framework.JUnit4TestAdapter.run(JUnit4TestAdapter.java:39)
 [yunitint] 	at de.hybris.ant.taskdefs.yunit.JUnitTestRunner.run(JUnitTestRunner.java:547)
 [yunitint] 	at de.hybris.ant.taskdefs.yunit.JUnitTestRunner.launch(JUnitTestRunner.java:1204)
 [yunitint] 	at de.hybris.ant.taskdefs.yunit.JUnitTestRunner.main(JUnitTestRunner.java:994)
 [yunitint] Caused by: java.sql.SQLException: The sql statement must start with update or delete.
 [yunitint] 	at org.areco.ecommerce.deploymentscripts.sql.impl.JaloSqlScriptService.runDeleteOrUpdateStatement(JaloSqlScriptService.java:62)
 [yunitint] 	at org.areco.ecommerce.deploymentscripts.sql.SqlScriptStep.executeStatement(SqlScriptStep.java:58)
 [yunitint] 	... 35 more
 [yunitint] [m[0;32mINFO  [main] [UpdatingSystemExtensionContext] The deployment script 20141004_SQL_SCRIPT_WRONG_QUERY was executed: Error.
 [yunitint] [m[0;36mDEBUG [main] [ArecoDeploymentScriptService] Finished running update scripts of the extension arecoDeploymentScriptsManager
 [yunitint] [m[0;31mERROR [main] [AntDeploymentScriptsStarter] There was an error running the deployment scripts. Please check the console.
 [yunitint] [m[0;36mDEBUG [main] [DeploymentScriptResultAsserter] Getting the execution of the script 20141004_SQL_SCRIPT_WRONG_QUERY
 [yunitint] [m[0;32mINFO  [main] [LogRunListener] Finished test method testScriptWithWrongQuery(org.areco.ecommerce.deploymentscripts.sql.SqlScriptsTest) in 2 seconds
 [yunitint] [mjunit.framework.TestListener: endTest(testScriptWithWrongQuery)
 [yunitint] [0;32mINFO  [main] [LogRunListener] Finished (successful) test class org.areco.ecommerce.deploymentscripts.sql.SqlScriptsTest
 [yunitint] [m[0;32mINFO  [main] [LogRunListener]   Total run time: 0d 00h:00m:11s:260ms
 [yunitint] [m[0;32mINFO  [main] [LogRunListener]   Total tests count: 5
 [yunitint] [m[0;32mINFO  [main] [LogRunListener]   Failed tests count: 0
 [yunitint] [m[0;32mINFO  [main] [LogRunListener]   Ignored tests count: 0
 [yunitint] [m[0;32mINFO  [main] [ClassLoaderOverviewRunListener] Loaded class count: 8909 diff: 2
 [yunitint] [m[0;32mINFO  [main] [ClassLoaderOverviewRunListener] Total loaded class count: 8910 diff: 2
 [yunitint] [m[0;32mINFO  [main] [ClassLoaderOverviewRunListener] Unloaded class count: 1 diff: 0
 [yunitint] [mTests run: 5, Failures: 0, Errors: 0, Time elapsed: 11.265 sec
 [yunitint] Running org.areco.ecommerce.deploymentscripts.sql.CacheManagementSqlScriptTest
 [yunitint] [0;32mINFO  [main] [LogRunListener] Starting test class org.areco.ecommerce.deploymentscripts.sql.CacheManagementSqlScriptTest
 [yunitint] [mjunit.framework.TestListener: startTest(emptyCacheAfterSqlScript)
 [yunitint] [0;32mINFO  [main] [LogRunListener] Starting test method emptyCacheAfterSqlScript(org.areco.ecommerce.deploymentscripts.sql.CacheManagementSqlScriptTest)
 [yunitint] [m[0;36mDEBUG [main] [FlexibleSearchDeploymentEnvironmentDAO] Loading the environments: [DUMMY_ENVIRONMENT]
 [yunitint] [m[0;36mDEBUG [main] [JaloSqlScriptService] SQL Statement before the translation: <update {table_prefix}arenvironmentlp set p_description = 'Please remove this environment. It was used for an integration test. UPDATED' where itempk = (select e.pk     from {table_prefix}arenvironment e     where e.p_name = 'DUMMY_ENVIRONMENT')>
 [yunitint] [m[0;36mDEBUG [main] [JaloSqlScriptService] SQL Statement after the translation: <update arenvironmentlp set p_description = 'Please remove this environment. It was used for an integration test. UPDATED' where itempk = (select e.pk     from arenvironment e     where e.p_name = 'DUMMY_ENVIRONMENT')>
 [yunitint] [m[0;36mDEBUG [main] [FlexibleSearchDeploymentEnvironmentDAO] Loading the environments: [DUMMY_ENVIRONMENT]
 [yunitint] [m[0;36mDEBUG [main] [FlexibleSearchDeploymentEnvironmentDAO] Loading the environments: [DUMMY_ENVIRONMENT]
 [yunitint] [m[0;32mINFO  [main] [LogRunListener] Finished test method emptyCacheAfterSqlScript(org.areco.ecommerce.deploymentscripts.sql.CacheManagementSqlScriptTest) in 34 seconds
 [yunitint] [mjunit.framework.TestListener: endTest(emptyCacheAfterSqlScript)
 [yunitint] [0;32mINFO  [main] [LogRunListener] Finished (successful) test class org.areco.ecommerce.deploymentscripts.sql.CacheManagementSqlScriptTest
 [yunitint] [m[0;32mINFO  [main] [LogRunListener]   Total run time: 0d 00h:00m:34s:331ms
 [yunitint] [m[0;32mINFO  [main] [LogRunListener]   Total tests count: 1
 [yunitint] [m[0;32mINFO  [main] [LogRunListener]   Failed tests count: 0
 [yunitint] [m[0;32mINFO  [main] [LogRunListener]   Ignored tests count: 0
 [yunitint] [mTests run: 1, Failures: 0, Errors: 0, Time elapsed: 34.335 sec
 [yunitint] shutting down hybris registry..
 [yunitint] [0;32mINFO  [Thread-0] [DefaultTaskService] Shutting down task engine for tenant master.
 [yunitint] [m[0;32mINFO  [Thread-0] [DefaultTaskService] Terminating task polling thread.
 [yunitint] [m[0;32mINFO  [Thread-0] [DefaultTaskService] Stopped task engine for tenant master.
 [yunitint] [m[0;32mINFO  [Thread-0] [TimerTaskUtils] Stopping CronJob timer ...
 [yunitint] [m[0;32mINFO  [Thread-0] [TimerTaskUtils] CronJob timer stopped
 [yunitint] [m[0;33mWARN  [AfterSaveEventPublisher-master] [DefaultAfterSaveListenerRegistry] AfterSaveEventPublisher-master has been interrupted - stopping now: sleep interrupted
 [yunitint] [m[0;32mINFO  [AfterSaveEventPublisher-master] [DefaultAfterSaveListenerRegistry] AfterSaveEventPublisher-master has been interrupted/terminated but without InterruptedException - stopping now.
 [yunitint] [m[0;36mDEBUG [Thread-0] [ArecoDeploymentScriptsExamplesManager] destroy() of ArecoDeploymentScriptsExamplesManager called, current tenant: master
 [yunitint] [m[0;36mDEBUG [Thread-0] [ArecoDeploymentScriptsManagerManager] destroy() of ArecoDeploymentScriptsManagerManager called, current tenant: master
 [yunitint] [m[0;32mINFO  [Thread-0] [DefaultCacheController] Removed listener from cache controller. Currently registered 0
 [yunitint] [m[0;32mINFO  [Thread-0] [Registry] Closing global Spring ApplicationContext
 [yunitint] [m
 [yunitrep] Processing /home/arobirosa/no_backup/deploymentScriptsManager/hybris/log/junit/TESTS-TestSuites.xml to /tmp/null447581168
 [yunitrep] Loading stylesheet jar:file:/home/arobirosa/no_backup/deploymentScriptsManager/hybris/bin/platform/apache-ant-1.8.2/lib/ant-junit.jar!/org/apache/tools/ant/taskdefs/optional/junit/xsl/junit-frames.xsl
 [yunitrep] Transform time: 840ms
 [yunitrep] Deleting: /tmp/null447581168
     [echo] Report generated to /home/arobirosa/no_backup/deploymentScriptsManager/hybris/log/junit/index.html

BUILD SUCCESSFUL
Total time: 3 minutes 38 seconds
